=== abl25_none seed 0 ===
[abl25_none seed0] {"params_trainable": 11220132, "params_stem_trainable": 0, "params_stem_fixed_filters": 0, "flops_total": 556705792, "flops_stem": 0, "flops_image_size": 32}
epoch 1/200 loss 4.2932 train 0.0553 test 0.0781
epoch 2/200 loss 3.9645 train 0.0915 test 0.1041
epoch 3/200 loss 3.7644 train 0.1160 test 0.1113
epoch 4/200 loss 3.6194 train 0.1395 test 0.1363
epoch 5/200 loss 3.4591 train 0.1693 test 0.1469
epoch 6/200 loss 3.2919 train 0.2026 test 0.1771
epoch 7/200 loss 3.1441 train 0.2211 test 0.2178
epoch 8/200 loss 2.9844 train 0.2486 test 0.2302
epoch 9/200 loss 2.8384 train 0.2787 test 0.2257
epoch 10/200 loss 2.6917 train 0.3021 test 0.2784
epoch 11/200 loss 2.5307 train 0.3359 test 0.3070
epoch 12/200 loss 2.4191 train 0.3624 test 0.3058
epoch 13/200 loss 2.2886 train 0.3861 test 0.3302
epoch 14/200 loss 2.1854 train 0.4145 test 0.3372
epoch 15/200 loss 2.0788 train 0.4305 test 0.2967
epoch 16/200 loss 1.9768 train 0.4576 test 0.3861
epoch 17/200 loss 1.8941 train 0.4716 test 0.3466
epoch 18/200 loss 1.8031 train 0.4958 test 0.3670
epoch 19/200 loss 1.7162 train 0.5122 test 0.3423
epoch 20/200 loss 1.6627 train 0.5295 test 0.3684
epoch 21/200 loss 1.5500 train 0.5557 test 0.4027
epoch 22/200 loss 1.4910 train 0.5702 test 0.3794
epoch 23/200 loss 1.4332 train 0.5837 test 0.4079
epoch 24/200 loss 1.3795 train 0.5935 test 0.4106
epoch 25/200 loss 1.3091 train 0.6143 test 0.4289
epoch 26/200 loss 1.2563 train 0.6306 test 0.4267
epoch 27/200 loss 1.1720 train 0.6550 test 0.4070
epoch 28/200 loss 1.1592 train 0.6558 test 0.3621
epoch 29/200 loss 1.1157 train 0.6649 test 0.4327
epoch 30/200 loss 1.0382 train 0.6862 test 0.4089
epoch 31/200 loss 0.9926 train 0.7014 test 0.4082
epoch 32/200 loss 0.9596 train 0.7112 test 0.3988
epoch 33/200 loss 0.9083 train 0.7241 test 0.4042
epoch 34/200 loss 0.8814 train 0.7291 test 0.4376
epoch 35/200 loss 0.8507 train 0.7417 test 0.4314
epoch 36/200 loss 0.8088 train 0.7519 test 0.4023
epoch 37/200 loss 0.7628 train 0.7674 test 0.4227
epoch 38/200 loss 0.7610 train 0.7645 test 0.4514
epoch 39/200 loss 0.6833 train 0.7869 test 0.4316
epoch 40/200 loss 0.6777 train 0.7895 test 0.4325
epoch 41/200 loss 0.6640 train 0.7911 test 0.4587
epoch 42/200 loss 0.6217 train 0.8048 test 0.4774
epoch 43/200 loss 0.5513 train 0.8328 test 0.4452
epoch 44/200 loss 0.5971 train 0.8155 test 0.4483
epoch 45/200 loss 0.5772 train 0.8206 test 0.4629
epoch 46/200 loss 0.5397 train 0.8305 test 0.4101
epoch 47/200 loss 0.5502 train 0.8317 test 0.4307
epoch 48/200 loss 0.4868 train 0.8475 test 0.4417
epoch 49/200 loss 0.4949 train 0.8436 test 0.4471
epoch 50/200 loss 0.4784 train 0.8512 test 0.4693
epoch 51/200 loss 0.4680 train 0.8558 test 0.4650
epoch 52/200 loss 0.4180 train 0.8716 test 0.4636
epoch 53/200 loss 0.3609 train 0.8901 test 0.4797
epoch 54/200 loss 0.3888 train 0.8760 test 0.4863
epoch 55/200 loss 0.4117 train 0.8714 test 0.4376
epoch 56/200 loss 0.4470 train 0.8603 test 0.4717
epoch 57/200 loss 0.3792 train 0.8825 test 0.4695
epoch 58/200 loss 0.3773 train 0.8834 test 0.4351
epoch 59/200 loss 0.3880 train 0.8814 test 0.4627
epoch 60/200 loss 0.3268 train 0.9013 test 0.4648
epoch 61/200 loss 0.3269 train 0.9020 test 0.4576
epoch 62/200 loss 0.3602 train 0.8873 test 0.4592
epoch 63/200 loss 0.3506 train 0.8951 test 0.4716
epoch 64/200 loss 0.2747 train 0.9189 test 0.4613
epoch 65/200 loss 0.2986 train 0.9095 test 0.4665
epoch 66/200 loss 0.3590 train 0.8897 test 0.4665
epoch 67/200 loss 0.2950 train 0.9134 test 0.4550
epoch 68/200 loss 0.2745 train 0.9174 test 0.4574
epoch 69/200 loss 0.3138 train 0.9053 test 0.4449
epoch 70/200 loss 0.2954 train 0.9104 test 0.4691
epoch 71/200 loss 0.2876 train 0.9137 test 0.4686
epoch 72/200 loss 0.2479 train 0.9249 test 0.4842
epoch 73/200 loss 0.2290 train 0.9320 test 0.4699
epoch 74/200 loss 0.2430 train 0.9281 test 0.4630
epoch 75/200 loss 0.2508 train 0.9228 test 0.4816
epoch 76/200 loss 0.2395 train 0.9291 test 0.5004
epoch 77/200 loss 0.2120 train 0.9396 test 0.5016
epoch 78/200 loss 0.2303 train 0.9336 test 0.4745
epoch 79/200 loss 0.2267 train 0.9356 test 0.4934
epoch 80/200 loss 0.1818 train 0.9491 test 0.5033
epoch 81/200 loss 0.1794 train 0.9485 test 0.4984
epoch 82/200 loss 0.1504 train 0.9581 test 0.4934
epoch 83/200 loss 0.1501 train 0.9584 test 0.5064
epoch 84/200 loss 0.1512 train 0.9570 test 0.4954
epoch 85/200 loss 0.1890 train 0.9456 test 0.4709
epoch 86/200 loss 0.2307 train 0.9329 test 0.4297
epoch 87/200 loss 0.2432 train 0.9306 test 0.4823
epoch 88/200 loss 0.2304 train 0.9342 test 0.4904
epoch 89/200 loss 0.1877 train 0.9465 test 0.5034
epoch 90/200 loss 0.1659 train 0.9526 test 0.4864
epoch 91/200 loss 0.1763 train 0.9488 test 0.4887
epoch 92/200 loss 0.1522 train 0.9568 test 0.5068
epoch 93/200 loss 0.1130 train 0.9724 test 0.4989
epoch 94/200 loss 0.0919 train 0.9787 test 0.5316
epoch 95/200 loss 0.0779 train 0.9824 test 0.5133
epoch 96/200 loss 0.0690 train 0.9824 test 0.5181
epoch 97/200 loss 0.0721 train 0.9852 test 0.5275
epoch 98/200 loss 0.0495 train 0.9927 test 0.5520
epoch 99/200 loss 0.0339 train 0.9945 test 0.5572
epoch 100/200 loss 0.0325 train 0.9948 test 0.5607
epoch 101/200 loss 0.0305 train 0.9952 test 0.5697
epoch 102/200 loss 0.0255 train 0.9966 test 0.5610
epoch 103/200 loss 0.0280 train 0.9963 test 0.5644
epoch 104/200 loss 0.0255 train 0.9958 test 0.5782
epoch 105/200 loss 0.0186 train 0.9981 test 0.5784
epoch 106/200 loss 0.0128 train 0.9992 test 0.5892
epoch 107/200 loss 0.0094 train 0.9997 test 0.5916
epoch 108/200 loss 0.0111 train 0.9992 test 0.5947
epoch 109/200 loss 0.0080 train 0.9999 test 0.6059
epoch 110/200 loss 0.0072 train 0.9999 test 0.6010
epoch 111/200 loss 0.0069 train 0.9999 test 0.6007
epoch 112/200 loss 0.0069 train 0.9999 test 0.6043
epoch 113/200 loss 0.0076 train 0.9998 test 0.6064
epoch 114/200 loss 0.0075 train 0.9999 test 0.6066
epoch 115/200 loss 0.0079 train 0.9999 test 0.6062
epoch 116/200 loss 0.0082 train 0.9999 test 0.6072
epoch 117/200 loss 0.0079 train 0.9999 test 0.6081
epoch 118/200 loss 0.0085 train 0.9999 test 0.6066
epoch 119/200 loss 0.0085 train 0.9999 test 0.6087
epoch 120/200 loss 0.0086 train 0.9998 test 0.6093
epoch 121/200 loss 0.0085 train 1.0000 test 0.6105
epoch 122/200 loss 0.0083 train 0.9999 test 0.6092
epoch 123/200 loss 0.0088 train 0.9998 test 0.6117
epoch 124/200 loss 0.0086 train 0.9998 test 0.6109
epoch 125/200 loss 0.0083 train 0.9999 test 0.6113
epoch 126/200 loss 0.0084 train 0.9999 test 0.6132
epoch 127/200 loss 0.0083 train 1.0000 test 0.6106
epoch 128/200 loss 0.0085 train 1.0000 test 0.6133
epoch 129/200 loss 0.0085 train 0.9999 test 0.6140
epoch 130/200 loss 0.0084 train 1.0000 test 0.6132
epoch 131/200 loss 0.0085 train 1.0000 test 0.6076
epoch 132/200 loss 0.0097 train 0.9998 test 0.6072
epoch 133/200 loss 0.0097 train 0.9998 test 0.6120
epoch 134/200 loss 0.0090 train 1.0000 test 0.6113
epoch 135/200 loss 0.0095 train 0.9998 test 0.6160
epoch 136/200 loss 0.0081 train 1.0000 test 0.6145
epoch 137/200 loss 0.0080 train 0.9998 test 0.6154
epoch 138/200 loss 0.0078 train 0.9999 test 0.6132
epoch 139/200 loss 0.0079 train 0.9999 test 0.6139
epoch 140/200 loss 0.0077 train 0.9998 test 0.6139
epoch 141/200 loss 0.0080 train 0.9999 test 0.6085
epoch 142/200 loss 0.0124 train 0.9993 test 0.6043
epoch 143/200 loss 0.0112 train 0.9996 test 0.6113
epoch 144/200 loss 0.0083 train 1.0000 test 0.6125
epoch 145/200 loss 0.0080 train 1.0000 test 0.6109
epoch 146/200 loss 0.0077 train 0.9999 test 0.6142
epoch 147/200 loss 0.0075 train 0.9998 test 0.6145
epoch 148/200 loss 0.0074 train 1.0000 test 0.6135
epoch 149/200 loss 0.0069 train 1.0000 test 0.6124
epoch 150/200 loss 0.0069 train 1.0000 test 0.6133
epoch 151/200 loss 0.0071 train 1.0000 test 0.6153
epoch 152/200 loss 0.0070 train 1.0000 test 0.6157
epoch 153/200 loss 0.0069 train 1.0000 test 0.6131
epoch 154/200 loss 0.0069 train 1.0000 test 0.6142
epoch 155/200 loss 0.0070 train 1.0000 test 0.6154
epoch 156/200 loss 0.0070 train 1.0000 test 0.6140
epoch 157/200 loss 0.0066 train 1.0000 test 0.6137
epoch 158/200 loss 0.0074 train 0.9999 test 0.6166
epoch 159/200 loss 0.0070 train 0.9999 test 0.6160
epoch 160/200 loss 0.0071 train 1.0000 test 0.6156
epoch 161/200 loss 0.0067 train 1.0000 test 0.6173
epoch 162/200 loss 0.0067 train 1.0000 test 0.6180
epoch 163/200 loss 0.0067 train 1.0000 test 0.6173
epoch 164/200 loss 0.0067 train 0.9999 test 0.6173
epoch 165/200 loss 0.0068 train 1.0000 test 0.6183
epoch 166/200 loss 0.0066 train 1.0000 test 0.6189
epoch 167/200 loss 0.0068 train 0.9999 test 0.6170
epoch 168/200 loss 0.0066 train 1.0000 test 0.6189
epoch 169/200 loss 0.0066 train 1.0000 test 0.6180
epoch 170/200 loss 0.0067 train 1.0000 test 0.6175
epoch 171/200 loss 0.0067 train 0.9999 test 0.6187
epoch 172/200 loss 0.0067 train 1.0000 test 0.6179
epoch 173/200 loss 0.0067 train 0.9999 test 0.6159
epoch 174/200 loss 0.0066 train 1.0000 test 0.6182
epoch 175/200 loss 0.0065 train 1.0000 test 0.6194
epoch 176/200 loss 0.0063 train 1.0000 test 0.6210
epoch 177/200 loss 0.0065 train 1.0000 test 0.6170
epoch 178/200 loss 0.0065 train 1.0000 test 0.6180
epoch 179/200 loss 0.0066 train 1.0000 test 0.6192
epoch 180/200 loss 0.0066 train 1.0000 test 0.6192
epoch 181/200 loss 0.0064 train 1.0000 test 0.6185
epoch 182/200 loss 0.0065 train 1.0000 test 0.6190
epoch 183/200 loss 0.0064 train 1.0000 test 0.6183
epoch 184/200 loss 0.0065 train 1.0000 test 0.6181
epoch 185/200 loss 0.0065 train 1.0000 test 0.6194
epoch 186/200 loss 0.0063 train 1.0000 test 0.6192
epoch 187/200 loss 0.0065 train 1.0000 test 0.6200
epoch 188/200 loss 0.0064 train 1.0000 test 0.6197
epoch 189/200 loss 0.0063 train 1.0000 test 0.6177
epoch 190/200 loss 0.0063 train 1.0000 test 0.6199
epoch 191/200 loss 0.0063 train 0.9999 test 0.6194
epoch 192/200 loss 0.0067 train 1.0000 test 0.6174
epoch 193/200 loss 0.0063 train 1.0000 test 0.6171
epoch 194/200 loss 0.0066 train 0.9999 test 0.6173
epoch 195/200 loss 0.0063 train 1.0000 test 0.6176
epoch 196/200 loss 0.0063 train 1.0000 test 0.6191
epoch 197/200 loss 0.0063 train 1.0000 test 0.6206
epoch 198/200 loss 0.0065 train 1.0000 test 0.6205
epoch 199/200 loss 0.0063 train 1.0000 test 0.6175
epoch 200/200 loss 0.0063 train 1.0000 test 0.6170
done: final 0.6170 best 0.6210 -> ./runs/abl25_none/seed0
=== abl25_gaboronly_calib seed 0 ===
stem calibrated (True) on 1024 images
[abl25_gaboronly_calib seed0] {"params_trainable": 11225316, "params_stem_trainable": 0, "params_stem_fixed_filters": 1089, "flops_total": 563129344, "flops_stem": 1115136, "flops_image_size": 32}
epoch 1/200 loss 4.3128 train 0.0507 test 0.0788
epoch 2/200 loss 3.8859 train 0.1045 test 0.1227
epoch 3/200 loss 3.6415 train 0.1389 test 0.1360
epoch 4/200 loss 3.4569 train 0.1652 test 0.1517
epoch 5/200 loss 3.2975 train 0.1893 test 0.1668
epoch 6/200 loss 3.1378 train 0.2267 test 0.2126
epoch 7/200 loss 2.9994 train 0.2486 test 0.2405
epoch 8/200 loss 2.8610 train 0.2745 test 0.2334
epoch 9/200 loss 2.7479 train 0.2962 test 0.2422
epoch 10/200 loss 2.6344 train 0.3123 test 0.2740
epoch 11/200 loss 2.5269 train 0.3403 test 0.2705
epoch 12/200 loss 2.4380 train 0.3540 test 0.2928
epoch 13/200 loss 2.3484 train 0.3793 test 0.3182
epoch 14/200 loss 2.2572 train 0.3947 test 0.3099
epoch 15/200 loss 2.1727 train 0.4089 test 0.3123
epoch 16/200 loss 2.0842 train 0.4398 test 0.3549
epoch 17/200 loss 2.0145 train 0.4500 test 0.3462
epoch 18/200 loss 1.9389 train 0.4656 test 0.3599
epoch 19/200 loss 1.8679 train 0.4803 test 0.3716
epoch 20/200 loss 1.8014 train 0.4973 test 0.3694
epoch 21/200 loss 1.7067 train 0.5172 test 0.3828
epoch 22/200 loss 1.6433 train 0.5370 test 0.3256
epoch 23/200 loss 1.5666 train 0.5500 test 0.3737
epoch 24/200 loss 1.5174 train 0.5635 test 0.4143
epoch 25/200 loss 1.4530 train 0.5836 test 0.4088
epoch 26/200 loss 1.3804 train 0.5990 test 0.3963
epoch 27/200 loss 1.3243 train 0.6103 test 0.4022
epoch 28/200 loss 1.2789 train 0.6223 test 0.3914
epoch 29/200 loss 1.2224 train 0.6385 test 0.4116
epoch 30/200 loss 1.1672 train 0.6509 test 0.4141
epoch 31/200 loss 1.1069 train 0.6716 test 0.3951
epoch 32/200 loss 1.0794 train 0.6777 test 0.4230
epoch 33/200 loss 1.0044 train 0.6976 test 0.4370
epoch 34/200 loss 0.9757 train 0.7080 test 0.4215
epoch 35/200 loss 0.9360 train 0.7148 test 0.4272
epoch 36/200 loss 0.8960 train 0.7295 test 0.4150
epoch 37/200 loss 0.8271 train 0.7467 test 0.4229
epoch 38/200 loss 0.8235 train 0.7465 test 0.4203
epoch 39/200 loss 0.7860 train 0.7593 test 0.4302
epoch 40/200 loss 0.7625 train 0.7672 test 0.3733
epoch 41/200 loss 0.7118 train 0.7779 test 0.3879
epoch 42/200 loss 0.6989 train 0.7852 test 0.4380
epoch 43/200 loss 0.6287 train 0.8025 test 0.4151
epoch 44/200 loss 0.6212 train 0.8089 test 0.4425
epoch 45/200 loss 0.6399 train 0.8048 test 0.3951
epoch 46/200 loss 0.6011 train 0.8154 test 0.4287
epoch 47/200 loss 0.5581 train 0.8260 test 0.4371
epoch 48/200 loss 0.5242 train 0.8380 test 0.4476
epoch 49/200 loss 0.5200 train 0.8389 test 0.4334
epoch 50/200 loss 0.4932 train 0.8483 test 0.4610
epoch 51/200 loss 0.4852 train 0.8491 test 0.4347
epoch 52/200 loss 0.4551 train 0.8605 test 0.4416
epoch 53/200 loss 0.4496 train 0.8617 test 0.4365
epoch 54/200 loss 0.4851 train 0.8508 test 0.4354
epoch 55/200 loss 0.4247 train 0.8702 test 0.4673
epoch 56/200 loss 0.3781 train 0.8834 test 0.4714
epoch 57/200 loss 0.3932 train 0.8778 test 0.4247
epoch 58/200 loss 0.3730 train 0.8872 test 0.4772
epoch 59/200 loss 0.3781 train 0.8819 test 0.4370
epoch 60/200 loss 0.3557 train 0.8914 test 0.4352
epoch 61/200 loss 0.3332 train 0.8995 test 0.4336
epoch 62/200 loss 0.3637 train 0.8891 test 0.4628
epoch 63/200 loss 0.3697 train 0.8841 test 0.4521
epoch 64/200 loss 0.3151 train 0.9013 test 0.4411
epoch 65/200 loss 0.3450 train 0.8958 test 0.4452
epoch 66/200 loss 0.3058 train 0.9084 test 0.4593
epoch 67/200 loss 0.3083 train 0.9055 test 0.4473
epoch 68/200 loss 0.2926 train 0.9125 test 0.4676
epoch 69/200 loss 0.2842 train 0.9142 test 0.4638
epoch 70/200 loss 0.2489 train 0.9264 test 0.4771
epoch 71/200 loss 0.2832 train 0.9127 test 0.4680
epoch 72/200 loss 0.2721 train 0.9188 test 0.4725
epoch 73/200 loss 0.2813 train 0.9179 test 0.4569
epoch 74/200 loss 0.2645 train 0.9203 test 0.4696
epoch 75/200 loss 0.2530 train 0.9232 test 0.4509
epoch 76/200 loss 0.2271 train 0.9340 test 0.4752
epoch 77/200 loss 0.2080 train 0.9389 test 0.4401
epoch 78/200 loss 0.2382 train 0.9266 test 0.4512
epoch 79/200 loss 0.2455 train 0.9288 test 0.4521
epoch 80/200 loss 0.2575 train 0.9247 test 0.4783
epoch 81/200 loss 0.1869 train 0.9476 test 0.4897
epoch 82/200 loss 0.1628 train 0.9530 test 0.4957
epoch 83/200 loss 0.1553 train 0.9567 test 0.4892
epoch 84/200 loss 0.1731 train 0.9508 test 0.4614
epoch 85/200 loss 0.2087 train 0.9412 test 0.4525
epoch 86/200 loss 0.2279 train 0.9333 test 0.4610
epoch 87/200 loss 0.2113 train 0.9383 test 0.4724
epoch 88/200 loss 0.1690 train 0.9526 test 0.4941
epoch 89/200 loss 0.1690 train 0.9530 test 0.4858
epoch 90/200 loss 0.1911 train 0.9436 test 0.4657
epoch 91/200 loss 0.1885 train 0.9443 test 0.4809
epoch 92/200 loss 0.1435 train 0.9622 test 0.4796
epoch 93/200 loss 0.1285 train 0.9654 test 0.5042
epoch 94/200 loss 0.1043 train 0.9739 test 0.4992
epoch 95/200 loss 0.0894 train 0.9774 test 0.5135
epoch 96/200 loss 0.1000 train 0.9737 test 0.5090
epoch 97/200 loss 0.0962 train 0.9763 test 0.5095
epoch 98/200 loss 0.0733 train 0.9836 test 0.5152
epoch 99/200 loss 0.0608 train 0.9874 test 0.5240
epoch 100/200 loss 0.0550 train 0.9886 test 0.5219
epoch 101/200 loss 0.0539 train 0.9874 test 0.5300
epoch 102/200 loss 0.0520 train 0.9901 test 0.5383
epoch 103/200 loss 0.0370 train 0.9938 test 0.5392
epoch 104/200 loss 0.0282 train 0.9958 test 0.5463
epoch 105/200 loss 0.0193 train 0.9976 test 0.5573
epoch 106/200 loss 0.0244 train 0.9973 test 0.5529
epoch 107/200 loss 0.0148 train 0.9986 test 0.5714
epoch 108/200 loss 0.0102 train 0.9996 test 0.5705
epoch 109/200 loss 0.0103 train 0.9994 test 0.5738
epoch 110/200 loss 0.0084 train 0.9998 test 0.5789
epoch 111/200 loss 0.0069 train 0.9999 test 0.5792
epoch 112/200 loss 0.0069 train 0.9999 test 0.5839
epoch 113/200 loss 0.0077 train 0.9998 test 0.5833
epoch 114/200 loss 0.0073 train 0.9999 test 0.5853
epoch 115/200 loss 0.0076 train 0.9999 test 0.5831
epoch 116/200 loss 0.0077 train 0.9999 test 0.5848
epoch 117/200 loss 0.0074 train 0.9999 test 0.5833
epoch 118/200 loss 0.0081 train 0.9999 test 0.5892
epoch 119/200 loss 0.0082 train 0.9999 test 0.5870
epoch 120/200 loss 0.0081 train 0.9999 test 0.5893
epoch 121/200 loss 0.0086 train 0.9999 test 0.5882
epoch 122/200 loss 0.0082 train 0.9999 test 0.5898
epoch 123/200 loss 0.0086 train 0.9999 test 0.5908
epoch 124/200 loss 0.0088 train 0.9998 test 0.5897
epoch 125/200 loss 0.0082 train 0.9999 test 0.5882
epoch 126/200 loss 0.0086 train 0.9998 test 0.5865
epoch 127/200 loss 0.0084 train 0.9999 test 0.5888
epoch 128/200 loss 0.0087 train 1.0000 test 0.5870
epoch 129/200 loss 0.0094 train 0.9998 test 0.5881
epoch 130/200 loss 0.0085 train 1.0000 test 0.5887
epoch 131/200 loss 0.0085 train 1.0000 test 0.5938
epoch 132/200 loss 0.0088 train 0.9999 test 0.5918
epoch 133/200 loss 0.0081 train 1.0000 test 0.5921
epoch 134/200 loss 0.0082 train 0.9999 test 0.5921
epoch 135/200 loss 0.0089 train 0.9998 test 0.5866
epoch 136/200 loss 0.0080 train 1.0000 test 0.5884
epoch 137/200 loss 0.0085 train 0.9998 test 0.5891
epoch 138/200 loss 0.0088 train 0.9998 test 0.5850
epoch 139/200 loss 0.0097 train 0.9996 test 0.5909
epoch 140/200 loss 0.0097 train 0.9997 test 0.5926
epoch 141/200 loss 0.0088 train 0.9998 test 0.5903
epoch 142/200 loss 0.0081 train 0.9998 test 0.5913
epoch 143/200 loss 0.0082 train 0.9998 test 0.5924
epoch 144/200 loss 0.0081 train 0.9998 test 0.5942
epoch 145/200 loss 0.0077 train 0.9999 test 0.5908
epoch 146/200 loss 0.0079 train 0.9999 test 0.5913
epoch 147/200 loss 0.0080 train 0.9998 test 0.5963
epoch 148/200 loss 0.0077 train 0.9999 test 0.5941
epoch 149/200 loss 0.0075 train 0.9999 test 0.5944
epoch 150/200 loss 0.0076 train 1.0000 test 0.5924
epoch 151/200 loss 0.0076 train 1.0000 test 0.5931
epoch 152/200 loss 0.0073 train 1.0000 test 0.5931
epoch 153/200 loss 0.0071 train 1.0000 test 0.5955
epoch 154/200 loss 0.0073 train 1.0000 test 0.5931
epoch 155/200 loss 0.0071 train 1.0000 test 0.5946
epoch 156/200 loss 0.0078 train 0.9998 test 0.5917
epoch 157/200 loss 0.0073 train 0.9999 test 0.5910
epoch 158/200 loss 0.0078 train 0.9998 test 0.5937
epoch 159/200 loss 0.0073 train 0.9998 test 0.5931
epoch 160/200 loss 0.0074 train 1.0000 test 0.5922
epoch 161/200 loss 0.0071 train 1.0000 test 0.5976
epoch 162/200 loss 0.0071 train 0.9999 test 0.5953
epoch 163/200 loss 0.0069 train 1.0000 test 0.5972
epoch 164/200 loss 0.0071 train 0.9998 test 0.5967
epoch 165/200 loss 0.0072 train 0.9999 test 0.5953
epoch 166/200 loss 0.0070 train 0.9999 test 0.5967
epoch 167/200 loss 0.0071 train 1.0000 test 0.5965
epoch 168/200 loss 0.0069 train 1.0000 test 0.5979
epoch 169/200 loss 0.0070 train 1.0000 test 0.5962
epoch 170/200 loss 0.0069 train 1.0000 test 0.5963
epoch 171/200 loss 0.0068 train 0.9999 test 0.5969
epoch 172/200 loss 0.0069 train 1.0000 test 0.5988
epoch 173/200 loss 0.0070 train 0.9999 test 0.6001
epoch 174/200 loss 0.0068 train 1.0000 test 0.5987
epoch 175/200 loss 0.0068 train 0.9999 test 0.5979
epoch 176/200 loss 0.0067 train 1.0000 test 0.5991
epoch 177/200 loss 0.0069 train 1.0000 test 0.5974
epoch 178/200 loss 0.0066 train 1.0000 test 0.5964
epoch 179/200 loss 0.0068 train 1.0000 test 0.5972
epoch 180/200 loss 0.0068 train 1.0000 test 0.5996
epoch 181/200 loss 0.0067 train 1.0000 test 0.5980
epoch 182/200 loss 0.0068 train 1.0000 test 0.5973
epoch 183/200 loss 0.0066 train 1.0000 test 0.5997
epoch 184/200 loss 0.0067 train 1.0000 test 0.5998
epoch 185/200 loss 0.0067 train 1.0000 test 0.5989
epoch 186/200 loss 0.0067 train 1.0000 test 0.5980
epoch 187/200 loss 0.0067 train 1.0000 test 0.5989
epoch 188/200 loss 0.0066 train 1.0000 test 0.5981
epoch 189/200 loss 0.0064 train 1.0000 test 0.5984
epoch 190/200 loss 0.0066 train 0.9999 test 0.5988
epoch 191/200 loss 0.0065 train 0.9999 test 0.5983
epoch 192/200 loss 0.0068 train 1.0000 test 0.5968
epoch 193/200 loss 0.0065 train 1.0000 test 0.5975
epoch 194/200 loss 0.0067 train 1.0000 test 0.5961
epoch 195/200 loss 0.0067 train 0.9999 test 0.5971
epoch 196/200 loss 0.0066 train 1.0000 test 0.5963
epoch 197/200 loss 0.0066 train 1.0000 test 0.5985
epoch 198/200 loss 0.0067 train 1.0000 test 0.5990
epoch 199/200 loss 0.0065 train 1.0000 test 0.5975
epoch 200/200 loss 0.0066 train 1.0000 test 0.5973
done: final 0.5973 best 0.6001 -> ./runs/abl25_gaboronly_calib/seed0
=== abl25_none seed 1 ===
[abl25_none seed1] {"params_trainable": 11220132, "params_stem_trainable": 0, "params_stem_fixed_filters": 0, "flops_total": 556705792, "flops_stem": 0, "flops_image_size": 32}
epoch 1/200 loss 4.2912 train 0.0529 test 0.0728
epoch 2/200 loss 3.9773 train 0.0844 test 0.1097
epoch 3/200 loss 3.7758 train 0.1152 test 0.1287
epoch 4/200 loss 3.6172 train 0.1414 test 0.1302
epoch 5/200 loss 3.4476 train 0.1702 test 0.1662
epoch 6/200 loss 3.2904 train 0.2001 test 0.1554
epoch 7/200 loss 3.1492 train 0.2229 test 0.1745
epoch 8/200 loss 3.0112 train 0.2511 test 0.2278
epoch 9/200 loss 2.8428 train 0.2796 test 0.2474
epoch 10/200 loss 2.7365 train 0.2968 test 0.2691
epoch 11/200 loss 2.5904 train 0.3252 test 0.2818
epoch 12/200 loss 2.4625 train 0.3557 test 0.2581
epoch 13/200 loss 2.3523 train 0.3733 test 0.3160
epoch 14/200 loss 2.2196 train 0.4074 test 0.3352
epoch 15/200 loss 2.1131 train 0.4245 test 0.3326
epoch 16/200 loss 1.9954 train 0.4547 test 0.3290
epoch 17/200 loss 1.9193 train 0.4678 test 0.3289
epoch 18/200 loss 1.8278 train 0.4879 test 0.3758
epoch 19/200 loss 1.7209 train 0.5167 test 0.3458
epoch 20/200 loss 1.6649 train 0.5281 test 0.3713
epoch 21/200 loss 1.5740 train 0.5442 test 0.3622
epoch 22/200 loss 1.5180 train 0.5653 test 0.3679
epoch 23/200 loss 1.4582 train 0.5710 test 0.3667
epoch 24/200 loss 1.3808 train 0.5976 test 0.4001
epoch 25/200 loss 1.3251 train 0.6158 test 0.4149
epoch 26/200 loss 1.2671 train 0.6253 test 0.3949
epoch 27/200 loss 1.2225 train 0.6447 test 0.4141
epoch 28/200 loss 1.1282 train 0.6657 test 0.4397
epoch 29/200 loss 1.0973 train 0.6725 test 0.4252
epoch 30/200 loss 1.0287 train 0.6900 test 0.4210
epoch 31/200 loss 1.0106 train 0.6926 test 0.4540
epoch 32/200 loss 0.9195 train 0.7188 test 0.4305
epoch 33/200 loss 0.8871 train 0.7308 test 0.4043
epoch 34/200 loss 0.9054 train 0.7200 test 0.4238
epoch 35/200 loss 0.8490 train 0.7431 test 0.4297
epoch 36/200 loss 0.8145 train 0.7506 test 0.4174
epoch 37/200 loss 0.7529 train 0.7678 test 0.4383
epoch 38/200 loss 0.7621 train 0.7626 test 0.4299
epoch 39/200 loss 0.7225 train 0.7767 test 0.3951
epoch 40/200 loss 0.6809 train 0.7846 test 0.4373
epoch 41/200 loss 0.6227 train 0.8044 test 0.4226
epoch 42/200 loss 0.6438 train 0.7970 test 0.4223
epoch 43/200 loss 0.6177 train 0.8051 test 0.4466
epoch 44/200 loss 0.5847 train 0.8155 test 0.4282
epoch 45/200 loss 0.5592 train 0.8270 test 0.4356
epoch 46/200 loss 0.5557 train 0.8278 test 0.4587
epoch 47/200 loss 0.5054 train 0.8441 test 0.4750
epoch 48/200 loss 0.4723 train 0.8564 test 0.4614
epoch 49/200 loss 0.5057 train 0.8394 test 0.4347
epoch 50/200 loss 0.4659 train 0.8573 test 0.4552
epoch 51/200 loss 0.4630 train 0.8570 test 0.4757
epoch 52/200 loss 0.4314 train 0.8680 test 0.4419
epoch 53/200 loss 0.4360 train 0.8637 test 0.4425
epoch 54/200 loss 0.4373 train 0.8637 test 0.4573
epoch 55/200 loss 0.4089 train 0.8729 test 0.4542
epoch 56/200 loss 0.3730 train 0.8863 test 0.4651
epoch 57/200 loss 0.3355 train 0.8967 test 0.4703
epoch 58/200 loss 0.3807 train 0.8866 test 0.4468
epoch 59/200 loss 0.3848 train 0.8812 test 0.4663
epoch 60/200 loss 0.3627 train 0.8883 test 0.3499
epoch 61/200 loss 0.3471 train 0.8955 test 0.4531
epoch 62/200 loss 0.3443 train 0.8970 test 0.4563
epoch 63/200 loss 0.3241 train 0.9010 test 0.4719
epoch 64/200 loss 0.3470 train 0.8935 test 0.4633
epoch 65/200 loss 0.3351 train 0.8973 test 0.4480
epoch 66/200 loss 0.3124 train 0.9058 test 0.4518
epoch 67/200 loss 0.2911 train 0.9132 test 0.4871
epoch 68/200 loss 0.2706 train 0.9183 test 0.4712
epoch 69/200 loss 0.2637 train 0.9228 test 0.4551
epoch 70/200 loss 0.2428 train 0.9296 test 0.4806
epoch 71/200 loss 0.2449 train 0.9255 test 0.4878
epoch 72/200 loss 0.2344 train 0.9303 test 0.4734
epoch 73/200 loss 0.2833 train 0.9160 test 0.4153
epoch 74/200 loss 0.3211 train 0.9017 test 0.4305
epoch 75/200 loss 0.2725 train 0.9187 test 0.4794
epoch 76/200 loss 0.2222 train 0.9352 test 0.4571
epoch 77/200 loss 0.2158 train 0.9338 test 0.4818
epoch 78/200 loss 0.2202 train 0.9367 test 0.4818
epoch 79/200 loss 0.2319 train 0.9336 test 0.4656
epoch 80/200 loss 0.2169 train 0.9355 test 0.4774
epoch 81/200 loss 0.1955 train 0.9467 test 0.4608
epoch 82/200 loss 0.1677 train 0.9532 test 0.4948
epoch 83/200 loss 0.1724 train 0.9512 test 0.4740
epoch 84/200 loss 0.1679 train 0.9514 test 0.4683
epoch 85/200 loss 0.1861 train 0.9474 test 0.4754
epoch 86/200 loss 0.1846 train 0.9496 test 0.4838
epoch 87/200 loss 0.1633 train 0.9541 test 0.4960
epoch 88/200 loss 0.2043 train 0.9404 test 0.4736
epoch 89/200 loss 0.1905 train 0.9465 test 0.4896
epoch 90/200 loss 0.1466 train 0.9598 test 0.4928
epoch 91/200 loss 0.1130 train 0.9714 test 0.5060
epoch 92/200 loss 0.1180 train 0.9692 test 0.4888
epoch 93/200 loss 0.1050 train 0.9721 test 0.5130
epoch 94/200 loss 0.1104 train 0.9715 test 0.5038
epoch 95/200 loss 0.1269 train 0.9671 test 0.5013
epoch 96/200 loss 0.1174 train 0.9708 test 0.4842
epoch 97/200 loss 0.1040 train 0.9741 test 0.5109
epoch 98/200 loss 0.1019 train 0.9728 test 0.5159
epoch 99/200 loss 0.0955 train 0.9768 test 0.5114
epoch 100/200 loss 0.0934 train 0.9771 test 0.5037
epoch 101/200 loss 0.0874 train 0.9798 test 0.4965
epoch 102/200 loss 0.1172 train 0.9688 test 0.5131
epoch 103/200 loss 0.1011 train 0.9744 test 0.5082
epoch 104/200 loss 0.0962 train 0.9762 test 0.5230
epoch 105/200 loss 0.1053 train 0.9734 test 0.4962
epoch 106/200 loss 0.1003 train 0.9762 test 0.5215
epoch 107/200 loss 0.0786 train 0.9829 test 0.5260
epoch 108/200 loss 0.0709 train 0.9839 test 0.5077
epoch 109/200 loss 0.0714 train 0.9846 test 0.5056
epoch 110/200 loss 0.0744 train 0.9825 test 0.5187
epoch 111/200 loss 0.0539 train 0.9885 test 0.5252
epoch 112/200 loss 0.0405 train 0.9919 test 0.5407
epoch 113/200 loss 0.0342 train 0.9939 test 0.5511
epoch 114/200 loss 0.0257 train 0.9960 test 0.5614
epoch 115/200 loss 0.0212 train 0.9967 test 0.5707
epoch 116/200 loss 0.0119 train 0.9986 test 0.5761
epoch 117/200 loss 0.0074 train 0.9999 test 0.5902
epoch 118/200 loss 0.0059 train 0.9998 test 0.5917
epoch 119/200 loss 0.0058 train 0.9998 test 0.5920
epoch 120/200 loss 0.0055 train 0.9998 test 0.5949
epoch 121/200 loss 0.0056 train 0.9998 test 0.5960
epoch 122/200 loss 0.0059 train 0.9999 test 0.5968
epoch 123/200 loss 0.0064 train 0.9998 test 0.5948
epoch 124/200 loss 0.0065 train 0.9999 test 0.5981
epoch 125/200 loss 0.0064 train 0.9999 test 0.5986
epoch 126/200 loss 0.0063 train 0.9998 test 0.6007
epoch 127/200 loss 0.0066 train 1.0000 test 0.6020
epoch 128/200 loss 0.0066 train 1.0000 test 0.6023
epoch 129/200 loss 0.0073 train 0.9998 test 0.6021
epoch 130/200 loss 0.0076 train 0.9998 test 0.6003
epoch 131/200 loss 0.0075 train 1.0000 test 0.6063
epoch 132/200 loss 0.0075 train 0.9999 test 0.6032
epoch 133/200 loss 0.0073 train 0.9999 test 0.6020
epoch 134/200 loss 0.0077 train 0.9998 test 0.6034
epoch 135/200 loss 0.0075 train 1.0000 test 0.6026
epoch 136/200 loss 0.0074 train 0.9998 test 0.6035
epoch 137/200 loss 0.0075 train 1.0000 test 0.6041
epoch 138/200 loss 0.0075 train 0.9999 test 0.6037
epoch 139/200 loss 0.0078 train 0.9999 test 0.6034
epoch 140/200 loss 0.0076 train 0.9998 test 0.6049
epoch 141/200 loss 0.0075 train 0.9998 test 0.6058
epoch 142/200 loss 0.0077 train 0.9998 test 0.6066
epoch 143/200 loss 0.0076 train 0.9999 test 0.6071
epoch 144/200 loss 0.0079 train 0.9999 test 0.6062
epoch 145/200 loss 0.0076 train 0.9999 test 0.6060
epoch 146/200 loss 0.0076 train 1.0000 test 0.6037
epoch 147/200 loss 0.0079 train 0.9999 test 0.6054
epoch 148/200 loss 0.0077 train 0.9998 test 0.6042
epoch 149/200 loss 0.0075 train 1.0000 test 0.6044
epoch 150/200 loss 0.0077 train 0.9999 test 0.6072
epoch 151/200 loss 0.0075 train 0.9999 test 0.6067
epoch 152/200 loss 0.0072 train 1.0000 test 0.6053
epoch 153/200 loss 0.0073 train 1.0000 test 0.6068
epoch 154/200 loss 0.0078 train 0.9998 test 0.6078
epoch 155/200 loss 0.0077 train 0.9999 test 0.6061
epoch 156/200 loss 0.0076 train 1.0000 test 0.6069
epoch 157/200 loss 0.0076 train 1.0000 test 0.6093
epoch 158/200 loss 0.0073 train 1.0000 test 0.6109
epoch 159/200 loss 0.0076 train 0.9999 test 0.6078
epoch 160/200 loss 0.0074 train 0.9999 test 0.6103
epoch 161/200 loss 0.0074 train 1.0000 test 0.6081
epoch 162/200 loss 0.0074 train 1.0000 test 0.6083
epoch 163/200 loss 0.0072 train 0.9999 test 0.6082
epoch 164/200 loss 0.0074 train 1.0000 test 0.6081
epoch 165/200 loss 0.0075 train 1.0000 test 0.6060
epoch 166/200 loss 0.0073 train 1.0000 test 0.6069
epoch 167/200 loss 0.0072 train 1.0000 test 0.6060
epoch 168/200 loss 0.0071 train 1.0000 test 0.6077
epoch 169/200 loss 0.0072 train 1.0000 test 0.6076
epoch 170/200 loss 0.0072 train 1.0000 test 0.6082
epoch 171/200 loss 0.0071 train 0.9999 test 0.6073
epoch 172/200 loss 0.0070 train 1.0000 test 0.6083
epoch 173/200 loss 0.0072 train 1.0000 test 0.6070
epoch 174/200 loss 0.0071 train 0.9999 test 0.6074
epoch 175/200 loss 0.0069 train 1.0000 test 0.6061
epoch 176/200 loss 0.0070 train 0.9999 test 0.6049
epoch 177/200 loss 0.0069 train 1.0000 test 0.6089
epoch 178/200 loss 0.0071 train 0.9998 test 0.6078
epoch 179/200 loss 0.0072 train 1.0000 test 0.6085
epoch 180/200 loss 0.0072 train 0.9999 test 0.6097
epoch 181/200 loss 0.0069 train 1.0000 test 0.6079
epoch 182/200 loss 0.0071 train 1.0000 test 0.6069
epoch 183/200 loss 0.0071 train 1.0000 test 0.6081
epoch 184/200 loss 0.0069 train 1.0000 test 0.6085
epoch 185/200 loss 0.0069 train 1.0000 test 0.6063
epoch 186/200 loss 0.0071 train 1.0000 test 0.6079
epoch 187/200 loss 0.0071 train 1.0000 test 0.6078
epoch 188/200 loss 0.0069 train 0.9999 test 0.6092
epoch 189/200 loss 0.0071 train 0.9999 test 0.6090
epoch 190/200 loss 0.0068 train 1.0000 test 0.6090
epoch 191/200 loss 0.0070 train 1.0000 test 0.6084
epoch 192/200 loss 0.0070 train 1.0000 test 0.6077
epoch 193/200 loss 0.0070 train 0.9999 test 0.6085
epoch 194/200 loss 0.0072 train 1.0000 test 0.6083
epoch 195/200 loss 0.0068 train 1.0000 test 0.6083
epoch 196/200 loss 0.0070 train 1.0000 test 0.6089
epoch 197/200 loss 0.0072 train 1.0000 test 0.6081
epoch 198/200 loss 0.0069 train 1.0000 test 0.6068
epoch 199/200 loss 0.0070 train 1.0000 test 0.6088
epoch 200/200 loss 0.0069 train 1.0000 test 0.6083
done: final 0.6083 best 0.6109 -> ./runs/abl25_none/seed1
=== abl25_gaboronly_calib seed 1 ===
stem calibrated (True) on 1024 images
[abl25_gaboronly_calib seed1] {"params_trainable": 11225316, "params_stem_trainable": 0, "params_stem_fixed_filters": 1089, "flops_total": 563129344, "flops_stem": 1115136, "flops_image_size": 32}
epoch 1/200 loss 4.3279 train 0.0496 test 0.0793
epoch 2/200 loss 3.8830 train 0.1002 test 0.1259
epoch 3/200 loss 3.6422 train 0.1426 test 0.1452
epoch 4/200 loss 3.4558 train 0.1707 test 0.1539
epoch 5/200 loss 3.2696 train 0.2002 test 0.1781
epoch 6/200 loss 3.1115 train 0.2328 test 0.1971
epoch 7/200 loss 2.9852 train 0.2517 test 0.2148
epoch 8/200 loss 2.8752 train 0.2689 test 0.2387
epoch 9/200 loss 2.7240 train 0.3019 test 0.2528
epoch 10/200 loss 2.6349 train 0.3133 test 0.2881
epoch 11/200 loss 2.5139 train 0.3456 test 0.2827
epoch 12/200 loss 2.4382 train 0.3555 test 0.3142
epoch 13/200 loss 2.3378 train 0.3763 test 0.3021
epoch 14/200 loss 2.2470 train 0.3982 test 0.2977
epoch 15/200 loss 2.1722 train 0.4123 test 0.3380
epoch 16/200 loss 2.0814 train 0.4324 test 0.3420
epoch 17/200 loss 2.0093 train 0.4506 test 0.3647
epoch 18/200 loss 1.9234 train 0.4686 test 0.3712
epoch 19/200 loss 1.8393 train 0.4857 test 0.3499
epoch 20/200 loss 1.7803 train 0.5028 test 0.3634
epoch 21/200 loss 1.7120 train 0.5221 test 0.3525
epoch 22/200 loss 1.6393 train 0.5359 test 0.3714
epoch 23/200 loss 1.5853 train 0.5476 test 0.3666
epoch 24/200 loss 1.5069 train 0.5710 test 0.4004
epoch 25/200 loss 1.4328 train 0.5859 test 0.3873
epoch 26/200 loss 1.3910 train 0.5905 test 0.3587
epoch 27/200 loss 1.3428 train 0.6083 test 0.4143
epoch 28/200 loss 1.2439 train 0.6328 test 0.4063
epoch 29/200 loss 1.2256 train 0.6403 test 0.4360
epoch 30/200 loss 1.1396 train 0.6567 test 0.4096
epoch 31/200 loss 1.0978 train 0.6687 test 0.4114
epoch 32/200 loss 1.0457 train 0.6868 test 0.4029
epoch 33/200 loss 1.0245 train 0.6919 test 0.4074
epoch 34/200 loss 0.9732 train 0.7066 test 0.4197
epoch 35/200 loss 0.9139 train 0.7181 test 0.4091
epoch 36/200 loss 0.8527 train 0.7341 test 0.4054
epoch 37/200 loss 0.8591 train 0.7367 test 0.4156
epoch 38/200 loss 0.8314 train 0.7475 test 0.4141
epoch 39/200 loss 0.7641 train 0.7688 test 0.4026
epoch 40/200 loss 0.7722 train 0.7594 test 0.4150
epoch 41/200 loss 0.6684 train 0.7935 test 0.4389
epoch 42/200 loss 0.6726 train 0.7941 test 0.4176
epoch 43/200 loss 0.6575 train 0.7951 test 0.4190
epoch 44/200 loss 0.6320 train 0.8068 test 0.4252
epoch 45/200 loss 0.6103 train 0.8127 test 0.4283
epoch 46/200 loss 0.5593 train 0.8307 test 0.4474
epoch 47/200 loss 0.5433 train 0.8317 test 0.4275
epoch 48/200 loss 0.5519 train 0.8278 test 0.4470
epoch 49/200 loss 0.5488 train 0.8296 test 0.4452
epoch 50/200 loss 0.4985 train 0.8450 test 0.4302
epoch 51/200 loss 0.4482 train 0.8620 test 0.4395
epoch 52/200 loss 0.4426 train 0.8620 test 0.4357
epoch 53/200 loss 0.4638 train 0.8561 test 0.4356
epoch 54/200 loss 0.4520 train 0.8604 test 0.4322
epoch 55/200 loss 0.4571 train 0.8602 test 0.4380
epoch 56/200 loss 0.3909 train 0.8794 test 0.4454
epoch 57/200 loss 0.4016 train 0.8734 test 0.4392
epoch 58/200 loss 0.4271 train 0.8727 test 0.4563
epoch 59/200 loss 0.3818 train 0.8814 test 0.4434
epoch 60/200 loss 0.3844 train 0.8848 test 0.4368
epoch 61/200 loss 0.3159 train 0.9030 test 0.4681
epoch 62/200 loss 0.3453 train 0.8950 test 0.4442
epoch 63/200 loss 0.3807 train 0.8856 test 0.4112
epoch 64/200 loss 0.3350 train 0.8963 test 0.4703
epoch 65/200 loss 0.3295 train 0.9016 test 0.4742
epoch 66/200 loss 0.2816 train 0.9172 test 0.4655
epoch 67/200 loss 0.2977 train 0.9096 test 0.4671
epoch 68/200 loss 0.2972 train 0.9103 test 0.4239
epoch 69/200 loss 0.3105 train 0.9065 test 0.4342
epoch 70/200 loss 0.3005 train 0.9091 test 0.4601
epoch 71/200 loss 0.2702 train 0.9212 test 0.4612
epoch 72/200 loss 0.2497 train 0.9266 test 0.4771
epoch 73/200 loss 0.2299 train 0.9300 test 0.4759
epoch 74/200 loss 0.2650 train 0.9243 test 0.4419
epoch 75/200 loss 0.2673 train 0.9237 test 0.4851
epoch 76/200 loss 0.2384 train 0.9303 test 0.4572
epoch 77/200 loss 0.2578 train 0.9206 test 0.4628
epoch 78/200 loss 0.2351 train 0.9298 test 0.4584
epoch 79/200 loss 0.2152 train 0.9389 test 0.4671
epoch 80/200 loss 0.2191 train 0.9356 test 0.4532
epoch 81/200 loss 0.2480 train 0.9259 test 0.4842
epoch 82/200 loss 0.1775 train 0.9530 test 0.4770
epoch 83/200 loss 0.1552 train 0.9584 test 0.4899
epoch 84/200 loss 0.1206 train 0.9679 test 0.4940
epoch 85/200 loss 0.1337 train 0.9634 test 0.4841
epoch 86/200 loss 0.1447 train 0.9600 test 0.4744
epoch 87/200 loss 0.1681 train 0.9543 test 0.4628
epoch 88/200 loss 0.2191 train 0.9361 test 0.4669
epoch 89/200 loss 0.1976 train 0.9439 test 0.4571
epoch 90/200 loss 0.2016 train 0.9426 test 0.4900
epoch 91/200 loss 0.1873 train 0.9474 test 0.4613
epoch 92/200 loss 0.1881 train 0.9440 test 0.4894
epoch 93/200 loss 0.1499 train 0.9590 test 0.5031
epoch 94/200 loss 0.1249 train 0.9677 test 0.4872
epoch 95/200 loss 0.1095 train 0.9709 test 0.5138
epoch 96/200 loss 0.0896 train 0.9782 test 0.5034
epoch 97/200 loss 0.0653 train 0.9862 test 0.5093
epoch 98/200 loss 0.0652 train 0.9860 test 0.5097
epoch 99/200 loss 0.0647 train 0.9860 test 0.5255
epoch 100/200 loss 0.0507 train 0.9900 test 0.5279
epoch 101/200 loss 0.0432 train 0.9919 test 0.5315
epoch 102/200 loss 0.0438 train 0.9911 test 0.5327
epoch 103/200 loss 0.0345 train 0.9951 test 0.5461
epoch 104/200 loss 0.0471 train 0.9899 test 0.5310
epoch 105/200 loss 0.0294 train 0.9966 test 0.5486
epoch 106/200 loss 0.0136 train 0.9993 test 0.5663
epoch 107/200 loss 0.0106 train 0.9997 test 0.5711
epoch 108/200 loss 0.0106 train 0.9994 test 0.5742
epoch 109/200 loss 0.0075 train 1.0000 test 0.5761
epoch 110/200 loss 0.0078 train 0.9998 test 0.5782
epoch 111/200 loss 0.0073 train 0.9998 test 0.5826
epoch 112/200 loss 0.0080 train 0.9997 test 0.5801
epoch 113/200 loss 0.0080 train 0.9998 test 0.5823
epoch 114/200 loss 0.0072 train 0.9998 test 0.5876
epoch 115/200 loss 0.0076 train 0.9998 test 0.5881
epoch 116/200 loss 0.0075 train 0.9999 test 0.5875
epoch 117/200 loss 0.0078 train 0.9999 test 0.5909
epoch 118/200 loss 0.0078 train 0.9998 test 0.5895
epoch 119/200 loss 0.0081 train 0.9999 test 0.5881
epoch 120/200 loss 0.0084 train 0.9999 test 0.5902
epoch 121/200 loss 0.0083 train 0.9998 test 0.5875
epoch 122/200 loss 0.0090 train 0.9999 test 0.5880
epoch 123/200 loss 0.0083 train 0.9999 test 0.5888
epoch 124/200 loss 0.0089 train 0.9999 test 0.5861
epoch 125/200 loss 0.0089 train 0.9999 test 0.5879
epoch 126/200 loss 0.0084 train 1.0000 test 0.5903
epoch 127/200 loss 0.0088 train 0.9998 test 0.5866
epoch 128/200 loss 0.0085 train 1.0000 test 0.5869
epoch 129/200 loss 0.0090 train 0.9998 test 0.5872
epoch 130/200 loss 0.0085 train 0.9999 test 0.5895
epoch 131/200 loss 0.0090 train 0.9999 test 0.5891
epoch 132/200 loss 0.0088 train 0.9999 test 0.5897
epoch 133/200 loss 0.0082 train 0.9999 test 0.5907
epoch 134/200 loss 0.0084 train 0.9998 test 0.5924
epoch 135/200 loss 0.0083 train 1.0000 test 0.5911
epoch 136/200 loss 0.0081 train 0.9998 test 0.5912
epoch 137/200 loss 0.0081 train 1.0000 test 0.5897
epoch 138/200 loss 0.0080 train 0.9998 test 0.5914
epoch 139/200 loss 0.0081 train 0.9998 test 0.5923
epoch 140/200 loss 0.0082 train 0.9999 test 0.5916
epoch 141/200 loss 0.0079 train 0.9998 test 0.5907
epoch 142/200 loss 0.0079 train 0.9998 test 0.5912
epoch 143/200 loss 0.0082 train 0.9998 test 0.5923
epoch 144/200 loss 0.0080 train 0.9999 test 0.5924
epoch 145/200 loss 0.0079 train 1.0000 test 0.5909
epoch 146/200 loss 0.0077 train 0.9999 test 0.5925
epoch 147/200 loss 0.0079 train 0.9999 test 0.5943
epoch 148/200 loss 0.0076 train 0.9999 test 0.5911
epoch 149/200 loss 0.0077 train 1.0000 test 0.5920
epoch 150/200 loss 0.0077 train 1.0000 test 0.5913
epoch 151/200 loss 0.0074 train 0.9999 test 0.5919
epoch 152/200 loss 0.0073 train 1.0000 test 0.5951
epoch 153/200 loss 0.0075 train 1.0000 test 0.5950
epoch 154/200 loss 0.0077 train 0.9998 test 0.5944
epoch 155/200 loss 0.0076 train 0.9999 test 0.5929
epoch 156/200 loss 0.0074 train 1.0000 test 0.5935
epoch 157/200 loss 0.0074 train 1.0000 test 0.5936
epoch 158/200 loss 0.0072 train 1.0000 test 0.5941
epoch 159/200 loss 0.0078 train 0.9998 test 0.5932
epoch 160/200 loss 0.0074 train 1.0000 test 0.5962
epoch 161/200 loss 0.0073 train 1.0000 test 0.5932
epoch 162/200 loss 0.0072 train 1.0000 test 0.5919
epoch 163/200 loss 0.0072 train 0.9999 test 0.5929
epoch 164/200 loss 0.0074 train 0.9999 test 0.5932
epoch 165/200 loss 0.0072 train 0.9999 test 0.5938
epoch 166/200 loss 0.0071 train 1.0000 test 0.5925
epoch 167/200 loss 0.0069 train 1.0000 test 0.5930
epoch 168/200 loss 0.0070 train 1.0000 test 0.5941
epoch 169/200 loss 0.0070 train 1.0000 test 0.5942
epoch 170/200 loss 0.0070 train 1.0000 test 0.5934
epoch 171/200 loss 0.0069 train 0.9999 test 0.5933
epoch 172/200 loss 0.0067 train 1.0000 test 0.5949
epoch 173/200 loss 0.0070 train 1.0000 test 0.5951
epoch 174/200 loss 0.0069 train 0.9999 test 0.5932
epoch 175/200 loss 0.0067 train 1.0000 test 0.5942
epoch 176/200 loss 0.0069 train 0.9999 test 0.5932
epoch 177/200 loss 0.0066 train 1.0000 test 0.5951
epoch 178/200 loss 0.0068 train 0.9999 test 0.5944
epoch 179/200 loss 0.0070 train 1.0000 test 0.5942
epoch 180/200 loss 0.0070 train 0.9999 test 0.5939
epoch 181/200 loss 0.0067 train 0.9999 test 0.5951
epoch 182/200 loss 0.0068 train 1.0000 test 0.5940
epoch 183/200 loss 0.0068 train 1.0000 test 0.5956
epoch 184/200 loss 0.0065 train 1.0000 test 0.5944
epoch 185/200 loss 0.0066 train 1.0000 test 0.5950
epoch 186/200 loss 0.0068 train 1.0000 test 0.5938
epoch 187/200 loss 0.0069 train 1.0000 test 0.5965
epoch 188/200 loss 0.0067 train 0.9999 test 0.5945
epoch 189/200 loss 0.0067 train 0.9999 test 0.5959
epoch 190/200 loss 0.0066 train 1.0000 test 0.5964
epoch 191/200 loss 0.0066 train 1.0000 test 0.5945
epoch 192/200 loss 0.0066 train 1.0000 test 0.5962
epoch 193/200 loss 0.0066 train 0.9999 test 0.5966
epoch 194/200 loss 0.0068 train 1.0000 test 0.5950
epoch 195/200 loss 0.0065 train 1.0000 test 0.5966
epoch 196/200 loss 0.0066 train 1.0000 test 0.5957
epoch 197/200 loss 0.0068 train 1.0000 test 0.5960
epoch 198/200 loss 0.0066 train 1.0000 test 0.5956
epoch 199/200 loss 0.0067 train 1.0000 test 0.5933
epoch 200/200 loss 0.0066 train 1.0000 test 0.5959
done: final 0.5959 best 0.5966 -> ./runs/abl25_gaboronly_calib/seed1
=== stl10_none seed 0 ===
[stl10_none seed0] {"params_trainable": 11173962, "params_stem_trainable": 0, "params_stem_fixed_filters": 0, "flops_total": 5009896448, "flops_stem": 0, "flops_image_size": 96}
epoch 1/200 loss 2.0513 train 0.2384 test 0.2804
epoch 2/200 loss 1.8577 train 0.2847 test 0.2906
epoch 3/200 loss 1.7254 train 0.3291 test 0.3359
epoch 4/200 loss 1.6413 train 0.3648 test 0.3212
epoch 5/200 loss 1.5825 train 0.3770 test 0.3659
epoch 6/200 loss 1.5353 train 0.4083 test 0.3650
epoch 7/200 loss 1.4810 train 0.4241 test 0.4712
epoch 8/200 loss 1.3919 train 0.4748 test 0.3916
epoch 9/200 loss 1.3367 train 0.4892 test 0.3925
epoch 10/200 loss 1.2653 train 0.5282 test 0.5045
epoch 11/200 loss 1.2394 train 0.5403 test 0.4896
epoch 12/200 loss 1.2095 train 0.5517 test 0.4942
epoch 13/200 loss 1.1572 train 0.5687 test 0.5094
epoch 14/200 loss 1.0882 train 0.5925 test 0.4724
epoch 15/200 loss 1.1056 train 0.5921 test 0.5376
epoch 16/200 loss 1.0180 train 0.6322 test 0.5753
epoch 17/200 loss 0.9829 train 0.6458 test 0.5844
epoch 18/200 loss 0.9704 train 0.6392 test 0.5409
epoch 19/200 loss 0.9569 train 0.6498 test 0.5581
epoch 20/200 loss 0.9152 train 0.6663 test 0.4610
epoch 21/200 loss 0.9032 train 0.6733 test 0.5962
epoch 22/200 loss 0.8878 train 0.6817 test 0.5986
epoch 23/200 loss 0.8302 train 0.6995 test 0.5117
epoch 24/200 loss 0.8096 train 0.7081 test 0.4720
epoch 25/200 loss 0.8045 train 0.7101 test 0.6381
epoch 26/200 loss 0.7826 train 0.7188 test 0.5896
epoch 27/200 loss 0.7567 train 0.7270 test 0.5911
epoch 28/200 loss 0.7195 train 0.7454 test 0.6258
epoch 29/200 loss 0.7192 train 0.7360 test 0.6596
epoch 30/200 loss 0.6765 train 0.7528 test 0.6522
epoch 31/200 loss 0.6495 train 0.7622 test 0.6009
epoch 32/200 loss 0.6375 train 0.7702 test 0.6236
epoch 33/200 loss 0.6368 train 0.7676 test 0.5853
epoch 34/200 loss 0.6406 train 0.7708 test 0.6041
epoch 35/200 loss 0.5981 train 0.7823 test 0.5689
epoch 36/200 loss 0.5733 train 0.7935 test 0.6201
epoch 37/200 loss 0.5177 train 0.8151 test 0.5839
epoch 38/200 loss 0.5402 train 0.8055 test 0.6721
epoch 39/200 loss 0.4828 train 0.8261 test 0.6174
epoch 40/200 loss 0.5115 train 0.8129 test 0.6374
epoch 41/200 loss 0.5133 train 0.8157 test 0.5692
epoch 42/200 loss 0.4477 train 0.8407 test 0.6823
epoch 43/200 loss 0.4237 train 0.8546 test 0.6481
epoch 44/200 loss 0.4057 train 0.8538 test 0.6726
epoch 45/200 loss 0.3803 train 0.8628 test 0.6680
epoch 46/200 loss 0.3871 train 0.8604 test 0.6644
epoch 47/200 loss 0.3613 train 0.8722 test 0.7109
epoch 48/200 loss 0.3398 train 0.8824 test 0.6740
epoch 49/200 loss 0.3184 train 0.8868 test 0.5846
epoch 50/200 loss 0.3260 train 0.8858 test 0.6476
epoch 51/200 loss 0.3248 train 0.8848 test 0.6430
epoch 52/200 loss 0.2960 train 0.8958 test 0.6411
epoch 53/200 loss 0.2702 train 0.9046 test 0.6323
epoch 54/200 loss 0.3081 train 0.8896 test 0.6600
epoch 55/200 loss 0.2429 train 0.9225 test 0.7121
epoch 56/200 loss 0.2532 train 0.9095 test 0.6670
epoch 57/200 loss 0.2254 train 0.9209 test 0.7150
epoch 58/200 loss 0.2289 train 0.9187 test 0.5394
epoch 59/200 loss 0.2207 train 0.9239 test 0.7057
epoch 60/200 loss 0.1828 train 0.9373 test 0.6681
epoch 61/200 loss 0.1937 train 0.9365 test 0.7115
epoch 62/200 loss 0.2030 train 0.9267 test 0.7231
epoch 63/200 loss 0.2027 train 0.9301 test 0.7722
epoch 64/200 loss 0.1518 train 0.9495 test 0.6781
epoch 65/200 loss 0.1501 train 0.9499 test 0.7246
epoch 66/200 loss 0.1597 train 0.9469 test 0.6740
epoch 67/200 loss 0.1326 train 0.9563 test 0.7128
epoch 68/200 loss 0.1212 train 0.9615 test 0.6654
epoch 69/200 loss 0.1159 train 0.9631 test 0.7592
epoch 70/200 loss 0.1175 train 0.9601 test 0.7163
epoch 71/200 loss 0.1073 train 0.9647 test 0.7474
epoch 72/200 loss 0.1302 train 0.9591 test 0.6959
epoch 73/200 loss 0.1944 train 0.9341 test 0.6850
epoch 74/200 loss 0.1469 train 0.9497 test 0.7314
epoch 75/200 loss 0.1220 train 0.9581 test 0.6881
epoch 76/200 loss 0.0912 train 0.9704 test 0.7594
epoch 77/200 loss 0.1062 train 0.9641 test 0.7724
epoch 78/200 loss 0.0728 train 0.9784 test 0.7577
epoch 79/200 loss 0.0652 train 0.9800 test 0.7697
epoch 80/200 loss 0.0753 train 0.9776 test 0.7691
epoch 81/200 loss 0.0597 train 0.9840 test 0.7697
epoch 82/200 loss 0.0375 train 0.9896 test 0.7853
epoch 83/200 loss 0.0625 train 0.9824 test 0.7014
epoch 84/200 loss 0.0685 train 0.9766 test 0.7228
epoch 85/200 loss 0.0527 train 0.9848 test 0.7720
epoch 86/200 loss 0.0390 train 0.9900 test 0.7956
epoch 87/200 loss 0.0360 train 0.9902 test 0.7822
epoch 88/200 loss 0.0333 train 0.9918 test 0.7962
epoch 89/200 loss 0.0336 train 0.9918 test 0.7769
epoch 90/200 loss 0.0280 train 0.9928 test 0.7797
epoch 91/200 loss 0.0191 train 0.9970 test 0.7962
epoch 92/200 loss 0.0199 train 0.9952 test 0.8076
epoch 93/200 loss 0.0234 train 0.9930 test 0.8077
epoch 94/200 loss 0.0304 train 0.9922 test 0.7997
epoch 95/200 loss 0.0343 train 0.9904 test 0.7596
epoch 96/200 loss 0.0335 train 0.9918 test 0.7761
epoch 97/200 loss 0.0257 train 0.9950 test 0.8034
epoch 98/200 loss 0.0233 train 0.9940 test 0.7801
epoch 99/200 loss 0.0141 train 0.9976 test 0.8010
epoch 100/200 loss 0.0114 train 0.9982 test 0.8091
epoch 101/200 loss 0.0091 train 0.9992 test 0.8167
epoch 102/200 loss 0.0051 train 0.9998 test 0.8251
epoch 103/200 loss 0.0047 train 0.9998 test 0.8288
epoch 104/200 loss 0.0037 train 0.9998 test 0.8284
epoch 105/200 loss 0.0031 train 0.9998 test 0.8294
epoch 106/200 loss 0.0028 train 0.9998 test 0.8326
epoch 107/200 loss 0.0027 train 0.9998 test 0.8357
epoch 108/200 loss 0.0027 train 1.0000 test 0.8369
epoch 109/200 loss 0.0028 train 1.0000 test 0.8319
epoch 110/200 loss 0.0023 train 1.0000 test 0.8316
epoch 111/200 loss 0.0026 train 1.0000 test 0.8316
epoch 112/200 loss 0.0030 train 1.0000 test 0.8329
epoch 113/200 loss 0.0029 train 0.9998 test 0.8319
epoch 114/200 loss 0.0025 train 1.0000 test 0.8335
epoch 115/200 loss 0.0025 train 1.0000 test 0.8359
epoch 116/200 loss 0.0024 train 1.0000 test 0.8360
epoch 117/200 loss 0.0024 train 1.0000 test 0.8353
epoch 118/200 loss 0.0025 train 1.0000 test 0.8374
epoch 119/200 loss 0.0023 train 1.0000 test 0.8379
epoch 120/200 loss 0.0022 train 1.0000 test 0.8381
epoch 121/200 loss 0.0026 train 1.0000 test 0.8359
epoch 122/200 loss 0.0023 train 1.0000 test 0.8397
epoch 123/200 loss 0.0026 train 1.0000 test 0.8385
epoch 124/200 loss 0.0024 train 1.0000 test 0.8375
epoch 125/200 loss 0.0024 train 1.0000 test 0.8367
epoch 126/200 loss 0.0024 train 1.0000 test 0.8407
epoch 127/200 loss 0.0026 train 1.0000 test 0.8413
epoch 128/200 loss 0.0027 train 1.0000 test 0.8369
epoch 129/200 loss 0.0025 train 1.0000 test 0.8393
epoch 130/200 loss 0.0027 train 1.0000 test 0.8366
epoch 131/200 loss 0.0024 train 1.0000 test 0.8379
epoch 132/200 loss 0.0022 train 1.0000 test 0.8369
epoch 133/200 loss 0.0025 train 1.0000 test 0.8353
epoch 134/200 loss 0.0021 train 1.0000 test 0.8388
epoch 135/200 loss 0.0025 train 1.0000 test 0.8359
epoch 136/200 loss 0.0024 train 1.0000 test 0.8370
epoch 137/200 loss 0.0026 train 1.0000 test 0.8391
epoch 138/200 loss 0.0023 train 1.0000 test 0.8382
epoch 139/200 loss 0.0025 train 1.0000 test 0.8385
epoch 140/200 loss 0.0022 train 1.0000 test 0.8379
epoch 141/200 loss 0.0024 train 1.0000 test 0.8371
epoch 142/200 loss 0.0025 train 1.0000 test 0.8386
epoch 143/200 loss 0.0028 train 1.0000 test 0.8361
epoch 144/200 loss 0.0024 train 1.0000 test 0.8370
epoch 145/200 loss 0.0025 train 1.0000 test 0.8372
epoch 146/200 loss 0.0026 train 1.0000 test 0.8380
epoch 147/200 loss 0.0023 train 1.0000 test 0.8407
epoch 148/200 loss 0.0025 train 1.0000 test 0.8381
epoch 149/200 loss 0.0023 train 1.0000 test 0.8396
epoch 150/200 loss 0.0023 train 1.0000 test 0.8382
epoch 151/200 loss 0.0025 train 1.0000 test 0.8385
epoch 152/200 loss 0.0024 train 1.0000 test 0.8385
epoch 153/200 loss 0.0025 train 1.0000 test 0.8375
epoch 154/200 loss 0.0022 train 1.0000 test 0.8384
epoch 155/200 loss 0.0025 train 1.0000 test 0.8384
epoch 156/200 loss 0.0025 train 1.0000 test 0.8380
epoch 157/200 loss 0.0024 train 1.0000 test 0.8395
epoch 158/200 loss 0.0025 train 1.0000 test 0.8394
epoch 159/200 loss 0.0024 train 1.0000 test 0.8407
epoch 160/200 loss 0.0022 train 1.0000 test 0.8384
epoch 161/200 loss 0.0023 train 1.0000 test 0.8389
epoch 162/200 loss 0.0025 train 1.0000 test 0.8394
epoch 163/200 loss 0.0023 train 1.0000 test 0.8395
epoch 164/200 loss 0.0022 train 1.0000 test 0.8372
epoch 165/200 loss 0.0025 train 1.0000 test 0.8381
epoch 166/200 loss 0.0024 train 1.0000 test 0.8399
epoch 167/200 loss 0.0024 train 1.0000 test 0.8375
epoch 168/200 loss 0.0026 train 1.0000 test 0.8393
epoch 169/200 loss 0.0023 train 1.0000 test 0.8388
epoch 170/200 loss 0.0023 train 1.0000 test 0.8388
epoch 171/200 loss 0.0024 train 1.0000 test 0.8391
epoch 172/200 loss 0.0024 train 1.0000 test 0.8396
epoch 173/200 loss 0.0023 train 1.0000 test 0.8394
epoch 174/200 loss 0.0025 train 1.0000 test 0.8393
epoch 175/200 loss 0.0024 train 1.0000 test 0.8403
epoch 176/200 loss 0.0023 train 1.0000 test 0.8414
epoch 177/200 loss 0.0023 train 1.0000 test 0.8388
epoch 178/200 loss 0.0023 train 1.0000 test 0.8400
epoch 179/200 loss 0.0022 train 1.0000 test 0.8382
epoch 180/200 loss 0.0022 train 1.0000 test 0.8393
epoch 181/200 loss 0.0025 train 1.0000 test 0.8389
epoch 182/200 loss 0.0024 train 1.0000 test 0.8382
epoch 183/200 loss 0.0022 train 1.0000 test 0.8378
epoch 184/200 loss 0.0025 train 1.0000 test 0.8407
epoch 185/200 loss 0.0022 train 1.0000 test 0.8409
epoch 186/200 loss 0.0024 train 1.0000 test 0.8400
epoch 187/200 loss 0.0024 train 1.0000 test 0.8396
epoch 188/200 loss 0.0024 train 1.0000 test 0.8379
epoch 189/200 loss 0.0021 train 1.0000 test 0.8397
epoch 190/200 loss 0.0024 train 1.0000 test 0.8390
epoch 191/200 loss 0.0023 train 1.0000 test 0.8389
epoch 192/200 loss 0.0023 train 1.0000 test 0.8400
epoch 193/200 loss 0.0022 train 1.0000 test 0.8391
epoch 194/200 loss 0.0022 train 1.0000 test 0.8384
epoch 195/200 loss 0.0023 train 1.0000 test 0.8394
epoch 196/200 loss 0.0024 train 1.0000 test 0.8386
epoch 197/200 loss 0.0023 train 1.0000 test 0.8399
epoch 198/200 loss 0.0023 train 1.0000 test 0.8389
epoch 199/200 loss 0.0024 train 1.0000 test 0.8386
epoch 200/200 loss 0.0025 train 1.0000 test 0.8378
done: final 0.8378 best 0.8414 -> ./runs/stl10_none/seed0
=== stl10_gaboronly_calib seed 0 ===
stem calibrated (True) on 1024 images
[stl10_gaboronly_calib seed0] {"params_trainable": 11179146, "params_stem_trainable": 0, "params_stem_fixed_filters": 1089, "flops_total": 5067708416, "flops_stem": 10036224, "flops_image_size": 96}
epoch 1/200 loss 2.0232 train 0.2370 test 0.3181
epoch 2/200 loss 1.7491 train 0.3071 test 0.3071
epoch 3/200 loss 1.6320 train 0.3530 test 0.3815
epoch 4/200 loss 1.5593 train 0.4020 test 0.3649
epoch 5/200 loss 1.4935 train 0.4297 test 0.3971
epoch 6/200 loss 1.4380 train 0.4499 test 0.4549
epoch 7/200 loss 1.3852 train 0.4748 test 0.4026
epoch 8/200 loss 1.3616 train 0.4874 test 0.4564
epoch 9/200 loss 1.3117 train 0.5066 test 0.4391
epoch 10/200 loss 1.2421 train 0.5389 test 0.4967
epoch 11/200 loss 1.2221 train 0.5511 test 0.4955
epoch 12/200 loss 1.1982 train 0.5539 test 0.5181
epoch 13/200 loss 1.1242 train 0.5835 test 0.5500
epoch 14/200 loss 1.1081 train 0.5982 test 0.5164
epoch 15/200 loss 1.1113 train 0.5917 test 0.4424
epoch 16/200 loss 1.0350 train 0.6238 test 0.5530
epoch 17/200 loss 1.0158 train 0.6348 test 0.5474
epoch 18/200 loss 0.9872 train 0.6316 test 0.5590
epoch 19/200 loss 0.9858 train 0.6318 test 0.5767
epoch 20/200 loss 0.9461 train 0.6488 test 0.5490
epoch 21/200 loss 0.9129 train 0.6717 test 0.5418
epoch 22/200 loss 0.9096 train 0.6595 test 0.5564
epoch 23/200 loss 0.8830 train 0.6911 test 0.5859
epoch 24/200 loss 0.8725 train 0.6851 test 0.4064
epoch 25/200 loss 0.8338 train 0.7009 test 0.6143
epoch 26/200 loss 0.8141 train 0.7067 test 0.5631
epoch 27/200 loss 0.8149 train 0.7049 test 0.5559
epoch 28/200 loss 0.8002 train 0.7089 test 0.6003
epoch 29/200 loss 0.7833 train 0.7121 test 0.6442
epoch 30/200 loss 0.7237 train 0.7434 test 0.6513
epoch 31/200 loss 0.7247 train 0.7310 test 0.5621
epoch 32/200 loss 0.6944 train 0.7524 test 0.6010
epoch 33/200 loss 0.7039 train 0.7428 test 0.6472
epoch 34/200 loss 0.6809 train 0.7582 test 0.6656
epoch 35/200 loss 0.6392 train 0.7652 test 0.6071
epoch 36/200 loss 0.6678 train 0.7632 test 0.6454
epoch 37/200 loss 0.5811 train 0.7955 test 0.5294
epoch 38/200 loss 0.6090 train 0.7776 test 0.6593
epoch 39/200 loss 0.5497 train 0.8051 test 0.6607
epoch 40/200 loss 0.5800 train 0.7881 test 0.6976
epoch 41/200 loss 0.5609 train 0.7993 test 0.6070
epoch 42/200 loss 0.5071 train 0.8223 test 0.6762
epoch 43/200 loss 0.4880 train 0.8281 test 0.6776
epoch 44/200 loss 0.4570 train 0.8329 test 0.6030
epoch 45/200 loss 0.4454 train 0.8419 test 0.6260
epoch 46/200 loss 0.4537 train 0.8347 test 0.5765
epoch 47/200 loss 0.4231 train 0.8502 test 0.6557
epoch 48/200 loss 0.4262 train 0.8498 test 0.5821
epoch 49/200 loss 0.4041 train 0.8610 test 0.6306
epoch 50/200 loss 0.3891 train 0.8624 test 0.6553
epoch 51/200 loss 0.3869 train 0.8622 test 0.7201
epoch 52/200 loss 0.3320 train 0.8816 test 0.6645
epoch 53/200 loss 0.3284 train 0.8874 test 0.5859
epoch 54/200 loss 0.3477 train 0.8728 test 0.6702
epoch 55/200 loss 0.2944 train 0.8980 test 0.7196
epoch 56/200 loss 0.2926 train 0.8958 test 0.6727
epoch 57/200 loss 0.2984 train 0.8954 test 0.6846
epoch 58/200 loss 0.2601 train 0.9079 test 0.6568
epoch 59/200 loss 0.2509 train 0.9062 test 0.6934
epoch 60/200 loss 0.2493 train 0.9117 test 0.7221
epoch 61/200 loss 0.2088 train 0.9287 test 0.7295
epoch 62/200 loss 0.2082 train 0.9293 test 0.6946
epoch 63/200 loss 0.2048 train 0.9301 test 0.7190
epoch 64/200 loss 0.1796 train 0.9359 test 0.7023
epoch 65/200 loss 0.1985 train 0.9315 test 0.6637
epoch 66/200 loss 0.2231 train 0.9259 test 0.5990
epoch 67/200 loss 0.2175 train 0.9239 test 0.6745
epoch 68/200 loss 0.1833 train 0.9411 test 0.7241
epoch 69/200 loss 0.1640 train 0.9451 test 0.7232
epoch 70/200 loss 0.1251 train 0.9607 test 0.7275
epoch 71/200 loss 0.1552 train 0.9463 test 0.7340
epoch 72/200 loss 0.1370 train 0.9505 test 0.6923
epoch 73/200 loss 0.1119 train 0.9631 test 0.7316
epoch 74/200 loss 0.0988 train 0.9704 test 0.7036
epoch 75/200 loss 0.1208 train 0.9605 test 0.7319
epoch 76/200 loss 0.1369 train 0.9543 test 0.7401
epoch 77/200 loss 0.1419 train 0.9477 test 0.7544
epoch 78/200 loss 0.1078 train 0.9645 test 0.7055
epoch 79/200 loss 0.0963 train 0.9694 test 0.6266
epoch 80/200 loss 0.1128 train 0.9611 test 0.7232
epoch 81/200 loss 0.0763 train 0.9758 test 0.7554
epoch 82/200 loss 0.0759 train 0.9776 test 0.7214
epoch 83/200 loss 0.1060 train 0.9643 test 0.7546
epoch 84/200 loss 0.1089 train 0.9623 test 0.7091
epoch 85/200 loss 0.0830 train 0.9746 test 0.7066
epoch 86/200 loss 0.0618 train 0.9808 test 0.7535
epoch 87/200 loss 0.0592 train 0.9836 test 0.7575
epoch 88/200 loss 0.0542 train 0.9854 test 0.7460
epoch 89/200 loss 0.0537 train 0.9848 test 0.7646
epoch 90/200 loss 0.0408 train 0.9904 test 0.7949
epoch 91/200 loss 0.0302 train 0.9924 test 0.7510
epoch 92/200 loss 0.0310 train 0.9918 test 0.7614
epoch 93/200 loss 0.0280 train 0.9924 test 0.7793
epoch 94/200 loss 0.0287 train 0.9936 test 0.7930
epoch 95/200 loss 0.0217 train 0.9956 test 0.7822
epoch 96/200 loss 0.0193 train 0.9956 test 0.7730
epoch 97/200 loss 0.0187 train 0.9962 test 0.7903
epoch 98/200 loss 0.0167 train 0.9964 test 0.7868
epoch 99/200 loss 0.0174 train 0.9966 test 0.7985
epoch 100/200 loss 0.0124 train 0.9980 test 0.8020
epoch 101/200 loss 0.0100 train 0.9986 test 0.8133
epoch 102/200 loss 0.0072 train 0.9992 test 0.8090
epoch 103/200 loss 0.0057 train 0.9996 test 0.8188
epoch 104/200 loss 0.0039 train 1.0000 test 0.8215
epoch 105/200 loss 0.0032 train 0.9998 test 0.8202
epoch 106/200 loss 0.0033 train 1.0000 test 0.8210
epoch 107/200 loss 0.0029 train 1.0000 test 0.8219
epoch 108/200 loss 0.0026 train 1.0000 test 0.8254
epoch 109/200 loss 0.0024 train 1.0000 test 0.8275
epoch 110/200 loss 0.0024 train 1.0000 test 0.8273
epoch 111/200 loss 0.0027 train 1.0000 test 0.8206
epoch 112/200 loss 0.0027 train 1.0000 test 0.8248
epoch 113/200 loss 0.0029 train 0.9998 test 0.8260
epoch 114/200 loss 0.0025 train 1.0000 test 0.8285
epoch 115/200 loss 0.0025 train 1.0000 test 0.8278
epoch 116/200 loss 0.0024 train 1.0000 test 0.8273
epoch 117/200 loss 0.0024 train 1.0000 test 0.8244
epoch 118/200 loss 0.0024 train 1.0000 test 0.8276
epoch 119/200 loss 0.0025 train 1.0000 test 0.8256
epoch 120/200 loss 0.0026 train 1.0000 test 0.8251
epoch 121/200 loss 0.0029 train 1.0000 test 0.8259
epoch 122/200 loss 0.0025 train 1.0000 test 0.8306
epoch 123/200 loss 0.0024 train 1.0000 test 0.8271
epoch 124/200 loss 0.0024 train 1.0000 test 0.8299
epoch 125/200 loss 0.0026 train 1.0000 test 0.8270
epoch 126/200 loss 0.0026 train 1.0000 test 0.8300
epoch 127/200 loss 0.0026 train 1.0000 test 0.8290
epoch 128/200 loss 0.0025 train 1.0000 test 0.8279
epoch 129/200 loss 0.0025 train 1.0000 test 0.8286
epoch 130/200 loss 0.0025 train 1.0000 test 0.8294
epoch 131/200 loss 0.0022 train 1.0000 test 0.8296
epoch 132/200 loss 0.0024 train 1.0000 test 0.8269
epoch 133/200 loss 0.0026 train 1.0000 test 0.8284
epoch 134/200 loss 0.0024 train 1.0000 test 0.8298
epoch 135/200 loss 0.0023 train 1.0000 test 0.8301
epoch 136/200 loss 0.0027 train 1.0000 test 0.8285
epoch 137/200 loss 0.0025 train 1.0000 test 0.8314
epoch 138/200 loss 0.0025 train 1.0000 test 0.8300
epoch 139/200 loss 0.0025 train 1.0000 test 0.8306
epoch 140/200 loss 0.0022 train 1.0000 test 0.8314
epoch 141/200 loss 0.0024 train 1.0000 test 0.8316
epoch 142/200 loss 0.0024 train 1.0000 test 0.8296
epoch 143/200 loss 0.0026 train 1.0000 test 0.8282
epoch 144/200 loss 0.0023 train 1.0000 test 0.8311
epoch 145/200 loss 0.0025 train 1.0000 test 0.8305
epoch 146/200 loss 0.0024 train 1.0000 test 0.8338
epoch 147/200 loss 0.0026 train 1.0000 test 0.8281
epoch 148/200 loss 0.0024 train 1.0000 test 0.8301
epoch 149/200 loss 0.0024 train 1.0000 test 0.8290
epoch 150/200 loss 0.0026 train 1.0000 test 0.8304
epoch 151/200 loss 0.0025 train 1.0000 test 0.8314
epoch 152/200 loss 0.0025 train 1.0000 test 0.8305
epoch 153/200 loss 0.0024 train 1.0000 test 0.8301
epoch 154/200 loss 0.0023 train 1.0000 test 0.8311
epoch 155/200 loss 0.0024 train 1.0000 test 0.8294
epoch 156/200 loss 0.0025 train 1.0000 test 0.8306
epoch 157/200 loss 0.0025 train 1.0000 test 0.8311
epoch 158/200 loss 0.0024 train 1.0000 test 0.8310
epoch 159/200 loss 0.0023 train 1.0000 test 0.8317
epoch 160/200 loss 0.0023 train 1.0000 test 0.8306
epoch 161/200 loss 0.0023 train 1.0000 test 0.8319
epoch 162/200 loss 0.0026 train 1.0000 test 0.8304
epoch 163/200 loss 0.0022 train 1.0000 test 0.8285
epoch 164/200 loss 0.0023 train 1.0000 test 0.8305
epoch 165/200 loss 0.0024 train 1.0000 test 0.8307
epoch 166/200 loss 0.0023 train 1.0000 test 0.8298
epoch 167/200 loss 0.0024 train 1.0000 test 0.8307
epoch 168/200 loss 0.0026 train 1.0000 test 0.8317
epoch 169/200 loss 0.0024 train 1.0000 test 0.8292
epoch 170/200 loss 0.0023 train 1.0000 test 0.8316
epoch 171/200 loss 0.0023 train 1.0000 test 0.8329
epoch 172/200 loss 0.0024 train 1.0000 test 0.8300
epoch 173/200 loss 0.0024 train 1.0000 test 0.8331
epoch 174/200 loss 0.0024 train 1.0000 test 0.8315
epoch 175/200 loss 0.0024 train 1.0000 test 0.8295
epoch 176/200 loss 0.0023 train 1.0000 test 0.8298
epoch 177/200 loss 0.0022 train 1.0000 test 0.8321
epoch 178/200 loss 0.0025 train 1.0000 test 0.8314
epoch 179/200 loss 0.0023 train 1.0000 test 0.8329
epoch 180/200 loss 0.0021 train 1.0000 test 0.8313
epoch 181/200 loss 0.0023 train 1.0000 test 0.8306
epoch 182/200 loss 0.0025 train 1.0000 test 0.8303
epoch 183/200 loss 0.0022 train 1.0000 test 0.8321
epoch 184/200 loss 0.0024 train 1.0000 test 0.8328
epoch 185/200 loss 0.0022 train 1.0000 test 0.8313
epoch 186/200 loss 0.0024 train 1.0000 test 0.8315
epoch 187/200 loss 0.0023 train 1.0000 test 0.8307
epoch 188/200 loss 0.0023 train 1.0000 test 0.8322
epoch 189/200 loss 0.0022 train 1.0000 test 0.8310
epoch 190/200 loss 0.0023 train 1.0000 test 0.8304
epoch 191/200 loss 0.0021 train 1.0000 test 0.8315
epoch 192/200 loss 0.0024 train 1.0000 test 0.8315
epoch 193/200 loss 0.0022 train 1.0000 test 0.8313
epoch 194/200 loss 0.0023 train 1.0000 test 0.8305
epoch 195/200 loss 0.0024 train 1.0000 test 0.8305
epoch 196/200 loss 0.0023 train 1.0000 test 0.8305
epoch 197/200 loss 0.0023 train 1.0000 test 0.8324
epoch 198/200 loss 0.0022 train 1.0000 test 0.8309
epoch 199/200 loss 0.0025 train 1.0000 test 0.8314
epoch 200/200 loss 0.0025 train 1.0000 test 0.8298
done: final 0.8298 best 0.8338 -> ./runs/stl10_gaboronly_calib/seed0
=== stl10_none seed 1 ===
[stl10_none seed1] {"params_trainable": 11173962, "params_stem_trainable": 0, "params_stem_fixed_filters": 0, "flops_total": 5009896448, "flops_stem": 0, "flops_image_size": 96}
epoch 1/200 loss 2.0571 train 0.2202 test 0.2675
epoch 2/200 loss 1.8688 train 0.2752 test 0.3040
epoch 3/200 loss 1.7229 train 0.3313 test 0.3262
epoch 4/200 loss 1.6442 train 0.3542 test 0.3212
epoch 5/200 loss 1.5755 train 0.3880 test 0.3798
epoch 6/200 loss 1.5464 train 0.3934 test 0.4016
epoch 7/200 loss 1.4883 train 0.4265 test 0.4444
epoch 8/200 loss 1.4033 train 0.4619 test 0.4335
epoch 9/200 loss 1.3614 train 0.4812 test 0.4541
epoch 10/200 loss 1.3555 train 0.4922 test 0.4008
epoch 11/200 loss 1.2549 train 0.5337 test 0.4555
epoch 12/200 loss 1.2077 train 0.5473 test 0.3284
epoch 13/200 loss 1.1815 train 0.5661 test 0.4621
epoch 14/200 loss 1.1480 train 0.5779 test 0.5052
epoch 15/200 loss 1.1039 train 0.5970 test 0.4544
epoch 16/200 loss 1.0620 train 0.6120 test 0.6137
epoch 17/200 loss 1.0259 train 0.6236 test 0.5769
epoch 18/200 loss 1.0039 train 0.6304 test 0.6127
epoch 19/200 loss 0.9585 train 0.6502 test 0.5993
epoch 20/200 loss 0.9189 train 0.6667 test 0.4441
epoch 21/200 loss 0.8927 train 0.6771 test 0.6304
epoch 22/200 loss 0.8978 train 0.6679 test 0.6110
epoch 23/200 loss 0.9011 train 0.6673 test 0.4874
epoch 24/200 loss 0.8283 train 0.6989 test 0.5901
epoch 25/200 loss 0.8034 train 0.7047 test 0.5921
epoch 26/200 loss 0.7946 train 0.7127 test 0.6150
epoch 27/200 loss 0.7738 train 0.7242 test 0.5611
epoch 28/200 loss 0.7473 train 0.7384 test 0.5921
epoch 29/200 loss 0.6949 train 0.7488 test 0.6026
epoch 30/200 loss 0.6952 train 0.7462 test 0.5875
epoch 31/200 loss 0.6810 train 0.7592 test 0.6184
epoch 32/200 loss 0.6461 train 0.7738 test 0.5997
epoch 33/200 loss 0.6429 train 0.7694 test 0.6024
epoch 34/200 loss 0.5745 train 0.7943 test 0.5911
epoch 35/200 loss 0.5535 train 0.8001 test 0.6183
epoch 36/200 loss 0.5467 train 0.8015 test 0.5042
epoch 37/200 loss 0.5741 train 0.7921 test 0.5560
epoch 38/200 loss 0.5423 train 0.8059 test 0.6248
epoch 39/200 loss 0.5020 train 0.8189 test 0.5767
epoch 40/200 loss 0.5206 train 0.8189 test 0.7204
epoch 41/200 loss 0.4583 train 0.8361 test 0.6334
epoch 42/200 loss 0.4480 train 0.8484 test 0.5249
epoch 43/200 loss 0.4277 train 0.8470 test 0.6449
epoch 44/200 loss 0.4206 train 0.8530 test 0.6164
epoch 45/200 loss 0.4173 train 0.8504 test 0.6974
epoch 46/200 loss 0.3727 train 0.8754 test 0.6119
epoch 47/200 loss 0.3569 train 0.8724 test 0.6745
epoch 48/200 loss 0.3594 train 0.8720 test 0.7015
epoch 49/200 loss 0.3170 train 0.8860 test 0.6091
epoch 50/200 loss 0.3135 train 0.8862 test 0.6850
epoch 51/200 loss 0.2881 train 0.8976 test 0.6152
epoch 52/200 loss 0.3067 train 0.8916 test 0.6654
epoch 53/200 loss 0.3162 train 0.8880 test 0.6501
epoch 54/200 loss 0.3127 train 0.8930 test 0.6777
epoch 55/200 loss 0.2619 train 0.9093 test 0.6770
epoch 56/200 loss 0.2492 train 0.9141 test 0.6101
epoch 57/200 loss 0.2466 train 0.9139 test 0.6921
epoch 58/200 loss 0.2367 train 0.9167 test 0.6933
epoch 59/200 loss 0.1989 train 0.9327 test 0.7310
epoch 60/200 loss 0.1986 train 0.9329 test 0.7264
epoch 61/200 loss 0.1978 train 0.9327 test 0.7281
epoch 62/200 loss 0.1744 train 0.9417 test 0.6859
epoch 63/200 loss 0.1629 train 0.9441 test 0.6650
epoch 64/200 loss 0.1947 train 0.9319 test 0.6292
epoch 65/200 loss 0.1670 train 0.9453 test 0.7442
epoch 66/200 loss 0.1336 train 0.9537 test 0.7174
epoch 67/200 loss 0.1765 train 0.9383 test 0.6227
epoch 68/200 loss 0.1853 train 0.9357 test 0.7032
epoch 69/200 loss 0.1261 train 0.9591 test 0.7185
epoch 70/200 loss 0.1284 train 0.9575 test 0.7134
epoch 71/200 loss 0.1382 train 0.9535 test 0.6874
epoch 72/200 loss 0.0938 train 0.9692 test 0.7567
epoch 73/200 loss 0.0787 train 0.9762 test 0.6570
epoch 74/200 loss 0.0942 train 0.9679 test 0.7092
epoch 75/200 loss 0.0880 train 0.9708 test 0.7076
epoch 76/200 loss 0.0903 train 0.9716 test 0.7230
epoch 77/200 loss 0.0690 train 0.9816 test 0.7370
epoch 78/200 loss 0.0898 train 0.9734 test 0.7660
epoch 79/200 loss 0.0819 train 0.9744 test 0.7230
epoch 80/200 loss 0.0858 train 0.9728 test 0.7246
epoch 81/200 loss 0.0558 train 0.9838 test 0.7920
epoch 82/200 loss 0.0623 train 0.9790 test 0.7265
epoch 83/200 loss 0.0663 train 0.9778 test 0.7584
epoch 84/200 loss 0.0725 train 0.9774 test 0.6676
epoch 85/200 loss 0.0957 train 0.9692 test 0.6273
epoch 86/200 loss 0.0935 train 0.9692 test 0.7611
epoch 87/200 loss 0.0646 train 0.9816 test 0.7519
epoch 88/200 loss 0.0392 train 0.9894 test 0.7912
epoch 89/200 loss 0.0402 train 0.9882 test 0.7525
epoch 90/200 loss 0.0479 train 0.9856 test 0.7788
epoch 91/200 loss 0.0346 train 0.9916 test 0.7485
epoch 92/200 loss 0.0414 train 0.9892 test 0.7584
epoch 93/200 loss 0.0409 train 0.9886 test 0.7840
epoch 94/200 loss 0.0381 train 0.9906 test 0.7619
epoch 95/200 loss 0.0332 train 0.9920 test 0.7719
epoch 96/200 loss 0.0285 train 0.9928 test 0.7941
epoch 97/200 loss 0.0202 train 0.9964 test 0.8051
epoch 98/200 loss 0.0128 train 0.9980 test 0.8102
epoch 99/200 loss 0.0135 train 0.9974 test 0.8226
epoch 100/200 loss 0.0096 train 0.9988 test 0.8207
epoch 101/200 loss 0.0062 train 0.9998 test 0.8339
epoch 102/200 loss 0.0035 train 1.0000 test 0.8361
epoch 103/200 loss 0.0041 train 0.9994 test 0.8295
epoch 104/200 loss 0.0044 train 0.9998 test 0.8361
epoch 105/200 loss 0.0036 train 1.0000 test 0.8359
epoch 106/200 loss 0.0029 train 1.0000 test 0.8381
epoch 107/200 loss 0.0026 train 1.0000 test 0.8380
epoch 108/200 loss 0.0025 train 1.0000 test 0.8424
epoch 109/200 loss 0.0026 train 1.0000 test 0.8405
epoch 110/200 loss 0.0021 train 1.0000 test 0.8422
epoch 111/200 loss 0.0028 train 1.0000 test 0.8353
epoch 112/200 loss 0.0027 train 1.0000 test 0.8356
epoch 113/200 loss 0.0024 train 1.0000 test 0.8428
epoch 114/200 loss 0.0031 train 0.9998 test 0.8306
epoch 115/200 loss 0.0031 train 1.0000 test 0.8404
epoch 116/200 loss 0.0025 train 1.0000 test 0.8439
epoch 117/200 loss 0.0025 train 1.0000 test 0.8441
epoch 118/200 loss 0.0024 train 1.0000 test 0.8411
epoch 119/200 loss 0.0028 train 1.0000 test 0.8406
epoch 120/200 loss 0.0024 train 1.0000 test 0.8389
epoch 121/200 loss 0.0022 train 1.0000 test 0.8431
epoch 122/200 loss 0.0024 train 1.0000 test 0.8413
epoch 123/200 loss 0.0023 train 1.0000 test 0.8449
epoch 124/200 loss 0.0024 train 1.0000 test 0.8426
epoch 125/200 loss 0.0022 train 1.0000 test 0.8434
epoch 126/200 loss 0.0024 train 1.0000 test 0.8422
epoch 127/200 loss 0.0023 train 1.0000 test 0.8429
epoch 128/200 loss 0.0024 train 1.0000 test 0.8451
epoch 129/200 loss 0.0021 train 1.0000 test 0.8449
epoch 130/200 loss 0.0024 train 1.0000 test 0.8441
epoch 131/200 loss 0.0025 train 1.0000 test 0.8446
epoch 132/200 loss 0.0023 train 1.0000 test 0.8434
epoch 133/200 loss 0.0022 train 1.0000 test 0.8451
epoch 134/200 loss 0.0021 train 1.0000 test 0.8445
epoch 135/200 loss 0.0024 train 1.0000 test 0.8438
epoch 136/200 loss 0.0021 train 1.0000 test 0.8446
epoch 137/200 loss 0.0023 train 1.0000 test 0.8449
epoch 138/200 loss 0.0026 train 1.0000 test 0.8449
epoch 139/200 loss 0.0025 train 1.0000 test 0.8426
epoch 140/200 loss 0.0023 train 1.0000 test 0.8414
epoch 141/200 loss 0.0024 train 1.0000 test 0.8445
epoch 142/200 loss 0.0026 train 1.0000 test 0.8443
epoch 143/200 loss 0.0024 train 1.0000 test 0.8455
epoch 144/200 loss 0.0027 train 0.9998 test 0.8424
epoch 145/200 loss 0.0027 train 1.0000 test 0.8445
epoch 146/200 loss 0.0025 train 1.0000 test 0.8446
epoch 147/200 loss 0.0023 train 1.0000 test 0.8455
epoch 148/200 loss 0.0023 train 1.0000 test 0.8478
epoch 149/200 loss 0.0024 train 1.0000 test 0.8468
epoch 150/200 loss 0.0025 train 1.0000 test 0.8447
epoch 151/200 loss 0.0024 train 1.0000 test 0.8466
epoch 152/200 loss 0.0023 train 1.0000 test 0.8440
epoch 153/200 loss 0.0022 train 1.0000 test 0.8439
epoch 154/200 loss 0.0023 train 1.0000 test 0.8434
epoch 155/200 loss 0.0024 train 1.0000 test 0.8443
epoch 156/200 loss 0.0024 train 1.0000 test 0.8445
epoch 157/200 loss 0.0021 train 1.0000 test 0.8436
epoch 158/200 loss 0.0023 train 1.0000 test 0.8424
epoch 159/200 loss 0.0024 train 1.0000 test 0.8454
epoch 160/200 loss 0.0023 train 1.0000 test 0.8450
epoch 161/200 loss 0.0023 train 1.0000 test 0.8441
epoch 162/200 loss 0.0023 train 1.0000 test 0.8450
epoch 163/200 loss 0.0026 train 1.0000 test 0.8451
epoch 164/200 loss 0.0021 train 1.0000 test 0.8456
epoch 165/200 loss 0.0023 train 1.0000 test 0.8469
epoch 166/200 loss 0.0023 train 1.0000 test 0.8451
epoch 167/200 loss 0.0024 train 1.0000 test 0.8430
epoch 168/200 loss 0.0024 train 1.0000 test 0.8445
epoch 169/200 loss 0.0023 train 1.0000 test 0.8435
epoch 170/200 loss 0.0022 train 1.0000 test 0.8443
epoch 171/200 loss 0.0023 train 1.0000 test 0.8461
epoch 172/200 loss 0.0022 train 1.0000 test 0.8445
epoch 173/200 loss 0.0023 train 1.0000 test 0.8450
epoch 174/200 loss 0.0023 train 1.0000 test 0.8445
epoch 175/200 loss 0.0022 train 1.0000 test 0.8450
epoch 176/200 loss 0.0023 train 1.0000 test 0.8476
epoch 177/200 loss 0.0024 train 1.0000 test 0.8451
epoch 178/200 loss 0.0022 train 1.0000 test 0.8461
epoch 179/200 loss 0.0022 train 1.0000 test 0.8453
epoch 180/200 loss 0.0024 train 1.0000 test 0.8455
epoch 181/200 loss 0.0021 train 1.0000 test 0.8431
epoch 182/200 loss 0.0023 train 1.0000 test 0.8456
epoch 183/200 loss 0.0023 train 1.0000 test 0.8455
epoch 184/200 loss 0.0021 train 1.0000 test 0.8451
epoch 185/200 loss 0.0023 train 1.0000 test 0.8457
epoch 186/200 loss 0.0023 train 1.0000 test 0.8466
epoch 187/200 loss 0.0023 train 1.0000 test 0.8453
epoch 188/200 loss 0.0021 train 1.0000 test 0.8444
epoch 189/200 loss 0.0022 train 1.0000 test 0.8469
epoch 190/200 loss 0.0024 train 1.0000 test 0.8461
epoch 191/200 loss 0.0026 train 1.0000 test 0.8453
epoch 192/200 loss 0.0023 train 1.0000 test 0.8450
epoch 193/200 loss 0.0023 train 1.0000 test 0.8455
epoch 194/200 loss 0.0023 train 1.0000 test 0.8474
epoch 195/200 loss 0.0023 train 1.0000 test 0.8438
epoch 196/200 loss 0.0022 train 1.0000 test 0.8447
epoch 197/200 loss 0.0024 train 1.0000 test 0.8454
epoch 198/200 loss 0.0023 train 1.0000 test 0.8447
epoch 199/200 loss 0.0021 train 1.0000 test 0.8457
epoch 200/200 loss 0.0020 train 1.0000 test 0.8465
done: final 0.8465 best 0.8478 -> ./runs/stl10_none/seed1
=== stl10_gaboronly_calib seed 1 ===
stem calibrated (True) on 1024 images
[stl10_gaboronly_calib seed1] {"params_trainable": 11179146, "params_stem_trainable": 0, "params_stem_fixed_filters": 1089, "flops_total": 5067708416, "flops_stem": 10036224, "flops_image_size": 96}
epoch 1/200 loss 2.0080 train 0.2286 test 0.2955
epoch 2/200 loss 1.7282 train 0.3129 test 0.3207
epoch 3/200 loss 1.6223 train 0.3664 test 0.3509
epoch 4/200 loss 1.5396 train 0.4060 test 0.3715
epoch 5/200 loss 1.4608 train 0.4339 test 0.4498
epoch 6/200 loss 1.4214 train 0.4521 test 0.4030
epoch 7/200 loss 1.3794 train 0.4700 test 0.4532
epoch 8/200 loss 1.3227 train 0.4956 test 0.4131
epoch 9/200 loss 1.2888 train 0.5216 test 0.4199
epoch 10/200 loss 1.2739 train 0.5226 test 0.4514
epoch 11/200 loss 1.1834 train 0.5609 test 0.4500
epoch 12/200 loss 1.1581 train 0.5705 test 0.4926
epoch 13/200 loss 1.1399 train 0.5761 test 0.5104
epoch 14/200 loss 1.0979 train 0.6050 test 0.4984
epoch 15/200 loss 1.0687 train 0.6122 test 0.4841
epoch 16/200 loss 1.0542 train 0.6164 test 0.5415
epoch 17/200 loss 1.0123 train 0.6296 test 0.5271
epoch 18/200 loss 1.0028 train 0.6374 test 0.5165
epoch 19/200 loss 0.9680 train 0.6442 test 0.5353
epoch 20/200 loss 0.9643 train 0.6522 test 0.6148
epoch 21/200 loss 0.9160 train 0.6657 test 0.5278
epoch 22/200 loss 0.9065 train 0.6715 test 0.5426
epoch 23/200 loss 0.9058 train 0.6645 test 0.6229
epoch 24/200 loss 0.8488 train 0.6889 test 0.5954
epoch 25/200 loss 0.8232 train 0.6975 test 0.5471
epoch 26/200 loss 0.8123 train 0.7093 test 0.5595
epoch 27/200 loss 0.7851 train 0.7169 test 0.5021
epoch 28/200 loss 0.7786 train 0.7179 test 0.5984
epoch 29/200 loss 0.7350 train 0.7324 test 0.5899
epoch 30/200 loss 0.7397 train 0.7330 test 0.6208
epoch 31/200 loss 0.7088 train 0.7402 test 0.6263
epoch 32/200 loss 0.6973 train 0.7518 test 0.6118
epoch 33/200 loss 0.7117 train 0.7388 test 0.6470
epoch 34/200 loss 0.6593 train 0.7616 test 0.6209
epoch 35/200 loss 0.6401 train 0.7704 test 0.6301
epoch 36/200 loss 0.6111 train 0.7794 test 0.6464
epoch 37/200 loss 0.6178 train 0.7780 test 0.6046
epoch 38/200 loss 0.5950 train 0.7869 test 0.6640
epoch 39/200 loss 0.5854 train 0.7845 test 0.5970
epoch 40/200 loss 0.5574 train 0.7975 test 0.6495
epoch 41/200 loss 0.5388 train 0.8043 test 0.6240
epoch 42/200 loss 0.5210 train 0.8135 test 0.5957
epoch 43/200 loss 0.4851 train 0.8283 test 0.6159
epoch 44/200 loss 0.4963 train 0.8301 test 0.6137
epoch 45/200 loss 0.4570 train 0.8389 test 0.6093
epoch 46/200 loss 0.4468 train 0.8399 test 0.5627
epoch 47/200 loss 0.4394 train 0.8478 test 0.6454
epoch 48/200 loss 0.4292 train 0.8452 test 0.6085
epoch 49/200 loss 0.4227 train 0.8468 test 0.6841
epoch 50/200 loss 0.3694 train 0.8660 test 0.6360
epoch 51/200 loss 0.3558 train 0.8698 test 0.6538
epoch 52/200 loss 0.3648 train 0.8698 test 0.6295
epoch 53/200 loss 0.3591 train 0.8732 test 0.6939
epoch 54/200 loss 0.3415 train 0.8748 test 0.7546
epoch 55/200 loss 0.3131 train 0.8928 test 0.6367
epoch 56/200 loss 0.3250 train 0.8818 test 0.6491
epoch 57/200 loss 0.3199 train 0.8884 test 0.6607
epoch 58/200 loss 0.2634 train 0.9079 test 0.6761
epoch 59/200 loss 0.2234 train 0.9257 test 0.6995
epoch 60/200 loss 0.2451 train 0.9155 test 0.6108
epoch 61/200 loss 0.2878 train 0.8974 test 0.6366
epoch 62/200 loss 0.2209 train 0.9223 test 0.7024
epoch 63/200 loss 0.2223 train 0.9199 test 0.6934
epoch 64/200 loss 0.2140 train 0.9237 test 0.6940
epoch 65/200 loss 0.2039 train 0.9269 test 0.6586
epoch 66/200 loss 0.1963 train 0.9341 test 0.4938
epoch 67/200 loss 0.2172 train 0.9237 test 0.6453
epoch 68/200 loss 0.1969 train 0.9351 test 0.6619
epoch 69/200 loss 0.1615 train 0.9479 test 0.6391
epoch 70/200 loss 0.1720 train 0.9385 test 0.7253
epoch 71/200 loss 0.1612 train 0.9469 test 0.7405
