moment-aux target calibrated on 1024 images
[auxmag_100pct_sched03 seed0] {"params_trainable": 11222188, "params_stem_trainable": 0, "params_stem_fixed_filters": 0, "flops_total": 556705792, "flops_stem": 0, "flops_image_size": 32}
epoch 1/200 loss 3.9265 train 0.1150 test 0.1732
epoch 2/200 loss 3.0815 train 0.2364 test 0.2724
epoch 3/200 loss 2.5424 train 0.3401 test 0.3394
epoch 4/200 loss 2.1808 train 0.4203 test 0.3928
epoch 5/200 loss 1.9590 train 0.4749 test 0.4213
epoch 6/200 loss 1.8101 train 0.5074 test 0.4747
epoch 7/200 loss 1.6922 train 0.5366 test 0.4789
epoch 8/200 loss 1.6218 train 0.5540 test 0.4994
epoch 9/200 loss 1.5356 train 0.5771 test 0.5244
epoch 10/200 loss 1.4933 train 0.5874 test 0.4890
epoch 11/200 loss 1.4399 train 0.6012 test 0.5288
epoch 12/200 loss 1.3988 train 0.6091 test 0.4958
epoch 13/200 loss 1.3649 train 0.6177 test 0.5358
epoch 14/200 loss 1.3396 train 0.6249 test 0.5234
epoch 15/200 loss 1.3040 train 0.6346 test 0.5051
epoch 16/200 loss 1.2835 train 0.6389 test 0.5536
epoch 17/200 loss 1.2693 train 0.6409 test 0.5382
epoch 18/200 loss 1.2384 train 0.6509 test 0.5598
epoch 19/200 loss 1.2205 train 0.6577 test 0.5621
epoch 20/200 loss 1.2169 train 0.6560 test 0.5285
epoch 21/200 loss 1.1935 train 0.6625 test 0.5568
epoch 22/200 loss 1.1755 train 0.6656 test 0.4979
epoch 23/200 loss 1.1651 train 0.6704 test 0.5477
epoch 24/200 loss 1.1493 train 0.6751 test 0.5799
epoch 25/200 loss 1.1482 train 0.6744 test 0.5676
epoch 26/200 loss 1.1331 train 0.6787 test 0.5774
epoch 27/200 loss 1.1266 train 0.6798 test 0.5500
epoch 28/200 loss 1.1168 train 0.6831 test 0.5754
epoch 29/200 loss 1.1051 train 0.6872 test 0.5577
epoch 30/200 loss 1.0989 train 0.6889 test 0.5643
epoch 31/200 loss 1.0875 train 0.6915 test 0.5782
epoch 32/200 loss 1.0746 train 0.6942 test 0.5619
epoch 33/200 loss 1.0760 train 0.6916 test 0.5918
epoch 34/200 loss 1.0664 train 0.6971 test 0.5719
epoch 35/200 loss 1.0660 train 0.6959 test 0.5825
epoch 36/200 loss 1.0418 train 0.7030 test 0.5923
epoch 37/200 loss 1.0451 train 0.7019 test 0.5997
epoch 38/200 loss 1.0394 train 0.7043 test 0.5849
epoch 39/200 loss 1.0298 train 0.7049 test 0.6046
epoch 40/200 loss 1.0178 train 0.7079 test 0.5925
epoch 41/200 loss 1.0058 train 0.7123 test 0.6076
epoch 42/200 loss 1.0053 train 0.7126 test 0.5860
epoch 43/200 loss 1.0091 train 0.7117 test 0.5469
epoch 44/200 loss 0.9937 train 0.7152 test 0.5942
epoch 45/200 loss 0.9850 train 0.7196 test 0.5931
epoch 46/200 loss 0.9953 train 0.7137 test 0.5968
epoch 47/200 loss 0.9793 train 0.7186 test 0.5801
epoch 48/200 loss 0.9650 train 0.7235 test 0.5744
epoch 49/200 loss 0.9689 train 0.7209 test 0.6022
epoch 50/200 loss 0.9606 train 0.7241 test 0.5832
epoch 51/200 loss 0.9321 train 0.7302 test 0.5455
epoch 52/200 loss 0.9441 train 0.7277 test 0.5987
epoch 53/200 loss 0.9338 train 0.7314 test 0.6140
epoch 54/200 loss 0.9272 train 0.7339 test 0.5995
epoch 55/200 loss 0.9255 train 0.7332 test 0.5760
epoch 56/200 loss 0.9116 train 0.7359 test 0.6101
epoch 57/200 loss 0.9117 train 0.7373 test 0.6011
epoch 58/200 loss 0.8948 train 0.7425 test 0.5664
epoch 59/200 loss 0.8919 train 0.7422 test 0.6008
epoch 60/200 loss 0.8771 train 0.7442 test 0.5917
epoch 61/200 loss 0.8787 train 0.7454 test 0.5881
epoch 62/200 loss 0.8697 train 0.7476 test 0.6109
epoch 63/200 loss 0.8656 train 0.7508 test 0.6138
epoch 64/200 loss 0.8589 train 0.7498 test 0.6103
epoch 65/200 loss 0.8452 train 0.7526 test 0.6072
epoch 66/200 loss 0.8327 train 0.7571 test 0.6004
epoch 67/200 loss 0.8426 train 0.7554 test 0.6028
epoch 68/200 loss 0.8252 train 0.7609 test 0.6069
epoch 69/200 loss 0.8221 train 0.7603 test 0.6014
epoch 70/200 loss 0.8139 train 0.7633 test 0.6321
epoch 71/200 loss 0.8081 train 0.7651 test 0.6299
epoch 72/200 loss 0.7943 train 0.7693 test 0.6187
epoch 73/200 loss 0.7843 train 0.7712 test 0.6272
epoch 74/200 loss 0.7830 train 0.7685 test 0.6055
epoch 75/200 loss 0.7701 train 0.7733 test 0.6203
epoch 76/200 loss 0.7667 train 0.7747 test 0.6448
epoch 77/200 loss 0.7510 train 0.7805 test 0.6213
epoch 78/200 loss 0.7409 train 0.7820 test 0.5962
epoch 79/200 loss 0.7301 train 0.7855 test 0.6389
epoch 80/200 loss 0.7300 train 0.7846 test 0.6341
epoch 81/200 loss 0.7318 train 0.7846 test 0.6382
epoch 82/200 loss 0.7092 train 0.7919 test 0.5965
epoch 83/200 loss 0.7075 train 0.7925 test 0.6212
epoch 84/200 loss 0.6935 train 0.7944 test 0.6424
epoch 85/200 loss 0.6862 train 0.7977 test 0.6372
epoch 86/200 loss 0.6728 train 0.7990 test 0.6179
epoch 87/200 loss 0.6743 train 0.8020 test 0.6347
epoch 88/200 loss 0.6653 train 0.8029 test 0.6574
epoch 89/200 loss 0.6472 train 0.8071 test 0.6475
epoch 90/200 loss 0.6363 train 0.8110 test 0.6123
epoch 91/200 loss 0.6354 train 0.8111 test 0.6359
epoch 92/200 loss 0.6145 train 0.8149 test 0.6505
epoch 93/200 loss 0.6182 train 0.8162 test 0.6450
epoch 94/200 loss 0.6013 train 0.8205 test 0.6316
epoch 95/200 loss 0.5900 train 0.8226 test 0.6556
epoch 96/200 loss 0.5790 train 0.8271 test 0.6456
epoch 97/200 loss 0.5753 train 0.8294 test 0.6187
epoch 98/200 loss 0.5639 train 0.8317 test 0.6285
epoch 99/200 loss 0.5452 train 0.8366 test 0.6309
epoch 100/200 loss 0.5460 train 0.8367 test 0.6690
epoch 101/200 loss 0.5421 train 0.8359 test 0.6465
epoch 102/200 loss 0.5111 train 0.8463 test 0.6547
epoch 103/200 loss 0.5122 train 0.8462 test 0.6513
epoch 104/200 loss 0.5146 train 0.8458 test 0.6424
epoch 105/200 loss 0.4904 train 0.8543 test 0.6518
epoch 106/200 loss 0.4808 train 0.8564 test 0.6709
epoch 107/200 loss 0.4684 train 0.8593 test 0.6536
epoch 108/200 loss 0.4629 train 0.8612 test 0.6599
epoch 109/200 loss 0.4453 train 0.8663 test 0.6453
epoch 110/200 loss 0.4421 train 0.8689 test 0.6590
epoch 111/200 loss 0.4391 train 0.8677 test 0.6476
epoch 112/200 loss 0.4254 train 0.8726 test 0.6540
epoch 113/200 loss 0.4103 train 0.8760 test 0.6463
epoch 114/200 loss 0.3980 train 0.8790 test 0.6666
epoch 115/200 loss 0.3763 train 0.8864 test 0.6704
epoch 116/200 loss 0.3735 train 0.8885 test 0.6537
epoch 117/200 loss 0.3719 train 0.8888 test 0.6701
epoch 118/200 loss 0.3606 train 0.8910 test 0.6789
epoch 119/200 loss 0.3425 train 0.8966 test 0.6904
epoch 120/200 loss 0.3479 train 0.8955 test 0.6716
epoch 121/200 loss 0.3411 train 0.8989 test 0.6785
epoch 122/200 loss 0.3082 train 0.9095 test 0.6678
epoch 123/200 loss 0.3078 train 0.9086 test 0.6760
epoch 124/200 loss 0.2916 train 0.9135 test 0.6811
epoch 125/200 loss 0.2880 train 0.9158 test 0.6690
epoch 126/200 loss 0.2780 train 0.9188 test 0.6801
epoch 127/200 loss 0.2695 train 0.9212 test 0.6814
epoch 128/200 loss 0.2483 train 0.9274 test 0.6731
epoch 129/200 loss 0.2444 train 0.9282 test 0.6644
epoch 130/200 loss 0.2417 train 0.9293 test 0.6654
epoch 131/200 loss 0.2230 train 0.9362 test 0.6849
epoch 132/200 loss 0.2210 train 0.9376 test 0.6975
epoch 133/200 loss 0.2029 train 0.9423 test 0.6842
epoch 134/200 loss 0.1942 train 0.9445 test 0.6812
epoch 135/200 loss 0.1884 train 0.9480 test 0.6960
epoch 136/200 loss 0.1907 train 0.9467 test 0.7020
epoch 137/200 loss 0.1570 train 0.9571 test 0.6993
epoch 138/200 loss 0.1552 train 0.9574 test 0.7072
epoch 139/200 loss 0.1526 train 0.9598 test 0.7059
epoch 140/200 loss 0.1353 train 0.9652 test 0.7004
epoch 141/200 loss 0.1297 train 0.9670 test 0.7024
epoch 142/200 loss 0.1215 train 0.9690 test 0.7072
epoch 143/200 loss 0.1179 train 0.9705 test 0.7097
epoch 144/200 loss 0.1144 train 0.9716 test 0.7163
epoch 145/200 loss 0.1009 train 0.9750 test 0.7212
epoch 146/200 loss 0.0909 train 0.9782 test 0.7248
epoch 147/200 loss 0.0791 train 0.9830 test 0.7296
epoch 148/200 loss 0.0753 train 0.9838 test 0.7317
epoch 149/200 loss 0.0654 train 0.9866 test 0.7386
epoch 150/200 loss 0.0581 train 0.9885 test 0.7410
epoch 151/200 loss 0.0516 train 0.9908 test 0.7456
epoch 152/200 loss 0.0468 train 0.9916 test 0.7459
epoch 153/200 loss 0.0366 train 0.9945 test 0.7529
epoch 154/200 loss 0.0337 train 0.9952 test 0.7624
epoch 155/200 loss 0.0263 train 0.9971 test 0.7625
epoch 156/200 loss 0.0231 train 0.9977 test 0.7660
epoch 157/200 loss 0.0212 train 0.9980 test 0.7690
epoch 158/200 loss 0.0191 train 0.9984 test 0.7702
epoch 159/200 loss 0.0179 train 0.9987 test 0.7663
epoch 160/200 loss 0.0161 train 0.9989 test 0.7763
epoch 161/200 loss 0.0144 train 0.9992 test 0.7800
epoch 162/200 loss 0.0138 train 0.9993 test 0.7790
epoch 163/200 loss 0.0128 train 0.9994 test 0.7801
epoch 164/200 loss 0.0130 train 0.9993 test 0.7824
epoch 165/200 loss 0.0122 train 0.9995 test 0.7828
epoch 166/200 loss 0.0119 train 0.9995 test 0.7819
epoch 167/200 loss 0.0121 train 0.9994 test 0.7813
epoch 168/200 loss 0.0115 train 0.9995 test 0.7792
epoch 169/200 loss 0.0113 train 0.9996 test 0.7818
epoch 170/200 loss 0.0112 train 0.9995 test 0.7818
epoch 171/200 loss 0.0116 train 0.9994 test 0.7842
epoch 172/200 loss 0.0111 train 0.9995 test 0.7862
epoch 173/200 loss 0.0110 train 0.9997 test 0.7835
epoch 174/200 loss 0.0105 train 0.9997 test 0.7849
epoch 175/200 loss 0.0103 train 0.9996 test 0.7844
epoch 176/200 loss 0.0102 train 0.9997 test 0.7854
epoch 177/200 loss 0.0101 train 0.9997 test 0.7855
epoch 178/200 loss 0.0100 train 0.9997 test 0.7861
epoch 179/200 loss 0.0100 train 0.9996 test 0.7870
epoch 180/200 loss 0.0099 train 0.9997 test 0.7871
epoch 181/200 loss 0.0097 train 0.9996 test 0.7852
epoch 182/200 loss 0.0095 train 0.9997 test 0.7883
epoch 183/200 loss 0.0096 train 0.9997 test 0.7878
epoch 184/200 loss 0.0094 train 0.9998 test 0.7872
epoch 185/200 loss 0.0093 train 0.9997 test 0.7875
epoch 186/200 loss 0.0092 train 0.9997 test 0.7872
epoch 187/200 loss 0.0093 train 0.9997 test 0.7873
epoch 188/200 loss 0.0090 train 0.9997 test 0.7868
epoch 189/200 loss 0.0091 train 0.9997 test 0.7885
epoch 190/200 loss 0.0089 train 0.9997 test 0.7882
epoch 191/200 loss 0.0089 train 0.9997 test 0.7875
epoch 192/200 loss 0.0087 train 0.9997 test 0.7882
epoch 193/200 loss 0.0086 train 0.9998 test 0.7891
epoch 194/200 loss 0.0089 train 0.9998 test 0.7872
epoch 195/200 loss 0.0086 train 0.9998 test 0.7885
epoch 196/200 loss 0.0086 train 0.9997 test 0.7897
epoch 197/200 loss 0.0087 train 0.9997 test 0.7893
epoch 198/200 loss 0.0086 train 0.9998 test 0.7891
epoch 199/200 loss 0.0086 train 0.9997 test 0.7884
epoch 200/200 loss 0.0086 train 0.9997 test 0.7884
done: final 0.7884 best 0.7897 -> ./runs/auxmag_100pct_sched03/seed0
moment-aux target calibrated on 1024 images
[auxmag_100pct_sched03 seed1] {"params_trainable": 11222188, "params_stem_trainable": 0, "params_stem_fixed_filters": 0, "flops_total": 556705792, "flops_stem": 0, "flops_image_size": 32}
epoch 1/200 loss 3.9225 train 0.1160 test 0.1615
epoch 2/200 loss 3.0732 train 0.2353 test 0.2708
epoch 3/200 loss 2.5399 train 0.3436 test 0.3348
epoch 4/200 loss 2.1713 train 0.4223 test 0.4071
epoch 5/200 loss 1.9542 train 0.4753 test 0.3963
epoch 6/200 loss 1.7977 train 0.5123 test 0.4295
epoch 7/200 loss 1.6951 train 0.5356 test 0.4933
epoch 8/200 loss 1.6056 train 0.5582 test 0.4973
epoch 9/200 loss 1.5435 train 0.5750 test 0.5138
epoch 10/200 loss 1.4835 train 0.5892 test 0.5395
epoch 11/200 loss 1.4388 train 0.5992 test 0.5213
epoch 12/200 loss 1.3935 train 0.6107 test 0.4715
epoch 13/200 loss 1.3569 train 0.6213 test 0.5313
epoch 14/200 loss 1.3268 train 0.6268 test 0.5334
epoch 15/200 loss 1.3079 train 0.6325 test 0.5562
epoch 16/200 loss 1.2684 train 0.6429 test 0.5528
epoch 17/200 loss 1.2626 train 0.6481 test 0.5403
epoch 18/200 loss 1.2318 train 0.6544 test 0.5722
epoch 19/200 loss 1.2232 train 0.6555 test 0.5295
epoch 20/200 loss 1.2098 train 0.6583 test 0.5495
epoch 21/200 loss 1.1885 train 0.6641 test 0.5702
epoch 22/200 loss 1.1755 train 0.6677 test 0.5407
epoch 23/200 loss 1.1641 train 0.6704 test 0.5721
epoch 24/200 loss 1.1539 train 0.6744 test 0.5370
epoch 25/200 loss 1.1312 train 0.6795 test 0.5376
epoch 26/200 loss 1.1373 train 0.6780 test 0.5802
epoch 27/200 loss 1.1194 train 0.6835 test 0.5593
epoch 28/200 loss 1.1120 train 0.6850 test 0.5635
epoch 29/200 loss 1.1074 train 0.6848 test 0.5574
epoch 30/200 loss 1.0839 train 0.6902 test 0.5789
epoch 31/200 loss 1.0938 train 0.6886 test 0.5955
epoch 32/200 loss 1.0662 train 0.6975 test 0.5998
epoch 33/200 loss 1.0597 train 0.6981 test 0.5895
epoch 34/200 loss 1.0704 train 0.6967 test 0.5721
epoch 35/200 loss 1.0475 train 0.7000 test 0.5839
epoch 36/200 loss 1.0371 train 0.7004 test 0.5993
epoch 37/200 loss 1.0428 train 0.7017 test 0.5932
epoch 38/200 loss 1.0297 train 0.7046 test 0.5766
epoch 39/200 loss 1.0255 train 0.7085 test 0.5950
epoch 40/200 loss 1.0162 train 0.7081 test 0.5985
epoch 41/200 loss 1.0110 train 0.7120 test 0.5512
epoch 42/200 loss 1.0030 train 0.7141 test 0.5773
epoch 43/200 loss 0.9959 train 0.7158 test 0.6007
epoch 44/200 loss 1.0010 train 0.7130 test 0.6066
epoch 45/200 loss 0.9860 train 0.7179 test 0.6017
epoch 46/200 loss 0.9775 train 0.7179 test 0.6019
epoch 47/200 loss 0.9847 train 0.7164 test 0.5473
epoch 48/200 loss 0.9641 train 0.7236 test 0.5866
epoch 49/200 loss 0.9501 train 0.7256 test 0.5852
epoch 50/200 loss 0.9590 train 0.7251 test 0.5841
epoch 51/200 loss 0.9396 train 0.7275 test 0.5828
epoch 52/200 loss 0.9328 train 0.7326 test 0.5774
epoch 53/200 loss 0.9280 train 0.7326 test 0.6059
epoch 54/200 loss 0.9240 train 0.7335 test 0.6082
epoch 55/200 loss 0.9248 train 0.7351 test 0.5880
epoch 56/200 loss 0.9088 train 0.7344 test 0.5985
epoch 57/200 loss 0.9101 train 0.7368 test 0.6053
epoch 58/200 loss 0.8921 train 0.7415 test 0.6244
epoch 59/200 loss 0.8953 train 0.7402 test 0.6225
epoch 60/200 loss 0.8859 train 0.7426 test 0.6037
epoch 61/200 loss 0.8845 train 0.7429 test 0.5975
epoch 62/200 loss 0.8681 train 0.7474 test 0.6177
epoch 63/200 loss 0.8590 train 0.7497 test 0.5760
epoch 64/200 loss 0.8542 train 0.7511 test 0.5932
epoch 65/200 loss 0.8417 train 0.7516 test 0.5777
epoch 66/200 loss 0.8414 train 0.7558 test 0.6043
epoch 67/200 loss 0.8333 train 0.7560 test 0.5993
epoch 68/200 loss 0.8251 train 0.7599 test 0.5974
epoch 69/200 loss 0.8141 train 0.7621 test 0.5907
epoch 70/200 loss 0.8254 train 0.7590 test 0.5950
epoch 71/200 loss 0.8081 train 0.7634 test 0.6324
epoch 72/200 loss 0.7813 train 0.7732 test 0.5875
epoch 73/200 loss 0.7880 train 0.7707 test 0.5879
epoch 74/200 loss 0.7794 train 0.7722 test 0.6206
epoch 75/200 loss 0.7697 train 0.7736 test 0.6101
epoch 76/200 loss 0.7570 train 0.7778 test 0.5607
epoch 77/200 loss 0.7546 train 0.7804 test 0.6013
epoch 78/200 loss 0.7478 train 0.7802 test 0.6326
epoch 79/200 loss 0.7407 train 0.7825 test 0.6475
epoch 80/200 loss 0.7278 train 0.7851 test 0.6266
epoch 81/200 loss 0.7134 train 0.7873 test 0.6140
epoch 82/200 loss 0.7113 train 0.7902 test 0.6164
epoch 83/200 loss 0.7038 train 0.7917 test 0.6337
epoch 84/200 loss 0.6963 train 0.7946 test 0.6380
epoch 85/200 loss 0.6874 train 0.7968 test 0.6154
epoch 86/200 loss 0.6722 train 0.8031 test 0.6324
epoch 87/200 loss 0.6662 train 0.8038 test 0.5916
epoch 88/200 loss 0.6606 train 0.8041 test 0.6293
epoch 89/200 loss 0.6484 train 0.8060 test 0.6191
epoch 90/200 loss 0.6498 train 0.8068 test 0.6484
epoch 91/200 loss 0.6322 train 0.8129 test 0.6393
epoch 92/200 loss 0.6210 train 0.8160 test 0.6305
epoch 93/200 loss 0.6101 train 0.8177 test 0.6443
epoch 94/200 loss 0.6003 train 0.8211 test 0.6324
epoch 95/200 loss 0.5954 train 0.8199 test 0.6422
epoch 96/200 loss 0.5788 train 0.8276 test 0.6251
epoch 97/200 loss 0.5768 train 0.8276 test 0.6494
epoch 98/200 loss 0.5519 train 0.8353 test 0.6509
epoch 99/200 loss 0.5546 train 0.8346 test 0.6597
epoch 100/200 loss 0.5425 train 0.8365 test 0.6350
epoch 101/200 loss 0.5446 train 0.8373 test 0.6536
epoch 102/200 loss 0.5148 train 0.8455 test 0.6418
epoch 103/200 loss 0.5257 train 0.8420 test 0.6346
epoch 104/200 loss 0.4943 train 0.8520 test 0.6514
epoch 105/200 loss 0.4974 train 0.8521 test 0.6508
epoch 106/200 loss 0.4720 train 0.8604 test 0.6211
epoch 107/200 loss 0.4781 train 0.8562 test 0.6323
epoch 108/200 loss 0.4537 train 0.8642 test 0.6388
epoch 109/200 loss 0.4542 train 0.8643 test 0.6593
epoch 110/200 loss 0.4371 train 0.8675 test 0.6602
epoch 111/200 loss 0.4307 train 0.8707 test 0.6617
epoch 112/200 loss 0.4228 train 0.8727 test 0.6497
epoch 113/200 loss 0.4083 train 0.8770 test 0.6587
epoch 114/200 loss 0.3895 train 0.8808 test 0.6631
epoch 115/200 loss 0.3975 train 0.8810 test 0.6635
epoch 116/200 loss 0.3831 train 0.8848 test 0.6473
epoch 117/200 loss 0.3679 train 0.8892 test 0.6491
epoch 118/200 loss 0.3502 train 0.8963 test 0.6723
epoch 119/200 loss 0.3488 train 0.8958 test 0.6645
epoch 120/200 loss 0.3434 train 0.8968 test 0.6654
epoch 121/200 loss 0.3260 train 0.9010 test 0.6782
epoch 122/200 loss 0.3058 train 0.9084 test 0.6724
epoch 123/200 loss 0.3077 train 0.9080 test 0.6613
epoch 124/200 loss 0.2930 train 0.9132 test 0.6706
epoch 125/200 loss 0.2801 train 0.9173 test 0.6588
epoch 126/200 loss 0.2744 train 0.9191 test 0.6690
epoch 127/200 loss 0.2704 train 0.9202 test 0.6774
epoch 128/200 loss 0.2590 train 0.9236 test 0.6718
epoch 129/200 loss 0.2418 train 0.9298 test 0.6424
epoch 130/200 loss 0.2362 train 0.9318 test 0.6844
epoch 131/200 loss 0.2258 train 0.9362 test 0.6936
epoch 132/200 loss 0.2190 train 0.9361 test 0.6797
epoch 133/200 loss 0.2124 train 0.9387 test 0.6956
epoch 134/200 loss 0.1956 train 0.9452 test 0.6906
epoch 135/200 loss 0.1799 train 0.9501 test 0.7091
epoch 136/200 loss 0.1773 train 0.9499 test 0.6884
epoch 137/200 loss 0.1783 train 0.9502 test 0.6973
epoch 138/200 loss 0.1608 train 0.9556 test 0.7032
epoch 139/200 loss 0.1569 train 0.9575 test 0.7020
epoch 140/200 loss 0.1437 train 0.9618 test 0.7036
epoch 141/200 loss 0.1281 train 0.9665 test 0.7149
epoch 142/200 loss 0.1244 train 0.9674 test 0.6970
epoch 143/200 loss 0.1159 train 0.9709 test 0.7138
epoch 144/200 loss 0.1066 train 0.9737 test 0.7060
epoch 145/200 loss 0.1022 train 0.9753 test 0.7183
epoch 146/200 loss 0.0850 train 0.9806 test 0.7081
epoch 147/200 loss 0.0801 train 0.9827 test 0.7259
epoch 148/200 loss 0.0712 train 0.9846 test 0.7313
epoch 149/200 loss 0.0549 train 0.9897 test 0.7287
epoch 150/200 loss 0.0455 train 0.9925 test 0.7382
epoch 151/200 loss 0.0451 train 0.9924 test 0.7407
epoch 152/200 loss 0.0435 train 0.9927 test 0.7463
epoch 153/200 loss 0.0405 train 0.9939 test 0.7517
epoch 154/200 loss 0.0346 train 0.9949 test 0.7495
epoch 155/200 loss 0.0273 train 0.9969 test 0.7546
epoch 156/200 loss 0.0264 train 0.9970 test 0.7562
epoch 157/200 loss 0.0240 train 0.9974 test 0.7580
epoch 158/200 loss 0.0196 train 0.9982 test 0.7658
epoch 159/200 loss 0.0170 train 0.9989 test 0.7644
epoch 160/200 loss 0.0185 train 0.9984 test 0.7644
epoch 161/200 loss 0.0171 train 0.9988 test 0.7717
epoch 162/200 loss 0.0145 train 0.9992 test 0.7726
epoch 163/200 loss 0.0138 train 0.9991 test 0.7730
epoch 164/200 loss 0.0128 train 0.9994 test 0.7782
epoch 165/200 loss 0.0124 train 0.9994 test 0.7780
epoch 166/200 loss 0.0124 train 0.9993 test 0.7758
epoch 167/200 loss 0.0126 train 0.9993 test 0.7764
epoch 168/200 loss 0.0117 train 0.9995 test 0.7766
epoch 169/200 loss 0.0112 train 0.9996 test 0.7803
epoch 170/200 loss 0.0111 train 0.9995 test 0.7807
epoch 171/200 loss 0.0109 train 0.9995 test 0.7796
epoch 172/200 loss 0.0109 train 0.9996 test 0.7826
epoch 173/200 loss 0.0106 train 0.9996 test 0.7802
epoch 174/200 loss 0.0104 train 0.9996 test 0.7825
epoch 175/200 loss 0.0108 train 0.9995 test 0.7835
epoch 176/200 loss 0.0103 train 0.9996 test 0.7812
epoch 177/200 loss 0.0102 train 0.9995 test 0.7819
epoch 178/200 loss 0.0102 train 0.9996 test 0.7805
epoch 179/200 loss 0.0101 train 0.9996 test 0.7834
epoch 180/200 loss 0.0098 train 0.9997 test 0.7843
epoch 181/200 loss 0.0096 train 0.9997 test 0.7838
epoch 182/200 loss 0.0095 train 0.9997 test 0.7852
epoch 183/200 loss 0.0094 train 0.9997 test 0.7818
epoch 184/200 loss 0.0095 train 0.9996 test 0.7849
epoch 185/200 loss 0.0094 train 0.9997 test 0.7838
epoch 186/200 loss 0.0091 train 0.9997 test 0.7849
epoch 187/200 loss 0.0091 train 0.9997 test 0.7846
epoch 188/200 loss 0.0089 train 0.9998 test 0.7849
epoch 189/200 loss 0.0088 train 0.9998 test 0.7847
epoch 190/200 loss 0.0088 train 0.9998 test 0.7842
epoch 191/200 loss 0.0087 train 0.9998 test 0.7844
epoch 192/200 loss 0.0087 train 0.9997 test 0.7853
epoch 193/200 loss 0.0087 train 0.9998 test 0.7841
epoch 194/200 loss 0.0087 train 0.9997 test 0.7843
epoch 195/200 loss 0.0086 train 0.9997 test 0.7851
epoch 196/200 loss 0.0084 train 0.9998 test 0.7841
epoch 197/200 loss 0.0085 train 0.9997 test 0.7841
epoch 198/200 loss 0.0084 train 0.9998 test 0.7849
epoch 199/200 loss 0.0085 train 0.9999 test 0.7860
epoch 200/200 loss 0.0084 train 0.9997 test 0.7838
done: final 0.7838 best 0.7860 -> ./runs/auxmag_100pct_sched03/seed1
moment-aux target calibrated on 1024 images
[auxmag_100pct_sched03 seed2] {"params_trainable": 11222188, "params_stem_trainable": 0, "params_stem_fixed_filters": 0, "flops_total": 556705792, "flops_stem": 0, "flops_image_size": 32}
epoch 1/200 loss 3.9080 train 0.1182 test 0.1463
epoch 2/200 loss 3.0719 train 0.2382 test 0.2571
epoch 3/200 loss 2.5313 train 0.3455 test 0.3445
epoch 4/200 loss 2.1706 train 0.4220 test 0.3603
epoch 5/200 loss 1.9533 train 0.4725 test 0.4443
epoch 6/200 loss 1.8037 train 0.5070 test 0.4587
epoch 7/200 loss 1.6901 train 0.5374 test 0.4943
epoch 8/200 loss 1.6004 train 0.5594 test 0.5135
epoch 9/200 loss 1.5383 train 0.5741 test 0.4845
epoch 10/200 loss 1.4842 train 0.5890 test 0.4701
epoch 11/200 loss 1.4291 train 0.6016 test 0.5079
epoch 12/200 loss 1.3876 train 0.6115 test 0.5553
epoch 13/200 loss 1.3559 train 0.6206 test 0.5581
epoch 14/200 loss 1.3294 train 0.6257 test 0.5412
epoch 15/200 loss 1.3033 train 0.6346 test 0.5157
epoch 16/200 loss 1.2735 train 0.6423 test 0.5319
epoch 17/200 loss 1.2606 train 0.6456 test 0.5774
epoch 18/200 loss 1.2370 train 0.6511 test 0.5551
epoch 19/200 loss 1.2230 train 0.6552 test 0.5756
epoch 20/200 loss 1.2021 train 0.6613 test 0.4864
epoch 21/200 loss 1.1923 train 0.6625 test 0.5822
epoch 22/200 loss 1.1725 train 0.6689 test 0.5296
epoch 23/200 loss 1.1685 train 0.6692 test 0.5850
epoch 24/200 loss 1.1409 train 0.6766 test 0.5702
epoch 25/200 loss 1.1449 train 0.6748 test 0.5749
epoch 26/200 loss 1.1294 train 0.6781 test 0.5828
epoch 27/200 loss 1.1261 train 0.6805 test 0.5657
epoch 28/200 loss 1.1090 train 0.6870 test 0.5784
epoch 29/200 loss 1.0982 train 0.6881 test 0.5625
epoch 30/200 loss 1.0930 train 0.6895 test 0.5642
epoch 31/200 loss 1.0787 train 0.6927 test 0.5876
epoch 32/200 loss 1.0765 train 0.6926 test 0.5751
epoch 33/200 loss 1.0615 train 0.6967 test 0.6164
epoch 34/200 loss 1.0684 train 0.6942 test 0.5429
epoch 35/200 loss 1.0538 train 0.7003 test 0.5431
epoch 36/200 loss 1.0497 train 0.7002 test 0.5913
epoch 37/200 loss 1.0321 train 0.7038 test 0.5582
epoch 38/200 loss 1.0447 train 0.7020 test 0.6072
epoch 39/200 loss 1.0281 train 0.7048 test 0.5535
epoch 40/200 loss 1.0169 train 0.7094 test 0.6125
epoch 41/200 loss 1.0101 train 0.7111 test 0.5810
epoch 42/200 loss 1.0121 train 0.7111 test 0.5650
epoch 43/200 loss 0.9917 train 0.7161 test 0.5835
epoch 44/200 loss 0.9942 train 0.7153 test 0.5896
epoch 45/200 loss 0.9919 train 0.7166 test 0.5890
epoch 46/200 loss 0.9623 train 0.7224 test 0.5981
epoch 47/200 loss 0.9872 train 0.7161 test 0.5795
epoch 48/200 loss 0.9669 train 0.7219 test 0.6218
epoch 49/200 loss 0.9628 train 0.7241 test 0.5874
epoch 50/200 loss 0.9468 train 0.7277 test 0.5922
epoch 51/200 loss 0.9531 train 0.7266 test 0.6104
epoch 52/200 loss 0.9428 train 0.7274 test 0.6109
epoch 53/200 loss 0.9255 train 0.7329 test 0.6025
epoch 54/200 loss 0.9305 train 0.7314 test 0.5783
epoch 55/200 loss 0.9131 train 0.7355 test 0.6060
epoch 56/200 loss 0.9170 train 0.7333 test 0.6034
epoch 57/200 loss 0.8976 train 0.7409 test 0.5953
epoch 58/200 loss 0.8977 train 0.7403 test 0.5917
epoch 59/200 loss 0.8894 train 0.7414 test 0.5477
epoch 60/200 loss 0.8694 train 0.7484 test 0.5900
epoch 61/200 loss 0.8765 train 0.7440 test 0.5883
epoch 62/200 loss 0.8677 train 0.7472 test 0.6142
epoch 63/200 loss 0.8685 train 0.7475 test 0.5843
epoch 64/200 loss 0.8530 train 0.7483 test 0.6017
epoch 65/200 loss 0.8486 train 0.7538 test 0.5653
epoch 66/200 loss 0.8391 train 0.7550 test 0.5978
epoch 67/200 loss 0.8383 train 0.7549 test 0.6366
epoch 68/200 loss 0.8190 train 0.7606 test 0.6221
epoch 69/200 loss 0.8172 train 0.7613 test 0.6019
epoch 70/200 loss 0.8131 train 0.7625 test 0.5733
epoch 71/200 loss 0.8010 train 0.7679 test 0.6069
epoch 72/200 loss 0.7867 train 0.7704 test 0.6260
epoch 73/200 loss 0.7914 train 0.7667 test 0.6119
epoch 74/200 loss 0.7744 train 0.7744 test 0.6061
epoch 75/200 loss 0.7726 train 0.7719 test 0.6270
epoch 76/200 loss 0.7544 train 0.7781 test 0.6323
epoch 77/200 loss 0.7568 train 0.7761 test 0.6220
epoch 78/200 loss 0.7380 train 0.7833 test 0.6131
epoch 79/200 loss 0.7457 train 0.7801 test 0.6256
epoch 80/200 loss 0.7369 train 0.7830 test 0.6297
epoch 81/200 loss 0.7171 train 0.7881 test 0.6315
epoch 82/200 loss 0.7141 train 0.7891 test 0.5953
epoch 83/200 loss 0.7104 train 0.7901 test 0.6483
epoch 84/200 loss 0.6947 train 0.7940 test 0.6205
epoch 85/200 loss 0.6840 train 0.7974 test 0.6266
epoch 86/200 loss 0.6742 train 0.8018 test 0.6110
epoch 87/200 loss 0.6651 train 0.8008 test 0.6164
epoch 88/200 loss 0.6565 train 0.8046 test 0.6442
epoch 89/200 loss 0.6455 train 0.8078 test 0.6410
epoch 90/200 loss 0.6449 train 0.8086 test 0.6182
epoch 91/200 loss 0.6326 train 0.8119 test 0.6471
epoch 92/200 loss 0.6252 train 0.8142 test 0.6066
epoch 93/200 loss 0.6038 train 0.8212 test 0.6344
epoch 94/200 loss 0.6049 train 0.8207 test 0.6338
epoch 95/200 loss 0.5891 train 0.8246 test 0.6443
epoch 96/200 loss 0.5770 train 0.8271 test 0.6244
epoch 97/200 loss 0.5869 train 0.8256 test 0.6471
epoch 98/200 loss 0.5615 train 0.8310 test 0.6165
epoch 99/200 loss 0.5458 train 0.8366 test 0.6616
epoch 100/200 loss 0.5481 train 0.8369 test 0.6578
epoch 101/200 loss 0.5259 train 0.8429 test 0.6512
epoch 102/200 loss 0.5246 train 0.8430 test 0.6309
epoch 103/200 loss 0.5102 train 0.8473 test 0.6438
epoch 104/200 loss 0.5015 train 0.8493 test 0.6513
epoch 105/200 loss 0.4972 train 0.8505 test 0.6606
epoch 106/200 loss 0.4824 train 0.8544 test 0.6379
epoch 107/200 loss 0.4754 train 0.8570 test 0.6482
epoch 108/200 loss 0.4566 train 0.8632 test 0.6722
epoch 109/200 loss 0.4512 train 0.8642 test 0.6546
epoch 110/200 loss 0.4434 train 0.8681 test 0.6458
epoch 111/200 loss 0.4377 train 0.8683 test 0.6485
epoch 112/200 loss 0.4097 train 0.8761 test 0.6528
epoch 113/200 loss 0.4032 train 0.8801 test 0.6402
epoch 114/200 loss 0.3942 train 0.8814 test 0.6535
epoch 115/200 loss 0.3829 train 0.8849 test 0.6599
epoch 116/200 loss 0.3838 train 0.8837 test 0.6668
epoch 117/200 loss 0.3665 train 0.8892 test 0.6583
epoch 118/200 loss 0.3545 train 0.8936 test 0.6613
epoch 119/200 loss 0.3576 train 0.8944 test 0.6681
epoch 120/200 loss 0.3310 train 0.9006 test 0.6669
epoch 121/200 loss 0.3244 train 0.9029 test 0.6721
epoch 122/200 loss 0.3152 train 0.9060 test 0.6724
epoch 123/200 loss 0.3112 train 0.9086 test 0.6828
epoch 124/200 loss 0.2903 train 0.9146 test 0.6899
epoch 125/200 loss 0.2783 train 0.9192 test 0.6865
epoch 126/200 loss 0.2757 train 0.9192 test 0.6800
epoch 127/200 loss 0.2697 train 0.9211 test 0.6828
epoch 128/200 loss 0.2479 train 0.9291 test 0.6788
epoch 129/200 loss 0.2469 train 0.9288 test 0.6721
epoch 130/200 loss 0.2362 train 0.9327 test 0.6830
epoch 131/200 loss 0.2357 train 0.9326 test 0.6779
epoch 132/200 loss 0.2185 train 0.9364 test 0.6900
epoch 133/200 loss 0.2024 train 0.9431 test 0.6695
epoch 134/200 loss 0.1968 train 0.9449 test 0.6963
epoch 135/200 loss 0.1855 train 0.9485 test 0.6827
epoch 136/200 loss 0.1869 train 0.9472 test 0.6883
epoch 137/200 loss 0.1573 train 0.9568 test 0.6948
epoch 138/200 loss 0.1580 train 0.9565 test 0.6898
epoch 139/200 loss 0.1542 train 0.9588 test 0.6892
epoch 140/200 loss 0.1304 train 0.9665 test 0.7065
epoch 141/200 loss 0.1305 train 0.9655 test 0.6961
epoch 142/200 loss 0.1250 train 0.9670 test 0.7057
epoch 143/200 loss 0.1207 train 0.9691 test 0.7182
epoch 144/200 loss 0.1020 train 0.9751 test 0.7193
epoch 145/200 loss 0.0981 train 0.9767 test 0.7166
epoch 146/200 loss 0.0929 train 0.9777 test 0.7230
epoch 147/200 loss 0.0763 train 0.9838 test 0.7372
epoch 148/200 loss 0.0660 train 0.9863 test 0.7382
epoch 149/200 loss 0.0562 train 0.9893 test 0.7285
epoch 150/200 loss 0.0501 train 0.9912 test 0.7444
epoch 151/200 loss 0.0545 train 0.9893 test 0.7354
epoch 152/200 loss 0.0490 train 0.9912 test 0.7370
epoch 153/200 loss 0.0396 train 0.9938 test 0.7397
epoch 154/200 loss 0.0336 train 0.9955 test 0.7550
epoch 155/200 loss 0.0282 train 0.9965 test 0.7618
epoch 156/200 loss 0.0239 train 0.9975 test 0.7589
epoch 157/200 loss 0.0207 train 0.9983 test 0.7602
epoch 158/200 loss 0.0207 train 0.9980 test 0.7669
epoch 159/200 loss 0.0183 train 0.9987 test 0.7702
epoch 160/200 loss 0.0169 train 0.9988 test 0.7713
epoch 161/200 loss 0.0153 train 0.9990 test 0.7738
epoch 162/200 loss 0.0134 train 0.9994 test 0.7748
epoch 163/200 loss 0.0132 train 0.9995 test 0.7760
epoch 164/200 loss 0.0120 train 0.9995 test 0.7806
epoch 165/200 loss 0.0124 train 0.9993 test 0.7788
epoch 166/200 loss 0.0120 train 0.9995 test 0.7761
epoch 167/200 loss 0.0120 train 0.9994 test 0.7795
epoch 168/200 loss 0.0119 train 0.9995 test 0.7809
epoch 169/200 loss 0.0119 train 0.9995 test 0.7801
epoch 170/200 loss 0.0110 train 0.9997 test 0.7818
epoch 171/200 loss 0.0110 train 0.9996 test 0.7791
epoch 172/200 loss 0.0109 train 0.9996 test 0.7789
epoch 173/200 loss 0.0107 train 0.9995 test 0.7797
epoch 174/200 loss 0.0103 train 0.9997 test 0.7808
epoch 175/200 loss 0.0104 train 0.9995 test 0.7835
epoch 176/200 loss 0.0101 train 0.9997 test 0.7831
epoch 177/200 loss 0.0102 train 0.9996 test 0.7827
epoch 178/200 loss 0.0101 train 0.9997 test 0.7829
epoch 179/200 loss 0.0101 train 0.9995 test 0.7830
epoch 180/200 loss 0.0100 train 0.9996 test 0.7835
epoch 181/200 loss 0.0099 train 0.9995 test 0.7830
epoch 182/200 loss 0.0094 train 0.9998 test 0.7840
epoch 183/200 loss 0.0095 train 0.9997 test 0.7843
epoch 184/200 loss 0.0094 train 0.9997 test 0.7848
epoch 185/200 loss 0.0094 train 0.9997 test 0.7853
epoch 186/200 loss 0.0093 train 0.9997 test 0.7842
epoch 187/200 loss 0.0091 train 0.9997 test 0.7854
epoch 188/200 loss 0.0091 train 0.9997 test 0.7850
epoch 189/200 loss 0.0090 train 0.9997 test 0.7858
epoch 190/200 loss 0.0091 train 0.9996 test 0.7870
epoch 191/200 loss 0.0089 train 0.9998 test 0.7863
epoch 192/200 loss 0.0088 train 0.9998 test 0.7852
epoch 193/200 loss 0.0087 train 0.9998 test 0.7849
epoch 194/200 loss 0.0087 train 0.9998 test 0.7867
epoch 195/200 loss 0.0086 train 0.9998 test 0.7850
epoch 196/200 loss 0.0085 train 0.9998 test 0.7858
epoch 197/200 loss 0.0086 train 0.9997 test 0.7853
epoch 198/200 loss 0.0087 train 0.9997 test 0.7862
epoch 199/200 loss 0.0087 train 0.9997 test 0.7876
epoch 200/200 loss 0.0085 train 0.9998 test 0.7865
done: final 0.7865 best 0.7876 -> ./runs/auxmag_100pct_sched03/seed2
AUXGENTLE_auxmag_100pct_sched03_DONE
moment-aux target calibrated on 1024 images
[auxmag_100pct_sched01 seed0] {"params_trainable": 11222188, "params_stem_trainable": 0, "params_stem_fixed_filters": 0, "flops_total": 556705792, "flops_stem": 0, "flops_image_size": 32}
epoch 1/200 loss 3.9311 train 0.1070 test 0.1530
epoch 2/200 loss 3.1878 train 0.2173 test 0.2581
epoch 3/200 loss 2.6635 train 0.3128 test 0.2884
epoch 4/200 loss 2.2805 train 0.3942 test 0.4115
epoch 5/200 loss 2.0208 train 0.4545 test 0.4352
epoch 6/200 loss 1.8461 train 0.4951 test 0.4709
epoch 7/200 loss 1.7186 train 0.5238 test 0.4687
epoch 8/200 loss 1.6376 train 0.5460 test 0.4336
epoch 9/200 loss 1.5494 train 0.5687 test 0.5068
epoch 10/200 loss 1.4999 train 0.5818 test 0.4580
epoch 11/200 loss 1.4477 train 0.5935 test 0.5304
epoch 12/200 loss 1.4082 train 0.6038 test 0.5389
epoch 13/200 loss 1.3644 train 0.6122 test 0.5455
epoch 14/200 loss 1.3332 train 0.6227 test 0.5361
epoch 15/200 loss 1.2995 train 0.6306 test 0.5543
epoch 16/200 loss 1.2822 train 0.6364 test 0.5382
epoch 17/200 loss 1.2616 train 0.6379 test 0.5692
epoch 18/200 loss 1.2378 train 0.6470 test 0.5472
epoch 19/200 loss 1.2155 train 0.6525 test 0.5795
epoch 20/200 loss 1.2123 train 0.6555 test 0.5446
epoch 21/200 loss 1.1858 train 0.6605 test 0.5520
epoch 22/200 loss 1.1680 train 0.6672 test 0.5217
epoch 23/200 loss 1.1570 train 0.6691 test 0.5729
epoch 24/200 loss 1.1412 train 0.6729 test 0.5917
epoch 25/200 loss 1.1299 train 0.6753 test 0.5470
epoch 26/200 loss 1.1261 train 0.6783 test 0.5605
epoch 27/200 loss 1.1203 train 0.6778 test 0.5586
epoch 28/200 loss 1.1021 train 0.6831 test 0.5656
epoch 29/200 loss 1.0971 train 0.6843 test 0.5777
epoch 30/200 loss 1.0866 train 0.6902 test 0.5727
epoch 31/200 loss 1.0784 train 0.6902 test 0.5691
epoch 32/200 loss 1.0677 train 0.6920 test 0.5676
epoch 33/200 loss 1.0649 train 0.6929 test 0.5782
epoch 34/200 loss 1.0510 train 0.6957 test 0.6043
epoch 35/200 loss 1.0520 train 0.6972 test 0.5865
epoch 36/200 loss 1.0333 train 0.7013 test 0.5925
epoch 37/200 loss 1.0269 train 0.7051 test 0.5896
epoch 38/200 loss 1.0205 train 0.7058 test 0.5501
epoch 39/200 loss 1.0161 train 0.7043 test 0.5746
epoch 40/200 loss 1.0069 train 0.7095 test 0.5658
epoch 41/200 loss 1.0002 train 0.7099 test 0.5912
epoch 42/200 loss 0.9995 train 0.7110 test 0.5788
epoch 43/200 loss 0.9978 train 0.7114 test 0.5920
epoch 44/200 loss 0.9930 train 0.7110 test 0.5590
epoch 45/200 loss 0.9788 train 0.7154 test 0.5926
epoch 46/200 loss 0.9723 train 0.7175 test 0.6011
epoch 47/200 loss 0.9679 train 0.7180 test 0.5603
epoch 48/200 loss 0.9580 train 0.7217 test 0.5788
epoch 49/200 loss 0.9563 train 0.7210 test 0.6035
epoch 50/200 loss 0.9486 train 0.7241 test 0.5525
epoch 51/200 loss 0.9262 train 0.7322 test 0.5971
epoch 52/200 loss 0.9273 train 0.7302 test 0.6069
epoch 53/200 loss 0.9261 train 0.7308 test 0.5594
epoch 54/200 loss 0.9146 train 0.7340 test 0.6061
epoch 55/200 loss 0.9137 train 0.7319 test 0.5786
epoch 56/200 loss 0.9083 train 0.7369 test 0.5956
epoch 57/200 loss 0.8949 train 0.7375 test 0.6222
epoch 58/200 loss 0.8882 train 0.7411 test 0.6077
epoch 59/200 loss 0.8843 train 0.7412 test 0.6151
epoch 60/200 loss 0.8825 train 0.7403 test 0.6117
epoch 61/200 loss 0.8641 train 0.7468 test 0.6266
epoch 62/200 loss 0.8662 train 0.7449 test 0.5858
epoch 63/200 loss 0.8527 train 0.7496 test 0.6078
epoch 64/200 loss 0.8529 train 0.7494 test 0.6271
epoch 65/200 loss 0.8373 train 0.7525 test 0.6101
epoch 66/200 loss 0.8315 train 0.7553 test 0.6004
epoch 67/200 loss 0.8201 train 0.7606 test 0.5969
epoch 68/200 loss 0.8107 train 0.7595 test 0.6113
epoch 69/200 loss 0.8196 train 0.7568 test 0.5874
epoch 70/200 loss 0.8101 train 0.7613 test 0.6034
epoch 71/200 loss 0.7967 train 0.7660 test 0.6302
epoch 72/200 loss 0.7891 train 0.7671 test 0.6316
epoch 73/200 loss 0.7792 train 0.7697 test 0.6209
epoch 74/200 loss 0.7701 train 0.7730 test 0.6275
epoch 75/200 loss 0.7595 train 0.7766 test 0.6084
epoch 76/200 loss 0.7558 train 0.7766 test 0.6035
epoch 77/200 loss 0.7416 train 0.7805 test 0.6119
epoch 78/200 loss 0.7422 train 0.7802 test 0.5726
epoch 79/200 loss 0.7255 train 0.7832 test 0.6287
epoch 80/200 loss 0.7231 train 0.7850 test 0.6434
epoch 81/200 loss 0.7200 train 0.7856 test 0.6121
epoch 82/200 loss 0.7086 train 0.7882 test 0.6402
epoch 83/200 loss 0.6940 train 0.7909 test 0.6269
epoch 84/200 loss 0.6861 train 0.7938 test 0.5918
epoch 85/200 loss 0.6704 train 0.7998 test 0.6221
epoch 86/200 loss 0.6694 train 0.8009 test 0.6436
epoch 87/200 loss 0.6645 train 0.8019 test 0.6400
epoch 88/200 loss 0.6610 train 0.8031 test 0.6389
epoch 89/200 loss 0.6414 train 0.8076 test 0.6360
epoch 90/200 loss 0.6392 train 0.8078 test 0.6141
epoch 91/200 loss 0.6292 train 0.8098 test 0.6486
epoch 92/200 loss 0.6169 train 0.8149 test 0.6451
epoch 93/200 loss 0.5921 train 0.8211 test 0.6224
epoch 94/200 loss 0.5955 train 0.8219 test 0.6420
epoch 95/200 loss 0.5845 train 0.8217 test 0.6506
epoch 96/200 loss 0.5798 train 0.8249 test 0.6330
epoch 97/200 loss 0.5622 train 0.8299 test 0.6531
epoch 98/200 loss 0.5557 train 0.8317 test 0.6218
epoch 99/200 loss 0.5477 train 0.8350 test 0.6288
epoch 100/200 loss 0.5377 train 0.8378 test 0.6296
epoch 101/200 loss 0.5279 train 0.8413 test 0.6578
epoch 102/200 loss 0.5093 train 0.8460 test 0.6485
epoch 103/200 loss 0.5115 train 0.8452 test 0.6406
epoch 104/200 loss 0.5083 train 0.8468 test 0.6461
epoch 105/200 loss 0.4760 train 0.8551 test 0.6467
epoch 106/200 loss 0.4770 train 0.8553 test 0.6471
epoch 107/200 loss 0.4632 train 0.8595 test 0.6667
epoch 108/200 loss 0.4612 train 0.8595 test 0.6471
epoch 109/200 loss 0.4384 train 0.8674 test 0.6524
epoch 110/200 loss 0.4488 train 0.8624 test 0.6484
epoch 111/200 loss 0.4192 train 0.8716 test 0.6540
epoch 112/200 loss 0.4063 train 0.8791 test 0.6506
epoch 113/200 loss 0.4006 train 0.8787 test 0.6560
epoch 114/200 loss 0.3885 train 0.8821 test 0.6642
epoch 115/200 loss 0.3866 train 0.8824 test 0.6708
epoch 116/200 loss 0.3799 train 0.8840 test 0.6520
epoch 117/200 loss 0.3673 train 0.8895 test 0.6714
epoch 118/200 loss 0.3524 train 0.8944 test 0.6842
epoch 119/200 loss 0.3465 train 0.8962 test 0.6859
epoch 120/200 loss 0.3266 train 0.9018 test 0.6590
epoch 121/200 loss 0.3125 train 0.9061 test 0.6730
epoch 122/200 loss 0.3185 train 0.9043 test 0.6788
epoch 123/200 loss 0.3047 train 0.9079 test 0.6615
epoch 124/200 loss 0.2928 train 0.9136 test 0.6914
epoch 125/200 loss 0.2800 train 0.9166 test 0.6797
epoch 126/200 loss 0.2637 train 0.9227 test 0.6830
epoch 127/200 loss 0.2680 train 0.9204 test 0.6782
epoch 128/200 loss 0.2542 train 0.9245 test 0.6686
epoch 129/200 loss 0.2504 train 0.9268 test 0.6917
epoch 130/200 loss 0.2341 train 0.9315 test 0.6816
epoch 131/200 loss 0.2183 train 0.9375 test 0.6881
epoch 132/200 loss 0.2125 train 0.9377 test 0.6849
epoch 133/200 loss 0.2120 train 0.9376 test 0.6846
epoch 134/200 loss 0.1957 train 0.9444 test 0.7008
epoch 135/200 loss 0.1734 train 0.9511 test 0.6794
epoch 136/200 loss 0.1826 train 0.9483 test 0.6919
epoch 137/200 loss 0.1799 train 0.9493 test 0.7058
epoch 138/200 loss 0.1543 train 0.9573 test 0.7029
epoch 139/200 loss 0.1422 train 0.9615 test 0.7039
epoch 140/200 loss 0.1298 train 0.9649 test 0.6979
epoch 141/200 loss 0.1232 train 0.9685 test 0.7129
epoch 142/200 loss 0.1082 train 0.9718 test 0.7064
epoch 143/200 loss 0.1030 train 0.9753 test 0.7220
epoch 144/200 loss 0.1034 train 0.9747 test 0.7163
epoch 145/200 loss 0.1079 train 0.9725 test 0.7119
epoch 146/200 loss 0.1005 train 0.9754 test 0.7240
epoch 147/200 loss 0.0877 train 0.9795 test 0.7271
epoch 148/200 loss 0.0742 train 0.9840 test 0.7360
epoch 149/200 loss 0.0638 train 0.9868 test 0.7171
epoch 150/200 loss 0.0573 train 0.9884 test 0.7389
epoch 151/200 loss 0.0522 train 0.9904 test 0.7423
epoch 152/200 loss 0.0459 train 0.9918 test 0.7450
epoch 153/200 loss 0.0386 train 0.9936 test 0.7460
epoch 154/200 loss 0.0334 train 0.9954 test 0.7542
epoch 155/200 loss 0.0278 train 0.9965 test 0.7590
epoch 156/200 loss 0.0239 train 0.9974 test 0.7609
epoch 157/200 loss 0.0224 train 0.9976 test 0.7567
epoch 158/200 loss 0.0208 train 0.9981 test 0.7637
epoch 159/200 loss 0.0190 train 0.9982 test 0.7670
epoch 160/200 loss 0.0169 train 0.9988 test 0.7707
epoch 161/200 loss 0.0152 train 0.9990 test 0.7717
epoch 162/200 loss 0.0132 train 0.9994 test 0.7750
epoch 163/200 loss 0.0132 train 0.9993 test 0.7759
epoch 164/200 loss 0.0129 train 0.9993 test 0.7792
epoch 165/200 loss 0.0127 train 0.9993 test 0.7755
epoch 166/200 loss 0.0117 train 0.9995 test 0.7806
epoch 167/200 loss 0.0116 train 0.9995 test 0.7811
epoch 168/200 loss 0.0115 train 0.9995 test 0.7786
epoch 169/200 loss 0.0110 train 0.9995 test 0.7831
epoch 170/200 loss 0.0106 train 0.9996 test 0.7814
epoch 171/200 loss 0.0107 train 0.9997 test 0.7810
epoch 172/200 loss 0.0108 train 0.9996 test 0.7843
epoch 173/200 loss 0.0108 train 0.9996 test 0.7844
epoch 174/200 loss 0.0104 train 0.9996 test 0.7830
epoch 175/200 loss 0.0100 train 0.9998 test 0.7830
epoch 176/200 loss 0.0100 train 0.9997 test 0.7844
epoch 177/200 loss 0.0103 train 0.9996 test 0.7835
epoch 178/200 loss 0.0100 train 0.9997 test 0.7850
epoch 179/200 loss 0.0097 train 0.9998 test 0.7855
epoch 180/200 loss 0.0097 train 0.9997 test 0.7852
epoch 181/200 loss 0.0095 train 0.9996 test 0.7854
epoch 182/200 loss 0.0093 train 0.9998 test 0.7844
epoch 183/200 loss 0.0095 train 0.9996 test 0.7833
epoch 184/200 loss 0.0092 train 0.9998 test 0.7850
epoch 185/200 loss 0.0092 train 0.9996 test 0.7848
epoch 186/200 loss 0.0091 train 0.9997 test 0.7855
epoch 187/200 loss 0.0091 train 0.9997 test 0.7859
epoch 188/200 loss 0.0090 train 0.9997 test 0.7867
epoch 189/200 loss 0.0090 train 0.9998 test 0.7847
epoch 190/200 loss 0.0090 train 0.9997 test 0.7851
epoch 191/200 loss 0.0088 train 0.9997 test 0.7865
epoch 192/200 loss 0.0087 train 0.9997 test 0.7845
epoch 193/200 loss 0.0086 train 0.9997 test 0.7851
epoch 194/200 loss 0.0088 train 0.9997 test 0.7862
epoch 195/200 loss 0.0086 train 0.9997 test 0.7849
epoch 196/200 loss 0.0085 train 0.9997 test 0.7855
epoch 197/200 loss 0.0086 train 0.9997 test 0.7849
epoch 198/200 loss 0.0084 train 0.9998 test 0.7860
epoch 199/200 loss 0.0086 train 0.9997 test 0.7845
epoch 200/200 loss 0.0086 train 0.9997 test 0.7856
done: final 0.7856 best 0.7867 -> ./runs/auxmag_100pct_sched01/seed0
moment-aux target calibrated on 1024 images
[auxmag_100pct_sched01 seed1] {"params_trainable": 11222188, "params_stem_trainable": 0, "params_stem_fixed_filters": 0, "flops_total": 556705792, "flops_stem": 0, "flops_image_size": 32}
epoch 1/200 loss 3.9292 train 0.1054 test 0.1432
epoch 2/200 loss 3.2017 train 0.2156 test 0.2632
epoch 3/200 loss 2.6454 train 0.3152 test 0.3369
epoch 4/200 loss 2.2464 train 0.4006 test 0.4000
epoch 5/200 loss 1.9876 train 0.4619 test 0.4360
epoch 6/200 loss 1.8181 train 0.5000 test 0.4434
epoch 7/200 loss 1.7016 train 0.5275 test 0.4936
epoch 8/200 loss 1.6147 train 0.5482 test 0.4923
epoch 9/200 loss 1.5363 train 0.5726 test 0.4612
epoch 10/200 loss 1.4807 train 0.5853 test 0.5258
epoch 11/200 loss 1.4331 train 0.5978 test 0.5272
epoch 12/200 loss 1.3845 train 0.6083 test 0.5264
epoch 13/200 loss 1.3490 train 0.6181 test 0.5134
epoch 14/200 loss 1.3156 train 0.6255 test 0.4992
epoch 15/200 loss 1.3051 train 0.6296 test 0.5291
epoch 16/200 loss 1.2617 train 0.6423 test 0.5491
epoch 17/200 loss 1.2467 train 0.6454 test 0.5573
epoch 18/200 loss 1.2223 train 0.6525 test 0.5493
epoch 19/200 loss 1.2171 train 0.6518 test 0.5696
epoch 20/200 loss 1.2000 train 0.6570 test 0.5492
epoch 21/200 loss 1.1809 train 0.6613 test 0.5617
epoch 22/200 loss 1.1605 train 0.6675 test 0.5533
epoch 23/200 loss 1.1511 train 0.6718 test 0.5767
epoch 24/200 loss 1.1412 train 0.6692 test 0.5459
epoch 25/200 loss 1.1278 train 0.6768 test 0.5883
epoch 26/200 loss 1.1144 train 0.6810 test 0.5638
epoch 27/200 loss 1.1122 train 0.6803 test 0.5684
epoch 28/200 loss 1.0984 train 0.6844 test 0.5539
epoch 29/200 loss 1.0983 train 0.6828 test 0.6050
epoch 30/200 loss 1.0795 train 0.6865 test 0.5632
epoch 31/200 loss 1.0711 train 0.6918 test 0.5928
epoch 32/200 loss 1.0502 train 0.6979 test 0.5909
epoch 33/200 loss 1.0545 train 0.6951 test 0.5874
epoch 34/200 loss 1.0549 train 0.6939 test 0.5647
epoch 35/200 loss 1.0411 train 0.6989 test 0.5710
epoch 36/200 loss 1.0195 train 0.7073 test 0.5912
epoch 37/200 loss 1.0320 train 0.7045 test 0.6023
epoch 38/200 loss 1.0157 train 0.7061 test 0.5830
epoch 39/200 loss 1.0111 train 0.7064 test 0.5972
epoch 40/200 loss 1.0049 train 0.7081 test 0.6195
epoch 41/200 loss 1.0043 train 0.7099 test 0.5901
epoch 42/200 loss 0.9922 train 0.7132 test 0.5462
epoch 43/200 loss 0.9911 train 0.7135 test 0.5770
epoch 44/200 loss 0.9822 train 0.7157 test 0.5816
epoch 45/200 loss 0.9654 train 0.7218 test 0.6031
epoch 46/200 loss 0.9641 train 0.7189 test 0.5931
epoch 47/200 loss 0.9668 train 0.7198 test 0.6104
epoch 48/200 loss 0.9545 train 0.7229 test 0.5945
epoch 49/200 loss 0.9424 train 0.7265 test 0.6035
epoch 50/200 loss 0.9469 train 0.7236 test 0.5960
epoch 51/200 loss 0.9295 train 0.7287 test 0.5938
epoch 52/200 loss 0.9189 train 0.7312 test 0.5878
epoch 53/200 loss 0.9126 train 0.7339 test 0.5834
epoch 54/200 loss 0.9137 train 0.7351 test 0.6307
epoch 55/200 loss 0.9059 train 0.7370 test 0.6223
epoch 56/200 loss 0.8902 train 0.7384 test 0.6131
epoch 57/200 loss 0.8965 train 0.7383 test 0.6142
epoch 58/200 loss 0.8817 train 0.7427 test 0.6089
epoch 59/200 loss 0.8822 train 0.7428 test 0.5961
epoch 60/200 loss 0.8733 train 0.7445 test 0.6330
epoch 61/200 loss 0.8705 train 0.7438 test 0.5884
epoch 62/200 loss 0.8500 train 0.7519 test 0.6158
epoch 63/200 loss 0.8499 train 0.7504 test 0.6000
epoch 64/200 loss 0.8473 train 0.7497 test 0.6114
epoch 65/200 loss 0.8255 train 0.7563 test 0.6086
epoch 66/200 loss 0.8266 train 0.7550 test 0.6343
epoch 67/200 loss 0.8185 train 0.7608 test 0.5899
epoch 68/200 loss 0.8054 train 0.7646 test 0.6325
epoch 69/200 loss 0.8124 train 0.7596 test 0.6013
epoch 70/200 loss 0.8045 train 0.7633 test 0.6003
epoch 71/200 loss 0.7946 train 0.7663 test 0.6426
epoch 72/200 loss 0.7808 train 0.7702 test 0.5773
epoch 73/200 loss 0.7794 train 0.7700 test 0.6297
epoch 74/200 loss 0.7625 train 0.7741 test 0.5996
epoch 75/200 loss 0.7589 train 0.7746 test 0.6254
epoch 76/200 loss 0.7462 train 0.7785 test 0.6360
epoch 77/200 loss 0.7392 train 0.7793 test 0.6262
epoch 78/200 loss 0.7383 train 0.7828 test 0.6425
epoch 79/200 loss 0.7338 train 0.7832 test 0.6175
epoch 80/200 loss 0.7217 train 0.7822 test 0.6159
epoch 81/200 loss 0.7164 train 0.7874 test 0.6133
epoch 82/200 loss 0.6997 train 0.7917 test 0.6363
epoch 83/200 loss 0.6894 train 0.7941 test 0.6449
epoch 84/200 loss 0.6812 train 0.7980 test 0.6078
epoch 85/200 loss 0.6803 train 0.7970 test 0.5925
epoch 86/200 loss 0.6597 train 0.8033 test 0.6361
epoch 87/200 loss 0.6543 train 0.8032 test 0.6293
epoch 88/200 loss 0.6601 train 0.8015 test 0.6299
epoch 89/200 loss 0.6425 train 0.8065 test 0.6417
epoch 90/200 loss 0.6310 train 0.8101 test 0.6215
epoch 91/200 loss 0.6162 train 0.8149 test 0.6324
epoch 92/200 loss 0.6105 train 0.8167 test 0.6403
epoch 93/200 loss 0.5965 train 0.8209 test 0.6291
epoch 94/200 loss 0.5930 train 0.8219 test 0.6567
epoch 95/200 loss 0.5781 train 0.8264 test 0.6540
epoch 96/200 loss 0.5861 train 0.8231 test 0.6449
epoch 97/200 loss 0.5681 train 0.8296 test 0.6450
epoch 98/200 loss 0.5598 train 0.8303 test 0.6514
epoch 99/200 loss 0.5480 train 0.8333 test 0.6374
epoch 100/200 loss 0.5366 train 0.8386 test 0.6344
epoch 101/200 loss 0.5268 train 0.8394 test 0.6392
epoch 102/200 loss 0.5017 train 0.8498 test 0.6451
epoch 103/200 loss 0.5064 train 0.8464 test 0.6650
epoch 104/200 loss 0.4825 train 0.8524 test 0.6507
epoch 105/200 loss 0.4974 train 0.8481 test 0.6418
epoch 106/200 loss 0.4804 train 0.8536 test 0.6039
epoch 107/200 loss 0.4577 train 0.8625 test 0.6352
epoch 108/200 loss 0.4669 train 0.8585 test 0.6540
epoch 109/200 loss 0.4463 train 0.8649 test 0.6727
epoch 110/200 loss 0.4405 train 0.8654 test 0.6667
epoch 111/200 loss 0.4279 train 0.8706 test 0.6552
epoch 112/200 loss 0.4141 train 0.8731 test 0.6666
epoch 113/200 loss 0.3965 train 0.8809 test 0.6521
epoch 114/200 loss 0.3966 train 0.8791 test 0.6602
epoch 115/200 loss 0.3859 train 0.8838 test 0.6601
epoch 116/200 loss 0.3685 train 0.8884 test 0.6636
epoch 117/200 loss 0.3516 train 0.8929 test 0.6403
epoch 118/200 loss 0.3570 train 0.8939 test 0.6796
epoch 119/200 loss 0.3375 train 0.8980 test 0.6611
epoch 120/200 loss 0.3342 train 0.9008 test 0.6696
epoch 121/200 loss 0.3370 train 0.8975 test 0.6738
epoch 122/200 loss 0.3156 train 0.9052 test 0.6609
epoch 123/200 loss 0.3096 train 0.9074 test 0.6646
epoch 124/200 loss 0.2949 train 0.9112 test 0.6684
epoch 125/200 loss 0.2868 train 0.9128 test 0.6734
epoch 126/200 loss 0.2647 train 0.9207 test 0.6822
epoch 127/200 loss 0.2599 train 0.9241 test 0.6850
epoch 128/200 loss 0.2438 train 0.9280 test 0.6745
epoch 129/200 loss 0.2452 train 0.9283 test 0.6877
epoch 130/200 loss 0.2304 train 0.9326 test 0.6842
epoch 131/200 loss 0.2127 train 0.9378 test 0.6838
epoch 132/200 loss 0.2182 train 0.9379 test 0.7017
epoch 133/200 loss 0.2008 train 0.9416 test 0.6983
epoch 134/200 loss 0.1816 train 0.9479 test 0.6820
epoch 135/200 loss 0.1814 train 0.9489 test 0.7012
epoch 136/200 loss 0.1753 train 0.9515 test 0.6909
epoch 137/200 loss 0.1711 train 0.9528 test 0.7010
epoch 138/200 loss 0.1487 train 0.9600 test 0.7061
epoch 139/200 loss 0.1329 train 0.9649 test 0.6957
epoch 140/200 loss 0.1503 train 0.9590 test 0.7031
epoch 141/200 loss 0.1375 train 0.9634 test 0.7107
epoch 142/200 loss 0.1221 train 0.9691 test 0.7027
epoch 143/200 loss 0.1149 train 0.9712 test 0.7138
epoch 144/200 loss 0.1101 train 0.9720 test 0.7085
epoch 145/200 loss 0.0959 train 0.9768 test 0.7173
epoch 146/200 loss 0.0825 train 0.9816 test 0.7154
epoch 147/200 loss 0.0801 train 0.9816 test 0.7281
epoch 148/200 loss 0.0720 train 0.9842 test 0.7347
epoch 149/200 loss 0.0651 train 0.9867 test 0.7324
epoch 150/200 loss 0.0599 train 0.9877 test 0.7393
epoch 151/200 loss 0.0568 train 0.9889 test 0.7380
epoch 152/200 loss 0.0397 train 0.9940 test 0.7459
epoch 153/200 loss 0.0376 train 0.9940 test 0.7527
epoch 154/200 loss 0.0305 train 0.9959 test 0.7589
epoch 155/200 loss 0.0303 train 0.9960 test 0.7583
epoch 156/200 loss 0.0220 train 0.9980 test 0.7594
epoch 157/200 loss 0.0212 train 0.9980 test 0.7645
epoch 158/200 loss 0.0190 train 0.9985 test 0.7676
epoch 159/200 loss 0.0174 train 0.9986 test 0.7699
epoch 160/200 loss 0.0158 train 0.9990 test 0.7743
epoch 161/200 loss 0.0151 train 0.9991 test 0.7742
epoch 162/200 loss 0.0147 train 0.9989 test 0.7731
epoch 163/200 loss 0.0133 train 0.9993 test 0.7752
epoch 164/200 loss 0.0128 train 0.9994 test 0.7752
epoch 165/200 loss 0.0125 train 0.9994 test 0.7815
epoch 166/200 loss 0.0116 train 0.9997 test 0.7805
epoch 167/200 loss 0.0121 train 0.9994 test 0.7789
epoch 168/200 loss 0.0118 train 0.9995 test 0.7835
epoch 169/200 loss 0.0122 train 0.9995 test 0.7797
epoch 170/200 loss 0.0113 train 0.9995 test 0.7827
epoch 171/200 loss 0.0110 train 0.9995 test 0.7827
epoch 172/200 loss 0.0110 train 0.9997 test 0.7835
epoch 173/200 loss 0.0107 train 0.9997 test 0.7818
epoch 174/200 loss 0.0106 train 0.9997 test 0.7824
epoch 175/200 loss 0.0108 train 0.9994 test 0.7831
epoch 176/200 loss 0.0102 train 0.9997 test 0.7839
epoch 177/200 loss 0.0102 train 0.9996 test 0.7848
epoch 178/200 loss 0.0099 train 0.9996 test 0.7844
epoch 179/200 loss 0.0101 train 0.9996 test 0.7842
epoch 180/200 loss 0.0097 train 0.9997 test 0.7864
epoch 181/200 loss 0.0096 train 0.9997 test 0.7860
epoch 182/200 loss 0.0094 train 0.9997 test 0.7856
epoch 183/200 loss 0.0095 train 0.9997 test 0.7853
epoch 184/200 loss 0.0095 train 0.9997 test 0.7855
epoch 185/200 loss 0.0094 train 0.9997 test 0.7867
epoch 186/200 loss 0.0092 train 0.9997 test 0.7874
epoch 187/200 loss 0.0092 train 0.9996 test 0.7870
epoch 188/200 loss 0.0091 train 0.9997 test 0.7836
epoch 189/200 loss 0.0090 train 0.9997 test 0.7866
epoch 190/200 loss 0.0089 train 0.9997 test 0.7862
epoch 191/200 loss 0.0088 train 0.9998 test 0.7871
epoch 192/200 loss 0.0088 train 0.9997 test 0.7865
epoch 193/200 loss 0.0088 train 0.9998 test 0.7863
epoch 194/200 loss 0.0088 train 0.9997 test 0.7876
epoch 195/200 loss 0.0087 train 0.9997 test 0.7864
epoch 196/200 loss 0.0084 train 0.9999 test 0.7867
epoch 197/200 loss 0.0085 train 0.9998 test 0.7848
epoch 198/200 loss 0.0086 train 0.9997 test 0.7864
epoch 199/200 loss 0.0085 train 0.9998 test 0.7864
epoch 200/200 loss 0.0085 train 0.9998 test 0.7880
done: final 0.7880 best 0.7880 -> ./runs/auxmag_100pct_sched01/seed1
moment-aux target calibrated on 1024 images
[auxmag_100pct_sched01 seed2] {"params_trainable": 11222188, "params_stem_trainable": 0, "params_stem_fixed_filters": 0, "flops_total": 556705792, "flops_stem": 0, "flops_image_size": 32}
epoch 1/200 loss 3.9163 train 0.1064 test 0.1413
epoch 2/200 loss 3.1734 train 0.2198 test 0.1850
epoch 3/200 loss 2.6792 train 0.3095 test 0.3214
epoch 4/200 loss 2.2850 train 0.3915 test 0.3648
epoch 5/200 loss 2.0201 train 0.4522 test 0.4145
epoch 6/200 loss 1.8403 train 0.4969 test 0.4835
epoch 7/200 loss 1.7164 train 0.5276 test 0.4493
epoch 8/200 loss 1.6170 train 0.5514 test 0.4870
epoch 9/200 loss 1.5494 train 0.5688 test 0.5180
epoch 10/200 loss 1.4890 train 0.5839 test 0.5075
epoch 11/200 loss 1.4439 train 0.5955 test 0.5006
epoch 12/200 loss 1.3909 train 0.6075 test 0.5446
epoch 13/200 loss 1.3607 train 0.6150 test 0.5482
epoch 14/200 loss 1.3217 train 0.6242 test 0.5085
epoch 15/200 loss 1.3073 train 0.6299 test 0.5298
epoch 16/200 loss 1.2680 train 0.6406 test 0.5389
epoch 17/200 loss 1.2677 train 0.6390 test 0.5448
epoch 18/200 loss 1.2319 train 0.6512 test 0.5560
epoch 19/200 loss 1.2115 train 0.6551 test 0.5484
epoch 20/200 loss 1.1982 train 0.6571 test 0.5439
epoch 21/200 loss 1.1842 train 0.6614 test 0.5508
epoch 22/200 loss 1.1646 train 0.6670 test 0.5280
epoch 23/200 loss 1.1614 train 0.6660 test 0.5497
epoch 24/200 loss 1.1457 train 0.6707 test 0.5535
epoch 25/200 loss 1.1299 train 0.6739 test 0.5904
epoch 26/200 loss 1.1148 train 0.6785 test 0.5274
epoch 27/200 loss 1.1166 train 0.6800 test 0.5892
epoch 28/200 loss 1.1006 train 0.6863 test 0.5858
epoch 29/200 loss 1.0859 train 0.6858 test 0.5715
epoch 30/200 loss 1.0873 train 0.6880 test 0.5766
epoch 31/200 loss 1.0773 train 0.6913 test 0.5842
epoch 32/200 loss 1.0681 train 0.6920 test 0.5896
epoch 33/200 loss 1.0561 train 0.6944 test 0.5857
epoch 34/200 loss 1.0649 train 0.6925 test 0.5397
epoch 35/200 loss 1.0398 train 0.7012 test 0.5904
epoch 36/200 loss 1.0442 train 0.6994 test 0.5649
epoch 37/200 loss 1.0260 train 0.7026 test 0.5633
epoch 38/200 loss 1.0243 train 0.7023 test 0.5966
epoch 39/200 loss 1.0073 train 0.7085 test 0.5717
epoch 40/200 loss 1.0005 train 0.7106 test 0.6051
epoch 41/200 loss 0.9941 train 0.7115 test 0.6068
epoch 42/200 loss 0.9990 train 0.7110 test 0.5682
epoch 43/200 loss 0.9879 train 0.7135 test 0.5958
epoch 44/200 loss 0.9878 train 0.7135 test 0.5758
epoch 45/200 loss 0.9805 train 0.7140 test 0.5998
epoch 46/200 loss 0.9661 train 0.7208 test 0.5908
epoch 47/200 loss 0.9637 train 0.7211 test 0.5515
epoch 48/200 loss 0.9596 train 0.7211 test 0.6190
epoch 49/200 loss 0.9428 train 0.7265 test 0.5964
epoch 50/200 loss 0.9447 train 0.7264 test 0.5789
epoch 51/200 loss 0.9369 train 0.7273 test 0.5942
epoch 52/200 loss 0.9352 train 0.7289 test 0.6038
epoch 53/200 loss 0.9164 train 0.7330 test 0.5854
epoch 54/200 loss 0.9199 train 0.7298 test 0.5905
epoch 55/200 loss 0.9077 train 0.7334 test 0.5828
epoch 56/200 loss 0.9055 train 0.7352 test 0.5577
epoch 57/200 loss 0.8907 train 0.7396 test 0.5921
epoch 58/200 loss 0.8873 train 0.7397 test 0.6061
epoch 59/200 loss 0.8745 train 0.7444 test 0.6090
epoch 60/200 loss 0.8745 train 0.7440 test 0.6031
epoch 61/200 loss 0.8654 train 0.7463 test 0.6120
epoch 62/200 loss 0.8704 train 0.7444 test 0.5860
epoch 63/200 loss 0.8555 train 0.7468 test 0.6002
epoch 64/200 loss 0.8569 train 0.7492 test 0.6170
epoch 65/200 loss 0.8266 train 0.7575 test 0.5912
epoch 66/200 loss 0.8300 train 0.7563 test 0.5855
epoch 67/200 loss 0.8171 train 0.7593 test 0.6179
epoch 68/200 loss 0.8189 train 0.7590 test 0.6369
epoch 69/200 loss 0.8101 train 0.7622 test 0.5834
epoch 70/200 loss 0.7975 train 0.7639 test 0.5903
epoch 71/200 loss 0.7923 train 0.7648 test 0.5915
epoch 72/200 loss 0.7892 train 0.7662 test 0.6264
epoch 73/200 loss 0.7810 train 0.7689 test 0.6124
epoch 74/200 loss 0.7701 train 0.7724 test 0.6229
epoch 75/200 loss 0.7541 train 0.7748 test 0.6282
epoch 76/200 loss 0.7563 train 0.7748 test 0.6227
epoch 77/200 loss 0.7453 train 0.7799 test 0.6456
epoch 78/200 loss 0.7316 train 0.7827 test 0.6069
epoch 79/200 loss 0.7302 train 0.7829 test 0.6147
epoch 80/200 loss 0.7188 train 0.7860 test 0.6327
epoch 81/200 loss 0.7175 train 0.7872 test 0.6109
epoch 82/200 loss 0.7063 train 0.7886 test 0.5918
epoch 83/200 loss 0.6943 train 0.7934 test 0.6354
epoch 84/200 loss 0.6904 train 0.7929 test 0.6236
epoch 85/200 loss 0.6740 train 0.7991 test 0.6437
epoch 86/200 loss 0.6748 train 0.7973 test 0.6446
epoch 87/200 loss 0.6604 train 0.8014 test 0.6331
epoch 88/200 loss 0.6524 train 0.8043 test 0.6431
epoch 89/200 loss 0.6438 train 0.8061 test 0.6419
epoch 90/200 loss 0.6330 train 0.8101 test 0.6346
epoch 91/200 loss 0.6281 train 0.8115 test 0.6467
epoch 92/200 loss 0.6182 train 0.8137 test 0.6434
epoch 93/200 loss 0.6072 train 0.8198 test 0.6455
epoch 94/200 loss 0.5884 train 0.8231 test 0.6293
epoch 95/200 loss 0.5847 train 0.8246 test 0.6430
epoch 96/200 loss 0.5693 train 0.8268 test 0.6360
epoch 97/200 loss 0.5641 train 0.8297 test 0.6473
epoch 98/200 loss 0.5560 train 0.8328 test 0.6619
epoch 99/200 loss 0.5351 train 0.8387 test 0.6429
epoch 100/200 loss 0.5307 train 0.8387 test 0.6245
epoch 101/200 loss 0.5327 train 0.8399 test 0.6418
epoch 102/200 loss 0.5227 train 0.8420 test 0.6468
epoch 103/200 loss 0.5099 train 0.8449 test 0.6474
epoch 104/200 loss 0.4927 train 0.8500 test 0.6574
epoch 105/200 loss 0.4825 train 0.8537 test 0.6529
epoch 106/200 loss 0.4778 train 0.8543 test 0.6553
epoch 107/200 loss 0.4718 train 0.8567 test 0.6256
epoch 108/200 loss 0.4504 train 0.8628 test 0.6430
epoch 109/200 loss 0.4467 train 0.8635 test 0.6559
epoch 110/200 loss 0.4288 train 0.8700 test 0.6414
epoch 111/200 loss 0.4337 train 0.8675 test 0.6673
epoch 112/200 loss 0.4122 train 0.8734 test 0.6635
epoch 113/200 loss 0.4088 train 0.8765 test 0.6562
epoch 114/200 loss 0.3880 train 0.8806 test 0.6468
epoch 115/200 loss 0.3783 train 0.8860 test 0.6632
epoch 116/200 loss 0.3761 train 0.8852 test 0.6630
epoch 117/200 loss 0.3681 train 0.8883 test 0.6436
epoch 118/200 loss 0.3660 train 0.8885 test 0.6615
epoch 119/200 loss 0.3346 train 0.8997 test 0.6541
epoch 120/200 loss 0.3287 train 0.8998 test 0.6755
epoch 121/200 loss 0.3175 train 0.9030 test 0.6535
epoch 122/200 loss 0.3143 train 0.9050 test 0.6579
epoch 123/200 loss 0.2990 train 0.9099 test 0.6798
epoch 124/200 loss 0.2965 train 0.9101 test 0.6710
epoch 125/200 loss 0.2701 train 0.9186 test 0.6804
epoch 126/200 loss 0.2672 train 0.9212 test 0.6809
epoch 127/200 loss 0.2586 train 0.9242 test 0.6581
epoch 128/200 loss 0.2677 train 0.9201 test 0.6909
epoch 129/200 loss 0.2526 train 0.9258 test 0.6676
epoch 130/200 loss 0.2312 train 0.9325 test 0.6954
epoch 131/200 loss 0.2135 train 0.9378 test 0.6895
epoch 132/200 loss 0.2078 train 0.9395 test 0.6724
epoch 133/200 loss 0.2110 train 0.9390 test 0.6811
epoch 134/200 loss 0.2054 train 0.9406 test 0.6902
epoch 135/200 loss 0.1716 train 0.9526 test 0.7014
epoch 136/200 loss 0.1672 train 0.9532 test 0.6757
epoch 137/200 loss 0.1730 train 0.9508 test 0.7007
epoch 138/200 loss 0.1614 train 0.9542 test 0.6889
epoch 139/200 loss 0.1562 train 0.9574 test 0.6976
epoch 140/200 loss 0.1491 train 0.9598 test 0.6999
epoch 141/200 loss 0.1321 train 0.9645 test 0.7026
epoch 142/200 loss 0.1081 train 0.9731 test 0.7242
epoch 143/200 loss 0.1069 train 0.9726 test 0.7163
epoch 144/200 loss 0.0923 train 0.9784 test 0.7258
epoch 145/200 loss 0.0944 train 0.9774 test 0.7099
epoch 146/200 loss 0.0957 train 0.9765 test 0.7223
epoch 147/200 loss 0.0828 train 0.9813 test 0.7247
epoch 148/200 loss 0.0710 train 0.9850 test 0.7353
epoch 149/200 loss 0.0662 train 0.9855 test 0.7303
epoch 150/200 loss 0.0622 train 0.9869 test 0.7325
epoch 151/200 loss 0.0489 train 0.9913 test 0.7461
epoch 152/200 loss 0.0444 train 0.9920 test 0.7403
epoch 153/200 loss 0.0383 train 0.9939 test 0.7475
epoch 154/200 loss 0.0316 train 0.9958 test 0.7516
epoch 155/200 loss 0.0293 train 0.9960 test 0.7548
epoch 156/200 loss 0.0265 train 0.9967 test 0.7564
epoch 157/200 loss 0.0207 train 0.9981 test 0.7673
epoch 158/200 loss 0.0167 train 0.9989 test 0.7700
epoch 159/200 loss 0.0165 train 0.9988 test 0.7709
epoch 160/200 loss 0.0154 train 0.9990 test 0.7700
epoch 161/200 loss 0.0141 train 0.9993 test 0.7707
epoch 162/200 loss 0.0129 train 0.9994 test 0.7772
epoch 163/200 loss 0.0124 train 0.9995 test 0.7748
epoch 164/200 loss 0.0119 train 0.9995 test 0.7803
epoch 165/200 loss 0.0121 train 0.9995 test 0.7772
epoch 166/200 loss 0.0120 train 0.9994 test 0.7776
epoch 167/200 loss 0.0114 train 0.9995 test 0.7783
epoch 168/200 loss 0.0120 train 0.9995 test 0.7797
epoch 169/200 loss 0.0120 train 0.9995 test 0.7808
epoch 170/200 loss 0.0108 train 0.9997 test 0.7826
epoch 171/200 loss 0.0111 train 0.9996 test 0.7830
epoch 172/200 loss 0.0110 train 0.9995 test 0.7823
epoch 173/200 loss 0.0109 train 0.9994 test 0.7850
epoch 174/200 loss 0.0103 train 0.9996 test 0.7841
epoch 175/200 loss 0.0106 train 0.9995 test 0.7832
epoch 176/200 loss 0.0102 train 0.9996 test 0.7838
epoch 177/200 loss 0.0101 train 0.9997 test 0.7839
epoch 178/200 loss 0.0099 train 0.9997 test 0.7837
epoch 179/200 loss 0.0100 train 0.9996 test 0.7843
epoch 180/200 loss 0.0098 train 0.9996 test 0.7858
epoch 181/200 loss 0.0101 train 0.9995 test 0.7860
epoch 182/200 loss 0.0095 train 0.9998 test 0.7868
epoch 183/200 loss 0.0096 train 0.9997 test 0.7855
epoch 184/200 loss 0.0094 train 0.9997 test 0.7853
epoch 185/200 loss 0.0092 train 0.9997 test 0.7839
epoch 186/200 loss 0.0093 train 0.9997 test 0.7837
epoch 187/200 loss 0.0092 train 0.9996 test 0.7863
epoch 188/200 loss 0.0090 train 0.9997 test 0.7861
epoch 189/200 loss 0.0091 train 0.9998 test 0.7844
epoch 190/200 loss 0.0090 train 0.9996 test 0.7867
epoch 191/200 loss 0.0088 train 0.9998 test 0.7850
epoch 192/200 loss 0.0087 train 0.9998 test 0.7858
epoch 193/200 loss 0.0087 train 0.9999 test 0.7870
epoch 194/200 loss 0.0088 train 0.9997 test 0.7863
epoch 195/200 loss 0.0087 train 0.9997 test 0.7874
epoch 196/200 loss 0.0085 train 0.9999 test 0.7855
epoch 197/200 loss 0.0086 train 0.9998 test 0.7861
epoch 198/200 loss 0.0086 train 0.9998 test 0.7872
epoch 199/200 loss 0.0087 train 0.9997 test 0.7858
epoch 200/200 loss 0.0085 train 0.9998 test 0.7865
done: final 0.7865 best 0.7874 -> ./runs/auxmag_100pct_sched01/seed2
AUXGENTLE_auxmag_100pct_sched01_DONE
moment-aux target calibrated on 1024 images
[auxmag_15pct_sched03 seed0] {"params_trainable": 11222188, "params_stem_trainable": 0, "params_stem_fixed_filters": 0, "flops_total": 556705792, "flops_stem": 0, "flops_image_size": 32}
epoch 1/200 loss 4.6902 train 0.0474 test 0.0529
epoch 2/200 loss 4.1742 train 0.0828 test 0.0931
epoch 3/200 loss 3.9275 train 0.1055 test 0.0932
epoch 4/200 loss 3.7512 train 0.1328 test 0.1286
epoch 5/200 loss 3.5971 train 0.1598 test 0.1484
epoch 6/200 loss 3.4590 train 0.1781 test 0.1471
epoch 7/200 loss 3.3288 train 0.2027 test 0.1685
epoch 8/200 loss 3.2049 train 0.2190 test 0.1833
epoch 9/200 loss 3.0759 train 0.2394 test 0.1563
epoch 10/200 loss 2.9880 train 0.2586 test 0.2220
epoch 11/200 loss 2.8077 train 0.2842 test 0.2239
epoch 12/200 loss 2.7360 train 0.2963 test 0.2265
epoch 13/200 loss 2.6102 train 0.3268 test 0.2608
epoch 14/200 loss 2.5068 train 0.3443 test 0.2450
epoch 15/200 loss 2.3959 train 0.3648 test 0.2432
epoch 16/200 loss 2.3022 train 0.3929 test 0.2799
epoch 17/200 loss 2.2151 train 0.4065 test 0.2958
epoch 18/200 loss 2.1174 train 0.4282 test 0.3212
epoch 19/200 loss 2.0147 train 0.4502 test 0.3225
epoch 20/200 loss 1.9046 train 0.4795 test 0.3108
epoch 21/200 loss 1.8373 train 0.4891 test 0.3198
epoch 22/200 loss 1.7393 train 0.5190 test 0.3355
epoch 23/200 loss 1.6545 train 0.5380 test 0.3582
epoch 24/200 loss 1.5629 train 0.5660 test 0.3638
epoch 25/200 loss 1.5030 train 0.5742 test 0.3558
epoch 26/200 loss 1.4228 train 0.5960 test 0.3616
epoch 27/200 loss 1.3836 train 0.6028 test 0.3519
epoch 28/200 loss 1.3029 train 0.6305 test 0.3060
epoch 29/200 loss 1.2527 train 0.6405 test 0.3798
epoch 30/200 loss 1.1776 train 0.6598 test 0.3286
epoch 31/200 loss 1.0995 train 0.6848 test 0.3878
epoch 32/200 loss 0.9974 train 0.7076 test 0.3629
epoch 33/200 loss 0.9575 train 0.7204 test 0.3761
epoch 34/200 loss 0.9109 train 0.7321 test 0.3915
epoch 35/200 loss 0.8729 train 0.7431 test 0.3572
epoch 36/200 loss 0.8279 train 0.7547 test 0.3450
epoch 37/200 loss 0.8437 train 0.7531 test 0.3845
epoch 38/200 loss 0.7221 train 0.7897 test 0.3787
epoch 39/200 loss 0.6530 train 0.8094 test 0.3891
epoch 40/200 loss 0.6203 train 0.8214 test 0.3548
epoch 41/200 loss 0.6004 train 0.8231 test 0.3818
epoch 42/200 loss 0.5964 train 0.8241 test 0.3893
epoch 43/200 loss 0.5551 train 0.8386 test 0.3938
epoch 44/200 loss 0.5639 train 0.8363 test 0.4055
epoch 45/200 loss 0.5388 train 0.8393 test 0.3955
epoch 46/200 loss 0.4667 train 0.8687 test 0.3987
epoch 47/200 loss 0.4025 train 0.8887 test 0.4133
epoch 48/200 loss 0.3889 train 0.8904 test 0.3896
epoch 49/200 loss 0.3846 train 0.8937 test 0.3945
epoch 50/200 loss 0.4071 train 0.8850 test 0.4094
epoch 51/200 loss 0.4040 train 0.8878 test 0.3716
epoch 52/200 loss 0.4065 train 0.8859 test 0.3941
epoch 53/200 loss 0.3562 train 0.9002 test 0.4090
epoch 54/200 loss 0.3437 train 0.9068 test 0.4034
epoch 55/200 loss 0.3224 train 0.9107 test 0.4123
epoch 56/200 loss 0.2716 train 0.9298 test 0.4127
epoch 57/200 loss 0.2700 train 0.9285 test 0.4307
epoch 58/200 loss 0.2704 train 0.9306 test 0.4035
epoch 59/200 loss 0.2575 train 0.9345 test 0.4011
epoch 60/200 loss 0.2412 train 0.9386 test 0.4254
epoch 61/200 loss 0.2052 train 0.9483 test 0.4250
epoch 62/200 loss 0.2147 train 0.9459 test 0.4201
epoch 63/200 loss 0.2385 train 0.9403 test 0.3973
epoch 64/200 loss 0.2337 train 0.9362 test 0.4166
epoch 65/200 loss 0.2222 train 0.9442 test 0.4085
epoch 66/200 loss 0.2069 train 0.9481 test 0.4189
epoch 67/200 loss 0.1750 train 0.9585 test 0.4228
epoch 68/200 loss 0.1633 train 0.9647 test 0.4238
epoch 69/200 loss 0.2120 train 0.9441 test 0.4236
epoch 70/200 loss 0.2071 train 0.9473 test 0.4226
epoch 71/200 loss 0.2368 train 0.9372 test 0.4119
epoch 72/200 loss 0.2260 train 0.9398 test 0.4055
epoch 73/200 loss 0.1945 train 0.9511 test 0.4191
epoch 74/200 loss 0.1844 train 0.9555 test 0.4372
epoch 75/200 loss 0.1736 train 0.9578 test 0.4228
epoch 76/200 loss 0.1497 train 0.9650 test 0.4424
epoch 77/200 loss 0.1419 train 0.9673 test 0.4338
epoch 78/200 loss 0.1197 train 0.9755 test 0.4269
epoch 79/200 loss 0.0903 train 0.9852 test 0.4591
epoch 80/200 loss 0.0728 train 0.9895 test 0.4667
epoch 81/200 loss 0.0866 train 0.9852 test 0.4330
epoch 82/200 loss 0.1121 train 0.9790 test 0.4308
epoch 83/200 loss 0.0954 train 0.9821 test 0.4483
epoch 84/200 loss 0.1012 train 0.9801 test 0.4550
epoch 85/200 loss 0.0925 train 0.9828 test 0.4421
epoch 86/200 loss 0.0942 train 0.9809 test 0.4257
epoch 87/200 loss 0.1180 train 0.9752 test 0.4444
epoch 88/200 loss 0.0930 train 0.9846 test 0.4484
epoch 89/200 loss 0.1047 train 0.9806 test 0.4463
epoch 90/200 loss 0.1044 train 0.9802 test 0.4557
epoch 91/200 loss 0.0834 train 0.9841 test 0.4505
epoch 92/200 loss 0.0705 train 0.9890 test 0.4618
epoch 93/200 loss 0.0621 train 0.9910 test 0.4686
epoch 94/200 loss 0.0468 train 0.9956 test 0.4787
epoch 95/200 loss 0.0504 train 0.9931 test 0.4751
epoch 96/200 loss 0.0392 train 0.9953 test 0.4868
epoch 97/200 loss 0.0278 train 0.9988 test 0.4923
epoch 98/200 loss 0.0214 train 0.9991 test 0.5023
epoch 99/200 loss 0.0179 train 0.9997 test 0.5105
epoch 100/200 loss 0.0156 train 0.9999 test 0.5139
epoch 101/200 loss 0.0149 train 0.9999 test 0.5127
epoch 102/200 loss 0.0142 train 0.9999 test 0.5177
epoch 103/200 loss 0.0139 train 0.9999 test 0.5161
epoch 104/200 loss 0.0140 train 0.9997 test 0.5158
epoch 105/200 loss 0.0135 train 0.9999 test 0.5204
epoch 106/200 loss 0.0135 train 0.9999 test 0.5191
epoch 107/200 loss 0.0135 train 0.9999 test 0.5184
epoch 108/200 loss 0.0135 train 0.9999 test 0.5204
epoch 109/200 loss 0.0131 train 0.9997 test 0.5187
epoch 110/200 loss 0.0131 train 0.9999 test 0.5215
epoch 111/200 loss 0.0132 train 0.9999 test 0.5227
epoch 112/200 loss 0.0130 train 0.9997 test 0.5217
epoch 113/200 loss 0.0128 train 0.9999 test 0.5212
epoch 114/200 loss 0.0127 train 0.9999 test 0.5191
epoch 115/200 loss 0.0130 train 1.0000 test 0.5199
epoch 116/200 loss 0.0127 train 0.9999 test 0.5233
epoch 117/200 loss 0.0126 train 0.9999 test 0.5222
epoch 118/200 loss 0.0127 train 0.9997 test 0.5226
epoch 119/200 loss 0.0122 train 0.9997 test 0.5233
epoch 120/200 loss 0.0122 train 0.9999 test 0.5237
epoch 121/200 loss 0.0121 train 0.9999 test 0.5211
epoch 122/200 loss 0.0120 train 0.9997 test 0.5238
epoch 123/200 loss 0.0118 train 1.0000 test 0.5218
epoch 124/200 loss 0.0121 train 0.9997 test 0.5233
epoch 125/200 loss 0.0117 train 0.9999 test 0.5254
epoch 126/200 loss 0.0115 train 0.9999 test 0.5251
epoch 127/200 loss 0.0114 train 0.9999 test 0.5240
epoch 128/200 loss 0.0113 train 0.9997 test 0.5261
epoch 129/200 loss 0.0110 train 0.9999 test 0.5249
epoch 130/200 loss 0.0108 train 1.0000 test 0.5256
epoch 131/200 loss 0.0108 train 1.0000 test 0.5267
epoch 132/200 loss 0.0107 train 0.9999 test 0.5263
epoch 133/200 loss 0.0107 train 0.9999 test 0.5248
epoch 134/200 loss 0.0106 train 0.9999 test 0.5281
epoch 135/200 loss 0.0103 train 1.0000 test 0.5300
epoch 136/200 loss 0.0099 train 1.0000 test 0.5284
epoch 137/200 loss 0.0102 train 0.9999 test 0.5285
epoch 138/200 loss 0.0096 train 1.0000 test 0.5300
epoch 139/200 loss 0.0099 train 1.0000 test 0.5260
epoch 140/200 loss 0.0097 train 1.0000 test 0.5269
epoch 141/200 loss 0.0098 train 0.9999 test 0.5254
epoch 142/200 loss 0.0098 train 1.0000 test 0.5277
epoch 143/200 loss 0.0093 train 1.0000 test 0.5284
epoch 144/200 loss 0.0095 train 0.9997 test 0.5287
epoch 145/200 loss 0.0093 train 0.9997 test 0.5286
epoch 146/200 loss 0.0092 train 1.0000 test 0.5284
epoch 147/200 loss 0.0089 train 1.0000 test 0.5310
epoch 148/200 loss 0.0089 train 0.9999 test 0.5284
epoch 149/200 loss 0.0090 train 0.9999 test 0.5287
epoch 150/200 loss 0.0086 train 0.9999 test 0.5288
epoch 151/200 loss 0.0087 train 1.0000 test 0.5303
epoch 152/200 loss 0.0083 train 1.0000 test 0.5303
epoch 153/200 loss 0.0083 train 0.9999 test 0.5298
epoch 154/200 loss 0.0081 train 0.9999 test 0.5312
epoch 155/200 loss 0.0082 train 1.0000 test 0.5298
epoch 156/200 loss 0.0080 train 1.0000 test 0.5313
epoch 157/200 loss 0.0080 train 1.0000 test 0.5306
epoch 158/200 loss 0.0078 train 1.0000 test 0.5282
epoch 159/200 loss 0.0081 train 0.9999 test 0.5292
epoch 160/200 loss 0.0076 train 1.0000 test 0.5283
epoch 161/200 loss 0.0077 train 1.0000 test 0.5289
epoch 162/200 loss 0.0075 train 1.0000 test 0.5289
epoch 163/200 loss 0.0076 train 1.0000 test 0.5283
epoch 164/200 loss 0.0075 train 1.0000 test 0.5292
epoch 165/200 loss 0.0076 train 0.9999 test 0.5298
epoch 166/200 loss 0.0077 train 0.9999 test 0.5283
epoch 167/200 loss 0.0073 train 0.9999 test 0.5309
epoch 168/200 loss 0.0073 train 0.9999 test 0.5300
epoch 169/200 loss 0.0071 train 0.9999 test 0.5299
epoch 170/200 loss 0.0069 train 1.0000 test 0.5292
epoch 171/200 loss 0.0070 train 1.0000 test 0.5311
epoch 172/200 loss 0.0071 train 1.0000 test 0.5320
epoch 173/200 loss 0.0069 train 1.0000 test 0.5314
epoch 174/200 loss 0.0065 train 1.0000 test 0.5320
epoch 175/200 loss 0.0067 train 1.0000 test 0.5308
epoch 176/200 loss 0.0071 train 0.9999 test 0.5288
epoch 177/200 loss 0.0065 train 1.0000 test 0.5319
epoch 178/200 loss 0.0064 train 1.0000 test 0.5305
epoch 179/200 loss 0.0067 train 1.0000 test 0.5313
epoch 180/200 loss 0.0065 train 1.0000 test 0.5325
epoch 181/200 loss 0.0064 train 1.0000 test 0.5330
epoch 182/200 loss 0.0067 train 1.0000 test 0.5318
epoch 183/200 loss 0.0063 train 1.0000 test 0.5304
epoch 184/200 loss 0.0066 train 0.9999 test 0.5316
epoch 185/200 loss 0.0065 train 1.0000 test 0.5302
epoch 186/200 loss 0.0063 train 1.0000 test 0.5320
epoch 187/200 loss 0.0060 train 1.0000 test 0.5316
epoch 188/200 loss 0.0062 train 1.0000 test 0.5321
epoch 189/200 loss 0.0062 train 1.0000 test 0.5313
epoch 190/200 loss 0.0063 train 0.9999 test 0.5322
epoch 191/200 loss 0.0061 train 1.0000 test 0.5306
epoch 192/200 loss 0.0060 train 0.9999 test 0.5309
epoch 193/200 loss 0.0061 train 1.0000 test 0.5309
epoch 194/200 loss 0.0063 train 0.9999 test 0.5319
epoch 195/200 loss 0.0062 train 0.9999 test 0.5310
epoch 196/200 loss 0.0062 train 1.0000 test 0.5324
epoch 197/200 loss 0.0061 train 1.0000 test 0.5292
epoch 198/200 loss 0.0060 train 1.0000 test 0.5318
epoch 199/200 loss 0.0060 train 1.0000 test 0.5317
epoch 200/200 loss 0.0060 train 1.0000 test 0.5306
done: final 0.5306 best 0.5330 -> ./runs/auxmag_15pct_sched03/seed0
moment-aux target calibrated on 1024 images
[auxmag_15pct_sched03 seed1] {"params_trainable": 11222188, "params_stem_trainable": 0, "params_stem_fixed_filters": 0, "flops_total": 556705792, "flops_stem": 0, "flops_image_size": 32}
epoch 1/200 loss 4.7229 train 0.0424 test 0.0704
epoch 2/200 loss 4.1792 train 0.0850 test 0.0819
epoch 3/200 loss 3.9298 train 0.1074 test 0.0967
epoch 4/200 loss 3.7765 train 0.1268 test 0.1288
epoch 5/200 loss 3.6245 train 0.1556 test 0.1553
epoch 6/200 loss 3.4624 train 0.1847 test 0.1503
epoch 7/200 loss 3.3656 train 0.1945 test 0.1637
epoch 8/200 loss 3.2297 train 0.2181 test 0.1917
epoch 9/200 loss 3.0907 train 0.2406 test 0.1746
epoch 10/200 loss 2.9839 train 0.2553 test 0.2067
epoch 11/200 loss 2.8752 train 0.2817 test 0.2119
epoch 12/200 loss 2.7538 train 0.2990 test 0.2452
epoch 13/200 loss 2.6434 train 0.3203 test 0.2449
epoch 14/200 loss 2.5259 train 0.3462 test 0.2496
epoch 15/200 loss 2.4236 train 0.3714 test 0.2895
epoch 16/200 loss 2.3174 train 0.3858 test 0.2653
epoch 17/200 loss 2.1957 train 0.4126 test 0.3143
epoch 18/200 loss 2.1445 train 0.4274 test 0.3102
epoch 19/200 loss 2.0272 train 0.4503 test 0.3148
epoch 20/200 loss 1.9492 train 0.4686 test 0.3124
epoch 21/200 loss 1.8568 train 0.4906 test 0.3252
epoch 22/200 loss 1.7472 train 0.5097 test 0.3273
epoch 23/200 loss 1.7049 train 0.5260 test 0.3308
epoch 24/200 loss 1.5967 train 0.5527 test 0.3735
epoch 25/200 loss 1.5198 train 0.5757 test 0.3587
epoch 26/200 loss 1.4494 train 0.5867 test 0.3524
epoch 27/200 loss 1.3776 train 0.6052 test 0.3570
epoch 28/200 loss 1.2764 train 0.6342 test 0.3548
epoch 29/200 loss 1.2327 train 0.6459 test 0.3713
epoch 30/200 loss 1.1902 train 0.6550 test 0.3547
epoch 31/200 loss 1.1251 train 0.6740 test 0.3678
epoch 32/200 loss 1.0545 train 0.6868 test 0.3465
epoch 33/200 loss 0.9771 train 0.7194 test 0.3897
epoch 34/200 loss 0.8868 train 0.7411 test 0.3722
epoch 35/200 loss 0.8745 train 0.7435 test 0.3505
epoch 36/200 loss 0.8342 train 0.7535 test 0.3993
epoch 37/200 loss 0.7898 train 0.7676 test 0.3629
epoch 38/200 loss 0.7372 train 0.7854 test 0.3888
epoch 39/200 loss 0.6934 train 0.7963 test 0.3556
epoch 40/200 loss 0.6378 train 0.8122 test 0.3927
epoch 41/200 loss 0.6181 train 0.8249 test 0.3724
epoch 42/200 loss 0.5386 train 0.8459 test 0.3994
epoch 43/200 loss 0.5619 train 0.8318 test 0.3767
epoch 44/200 loss 0.5336 train 0.8436 test 0.3699
epoch 45/200 loss 0.5290 train 0.8486 test 0.3790
epoch 46/200 loss 0.5152 train 0.8487 test 0.3885
epoch 47/200 loss 0.4705 train 0.8648 test 0.4110
epoch 48/200 loss 0.4130 train 0.8886 test 0.4094
epoch 49/200 loss 0.3693 train 0.8986 test 0.4131
epoch 50/200 loss 0.3399 train 0.9098 test 0.3988
epoch 51/200 loss 0.2912 train 0.9230 test 0.4127
epoch 52/200 loss 0.3049 train 0.9184 test 0.3851
epoch 53/200 loss 0.3238 train 0.9089 test 0.4065
epoch 54/200 loss 0.3834 train 0.8925 test 0.3786
epoch 55/200 loss 0.3743 train 0.8939 test 0.4102
epoch 56/200 loss 0.3082 train 0.9137 test 0.4000
epoch 57/200 loss 0.2951 train 0.9207 test 0.4100
epoch 58/200 loss 0.2857 train 0.9223 test 0.4094
epoch 59/200 loss 0.2422 train 0.9390 test 0.4049
epoch 60/200 loss 0.2515 train 0.9327 test 0.4093
epoch 61/200 loss 0.2244 train 0.9448 test 0.4150
epoch 62/200 loss 0.2441 train 0.9370 test 0.4308
epoch 63/200 loss 0.2267 train 0.9430 test 0.3990
epoch 64/200 loss 0.2191 train 0.9448 test 0.4095
epoch 65/200 loss 0.2631 train 0.9300 test 0.4021
epoch 66/200 loss 0.2693 train 0.9267 test 0.3800
epoch 67/200 loss 0.2208 train 0.9444 test 0.4350
epoch 68/200 loss 0.1932 train 0.9506 test 0.4220
epoch 69/200 loss 0.1896 train 0.9519 test 0.4070
epoch 70/200 loss 0.1808 train 0.9562 test 0.4262
epoch 71/200 loss 0.1901 train 0.9526 test 0.4498
epoch 72/200 loss 0.1511 train 0.9651 test 0.4283
epoch 73/200 loss 0.1646 train 0.9611 test 0.4278
epoch 74/200 loss 0.1715 train 0.9599 test 0.4236
epoch 75/200 loss 0.1539 train 0.9642 test 0.4449
epoch 76/200 loss 0.1352 train 0.9710 test 0.4434
epoch 77/200 loss 0.1236 train 0.9747 test 0.4417
epoch 78/200 loss 0.1407 train 0.9701 test 0.4196
epoch 79/200 loss 0.1345 train 0.9708 test 0.4355
epoch 80/200 loss 0.1100 train 0.9782 test 0.4637
epoch 81/200 loss 0.0752 train 0.9873 test 0.4721
epoch 82/200 loss 0.0676 train 0.9895 test 0.4636
epoch 83/200 loss 0.0743 train 0.9883 test 0.4624
epoch 84/200 loss 0.0672 train 0.9903 test 0.4673
epoch 85/200 loss 0.0621 train 0.9916 test 0.4691
epoch 86/200 loss 0.0482 train 0.9947 test 0.4794
epoch 87/200 loss 0.0393 train 0.9962 test 0.4906
epoch 88/200 loss 0.0425 train 0.9958 test 0.4796
epoch 89/200 loss 0.0414 train 0.9960 test 0.4912
epoch 90/200 loss 0.0323 train 0.9974 test 0.4895
epoch 91/200 loss 0.0327 train 0.9980 test 0.4911
epoch 92/200 loss 0.0252 train 0.9992 test 0.5050
epoch 93/200 loss 0.0224 train 0.9988 test 0.4988
epoch 94/200 loss 0.0199 train 0.9997 test 0.5120
epoch 95/200 loss 0.0167 train 0.9997 test 0.5106
epoch 96/200 loss 0.0161 train 0.9997 test 0.5163
epoch 97/200 loss 0.0151 train 0.9999 test 0.5157
epoch 98/200 loss 0.0150 train 0.9997 test 0.5177
epoch 99/200 loss 0.0149 train 0.9999 test 0.5181
epoch 100/200 loss 0.0146 train 0.9997 test 0.5168
epoch 101/200 loss 0.0147 train 0.9999 test 0.5159
epoch 102/200 loss 0.0150 train 0.9997 test 0.5167
epoch 103/200 loss 0.0145 train 0.9999 test 0.5198
epoch 104/200 loss 0.0145 train 0.9999 test 0.5197
epoch 105/200 loss 0.0160 train 0.9993 test 0.5180
epoch 106/200 loss 0.0149 train 0.9999 test 0.5203
epoch 107/200 loss 0.0153 train 0.9996 test 0.5209
epoch 108/200 loss 0.0145 train 1.0000 test 0.5204
epoch 109/200 loss 0.0137 train 0.9999 test 0.5218
epoch 110/200 loss 0.0138 train 0.9997 test 0.5218
epoch 111/200 loss 0.0136 train 0.9999 test 0.5186
epoch 112/200 loss 0.0132 train 0.9997 test 0.5220
epoch 113/200 loss 0.0131 train 0.9997 test 0.5209
epoch 114/200 loss 0.0133 train 0.9999 test 0.5201
epoch 115/200 loss 0.0130 train 0.9999 test 0.5191
epoch 116/200 loss 0.0129 train 0.9999 test 0.5206
epoch 117/200 loss 0.0129 train 0.9999 test 0.5201
epoch 118/200 loss 0.0124 train 0.9999 test 0.5254
epoch 119/200 loss 0.0118 train 1.0000 test 0.5241
epoch 120/200 loss 0.0121 train 0.9999 test 0.5242
epoch 121/200 loss 0.0120 train 0.9999 test 0.5203
epoch 122/200 loss 0.0116 train 1.0000 test 0.5252
epoch 123/200 loss 0.0115 train 1.0000 test 0.5208
epoch 124/200 loss 0.0117 train 0.9999 test 0.5212
epoch 125/200 loss 0.0123 train 0.9999 test 0.5234
epoch 126/200 loss 0.0115 train 0.9999 test 0.5237
epoch 127/200 loss 0.0112 train 1.0000 test 0.5258
epoch 128/200 loss 0.0113 train 0.9997 test 0.5238
epoch 129/200 loss 0.0108 train 0.9999 test 0.5243
epoch 130/200 loss 0.0108 train 0.9999 test 0.5233
epoch 131/200 loss 0.0105 train 0.9997 test 0.5241
epoch 132/200 loss 0.0107 train 0.9999 test 0.5224
epoch 133/200 loss 0.0107 train 0.9997 test 0.5237
epoch 134/200 loss 0.0100 train 0.9999 test 0.5230
epoch 135/200 loss 0.0101 train 1.0000 test 0.5228
epoch 136/200 loss 0.0099 train 0.9999 test 0.5266
epoch 137/200 loss 0.0099 train 0.9997 test 0.5258
epoch 138/200 loss 0.0097 train 0.9999 test 0.5210
epoch 139/200 loss 0.0098 train 0.9997 test 0.5242
epoch 140/200 loss 0.0098 train 0.9999 test 0.5260
epoch 141/200 loss 0.0094 train 0.9999 test 0.5264
epoch 142/200 loss 0.0094 train 0.9997 test 0.5252
epoch 143/200 loss 0.0093 train 0.9999 test 0.5269
epoch 144/200 loss 0.0091 train 0.9999 test 0.5266
epoch 145/200 loss 0.0088 train 1.0000 test 0.5226
epoch 146/200 loss 0.0092 train 0.9999 test 0.5263
epoch 147/200 loss 0.0097 train 1.0000 test 0.5246
epoch 148/200 loss 0.0087 train 0.9999 test 0.5275
epoch 149/200 loss 0.0090 train 0.9997 test 0.5267
epoch 150/200 loss 0.0090 train 1.0000 test 0.5275
epoch 151/200 loss 0.0085 train 0.9999 test 0.5269
epoch 152/200 loss 0.0083 train 1.0000 test 0.5281
epoch 153/200 loss 0.0085 train 0.9999 test 0.5269
epoch 154/200 loss 0.0080 train 0.9999 test 0.5248
epoch 155/200 loss 0.0077 train 0.9999 test 0.5264
epoch 156/200 loss 0.0079 train 0.9999 test 0.5284
epoch 157/200 loss 0.0079 train 0.9999 test 0.5288
epoch 158/200 loss 0.0082 train 0.9999 test 0.5283
epoch 159/200 loss 0.0077 train 1.0000 test 0.5271
epoch 160/200 loss 0.0073 train 1.0000 test 0.5266
epoch 161/200 loss 0.0078 train 0.9999 test 0.5289
epoch 162/200 loss 0.0079 train 0.9997 test 0.5283
epoch 163/200 loss 0.0076 train 0.9999 test 0.5294
epoch 164/200 loss 0.0076 train 0.9999 test 0.5285
epoch 165/200 loss 0.0071 train 1.0000 test 0.5263
epoch 166/200 loss 0.0071 train 1.0000 test 0.5287
epoch 167/200 loss 0.0070 train 0.9999 test 0.5271
epoch 168/200 loss 0.0069 train 1.0000 test 0.5288
epoch 169/200 loss 0.0067 train 1.0000 test 0.5284
epoch 170/200 loss 0.0066 train 1.0000 test 0.5279
epoch 171/200 loss 0.0072 train 0.9997 test 0.5271
epoch 172/200 loss 0.0070 train 0.9999 test 0.5279
epoch 173/200 loss 0.0068 train 1.0000 test 0.5295
epoch 174/200 loss 0.0066 train 1.0000 test 0.5296
epoch 175/200 loss 0.0065 train 1.0000 test 0.5300
epoch 176/200 loss 0.0064 train 1.0000 test 0.5303
epoch 177/200 loss 0.0065 train 0.9999 test 0.5301
epoch 178/200 loss 0.0065 train 0.9999 test 0.5292
epoch 179/200 loss 0.0062 train 1.0000 test 0.5293
epoch 180/200 loss 0.0062 train 0.9999 test 0.5297
epoch 181/200 loss 0.0063 train 1.0000 test 0.5274
epoch 182/200 loss 0.0060 train 1.0000 test 0.5284
epoch 183/200 loss 0.0061 train 1.0000 test 0.5296
epoch 184/200 loss 0.0063 train 1.0000 test 0.5282
epoch 185/200 loss 0.0061 train 1.0000 test 0.5295
epoch 186/200 loss 0.0060 train 1.0000 test 0.5288
epoch 187/200 loss 0.0059 train 1.0000 test 0.5294
epoch 188/200 loss 0.0060 train 1.0000 test 0.5299
epoch 189/200 loss 0.0060 train 1.0000 test 0.5281
epoch 190/200 loss 0.0060 train 1.0000 test 0.5308
epoch 191/200 loss 0.0059 train 1.0000 test 0.5287
epoch 192/200 loss 0.0061 train 1.0000 test 0.5301
epoch 193/200 loss 0.0059 train 1.0000 test 0.5283
epoch 194/200 loss 0.0060 train 1.0000 test 0.5291
epoch 195/200 loss 0.0059 train 1.0000 test 0.5278
epoch 196/200 loss 0.0059 train 0.9999 test 0.5274
epoch 197/200 loss 0.0059 train 1.0000 test 0.5285
epoch 198/200 loss 0.0058 train 1.0000 test 0.5286
epoch 199/200 loss 0.0057 train 1.0000 test 0.5300
epoch 200/200 loss 0.0060 train 0.9999 test 0.5284
done: final 0.5284 best 0.5308 -> ./runs/auxmag_15pct_sched03/seed1
moment-aux target calibrated on 1024 images
[auxmag_15pct_sched03 seed2] {"params_trainable": 11222188, "params_stem_trainable": 0, "params_stem_fixed_filters": 0, "flops_total": 556705792, "flops_stem": 0, "flops_image_size": 32}
epoch 1/200 loss 4.6729 train 0.0423 test 0.0783
epoch 2/200 loss 4.1501 train 0.0862 test 0.0923
epoch 3/200 loss 3.9135 train 0.1123 test 0.1136
epoch 4/200 loss 3.7451 train 0.1360 test 0.1392
epoch 5/200 loss 3.5769 train 0.1624 test 0.1512
epoch 6/200 loss 3.4572 train 0.1770 test 0.1480
epoch 7/200 loss 3.3143 train 0.2037 test 0.1591
epoch 8/200 loss 3.1933 train 0.2254 test 0.1684
epoch 9/200 loss 3.0743 train 0.2416 test 0.2130
epoch 10/200 loss 2.9495 train 0.2655 test 0.2069
epoch 11/200 loss 2.8292 train 0.2817 test 0.2242
epoch 12/200 loss 2.7003 train 0.3091 test 0.2455
epoch 13/200 loss 2.5971 train 0.3269 test 0.2473
epoch 14/200 loss 2.4696 train 0.3572 test 0.2448
epoch 15/200 loss 2.3797 train 0.3766 test 0.2898
epoch 16/200 loss 2.2742 train 0.3948 test 0.2957
epoch 17/200 loss 2.1979 train 0.4096 test 0.3037
epoch 18/200 loss 2.0847 train 0.4430 test 0.3204
epoch 19/200 loss 1.9856 train 0.4603 test 0.3248
epoch 20/200 loss 1.8953 train 0.4817 test 0.3272
epoch 21/200 loss 1.8436 train 0.4931 test 0.3291
epoch 22/200 loss 1.7646 train 0.5189 test 0.3508
epoch 23/200 loss 1.6534 train 0.5399 test 0.3336
epoch 24/200 loss 1.5703 train 0.5581 test 0.3419
epoch 25/200 loss 1.5145 train 0.5744 test 0.3573
epoch 26/200 loss 1.4240 train 0.5981 test 0.3555
epoch 27/200 loss 1.3789 train 0.6048 test 0.3630
epoch 28/200 loss 1.2854 train 0.6259 test 0.3597
epoch 29/200 loss 1.2266 train 0.6463 test 0.3688
epoch 30/200 loss 1.1726 train 0.6611 test 0.3579
epoch 31/200 loss 1.0979 train 0.6844 test 0.3423
epoch 32/200 loss 1.0558 train 0.6890 test 0.3678
epoch 33/200 loss 0.9881 train 0.7104 test 0.3700
epoch 34/200 loss 0.9510 train 0.7245 test 0.3658
epoch 35/200 loss 0.8850 train 0.7410 test 0.3903
epoch 36/200 loss 0.8085 train 0.7614 test 0.3300
epoch 37/200 loss 0.7510 train 0.7783 test 0.3691
epoch 38/200 loss 0.7321 train 0.7864 test 0.3971
epoch 39/200 loss 0.6811 train 0.8033 test 0.4099
epoch 40/200 loss 0.6343 train 0.8159 test 0.3512
epoch 41/200 loss 0.6155 train 0.8178 test 0.3848
epoch 42/200 loss 0.6003 train 0.8260 test 0.3813
epoch 43/200 loss 0.5571 train 0.8421 test 0.3756
epoch 44/200 loss 0.5301 train 0.8438 test 0.3858
epoch 45/200 loss 0.5156 train 0.8497 test 0.4046
epoch 46/200 loss 0.4787 train 0.8610 test 0.4200
epoch 47/200 loss 0.4230 train 0.8794 test 0.3871
epoch 48/200 loss 0.4477 train 0.8679 test 0.3878
epoch 49/200 loss 0.4315 train 0.8807 test 0.3961
epoch 50/200 loss 0.3934 train 0.8908 test 0.3814
epoch 51/200 loss 0.3774 train 0.8964 test 0.3755
epoch 52/200 loss 0.3468 train 0.9067 test 0.4121
epoch 53/200 loss 0.3402 train 0.9075 test 0.3840
epoch 54/200 loss 0.3423 train 0.9075 test 0.3969
epoch 55/200 loss 0.3032 train 0.9158 test 0.3990
epoch 56/200 loss 0.2885 train 0.9231 test 0.3953
epoch 57/200 loss 0.2697 train 0.9293 test 0.4071
epoch 58/200 loss 0.2653 train 0.9291 test 0.4173
epoch 59/200 loss 0.2517 train 0.9348 test 0.4076
epoch 60/200 loss 0.2952 train 0.9200 test 0.3661
epoch 61/200 loss 0.2594 train 0.9343 test 0.4078
epoch 62/200 loss 0.2623 train 0.9296 test 0.4056
epoch 63/200 loss 0.2370 train 0.9364 test 0.4064
epoch 64/200 loss 0.2552 train 0.9327 test 0.4006
epoch 65/200 loss 0.2658 train 0.9266 test 0.4062
epoch 66/200 loss 0.2350 train 0.9421 test 0.4262
epoch 67/200 loss 0.1638 train 0.9654 test 0.4261
epoch 68/200 loss 0.1396 train 0.9718 test 0.4302
epoch 69/200 loss 0.1232 train 0.9764 test 0.4525
epoch 70/200 loss 0.1245 train 0.9743 test 0.4247
epoch 71/200 loss 0.1377 train 0.9708 test 0.4304
epoch 72/200 loss 0.1325 train 0.9724 test 0.4341
epoch 73/200 loss 0.1229 train 0.9772 test 0.4405
epoch 74/200 loss 0.1319 train 0.9705 test 0.4312
epoch 75/200 loss 0.1333 train 0.9732 test 0.4213
epoch 76/200 loss 0.1450 train 0.9679 test 0.4206
epoch 77/200 loss 0.1718 train 0.9589 test 0.4146
epoch 78/200 loss 0.1981 train 0.9487 test 0.4128
epoch 79/200 loss 0.2155 train 0.9438 test 0.4049
epoch 80/200 loss 0.2873 train 0.9227 test 0.3973
epoch 81/200 loss 0.2317 train 0.9442 test 0.4054
epoch 82/200 loss 0.2116 train 0.9467 test 0.4044
epoch 83/200 loss 0.1823 train 0.9551 test 0.4125
epoch 84/200 loss 0.1220 train 0.9766 test 0.4545
epoch 85/200 loss 0.0994 train 0.9805 test 0.4488
epoch 86/200 loss 0.1083 train 0.9775 test 0.4329
epoch 87/200 loss 0.0849 train 0.9840 test 0.4397
epoch 88/200 loss 0.0915 train 0.9832 test 0.4590
epoch 89/200 loss 0.0761 train 0.9875 test 0.4598
epoch 90/200 loss 0.0718 train 0.9876 test 0.4505
epoch 91/200 loss 0.0517 train 0.9945 test 0.4809
epoch 92/200 loss 0.0303 train 0.9989 test 0.4998
epoch 93/200 loss 0.0217 train 0.9999 test 0.5042
epoch 94/200 loss 0.0208 train 0.9993 test 0.4983
epoch 95/200 loss 0.0206 train 0.9995 test 0.5078
epoch 96/200 loss 0.0176 train 0.9997 test 0.5111
epoch 97/200 loss 0.0173 train 0.9997 test 0.5077
epoch 98/200 loss 0.0170 train 0.9999 test 0.5113
epoch 99/200 loss 0.0165 train 0.9999 test 0.5129
epoch 100/200 loss 0.0162 train 0.9997 test 0.5137
epoch 101/200 loss 0.0163 train 0.9997 test 0.5125
epoch 102/200 loss 0.0153 train 0.9999 test 0.5150
epoch 103/200 loss 0.0150 train 0.9997 test 0.5180
epoch 104/200 loss 0.0148 train 0.9997 test 0.5199
epoch 105/200 loss 0.0149 train 0.9999 test 0.5166
epoch 106/200 loss 0.0146 train 0.9999 test 0.5195
epoch 107/200 loss 0.0148 train 0.9997 test 0.5197
epoch 108/200 loss 0.0145 train 0.9999 test 0.5209
epoch 109/200 loss 0.0146 train 0.9997 test 0.5219
epoch 110/200 loss 0.0146 train 0.9997 test 0.5240
epoch 111/200 loss 0.0140 train 0.9999 test 0.5244
epoch 112/200 loss 0.0139 train 0.9997 test 0.5231
epoch 113/200 loss 0.0135 train 0.9999 test 0.5240
epoch 114/200 loss 0.0139 train 0.9999 test 0.5245
epoch 115/200 loss 0.0136 train 0.9999 test 0.5223
epoch 116/200 loss 0.0137 train 0.9999 test 0.5236
epoch 117/200 loss 0.0135 train 0.9999 test 0.5224
epoch 118/200 loss 0.0134 train 0.9999 test 0.5226
epoch 119/200 loss 0.0126 train 1.0000 test 0.5244
epoch 120/200 loss 0.0129 train 0.9997 test 0.5235
epoch 121/200 loss 0.0128 train 0.9999 test 0.5255
epoch 122/200 loss 0.0124 train 0.9999 test 0.5234
epoch 123/200 loss 0.0126 train 0.9999 test 0.5229
epoch 124/200 loss 0.0128 train 0.9999 test 0.5257
epoch 125/200 loss 0.0125 train 0.9997 test 0.5264
epoch 126/200 loss 0.0120 train 1.0000 test 0.5248
epoch 127/200 loss 0.0120 train 0.9999 test 0.5248
epoch 128/200 loss 0.0117 train 0.9999 test 0.5289
epoch 129/200 loss 0.0114 train 0.9999 test 0.5262
epoch 130/200 loss 0.0117 train 0.9999 test 0.5260
epoch 131/200 loss 0.0112 train 1.0000 test 0.5246
epoch 132/200 loss 0.0112 train 1.0000 test 0.5261
epoch 133/200 loss 0.0107 train 1.0000 test 0.5263
epoch 134/200 loss 0.0110 train 0.9997 test 0.5271
epoch 135/200 loss 0.0107 train 1.0000 test 0.5259
epoch 136/200 loss 0.0109 train 1.0000 test 0.5235
epoch 137/200 loss 0.0105 train 0.9999 test 0.5271
epoch 138/200 loss 0.0101 train 0.9999 test 0.5274
epoch 139/200 loss 0.0101 train 1.0000 test 0.5252
epoch 140/200 loss 0.0101 train 0.9997 test 0.5260
epoch 141/200 loss 0.0098 train 1.0000 test 0.5265
epoch 142/200 loss 0.0097 train 1.0000 test 0.5272
epoch 143/200 loss 0.0097 train 0.9999 test 0.5265
epoch 144/200 loss 0.0097 train 0.9999 test 0.5256
epoch 145/200 loss 0.0097 train 0.9999 test 0.5267
epoch 146/200 loss 0.0092 train 1.0000 test 0.5272
epoch 147/200 loss 0.0094 train 0.9997 test 0.5260
epoch 148/200 loss 0.0090 train 1.0000 test 0.5275
epoch 149/200 loss 0.0088 train 1.0000 test 0.5262
epoch 150/200 loss 0.0088 train 0.9999 test 0.5284
epoch 151/200 loss 0.0090 train 0.9997 test 0.5273
epoch 152/200 loss 0.0087 train 0.9999 test 0.5276
epoch 153/200 loss 0.0091 train 0.9999 test 0.5289
epoch 154/200 loss 0.0084 train 1.0000 test 0.5288
epoch 155/200 loss 0.0086 train 0.9997 test 0.5275
epoch 156/200 loss 0.0082 train 1.0000 test 0.5279
epoch 157/200 loss 0.0083 train 0.9999 test 0.5261
epoch 158/200 loss 0.0081 train 1.0000 test 0.5288
epoch 159/200 loss 0.0080 train 0.9999 test 0.5291
epoch 160/200 loss 0.0080 train 0.9999 test 0.5267
epoch 161/200 loss 0.0081 train 0.9997 test 0.5275
epoch 162/200 loss 0.0078 train 1.0000 test 0.5266
epoch 163/200 loss 0.0076 train 0.9999 test 0.5276
epoch 164/200 loss 0.0078 train 0.9999 test 0.5286
epoch 165/200 loss 0.0075 train 0.9999 test 0.5301
epoch 166/200 loss 0.0073 train 1.0000 test 0.5302
epoch 167/200 loss 0.0073 train 1.0000 test 0.5301
epoch 168/200 loss 0.0074 train 0.9999 test 0.5274
epoch 169/200 loss 0.0074 train 0.9999 test 0.5276
epoch 170/200 loss 0.0071 train 1.0000 test 0.5298
epoch 171/200 loss 0.0072 train 1.0000 test 0.5285
epoch 172/200 loss 0.0071 train 1.0000 test 0.5294
epoch 173/200 loss 0.0069 train 1.0000 test 0.5293
epoch 174/200 loss 0.0070 train 0.9997 test 0.5271
epoch 175/200 loss 0.0071 train 1.0000 test 0.5296
epoch 176/200 loss 0.0068 train 1.0000 test 0.5290
epoch 177/200 loss 0.0068 train 1.0000 test 0.5293
epoch 178/200 loss 0.0065 train 1.0000 test 0.5300
epoch 179/200 loss 0.0067 train 1.0000 test 0.5309
epoch 180/200 loss 0.0065 train 1.0000 test 0.5329
epoch 181/200 loss 0.0064 train 1.0000 test 0.5319
epoch 182/200 loss 0.0064 train 0.9999 test 0.5306
epoch 183/200 loss 0.0065 train 0.9999 test 0.5307
epoch 184/200 loss 0.0063 train 1.0000 test 0.5322
epoch 185/200 loss 0.0063 train 1.0000 test 0.5315
epoch 186/200 loss 0.0063 train 1.0000 test 0.5311
epoch 187/200 loss 0.0065 train 1.0000 test 0.5327
epoch 188/200 loss 0.0065 train 0.9999 test 0.5319
epoch 189/200 loss 0.0061 train 1.0000 test 0.5316
epoch 190/200 loss 0.0062 train 0.9999 test 0.5319
epoch 191/200 loss 0.0060 train 1.0000 test 0.5300
epoch 192/200 loss 0.0061 train 1.0000 test 0.5322
epoch 193/200 loss 0.0061 train 1.0000 test 0.5325
epoch 194/200 loss 0.0061 train 1.0000 test 0.5325
epoch 195/200 loss 0.0062 train 1.0000 test 0.5316
epoch 196/200 loss 0.0060 train 1.0000 test 0.5315
epoch 197/200 loss 0.0060 train 1.0000 test 0.5312
epoch 198/200 loss 0.0063 train 0.9999 test 0.5320
epoch 199/200 loss 0.0060 train 1.0000 test 0.5316
epoch 200/200 loss 0.0060 train 1.0000 test 0.5318
done: final 0.5318 best 0.5329 -> ./runs/auxmag_15pct_sched03/seed2
AUXGENTLE_auxmag_15pct_sched03_DONE
AUXGENTLE_COMPLETE
