moment-aux target calibrated on 1024 images
[r50_aux_10pct_hn seed0] {"params_trainable": 23713452, "params_stem_trainable": 0, "params_stem_fixed_filters": 0, "flops_total": 1304911872, "flops_stem": 0, "flops_image_size": 32}
epoch 1/200 loss 7.7528 train 0.0202 test 0.0409
epoch 2/200 loss 4.9461 train 0.0389 test 0.0518
epoch 3/200 loss 4.4310 train 0.0651 test 0.0832
epoch 4/200 loss 4.2083 train 0.0877 test 0.0992
epoch 5/200 loss 3.9883 train 0.1126 test 0.1114
epoch 6/200 loss 3.8352 train 0.1348 test 0.1313
epoch 7/200 loss 3.6945 train 0.1496 test 0.1547
epoch 8/200 loss 3.5699 train 0.1689 test 0.1500
epoch 9/200 loss 3.4383 train 0.1861 test 0.1658
epoch 10/200 loss 3.3282 train 0.2049 test 0.1536
epoch 11/200 loss 3.2256 train 0.2276 test 0.1700
epoch 12/200 loss 3.1405 train 0.2468 test 0.1835
epoch 13/200 loss 3.0310 train 0.2676 test 0.2017
epoch 14/200 loss 2.9581 train 0.2650 test 0.1891
epoch 15/200 loss 2.8142 train 0.2909 test 0.2096
epoch 16/200 loss 2.7187 train 0.3165 test 0.2353
epoch 17/200 loss 2.6307 train 0.3323 test 0.2399
epoch 18/200 loss 2.5612 train 0.3462 test 0.2438
epoch 19/200 loss 2.4760 train 0.3700 test 0.2451
epoch 20/200 loss 2.3759 train 0.3936 test 0.2779
epoch 21/200 loss 2.2805 train 0.4016 test 0.2434
epoch 22/200 loss 2.2032 train 0.4215 test 0.2849
epoch 23/200 loss 2.1528 train 0.4381 test 0.2698
epoch 24/200 loss 2.0542 train 0.4479 test 0.2587
epoch 25/200 loss 1.9662 train 0.4790 test 0.2725
epoch 26/200 loss 1.8707 train 0.4920 test 0.2818
epoch 27/200 loss 1.8348 train 0.5154 test 0.2454
epoch 28/200 loss 1.8061 train 0.5046 test 0.2881
epoch 29/200 loss 1.7139 train 0.5286 test 0.3020
epoch 30/200 loss 1.6514 train 0.5529 test 0.2776
epoch 31/200 loss 1.6006 train 0.5621 test 0.3077
epoch 32/200 loss 1.5116 train 0.5845 test 0.3114
epoch 33/200 loss 1.4735 train 0.5966 test 0.3140
epoch 34/200 loss 1.4207 train 0.6110 test 0.3156
epoch 35/200 loss 1.3221 train 0.6350 test 0.3213
epoch 36/200 loss 1.2886 train 0.6390 test 0.3107
epoch 37/200 loss 1.2790 train 0.6396 test 0.2945
epoch 38/200 loss 1.1573 train 0.6753 test 0.3118
epoch 39/200 loss 1.1375 train 0.6757 test 0.3218
epoch 40/200 loss 1.0788 train 0.6959 test 0.3141
epoch 41/200 loss 1.0047 train 0.7222 test 0.3401
epoch 42/200 loss 1.0091 train 0.7131 test 0.2988
epoch 43/200 loss 0.9638 train 0.7276 test 0.3087
epoch 44/200 loss 0.9324 train 0.7392 test 0.3248
epoch 45/200 loss 0.8889 train 0.7444 test 0.3357
epoch 46/200 loss 0.8165 train 0.7740 test 0.3277
epoch 47/200 loss 0.8049 train 0.7750 test 0.3332
epoch 48/200 loss 0.8034 train 0.7794 test 0.3255
epoch 49/200 loss 0.7179 train 0.8019 test 0.3363
epoch 50/200 loss 0.6531 train 0.8193 test 0.3199
epoch 51/200 loss 0.6656 train 0.8101 test 0.3219
epoch 52/200 loss 0.6403 train 0.8209 test 0.3106
epoch 53/200 loss 0.5551 train 0.8588 test 0.3390
epoch 54/200 loss 0.5568 train 0.8524 test 0.3167
epoch 55/200 loss 0.5296 train 0.8530 test 0.3268
epoch 56/200 loss 0.5494 train 0.8536 test 0.3341
epoch 57/200 loss 0.5214 train 0.8582 test 0.3364
epoch 58/200 loss 0.4540 train 0.8796 test 0.3387
epoch 59/200 loss 0.4705 train 0.8748 test 0.3455
epoch 60/200 loss 0.4597 train 0.8820 test 0.3318
epoch 61/200 loss 0.4311 train 0.8878 test 0.3553
epoch 62/200 loss 0.4275 train 0.8876 test 0.3649
epoch 63/200 loss 0.4122 train 0.8940 test 0.3361
epoch 64/200 loss 0.3954 train 0.9026 test 0.3540
epoch 65/200 loss 0.3837 train 0.9034 test 0.3285
epoch 66/200 loss 0.3496 train 0.9133 test 0.3563
epoch 67/200 loss 0.2993 train 0.9279 test 0.3595
epoch 68/200 loss 0.2801 train 0.9343 test 0.3379
epoch 69/200 loss 0.2595 train 0.9373 test 0.3632
epoch 70/200 loss 0.2358 train 0.9459 test 0.3558
epoch 71/200 loss 0.2651 train 0.9355 test 0.3478
epoch 72/200 loss 0.2626 train 0.9363 test 0.3490
epoch 73/200 loss 0.2125 train 0.9535 test 0.3541
epoch 74/200 loss 0.1847 train 0.9603 test 0.3662
epoch 75/200 loss 0.1797 train 0.9635 test 0.3714
epoch 76/200 loss 0.2018 train 0.9545 test 0.3703
epoch 77/200 loss 0.2461 train 0.9433 test 0.3548
epoch 78/200 loss 0.2291 train 0.9493 test 0.3660
epoch 79/200 loss 0.2214 train 0.9481 test 0.3499
epoch 80/200 loss 0.2043 train 0.9539 test 0.3541
epoch 81/200 loss 0.1855 train 0.9599 test 0.3614
epoch 82/200 loss 0.1590 train 0.9679 test 0.3635
epoch 83/200 loss 0.1926 train 0.9575 test 0.3702
epoch 84/200 loss 0.1828 train 0.9629 test 0.3555
epoch 85/200 loss 0.1747 train 0.9629 test 0.3680
epoch 86/200 loss 0.1622 train 0.9677 test 0.3842
epoch 87/200 loss 0.1461 train 0.9718 test 0.3756
epoch 88/200 loss 0.1273 train 0.9762 test 0.3789
epoch 89/200 loss 0.1206 train 0.9792 test 0.3708
epoch 90/200 loss 0.0934 train 0.9850 test 0.3608
epoch 91/200 loss 0.0839 train 0.9880 test 0.3917
epoch 92/200 loss 0.0794 train 0.9884 test 0.3959
epoch 93/200 loss 0.0774 train 0.9898 test 0.4058
epoch 94/200 loss 0.0629 train 0.9932 test 0.4030
epoch 95/200 loss 0.0607 train 0.9930 test 0.4002
epoch 96/200 loss 0.0503 train 0.9952 test 0.4179
epoch 97/200 loss 0.0429 train 0.9966 test 0.4167
epoch 98/200 loss 0.0359 train 0.9986 test 0.4251
epoch 99/200 loss 0.0326 train 0.9980 test 0.4270
epoch 100/200 loss 0.0277 train 0.9992 test 0.4312
epoch 101/200 loss 0.0248 train 0.9998 test 0.4382
epoch 102/200 loss 0.0215 train 0.9996 test 0.4379
epoch 103/200 loss 0.0206 train 0.9996 test 0.4385
epoch 104/200 loss 0.0192 train 0.9996 test 0.4392
epoch 105/200 loss 0.0185 train 0.9998 test 0.4440
epoch 106/200 loss 0.0183 train 0.9998 test 0.4439
epoch 107/200 loss 0.0170 train 0.9998 test 0.4448
epoch 108/200 loss 0.0172 train 1.0000 test 0.4413
epoch 109/200 loss 0.0179 train 0.9996 test 0.4444
epoch 110/200 loss 0.0165 train 0.9998 test 0.4442
epoch 111/200 loss 0.0162 train 1.0000 test 0.4435
epoch 112/200 loss 0.0161 train 0.9998 test 0.4451
epoch 113/200 loss 0.0159 train 0.9998 test 0.4443
epoch 114/200 loss 0.0150 train 0.9996 test 0.4442
epoch 115/200 loss 0.0155 train 0.9996 test 0.4433
epoch 116/200 loss 0.0153 train 1.0000 test 0.4438
epoch 117/200 loss 0.0140 train 0.9998 test 0.4458
epoch 118/200 loss 0.0145 train 0.9998 test 0.4453
epoch 119/200 loss 0.0136 train 0.9998 test 0.4417
epoch 120/200 loss 0.0143 train 0.9996 test 0.4452
epoch 121/200 loss 0.0139 train 0.9996 test 0.4452
epoch 122/200 loss 0.0134 train 0.9998 test 0.4452
epoch 123/200 loss 0.0132 train 0.9998 test 0.4457
epoch 124/200 loss 0.0130 train 0.9998 test 0.4466
epoch 125/200 loss 0.0126 train 0.9996 test 0.4468
epoch 126/200 loss 0.0127 train 0.9998 test 0.4436
epoch 127/200 loss 0.0124 train 0.9998 test 0.4483
epoch 128/200 loss 0.0119 train 1.0000 test 0.4467
epoch 129/200 loss 0.0121 train 0.9998 test 0.4419
epoch 130/200 loss 0.0119 train 0.9998 test 0.4426
epoch 131/200 loss 0.0119 train 0.9998 test 0.4421
epoch 132/200 loss 0.0116 train 0.9998 test 0.4447
epoch 133/200 loss 0.0110 train 0.9996 test 0.4439
epoch 134/200 loss 0.0110 train 0.9998 test 0.4432
epoch 135/200 loss 0.0110 train 0.9996 test 0.4449
epoch 136/200 loss 0.0107 train 1.0000 test 0.4466
epoch 137/200 loss 0.0102 train 0.9996 test 0.4469
epoch 138/200 loss 0.0101 train 0.9998 test 0.4459
epoch 139/200 loss 0.0100 train 0.9998 test 0.4456
epoch 140/200 loss 0.0101 train 0.9998 test 0.4454
epoch 141/200 loss 0.0099 train 0.9998 test 0.4470
epoch 142/200 loss 0.0096 train 0.9996 test 0.4464
epoch 143/200 loss 0.0097 train 0.9996 test 0.4466
epoch 144/200 loss 0.0095 train 0.9998 test 0.4472
epoch 145/200 loss 0.0094 train 0.9996 test 0.4479
epoch 146/200 loss 0.0093 train 0.9998 test 0.4470
epoch 147/200 loss 0.0086 train 0.9996 test 0.4451
epoch 148/200 loss 0.0088 train 0.9998 test 0.4454
epoch 149/200 loss 0.0087 train 0.9996 test 0.4450
epoch 150/200 loss 0.0085 train 0.9998 test 0.4461
epoch 151/200 loss 0.0084 train 0.9998 test 0.4451
epoch 152/200 loss 0.0082 train 0.9998 test 0.4475
epoch 153/200 loss 0.0077 train 0.9998 test 0.4468
epoch 154/200 loss 0.0080 train 1.0000 test 0.4461
epoch 155/200 loss 0.0081 train 0.9996 test 0.4462
epoch 156/200 loss 0.0076 train 1.0000 test 0.4483
epoch 157/200 loss 0.0074 train 0.9998 test 0.4456
epoch 158/200 loss 0.0073 train 1.0000 test 0.4476
epoch 159/200 loss 0.0071 train 1.0000 test 0.4489
epoch 160/200 loss 0.0074 train 0.9998 test 0.4478
epoch 161/200 loss 0.0071 train 1.0000 test 0.4479
epoch 162/200 loss 0.0073 train 0.9998 test 0.4466
epoch 163/200 loss 0.0070 train 0.9998 test 0.4473
epoch 164/200 loss 0.0068 train 0.9998 test 0.4460
epoch 165/200 loss 0.0065 train 0.9998 test 0.4458
epoch 166/200 loss 0.0067 train 0.9996 test 0.4450
epoch 167/200 loss 0.0066 train 1.0000 test 0.4459
epoch 168/200 loss 0.0068 train 1.0000 test 0.4445
epoch 169/200 loss 0.0065 train 1.0000 test 0.4460
epoch 170/200 loss 0.0063 train 0.9998 test 0.4451
epoch 171/200 loss 0.0063 train 1.0000 test 0.4456
epoch 172/200 loss 0.0063 train 1.0000 test 0.4440
epoch 173/200 loss 0.0062 train 0.9998 test 0.4462
epoch 174/200 loss 0.0060 train 0.9998 test 0.4455
epoch 175/200 loss 0.0060 train 1.0000 test 0.4461
epoch 176/200 loss 0.0060 train 0.9998 test 0.4446
epoch 177/200 loss 0.0059 train 1.0000 test 0.4452
epoch 178/200 loss 0.0055 train 1.0000 test 0.4444
epoch 179/200 loss 0.0056 train 1.0000 test 0.4436
epoch 180/200 loss 0.0056 train 0.9998 test 0.4438
epoch 181/200 loss 0.0056 train 1.0000 test 0.4444
epoch 182/200 loss 0.0054 train 1.0000 test 0.4458
epoch 183/200 loss 0.0051 train 1.0000 test 0.4450
epoch 184/200 loss 0.0052 train 1.0000 test 0.4444
epoch 185/200 loss 0.0054 train 1.0000 test 0.4460
epoch 186/200 loss 0.0054 train 0.9998 test 0.4445
epoch 187/200 loss 0.0053 train 0.9998 test 0.4437
epoch 188/200 loss 0.0052 train 0.9998 test 0.4445
epoch 189/200 loss 0.0050 train 1.0000 test 0.4431
epoch 190/200 loss 0.0052 train 0.9996 test 0.4452
epoch 191/200 loss 0.0049 train 1.0000 test 0.4449
epoch 192/200 loss 0.0049 train 1.0000 test 0.4439
epoch 193/200 loss 0.0050 train 0.9998 test 0.4447
epoch 194/200 loss 0.0052 train 1.0000 test 0.4437
epoch 195/200 loss 0.0050 train 0.9998 test 0.4460
epoch 196/200 loss 0.0051 train 0.9998 test 0.4457
epoch 197/200 loss 0.0049 train 1.0000 test 0.4442
epoch 198/200 loss 0.0052 train 0.9998 test 0.4455
epoch 199/200 loss 0.0050 train 1.0000 test 0.4449
epoch 200/200 loss 0.0049 train 1.0000 test 0.4445
done: final 0.4445 best 0.4489 -> ./runs/r50_aux_10pct_hn/seed0
moment-aux target calibrated on 1024 images
[r50_aux_10pct_hn seed1] {"params_trainable": 23713452, "params_stem_trainable": 0, "params_stem_fixed_filters": 0, "flops_total": 1304911872, "flops_stem": 0, "flops_image_size": 32}
epoch 1/200 loss 8.2131 train 0.0194 test 0.0360
epoch 2/200 loss 4.9042 train 0.0341 test 0.0623
epoch 3/200 loss 4.3705 train 0.0711 test 0.0829
epoch 4/200 loss 4.1531 train 0.0972 test 0.0926
epoch 5/200 loss 3.9722 train 0.1162 test 0.1162
epoch 6/200 loss 3.7844 train 0.1416 test 0.1230
epoch 7/200 loss 3.6511 train 0.1498 test 0.1471
epoch 8/200 loss 3.5241 train 0.1763 test 0.1552
epoch 9/200 loss 3.4247 train 0.1897 test 0.1632
epoch 10/200 loss 3.3183 train 0.2079 test 0.1622
epoch 11/200 loss 3.2074 train 0.2216 test 0.1730
epoch 12/200 loss 3.0952 train 0.2434 test 0.1816
epoch 13/200 loss 2.9843 train 0.2736 test 0.2149
epoch 14/200 loss 2.8738 train 0.2859 test 0.2126
epoch 15/200 loss 2.7982 train 0.3073 test 0.2337
epoch 16/200 loss 2.6781 train 0.3293 test 0.2383
epoch 17/200 loss 2.5906 train 0.3413 test 0.2282
epoch 18/200 loss 2.4727 train 0.3708 test 0.2501
epoch 19/200 loss 2.4250 train 0.3720 test 0.2536
epoch 20/200 loss 2.3389 train 0.3952 test 0.2234
epoch 21/200 loss 2.2272 train 0.4145 test 0.2733
epoch 22/200 loss 2.1874 train 0.4317 test 0.2609
epoch 23/200 loss 2.0833 train 0.4483 test 0.2663
epoch 24/200 loss 2.0209 train 0.4623 test 0.2944
epoch 25/200 loss 1.9314 train 0.4846 test 0.2487
epoch 26/200 loss 1.8858 train 0.4980 test 0.2807
epoch 27/200 loss 1.7933 train 0.5198 test 0.2887
epoch 28/200 loss 1.7461 train 0.5306 test 0.3052
epoch 29/200 loss 1.6920 train 0.5337 test 0.3154
epoch 30/200 loss 1.6354 train 0.5611 test 0.3111
epoch 31/200 loss 1.5397 train 0.5839 test 0.2919
epoch 32/200 loss 1.4729 train 0.5994 test 0.2694
epoch 33/200 loss 1.4301 train 0.6076 test 0.3174
epoch 34/200 loss 1.4049 train 0.6062 test 0.3110
epoch 35/200 loss 1.3129 train 0.6326 test 0.3086
epoch 36/200 loss 1.2783 train 0.6488 test 0.2942
epoch 37/200 loss 1.2216 train 0.6643 test 0.3264
epoch 38/200 loss 1.1662 train 0.6669 test 0.3124
epoch 39/200 loss 1.0906 train 0.6895 test 0.3203
epoch 40/200 loss 1.0723 train 0.6985 test 0.3174
epoch 41/200 loss 1.0972 train 0.6899 test 0.3169
epoch 42/200 loss 0.9410 train 0.7378 test 0.3333
epoch 43/200 loss 0.8944 train 0.7482 test 0.3044
epoch 44/200 loss 0.8980 train 0.7514 test 0.3324
epoch 45/200 loss 0.8250 train 0.7716 test 0.3454
epoch 46/200 loss 0.8149 train 0.7654 test 0.3122
epoch 47/200 loss 0.8250 train 0.7644 test 0.3119
epoch 48/200 loss 0.7460 train 0.7943 test 0.3389
epoch 49/200 loss 0.7315 train 0.7945 test 0.3388
epoch 50/200 loss 0.6387 train 0.8263 test 0.3607
epoch 51/200 loss 0.6011 train 0.8311 test 0.3218
epoch 52/200 loss 0.5575 train 0.8510 test 0.3418
epoch 53/200 loss 0.5633 train 0.8534 test 0.3427
epoch 54/200 loss 0.5772 train 0.8444 test 0.3202
epoch 55/200 loss 0.5781 train 0.8411 test 0.3224
epoch 56/200 loss 0.5214 train 0.8678 test 0.3446
epoch 57/200 loss 0.4838 train 0.8724 test 0.3281
epoch 58/200 loss 0.5474 train 0.8540 test 0.3499
epoch 59/200 loss 0.4747 train 0.8718 test 0.3443
epoch 60/200 loss 0.4626 train 0.8758 test 0.3572
epoch 61/200 loss 0.4495 train 0.8762 test 0.3344
epoch 62/200 loss 0.4132 train 0.8930 test 0.3417
epoch 63/200 loss 0.3539 train 0.9123 test 0.3517
epoch 64/200 loss 0.3518 train 0.9079 test 0.3577
epoch 65/200 loss 0.3442 train 0.9101 test 0.3641
epoch 66/200 loss 0.3095 train 0.9261 test 0.3505
epoch 67/200 loss 0.3296 train 0.9159 test 0.3369
epoch 68/200 loss 0.3293 train 0.9189 test 0.3603
epoch 69/200 loss 0.3398 train 0.9119 test 0.3471
epoch 70/200 loss 0.3223 train 0.9199 test 0.3343
epoch 71/200 loss 0.2645 train 0.9415 test 0.3600
epoch 72/200 loss 0.2375 train 0.9473 test 0.3422
epoch 73/200 loss 0.2310 train 0.9489 test 0.3541
epoch 74/200 loss 0.2069 train 0.9547 test 0.3753
epoch 75/200 loss 0.1857 train 0.9581 test 0.3716
epoch 76/200 loss 0.1829 train 0.9595 test 0.3683
epoch 77/200 loss 0.1852 train 0.9619 test 0.3811
epoch 78/200 loss 0.1875 train 0.9591 test 0.3711
epoch 79/200 loss 0.1779 train 0.9639 test 0.3521
epoch 80/200 loss 0.2173 train 0.9497 test 0.3622
epoch 81/200 loss 0.2140 train 0.9493 test 0.3559
epoch 82/200 loss 0.1739 train 0.9625 test 0.3802
epoch 83/200 loss 0.1654 train 0.9657 test 0.3873
epoch 84/200 loss 0.1320 train 0.9784 test 0.3901
epoch 85/200 loss 0.1348 train 0.9752 test 0.3816
epoch 86/200 loss 0.1283 train 0.9766 test 0.3797
epoch 87/200 loss 0.1296 train 0.9758 test 0.3828
epoch 88/200 loss 0.1349 train 0.9732 test 0.3794
epoch 89/200 loss 0.1379 train 0.9752 test 0.3726
epoch 90/200 loss 0.1214 train 0.9790 test 0.3776
epoch 91/200 loss 0.1007 train 0.9838 test 0.3956
epoch 92/200 loss 0.0852 train 0.9892 test 0.4026
epoch 93/200 loss 0.0662 train 0.9910 test 0.3996
epoch 94/200 loss 0.0674 train 0.9914 test 0.4145
epoch 95/200 loss 0.0600 train 0.9926 test 0.4126
epoch 96/200 loss 0.0532 train 0.9952 test 0.4142
epoch 97/200 loss 0.0461 train 0.9946 test 0.4137
epoch 98/200 loss 0.0443 train 0.9962 test 0.4207
epoch 99/200 loss 0.0305 train 0.9996 test 0.4250
epoch 100/200 loss 0.0306 train 0.9988 test 0.4350
epoch 101/200 loss 0.0267 train 0.9990 test 0.4351
epoch 102/200 loss 0.0255 train 0.9986 test 0.4236
epoch 103/200 loss 0.0233 train 0.9992 test 0.4371
epoch 104/200 loss 0.0200 train 0.9998 test 0.4443
epoch 105/200 loss 0.0185 train 0.9998 test 0.4423
epoch 106/200 loss 0.0182 train 0.9998 test 0.4458
epoch 107/200 loss 0.0177 train 0.9998 test 0.4426
epoch 108/200 loss 0.0170 train 0.9998 test 0.4431
epoch 109/200 loss 0.0167 train 0.9996 test 0.4443
epoch 110/200 loss 0.0167 train 0.9998 test 0.4449
epoch 111/200 loss 0.0163 train 0.9998 test 0.4459
epoch 112/200 loss 0.0163 train 0.9996 test 0.4453
epoch 113/200 loss 0.0147 train 0.9998 test 0.4460
epoch 114/200 loss 0.0154 train 1.0000 test 0.4474
epoch 115/200 loss 0.0151 train 0.9998 test 0.4428
epoch 116/200 loss 0.0149 train 0.9998 test 0.4458
epoch 117/200 loss 0.0137 train 0.9998 test 0.4456
epoch 118/200 loss 0.0137 train 0.9996 test 0.4466
epoch 119/200 loss 0.0141 train 0.9998 test 0.4464
epoch 120/200 loss 0.0139 train 0.9998 test 0.4450
epoch 121/200 loss 0.0134 train 0.9998 test 0.4469
epoch 122/200 loss 0.0132 train 0.9996 test 0.4501
epoch 123/200 loss 0.0128 train 0.9998 test 0.4481
epoch 124/200 loss 0.0125 train 0.9998 test 0.4468
epoch 125/200 loss 0.0122 train 1.0000 test 0.4456
epoch 126/200 loss 0.0122 train 0.9998 test 0.4491
epoch 127/200 loss 0.0117 train 0.9996 test 0.4494
epoch 128/200 loss 0.0120 train 0.9996 test 0.4463
epoch 129/200 loss 0.0120 train 0.9996 test 0.4476
epoch 130/200 loss 0.0114 train 0.9998 test 0.4428
epoch 131/200 loss 0.0112 train 0.9996 test 0.4470
epoch 132/200 loss 0.0106 train 0.9998 test 0.4475
epoch 133/200 loss 0.0110 train 1.0000 test 0.4490
epoch 134/200 loss 0.0110 train 1.0000 test 0.4492
epoch 135/200 loss 0.0106 train 0.9998 test 0.4499
epoch 136/200 loss 0.0106 train 0.9998 test 0.4496
epoch 137/200 loss 0.0104 train 0.9998 test 0.4476
epoch 138/200 loss 0.0101 train 0.9998 test 0.4486
epoch 139/200 loss 0.0100 train 0.9996 test 0.4487
epoch 140/200 loss 0.0096 train 0.9998 test 0.4489
epoch 141/200 loss 0.0098 train 0.9996 test 0.4467
epoch 142/200 loss 0.0094 train 0.9998 test 0.4496
epoch 143/200 loss 0.0091 train 0.9998 test 0.4477
epoch 144/200 loss 0.0090 train 0.9998 test 0.4474
epoch 145/200 loss 0.0088 train 1.0000 test 0.4491
epoch 146/200 loss 0.0089 train 0.9998 test 0.4474
epoch 147/200 loss 0.0089 train 0.9996 test 0.4474
epoch 148/200 loss 0.0090 train 0.9998 test 0.4472
epoch 149/200 loss 0.0084 train 1.0000 test 0.4468
epoch 150/200 loss 0.0081 train 0.9998 test 0.4485
epoch 151/200 loss 0.0082 train 1.0000 test 0.4483
epoch 152/200 loss 0.0083 train 0.9998 test 0.4472
epoch 153/200 loss 0.0081 train 0.9998 test 0.4482
epoch 154/200 loss 0.0077 train 0.9998 test 0.4494
epoch 155/200 loss 0.0083 train 0.9996 test 0.4496
epoch 156/200 loss 0.0075 train 0.9998 test 0.4507
epoch 157/200 loss 0.0075 train 0.9998 test 0.4494
epoch 158/200 loss 0.0072 train 0.9996 test 0.4480
epoch 159/200 loss 0.0073 train 1.0000 test 0.4476
epoch 160/200 loss 0.0069 train 1.0000 test 0.4491
epoch 161/200 loss 0.0069 train 1.0000 test 0.4478
epoch 162/200 loss 0.0072 train 0.9996 test 0.4479
epoch 163/200 loss 0.0069 train 0.9996 test 0.4469
epoch 164/200 loss 0.0066 train 0.9998 test 0.4480
epoch 165/200 loss 0.0067 train 1.0000 test 0.4486
epoch 166/200 loss 0.0067 train 0.9998 test 0.4512
epoch 167/200 loss 0.0066 train 0.9998 test 0.4499
epoch 168/200 loss 0.0065 train 0.9998 test 0.4498
epoch 169/200 loss 0.0064 train 1.0000 test 0.4485
epoch 170/200 loss 0.0064 train 1.0000 test 0.4489
epoch 171/200 loss 0.0059 train 1.0000 test 0.4503
epoch 172/200 loss 0.0057 train 1.0000 test 0.4487
epoch 173/200 loss 0.0062 train 0.9998 test 0.4508
epoch 174/200 loss 0.0057 train 0.9998 test 0.4492
epoch 175/200 loss 0.0057 train 0.9998 test 0.4500
epoch 176/200 loss 0.0054 train 1.0000 test 0.4491
epoch 177/200 loss 0.0054 train 1.0000 test 0.4492
epoch 178/200 loss 0.0055 train 1.0000 test 0.4500
epoch 179/200 loss 0.0057 train 0.9998 test 0.4491
epoch 180/200 loss 0.0053 train 1.0000 test 0.4460
epoch 181/200 loss 0.0052 train 1.0000 test 0.4492
epoch 182/200 loss 0.0056 train 1.0000 test 0.4468
epoch 183/200 loss 0.0053 train 1.0000 test 0.4497
epoch 184/200 loss 0.0051 train 0.9998 test 0.4512
epoch 185/200 loss 0.0051 train 1.0000 test 0.4499
epoch 186/200 loss 0.0050 train 1.0000 test 0.4495
epoch 187/200 loss 0.0049 train 1.0000 test 0.4482
epoch 188/200 loss 0.0052 train 0.9996 test 0.4506
epoch 189/200 loss 0.0052 train 0.9998 test 0.4486
epoch 190/200 loss 0.0051 train 1.0000 test 0.4493
epoch 191/200 loss 0.0049 train 1.0000 test 0.4493
epoch 192/200 loss 0.0048 train 0.9998 test 0.4487
epoch 193/200 loss 0.0051 train 1.0000 test 0.4507
epoch 194/200 loss 0.0047 train 0.9998 test 0.4485
epoch 195/200 loss 0.0049 train 0.9998 test 0.4477
epoch 196/200 loss 0.0048 train 1.0000 test 0.4512
epoch 197/200 loss 0.0050 train 1.0000 test 0.4501
epoch 198/200 loss 0.0048 train 1.0000 test 0.4493
epoch 199/200 loss 0.0050 train 1.0000 test 0.4500
epoch 200/200 loss 0.0049 train 1.0000 test 0.4495
done: final 0.4495 best 0.4512 -> ./runs/r50_aux_10pct_hn/seed1
moment-aux target calibrated on 1024 images
[r50_aux_10pct_hn seed2] {"params_trainable": 23713452, "params_stem_trainable": 0, "params_stem_fixed_filters": 0, "flops_total": 1304911872, "flops_stem": 0, "flops_image_size": 32}
epoch 1/200 loss 8.1719 train 0.0222 test 0.0367
epoch 2/200 loss 4.8606 train 0.0405 test 0.0644
epoch 3/200 loss 4.3723 train 0.0733 test 0.0830
epoch 4/200 loss 4.1325 train 0.1022 test 0.1062
epoch 5/200 loss 3.9252 train 0.1266 test 0.1129
epoch 6/200 loss 3.7831 train 0.1442 test 0.1348
epoch 7/200 loss 3.6501 train 0.1562 test 0.1440
epoch 8/200 loss 3.4968 train 0.1807 test 0.1662
epoch 9/200 loss 3.4271 train 0.1949 test 0.1695
epoch 10/200 loss 3.2987 train 0.2196 test 0.1677
epoch 11/200 loss 3.1917 train 0.2358 test 0.1714
epoch 12/200 loss 3.0863 train 0.2522 test 0.1869
epoch 13/200 loss 3.0007 train 0.2598 test 0.1875
epoch 14/200 loss 2.8677 train 0.2849 test 0.2052
epoch 15/200 loss 2.7949 train 0.3071 test 0.2115
epoch 16/200 loss 2.6865 train 0.3187 test 0.2268
epoch 17/200 loss 2.5830 train 0.3391 test 0.2209
epoch 18/200 loss 2.4552 train 0.3678 test 0.2330
epoch 19/200 loss 2.3915 train 0.3814 test 0.2364
epoch 20/200 loss 2.3298 train 0.3968 test 0.2551
epoch 21/200 loss 2.1961 train 0.4197 test 0.2509
epoch 22/200 loss 2.1346 train 0.4403 test 0.2683
epoch 23/200 loss 2.0197 train 0.4661 test 0.2592
epoch 24/200 loss 1.9565 train 0.4786 test 0.2771
epoch 25/200 loss 1.8679 train 0.5072 test 0.2745
epoch 26/200 loss 1.8367 train 0.5094 test 0.2780
epoch 27/200 loss 1.7398 train 0.5260 test 0.2866
epoch 28/200 loss 1.5996 train 0.5681 test 0.2885
epoch 29/200 loss 1.5664 train 0.5729 test 0.2625
epoch 30/200 loss 1.5721 train 0.5615 test 0.3011
epoch 31/200 loss 1.4780 train 0.5885 test 0.2990
epoch 32/200 loss 1.4094 train 0.6044 test 0.3066
epoch 33/200 loss 1.3081 train 0.6348 test 0.2888
epoch 34/200 loss 1.2493 train 0.6538 test 0.3042
epoch 35/200 loss 1.2233 train 0.6575 test 0.3254
epoch 36/200 loss 1.1797 train 0.6709 test 0.3228
epoch 37/200 loss 1.1198 train 0.6871 test 0.3036
epoch 38/200 loss 1.0175 train 0.7127 test 0.3184
epoch 39/200 loss 1.0031 train 0.7194 test 0.3128
epoch 40/200 loss 0.8613 train 0.7634 test 0.3139
epoch 41/200 loss 0.8849 train 0.7564 test 0.3074
epoch 42/200 loss 0.8707 train 0.7552 test 0.3163
epoch 43/200 loss 0.8171 train 0.7754 test 0.3185
epoch 44/200 loss 0.7773 train 0.7810 test 0.3316
epoch 45/200 loss 0.7184 train 0.8045 test 0.3332
epoch 46/200 loss 0.6210 train 0.8303 test 0.3212
epoch 47/200 loss 0.5956 train 0.8431 test 0.3277
epoch 48/200 loss 0.6586 train 0.8227 test 0.3192
epoch 49/200 loss 0.6548 train 0.8175 test 0.3288
epoch 50/200 loss 0.6363 train 0.8339 test 0.3321
epoch 51/200 loss 0.6227 train 0.8301 test 0.3209
epoch 52/200 loss 0.4909 train 0.8762 test 0.3400
epoch 53/200 loss 0.4406 train 0.8836 test 0.3294
epoch 54/200 loss 0.4553 train 0.8770 test 0.3048
epoch 55/200 loss 0.4900 train 0.8700 test 0.3075
epoch 56/200 loss 0.4757 train 0.8690 test 0.3052
epoch 57/200 loss 0.4386 train 0.8834 test 0.3493
epoch 58/200 loss 0.4044 train 0.8988 test 0.3494
epoch 59/200 loss 0.3633 train 0.9091 test 0.3137
epoch 60/200 loss 0.3166 train 0.9255 test 0.3428
epoch 61/200 loss 0.2957 train 0.9291 test 0.3468
epoch 62/200 loss 0.2988 train 0.9305 test 0.3371
epoch 63/200 loss 0.2956 train 0.9307 test 0.3437
epoch 64/200 loss 0.3350 train 0.9127 test 0.3139
epoch 65/200 loss 0.3350 train 0.9179 test 0.3470
epoch 66/200 loss 0.3100 train 0.9209 test 0.3380
epoch 67/200 loss 0.2964 train 0.9299 test 0.3569
epoch 68/200 loss 0.2553 train 0.9391 test 0.3580
epoch 69/200 loss 0.2411 train 0.9403 test 0.3654
epoch 70/200 loss 0.2449 train 0.9429 test 0.3728
epoch 71/200 loss 0.2265 train 0.9481 test 0.3445
epoch 72/200 loss 0.2444 train 0.9413 test 0.3467
epoch 73/200 loss 0.2181 train 0.9505 test 0.3466
epoch 74/200 loss 0.1934 train 0.9583 test 0.3586
epoch 75/200 loss 0.1863 train 0.9613 test 0.3688
epoch 76/200 loss 0.1710 train 0.9639 test 0.3563
epoch 77/200 loss 0.1478 train 0.9716 test 0.3702
epoch 78/200 loss 0.1579 train 0.9669 test 0.3753
epoch 79/200 loss 0.1536 train 0.9714 test 0.3755
epoch 80/200 loss 0.1933 train 0.9533 test 0.3484
epoch 81/200 loss 0.1749 train 0.9671 test 0.3618
epoch 82/200 loss 0.1472 train 0.9714 test 0.3581
epoch 83/200 loss 0.1319 train 0.9746 test 0.3583
epoch 84/200 loss 0.1336 train 0.9732 test 0.3756
epoch 85/200 loss 0.1421 train 0.9685 test 0.3463
epoch 86/200 loss 0.1574 train 0.9675 test 0.3480
epoch 87/200 loss 0.1623 train 0.9653 test 0.3527
epoch 88/200 loss 0.1275 train 0.9766 test 0.3733
epoch 89/200 loss 0.1127 train 0.9804 test 0.3759
epoch 90/200 loss 0.1106 train 0.9798 test 0.3697
epoch 91/200 loss 0.1072 train 0.9808 test 0.3638
epoch 92/200 loss 0.1062 train 0.9792 test 0.3757
epoch 93/200 loss 0.0988 train 0.9848 test 0.3958
epoch 94/200 loss 0.0707 train 0.9914 test 0.4011
epoch 95/200 loss 0.0657 train 0.9912 test 0.3896
epoch 96/200 loss 0.0600 train 0.9926 test 0.3997
epoch 97/200 loss 0.0510 train 0.9956 test 0.4046
epoch 98/200 loss 0.0551 train 0.9942 test 0.3906
epoch 99/200 loss 0.0450 train 0.9960 test 0.4143
epoch 100/200 loss 0.0357 train 0.9974 test 0.4194
epoch 101/200 loss 0.0268 train 0.9992 test 0.4299
epoch 102/200 loss 0.0250 train 0.9992 test 0.4286
epoch 103/200 loss 0.0216 train 0.9994 test 0.4332
epoch 104/200 loss 0.0192 train 0.9998 test 0.4349
epoch 105/200 loss 0.0178 train 0.9998 test 0.4359
epoch 106/200 loss 0.0172 train 0.9998 test 0.4335
epoch 107/200 loss 0.0165 train 0.9998 test 0.4325
epoch 108/200 loss 0.0164 train 0.9996 test 0.4357
epoch 109/200 loss 0.0157 train 0.9998 test 0.4382
epoch 110/200 loss 0.0154 train 0.9998 test 0.4395
epoch 111/200 loss 0.0155 train 0.9998 test 0.4365
epoch 112/200 loss 0.0149 train 0.9998 test 0.4379
epoch 113/200 loss 0.0144 train 0.9998 test 0.4374
epoch 114/200 loss 0.0143 train 0.9998 test 0.4387
epoch 115/200 loss 0.0141 train 0.9998 test 0.4378
epoch 116/200 loss 0.0136 train 0.9998 test 0.4393
epoch 117/200 loss 0.0134 train 0.9996 test 0.4406
epoch 118/200 loss 0.0133 train 0.9996 test 0.4371
epoch 119/200 loss 0.0131 train 0.9998 test 0.4376
epoch 120/200 loss 0.0158 train 0.9994 test 0.4350
epoch 121/200 loss 0.0131 train 1.0000 test 0.4379
epoch 122/200 loss 0.0130 train 1.0000 test 0.4395
epoch 123/200 loss 0.0123 train 0.9998 test 0.4379
epoch 124/200 loss 0.0124 train 0.9998 test 0.4415
epoch 125/200 loss 0.0120 train 0.9996 test 0.4417
epoch 126/200 loss 0.0119 train 0.9996 test 0.4396
epoch 127/200 loss 0.0120 train 0.9998 test 0.4410
epoch 128/200 loss 0.0113 train 0.9998 test 0.4415
epoch 129/200 loss 0.0113 train 0.9996 test 0.4423
epoch 130/200 loss 0.0107 train 0.9998 test 0.4430
epoch 131/200 loss 0.0107 train 0.9998 test 0.4443
epoch 132/200 loss 0.0106 train 1.0000 test 0.4433
epoch 133/200 loss 0.0103 train 0.9996 test 0.4424
epoch 134/200 loss 0.0105 train 0.9998 test 0.4420
epoch 135/200 loss 0.0101 train 0.9996 test 0.4419
epoch 136/200 loss 0.0102 train 0.9998 test 0.4422
epoch 137/200 loss 0.0097 train 0.9996 test 0.4434
epoch 138/200 loss 0.0097 train 0.9996 test 0.4434
epoch 139/200 loss 0.0096 train 0.9998 test 0.4432
epoch 140/200 loss 0.0095 train 0.9998 test 0.4435
epoch 141/200 loss 0.0092 train 0.9996 test 0.4434
epoch 142/200 loss 0.0088 train 0.9998 test 0.4429
epoch 143/200 loss 0.0087 train 0.9998 test 0.4436
epoch 144/200 loss 0.0088 train 0.9998 test 0.4432
epoch 145/200 loss 0.0087 train 1.0000 test 0.4420
epoch 146/200 loss 0.0084 train 0.9998 test 0.4422
epoch 147/200 loss 0.0084 train 0.9998 test 0.4425
epoch 148/200 loss 0.0082 train 0.9998 test 0.4417
epoch 149/200 loss 0.0081 train 0.9998 test 0.4443
epoch 150/200 loss 0.0082 train 0.9998 test 0.4434
epoch 151/200 loss 0.0080 train 0.9996 test 0.4439
epoch 152/200 loss 0.0078 train 1.0000 test 0.4451
epoch 153/200 loss 0.0077 train 0.9998 test 0.4443
epoch 154/200 loss 0.0075 train 1.0000 test 0.4429
epoch 155/200 loss 0.0077 train 0.9996 test 0.4443
epoch 156/200 loss 0.0073 train 1.0000 test 0.4448
epoch 157/200 loss 0.0073 train 0.9998 test 0.4426
epoch 158/200 loss 0.0070 train 0.9996 test 0.4454
epoch 159/200 loss 0.0068 train 1.0000 test 0.4437
epoch 160/200 loss 0.0070 train 0.9998 test 0.4437
epoch 161/200 loss 0.0065 train 1.0000 test 0.4441
epoch 162/200 loss 0.0066 train 1.0000 test 0.4427
epoch 163/200 loss 0.0062 train 1.0000 test 0.4437
epoch 164/200 loss 0.0066 train 0.9998 test 0.4440
epoch 165/200 loss 0.0062 train 1.0000 test 0.4422
epoch 166/200 loss 0.0061 train 0.9998 test 0.4438
epoch 167/200 loss 0.0064 train 0.9998 test 0.4426
epoch 168/200 loss 0.0060 train 1.0000 test 0.4443
epoch 169/200 loss 0.0058 train 1.0000 test 0.4428
epoch 170/200 loss 0.0061 train 1.0000 test 0.4437
epoch 171/200 loss 0.0058 train 1.0000 test 0.4427
epoch 172/200 loss 0.0058 train 0.9998 test 0.4454
epoch 173/200 loss 0.0057 train 1.0000 test 0.4419
epoch 174/200 loss 0.0055 train 0.9998 test 0.4444
epoch 175/200 loss 0.0054 train 1.0000 test 0.4425
epoch 176/200 loss 0.0053 train 1.0000 test 0.4428
epoch 177/200 loss 0.0055 train 0.9998 test 0.4456
epoch 178/200 loss 0.0052 train 0.9998 test 0.4425
epoch 179/200 loss 0.0050 train 1.0000 test 0.4437
epoch 180/200 loss 0.0052 train 0.9998 test 0.4452
epoch 181/200 loss 0.0053 train 1.0000 test 0.4446
epoch 182/200 loss 0.0051 train 1.0000 test 0.4454
epoch 183/200 loss 0.0048 train 1.0000 test 0.4445
epoch 184/200 loss 0.0047 train 1.0000 test 0.4439
epoch 185/200 loss 0.0049 train 1.0000 test 0.4444
epoch 186/200 loss 0.0048 train 1.0000 test 0.4418
epoch 187/200 loss 0.0049 train 1.0000 test 0.4453
epoch 188/200 loss 0.0047 train 1.0000 test 0.4452
epoch 189/200 loss 0.0045 train 1.0000 test 0.4459
epoch 190/200 loss 0.0047 train 1.0000 test 0.4454
epoch 191/200 loss 0.0047 train 1.0000 test 0.4468
epoch 192/200 loss 0.0047 train 0.9998 test 0.4426
epoch 193/200 loss 0.0048 train 1.0000 test 0.4441
epoch 194/200 loss 0.0044 train 1.0000 test 0.4453
epoch 195/200 loss 0.0046 train 1.0000 test 0.4464
epoch 196/200 loss 0.0047 train 1.0000 test 0.4441
epoch 197/200 loss 0.0043 train 1.0000 test 0.4449
epoch 198/200 loss 0.0046 train 0.9998 test 0.4443
epoch 199/200 loss 0.0047 train 0.9998 test 0.4446
epoch 200/200 loss 0.0044 train 1.0000 test 0.4435
done: final 0.4435 best 0.4468 -> ./runs/r50_aux_10pct_hn/seed2
AUXHN_r50_aux_10pct_hn_DONE
moment-aux target calibrated on 1024 images
[r18_aux_10pct_hn seed0] {"params_trainable": 11222188, "params_stem_trainable": 0, "params_stem_fixed_filters": 0, "flops_total": 556705792, "flops_stem": 0, "flops_image_size": 32}
epoch 1/200 loss 5.4043 train 0.0308 test 0.0525
epoch 2/200 loss 4.3907 train 0.0711 test 0.0826
epoch 3/200 loss 4.1091 train 0.0998 test 0.0998
epoch 4/200 loss 3.9003 train 0.1200 test 0.1124
epoch 5/200 loss 3.7459 train 0.1404 test 0.1299
epoch 6/200 loss 3.6425 train 0.1579 test 0.1476
epoch 7/200 loss 3.5140 train 0.1783 test 0.1387
epoch 8/200 loss 3.3806 train 0.2007 test 0.1477
epoch 9/200 loss 3.2847 train 0.2147 test 0.1683
epoch 10/200 loss 3.1694 train 0.2330 test 0.1621
epoch 11/200 loss 3.0783 train 0.2512 test 0.1705
epoch 12/200 loss 3.0131 train 0.2638 test 0.1810
epoch 13/200 loss 2.8954 train 0.2887 test 0.2039
epoch 14/200 loss 2.8091 train 0.2947 test 0.1940
epoch 15/200 loss 2.6734 train 0.3239 test 0.2074
epoch 16/200 loss 2.6004 train 0.3347 test 0.2670
epoch 17/200 loss 2.4806 train 0.3584 test 0.2435
epoch 18/200 loss 2.4295 train 0.3686 test 0.2384
epoch 19/200 loss 2.3251 train 0.3972 test 0.2530
epoch 20/200 loss 2.2499 train 0.4137 test 0.2766
epoch 21/200 loss 2.1177 train 0.4389 test 0.2651
epoch 22/200 loss 2.0407 train 0.4587 test 0.2836
epoch 23/200 loss 2.0010 train 0.4573 test 0.2710
epoch 24/200 loss 1.9000 train 0.4766 test 0.2768
epoch 25/200 loss 1.8181 train 0.5044 test 0.3077
epoch 26/200 loss 1.6901 train 0.5377 test 0.2967
epoch 27/200 loss 1.6166 train 0.5677 test 0.2498
epoch 28/200 loss 1.5305 train 0.5853 test 0.3081
epoch 29/200 loss 1.4631 train 0.5964 test 0.2983
epoch 30/200 loss 1.3910 train 0.6246 test 0.2983
epoch 31/200 loss 1.3725 train 0.6122 test 0.3124
epoch 32/200 loss 1.2585 train 0.6544 test 0.3050
epoch 33/200 loss 1.1953 train 0.6701 test 0.2992
epoch 34/200 loss 1.1285 train 0.6847 test 0.3207
epoch 35/200 loss 1.0545 train 0.7049 test 0.3265
epoch 36/200 loss 0.9561 train 0.7290 test 0.3236
epoch 37/200 loss 0.8786 train 0.7618 test 0.3323
epoch 38/200 loss 0.8496 train 0.7678 test 0.3086
epoch 39/200 loss 0.7748 train 0.7889 test 0.3318
epoch 40/200 loss 0.7364 train 0.8043 test 0.3356
epoch 41/200 loss 0.6916 train 0.8117 test 0.3438
epoch 42/200 loss 0.6450 train 0.8261 test 0.3134
epoch 43/200 loss 0.6032 train 0.8369 test 0.3264
epoch 44/200 loss 0.5462 train 0.8550 test 0.3513
epoch 45/200 loss 0.4581 train 0.8896 test 0.3426
epoch 46/200 loss 0.4241 train 0.8954 test 0.3532
epoch 47/200 loss 0.4639 train 0.8830 test 0.3285
epoch 48/200 loss 0.4841 train 0.8746 test 0.3398
epoch 49/200 loss 0.4222 train 0.8898 test 0.3464
epoch 50/200 loss 0.3756 train 0.9093 test 0.3378
epoch 51/200 loss 0.3063 train 0.9339 test 0.3693
epoch 52/200 loss 0.2542 train 0.9459 test 0.3565
epoch 53/200 loss 0.2500 train 0.9473 test 0.3675
epoch 54/200 loss 0.2556 train 0.9469 test 0.3596
epoch 55/200 loss 0.2527 train 0.9431 test 0.3681
epoch 56/200 loss 0.2537 train 0.9425 test 0.3539
epoch 57/200 loss 0.2620 train 0.9373 test 0.3484
epoch 58/200 loss 0.2714 train 0.9395 test 0.3477
epoch 59/200 loss 0.2839 train 0.9383 test 0.3465
epoch 60/200 loss 0.2787 train 0.9395 test 0.3356
epoch 61/200 loss 0.2351 train 0.9555 test 0.3457
epoch 62/200 loss 0.2178 train 0.9531 test 0.3611
epoch 63/200 loss 0.2098 train 0.9525 test 0.3429
epoch 64/200 loss 0.1975 train 0.9595 test 0.3489
epoch 65/200 loss 0.1610 train 0.9714 test 0.3773
epoch 66/200 loss 0.1515 train 0.9716 test 0.3562
epoch 67/200 loss 0.1417 train 0.9786 test 0.3682
epoch 68/200 loss 0.1389 train 0.9780 test 0.3767
epoch 69/200 loss 0.1132 train 0.9844 test 0.3815
epoch 70/200 loss 0.0874 train 0.9912 test 0.3900
epoch 71/200 loss 0.0643 train 0.9964 test 0.4121
epoch 72/200 loss 0.0525 train 0.9978 test 0.4146
epoch 73/200 loss 0.0458 train 0.9982 test 0.4155
epoch 74/200 loss 0.0493 train 0.9960 test 0.4078
epoch 75/200 loss 0.0491 train 0.9972 test 0.4119
epoch 76/200 loss 0.0474 train 0.9972 test 0.4166
epoch 77/200 loss 0.0430 train 0.9980 test 0.4216
epoch 78/200 loss 0.0346 train 0.9996 test 0.4231
epoch 79/200 loss 0.0311 train 0.9996 test 0.4237
epoch 80/200 loss 0.0296 train 0.9996 test 0.4254
epoch 81/200 loss 0.0308 train 0.9994 test 0.4248
epoch 82/200 loss 0.0284 train 1.0000 test 0.4301
epoch 83/200 loss 0.0284 train 0.9998 test 0.4271
epoch 84/200 loss 0.0268 train 0.9998 test 0.4285
epoch 85/200 loss 0.0264 train 0.9996 test 0.4270
epoch 86/200 loss 0.0264 train 0.9996 test 0.4282
epoch 87/200 loss 0.0242 train 0.9998 test 0.4247
epoch 88/200 loss 0.0246 train 0.9996 test 0.4256
epoch 89/200 loss 0.0250 train 0.9996 test 0.4230
epoch 90/200 loss 0.0269 train 0.9994 test 0.4243
epoch 91/200 loss 0.0249 train 0.9996 test 0.4204
epoch 92/200 loss 0.0242 train 0.9998 test 0.4225
epoch 93/200 loss 0.0235 train 0.9996 test 0.4284
epoch 94/200 loss 0.0212 train 0.9998 test 0.4284
epoch 95/200 loss 0.0217 train 0.9998 test 0.4270
epoch 96/200 loss 0.0215 train 0.9996 test 0.4267
epoch 97/200 loss 0.0215 train 0.9998 test 0.4270
epoch 98/200 loss 0.0211 train 0.9996 test 0.4258
epoch 99/200 loss 0.0206 train 0.9998 test 0.4283
epoch 100/200 loss 0.0202 train 0.9996 test 0.4287
epoch 101/200 loss 0.0192 train 0.9998 test 0.4285
epoch 102/200 loss 0.0191 train 0.9996 test 0.4286
epoch 103/200 loss 0.0189 train 0.9996 test 0.4242
epoch 104/200 loss 0.0183 train 0.9998 test 0.4264
epoch 105/200 loss 0.0184 train 0.9998 test 0.4280
epoch 106/200 loss 0.0183 train 0.9998 test 0.4275
epoch 107/200 loss 0.0175 train 0.9996 test 0.4278
epoch 108/200 loss 0.0176 train 1.0000 test 0.4251
epoch 109/200 loss 0.0177 train 0.9996 test 0.4279
epoch 110/200 loss 0.0170 train 0.9998 test 0.4284
epoch 111/200 loss 0.0167 train 0.9998 test 0.4294
epoch 112/200 loss 0.0166 train 0.9998 test 0.4278
epoch 113/200 loss 0.0162 train 1.0000 test 0.4297
epoch 114/200 loss 0.0154 train 0.9998 test 0.4310
epoch 115/200 loss 0.0161 train 0.9996 test 0.4275
epoch 116/200 loss 0.0161 train 0.9998 test 0.4277
epoch 117/200 loss 0.0148 train 0.9998 test 0.4263
epoch 118/200 loss 0.0157 train 0.9998 test 0.4288
epoch 119/200 loss 0.0146 train 0.9998 test 0.4273
epoch 120/200 loss 0.0158 train 0.9996 test 0.4300
epoch 121/200 loss 0.0152 train 0.9996 test 0.4308
epoch 122/200 loss 0.0146 train 0.9998 test 0.4242
epoch 123/200 loss 0.0142 train 0.9998 test 0.4295
epoch 124/200 loss 0.0138 train 0.9998 test 0.4281
epoch 125/200 loss 0.0134 train 0.9996 test 0.4273
epoch 126/200 loss 0.0136 train 0.9998 test 0.4286
epoch 127/200 loss 0.0133 train 0.9998 test 0.4295
epoch 128/200 loss 0.0129 train 1.0000 test 0.4281
epoch 129/200 loss 0.0126 train 0.9998 test 0.4275
epoch 130/200 loss 0.0122 train 0.9998 test 0.4280
epoch 131/200 loss 0.0133 train 0.9998 test 0.4297
epoch 132/200 loss 0.0125 train 0.9998 test 0.4320
epoch 133/200 loss 0.0118 train 0.9998 test 0.4309
epoch 134/200 loss 0.0116 train 0.9998 test 0.4282
epoch 135/200 loss 0.0121 train 0.9996 test 0.4319
epoch 136/200 loss 0.0115 train 1.0000 test 0.4294
epoch 137/200 loss 0.0112 train 0.9996 test 0.4257
epoch 138/200 loss 0.0108 train 0.9998 test 0.4314
epoch 139/200 loss 0.0106 train 0.9998 test 0.4329
epoch 140/200 loss 0.0108 train 0.9996 test 0.4291
epoch 141/200 loss 0.0109 train 0.9998 test 0.4302
epoch 142/200 loss 0.0104 train 0.9996 test 0.4294
epoch 143/200 loss 0.0103 train 0.9998 test 0.4303
epoch 144/200 loss 0.0104 train 0.9998 test 0.4303
epoch 145/200 loss 0.0100 train 0.9998 test 0.4308
epoch 146/200 loss 0.0098 train 1.0000 test 0.4300
epoch 147/200 loss 0.0092 train 1.0000 test 0.4308
epoch 148/200 loss 0.0094 train 0.9996 test 0.4315
epoch 149/200 loss 0.0094 train 0.9996 test 0.4294
epoch 150/200 loss 0.0091 train 0.9998 test 0.4310
epoch 151/200 loss 0.0091 train 0.9998 test 0.4298
epoch 152/200 loss 0.0092 train 0.9998 test 0.4318
epoch 153/200 loss 0.0088 train 0.9998 test 0.4304
epoch 154/200 loss 0.0089 train 1.0000 test 0.4305
epoch 155/200 loss 0.0088 train 1.0000 test 0.4328
epoch 156/200 loss 0.0085 train 0.9998 test 0.4310
epoch 157/200 loss 0.0085 train 0.9998 test 0.4333
epoch 158/200 loss 0.0082 train 1.0000 test 0.4315
epoch 159/200 loss 0.0081 train 1.0000 test 0.4319
epoch 160/200 loss 0.0083 train 0.9996 test 0.4332
epoch 161/200 loss 0.0080 train 1.0000 test 0.4333
epoch 162/200 loss 0.0083 train 0.9996 test 0.4316
epoch 163/200 loss 0.0078 train 0.9996 test 0.4326
epoch 164/200 loss 0.0077 train 0.9998 test 0.4325
epoch 165/200 loss 0.0076 train 0.9998 test 0.4320
epoch 166/200 loss 0.0077 train 0.9996 test 0.4324
epoch 167/200 loss 0.0075 train 1.0000 test 0.4313
epoch 168/200 loss 0.0076 train 0.9998 test 0.4317
epoch 169/200 loss 0.0074 train 1.0000 test 0.4339
epoch 170/200 loss 0.0072 train 0.9998 test 0.4310
epoch 171/200 loss 0.0074 train 0.9998 test 0.4330
epoch 172/200 loss 0.0073 train 1.0000 test 0.4334
epoch 173/200 loss 0.0071 train 0.9998 test 0.4344
epoch 174/200 loss 0.0070 train 1.0000 test 0.4328
epoch 175/200 loss 0.0068 train 1.0000 test 0.4352
epoch 176/200 loss 0.0070 train 0.9998 test 0.4336
epoch 177/200 loss 0.0068 train 1.0000 test 0.4329
epoch 178/200 loss 0.0066 train 1.0000 test 0.4337
epoch 179/200 loss 0.0067 train 0.9998 test 0.4321
epoch 180/200 loss 0.0065 train 0.9998 test 0.4339
epoch 181/200 loss 0.0066 train 1.0000 test 0.4336
epoch 182/200 loss 0.0063 train 1.0000 test 0.4341
epoch 183/200 loss 0.0062 train 1.0000 test 0.4346
epoch 184/200 loss 0.0060 train 1.0000 test 0.4341
epoch 185/200 loss 0.0063 train 1.0000 test 0.4346
epoch 186/200 loss 0.0065 train 0.9998 test 0.4339
epoch 187/200 loss 0.0062 train 1.0000 test 0.4339
epoch 188/200 loss 0.0062 train 0.9998 test 0.4334
epoch 189/200 loss 0.0061 train 1.0000 test 0.4339
epoch 190/200 loss 0.0061 train 0.9998 test 0.4339
epoch 191/200 loss 0.0057 train 1.0000 test 0.4334
epoch 192/200 loss 0.0059 train 1.0000 test 0.4330
epoch 193/200 loss 0.0060 train 1.0000 test 0.4340
epoch 194/200 loss 0.0062 train 1.0000 test 0.4330
epoch 195/200 loss 0.0060 train 0.9998 test 0.4344
epoch 196/200 loss 0.0060 train 0.9998 test 0.4336
epoch 197/200 loss 0.0058 train 1.0000 test 0.4328
epoch 198/200 loss 0.0060 train 1.0000 test 0.4339
epoch 199/200 loss 0.0059 train 1.0000 test 0.4327
epoch 200/200 loss 0.0058 train 1.0000 test 0.4336
done: final 0.4336 best 0.4352 -> ./runs/r18_aux_10pct_hn/seed0
moment-aux target calibrated on 1024 images
[r18_aux_10pct_hn seed1] {"params_trainable": 11222188, "params_stem_trainable": 0, "params_stem_fixed_filters": 0, "flops_total": 556705792, "flops_stem": 0, "flops_image_size": 32}
epoch 1/200 loss 5.4266 train 0.0317 test 0.0476
epoch 2/200 loss 4.4340 train 0.0607 test 0.0860
epoch 3/200 loss 4.1116 train 0.0964 test 0.0933
epoch 4/200 loss 3.9176 train 0.1188 test 0.1203
epoch 5/200 loss 3.7856 train 0.1388 test 0.1225
epoch 6/200 loss 3.6256 train 0.1593 test 0.1374
epoch 7/200 loss 3.5210 train 0.1741 test 0.1657
epoch 8/200 loss 3.4103 train 0.1891 test 0.1676
epoch 9/200 loss 3.3298 train 0.1997 test 0.1609
epoch 10/200 loss 3.2291 train 0.2278 test 0.1437
epoch 11/200 loss 3.1128 train 0.2400 test 0.1851
epoch 12/200 loss 3.0394 train 0.2566 test 0.1851
epoch 13/200 loss 2.9080 train 0.2833 test 0.2156
epoch 14/200 loss 2.8142 train 0.2941 test 0.2343
epoch 15/200 loss 2.7423 train 0.3107 test 0.2293
epoch 16/200 loss 2.6271 train 0.3339 test 0.2243
epoch 17/200 loss 2.5245 train 0.3566 test 0.2342
epoch 18/200 loss 2.4337 train 0.3778 test 0.2531
epoch 19/200 loss 2.3378 train 0.3826 test 0.2576
epoch 20/200 loss 2.2509 train 0.4056 test 0.2411
epoch 21/200 loss 2.1540 train 0.4245 test 0.2755
epoch 22/200 loss 2.0642 train 0.4493 test 0.2758
epoch 23/200 loss 1.9725 train 0.4782 test 0.2969
epoch 24/200 loss 1.8705 train 0.4934 test 0.2779
epoch 25/200 loss 1.8052 train 0.5160 test 0.2978
epoch 26/200 loss 1.7290 train 0.5308 test 0.2721
epoch 27/200 loss 1.6312 train 0.5543 test 0.2959
epoch 28/200 loss 1.5601 train 0.5691 test 0.3109
epoch 29/200 loss 1.4563 train 0.5964 test 0.3104
epoch 30/200 loss 1.3783 train 0.6224 test 0.3139
epoch 31/200 loss 1.3090 train 0.6356 test 0.3081
epoch 32/200 loss 1.2235 train 0.6556 test 0.3228
epoch 33/200 loss 1.2011 train 0.6595 test 0.3156
epoch 34/200 loss 1.1043 train 0.6875 test 0.3113
epoch 35/200 loss 0.9980 train 0.7183 test 0.3425
epoch 36/200 loss 1.0046 train 0.7242 test 0.2933
epoch 37/200 loss 0.9045 train 0.7472 test 0.3509
epoch 38/200 loss 0.8798 train 0.7526 test 0.3087
epoch 39/200 loss 0.8336 train 0.7678 test 0.3445
epoch 40/200 loss 0.7116 train 0.8073 test 0.3273
epoch 41/200 loss 0.6703 train 0.8201 test 0.3322
epoch 42/200 loss 0.5994 train 0.8327 test 0.3418
epoch 43/200 loss 0.5654 train 0.8508 test 0.3449
epoch 44/200 loss 0.5344 train 0.8598 test 0.3306
epoch 45/200 loss 0.5699 train 0.8425 test 0.3435
epoch 46/200 loss 0.5159 train 0.8626 test 0.3416
epoch 47/200 loss 0.4837 train 0.8768 test 0.3433
epoch 48/200 loss 0.4415 train 0.8922 test 0.3473
epoch 49/200 loss 0.3996 train 0.9020 test 0.3636
epoch 50/200 loss 0.3465 train 0.9203 test 0.3501
epoch 51/200 loss 0.3613 train 0.9171 test 0.3366
epoch 52/200 loss 0.3393 train 0.9193 test 0.3572
epoch 53/200 loss 0.3288 train 0.9187 test 0.3515
epoch 54/200 loss 0.3488 train 0.9145 test 0.3053
epoch 55/200 loss 0.2984 train 0.9373 test 0.3503
epoch 56/200 loss 0.2530 train 0.9447 test 0.3544
epoch 57/200 loss 0.2133 train 0.9549 test 0.3499
epoch 58/200 loss 0.2119 train 0.9559 test 0.3473
epoch 59/200 loss 0.1812 train 0.9683 test 0.3643
epoch 60/200 loss 0.1484 train 0.9776 test 0.3856
epoch 61/200 loss 0.1268 train 0.9836 test 0.3690
epoch 62/200 loss 0.1281 train 0.9772 test 0.3681
epoch 63/200 loss 0.1189 train 0.9846 test 0.3620
epoch 64/200 loss 0.1150 train 0.9846 test 0.3852
epoch 65/200 loss 0.1194 train 0.9832 test 0.3869
epoch 66/200 loss 0.0993 train 0.9896 test 0.3916
epoch 67/200 loss 0.0861 train 0.9928 test 0.3969
epoch 68/200 loss 0.0772 train 0.9944 test 0.3949
epoch 69/200 loss 0.0791 train 0.9922 test 0.3907
epoch 70/200 loss 0.1028 train 0.9868 test 0.3844
epoch 71/200 loss 0.0902 train 0.9896 test 0.3914
epoch 72/200 loss 0.0959 train 0.9874 test 0.3731
epoch 73/200 loss 0.1071 train 0.9834 test 0.3736
epoch 74/200 loss 0.1186 train 0.9840 test 0.3771
epoch 75/200 loss 0.1107 train 0.9848 test 0.3771
epoch 76/200 loss 0.1207 train 0.9800 test 0.3788
epoch 77/200 loss 0.1450 train 0.9748 test 0.3700
epoch 78/200 loss 0.1711 train 0.9643 test 0.3367
epoch 79/200 loss 0.2208 train 0.9473 test 0.3274
epoch 80/200 loss 0.2566 train 0.9415 test 0.3462
epoch 81/200 loss 0.2281 train 0.9511 test 0.3786
epoch 82/200 loss 0.2166 train 0.9513 test 0.3420
epoch 83/200 loss 0.2552 train 0.9457 test 0.3302
epoch 84/200 loss 0.1948 train 0.9575 test 0.3505
epoch 85/200 loss 0.1725 train 0.9688 test 0.3555
epoch 86/200 loss 0.1484 train 0.9736 test 0.3709
epoch 87/200 loss 0.1205 train 0.9796 test 0.3777
epoch 88/200 loss 0.0815 train 0.9924 test 0.3967
epoch 89/200 loss 0.0523 train 0.9976 test 0.4161
epoch 90/200 loss 0.0445 train 0.9974 test 0.4196
epoch 91/200 loss 0.0342 train 0.9996 test 0.4255
epoch 92/200 loss 0.0294 train 0.9996 test 0.4241
epoch 93/200 loss 0.0292 train 0.9990 test 0.4252
epoch 94/200 loss 0.0315 train 0.9982 test 0.4267
epoch 95/200 loss 0.0286 train 0.9992 test 0.4302
epoch 96/200 loss 0.0267 train 0.9994 test 0.4289
epoch 97/200 loss 0.0250 train 0.9996 test 0.4356
epoch 98/200 loss 0.0231 train 0.9996 test 0.4300
epoch 99/200 loss 0.0230 train 0.9994 test 0.4335
epoch 100/200 loss 0.0216 train 0.9998 test 0.4334
epoch 101/200 loss 0.0215 train 0.9998 test 0.4317
epoch 102/200 loss 0.0200 train 0.9998 test 0.4337
epoch 103/200 loss 0.0204 train 0.9998 test 0.4344
epoch 104/200 loss 0.0195 train 0.9998 test 0.4348
epoch 105/200 loss 0.0188 train 0.9998 test 0.4347
epoch 106/200 loss 0.0193 train 0.9998 test 0.4352
epoch 107/200 loss 0.0182 train 0.9996 test 0.4364
epoch 108/200 loss 0.0182 train 0.9998 test 0.4382
epoch 109/200 loss 0.0177 train 0.9996 test 0.4363
epoch 110/200 loss 0.0180 train 0.9998 test 0.4353
epoch 111/200 loss 0.0177 train 0.9998 test 0.4382
epoch 112/200 loss 0.0177 train 0.9996 test 0.4370
epoch 113/200 loss 0.0165 train 0.9998 test 0.4359
epoch 114/200 loss 0.0173 train 0.9998 test 0.4399
epoch 115/200 loss 0.0168 train 0.9998 test 0.4392
epoch 116/200 loss 0.0165 train 0.9998 test 0.4387
epoch 117/200 loss 0.0155 train 0.9998 test 0.4409
epoch 118/200 loss 0.0155 train 0.9996 test 0.4390
epoch 119/200 loss 0.0160 train 0.9998 test 0.4401
epoch 120/200 loss 0.0156 train 0.9998 test 0.4401
epoch 121/200 loss 0.0152 train 0.9998 test 0.4380
epoch 122/200 loss 0.0152 train 0.9998 test 0.4403
epoch 123/200 loss 0.0148 train 0.9998 test 0.4389
epoch 124/200 loss 0.0150 train 0.9996 test 0.4415
epoch 125/200 loss 0.0141 train 1.0000 test 0.4412
epoch 126/200 loss 0.0140 train 0.9998 test 0.4426
epoch 127/200 loss 0.0136 train 0.9996 test 0.4430
epoch 128/200 loss 0.0137 train 0.9998 test 0.4418
epoch 129/200 loss 0.0138 train 0.9996 test 0.4439
epoch 130/200 loss 0.0134 train 0.9998 test 0.4436
epoch 131/200 loss 0.0132 train 0.9996 test 0.4460
epoch 132/200 loss 0.0130 train 1.0000 test 0.4403
epoch 133/200 loss 0.0133 train 1.0000 test 0.4405
epoch 134/200 loss 0.0129 train 1.0000 test 0.4415
epoch 135/200 loss 0.0124 train 1.0000 test 0.4444
epoch 136/200 loss 0.0128 train 0.9998 test 0.4402
epoch 137/200 loss 0.0124 train 1.0000 test 0.4422
epoch 138/200 loss 0.0122 train 0.9998 test 0.4440
epoch 139/200 loss 0.0118 train 0.9996 test 0.4438
epoch 140/200 loss 0.0118 train 0.9998 test 0.4452
epoch 141/200 loss 0.0118 train 0.9998 test 0.4468
epoch 142/200 loss 0.0115 train 0.9998 test 0.4442
epoch 143/200 loss 0.0112 train 0.9998 test 0.4460
epoch 144/200 loss 0.0111 train 0.9998 test 0.4444
epoch 145/200 loss 0.0109 train 1.0000 test 0.4443
epoch 146/200 loss 0.0106 train 0.9998 test 0.4447
epoch 147/200 loss 0.0110 train 0.9996 test 0.4450
epoch 148/200 loss 0.0108 train 0.9998 test 0.4446
epoch 149/200 loss 0.0103 train 1.0000 test 0.4439
epoch 150/200 loss 0.0102 train 0.9998 test 0.4446
epoch 151/200 loss 0.0102 train 0.9996 test 0.4469
epoch 152/200 loss 0.0103 train 0.9998 test 0.4447
epoch 153/200 loss 0.0099 train 0.9998 test 0.4474
epoch 154/200 loss 0.0098 train 0.9998 test 0.4471
epoch 155/200 loss 0.0100 train 0.9996 test 0.4478
epoch 156/200 loss 0.0095 train 0.9998 test 0.4457
epoch 157/200 loss 0.0094 train 0.9998 test 0.4472
epoch 158/200 loss 0.0091 train 0.9996 test 0.4467
epoch 159/200 loss 0.0092 train 1.0000 test 0.4456
epoch 160/200 loss 0.0089 train 0.9998 test 0.4458
epoch 161/200 loss 0.0088 train 1.0000 test 0.4462
epoch 162/200 loss 0.0090 train 0.9998 test 0.4479
epoch 163/200 loss 0.0088 train 0.9996 test 0.4469
epoch 164/200 loss 0.0086 train 0.9998 test 0.4483
epoch 165/200 loss 0.0086 train 0.9998 test 0.4471
epoch 166/200 loss 0.0085 train 0.9998 test 0.4472
epoch 167/200 loss 0.0084 train 0.9996 test 0.4467
epoch 168/200 loss 0.0084 train 0.9998 test 0.4469
epoch 169/200 loss 0.0082 train 0.9998 test 0.4487
epoch 170/200 loss 0.0080 train 0.9998 test 0.4476
epoch 171/200 loss 0.0078 train 1.0000 test 0.4465
epoch 172/200 loss 0.0076 train 0.9998 test 0.4473
epoch 173/200 loss 0.0078 train 1.0000 test 0.4487
epoch 174/200 loss 0.0076 train 0.9998 test 0.4488
epoch 175/200 loss 0.0075 train 0.9998 test 0.4473
epoch 176/200 loss 0.0075 train 1.0000 test 0.4479
epoch 177/200 loss 0.0072 train 0.9998 test 0.4465
epoch 178/200 loss 0.0076 train 1.0000 test 0.4480
epoch 179/200 loss 0.0076 train 0.9996 test 0.4478
epoch 180/200 loss 0.0072 train 1.0000 test 0.4472
epoch 181/200 loss 0.0071 train 0.9998 test 0.4484
epoch 182/200 loss 0.0072 train 0.9998 test 0.4471
epoch 183/200 loss 0.0069 train 1.0000 test 0.4489
epoch 184/200 loss 0.0071 train 0.9998 test 0.4453
epoch 185/200 loss 0.0070 train 0.9998 test 0.4473
epoch 186/200 loss 0.0068 train 1.0000 test 0.4479
epoch 187/200 loss 0.0066 train 1.0000 test 0.4482
epoch 188/200 loss 0.0069 train 0.9998 test 0.4482
epoch 189/200 loss 0.0069 train 0.9998 test 0.4478
epoch 190/200 loss 0.0068 train 1.0000 test 0.4484
epoch 191/200 loss 0.0067 train 1.0000 test 0.4475
epoch 192/200 loss 0.0069 train 0.9998 test 0.4476
epoch 193/200 loss 0.0068 train 1.0000 test 0.4479
epoch 194/200 loss 0.0065 train 0.9996 test 0.4487
epoch 195/200 loss 0.0066 train 0.9998 test 0.4481
epoch 196/200 loss 0.0067 train 0.9998 test 0.4490
epoch 197/200 loss 0.0067 train 0.9998 test 0.4494
epoch 198/200 loss 0.0066 train 0.9998 test 0.4493
epoch 199/200 loss 0.0068 train 1.0000 test 0.4478
epoch 200/200 loss 0.0066 train 1.0000 test 0.4470
done: final 0.4470 best 0.4494 -> ./runs/r18_aux_10pct_hn/seed1
moment-aux target calibrated on 1024 images
[r18_aux_10pct_hn seed2] {"params_trainable": 11222188, "params_stem_trainable": 0, "params_stem_fixed_filters": 0, "flops_total": 556705792, "flops_stem": 0, "flops_image_size": 32}
epoch 1/200 loss 5.3323 train 0.0335 test 0.0537
epoch 2/200 loss 4.3893 train 0.0717 test 0.0955
epoch 3/200 loss 4.0821 train 0.1072 test 0.0964
epoch 4/200 loss 3.8853 train 0.1252 test 0.1121
epoch 5/200 loss 3.7562 train 0.1488 test 0.1400
epoch 6/200 loss 3.6280 train 0.1659 test 0.1467
epoch 7/200 loss 3.5123 train 0.1781 test 0.1370
epoch 8/200 loss 3.3960 train 0.1973 test 0.1790
epoch 9/200 loss 3.2871 train 0.2035 test 0.1650
epoch 10/200 loss 3.1766 train 0.2300 test 0.1696
epoch 11/200 loss 3.1065 train 0.2472 test 0.1850
epoch 12/200 loss 2.9719 train 0.2588 test 0.1807
epoch 13/200 loss 2.8853 train 0.2720 test 0.2285
epoch 14/200 loss 2.7852 train 0.3035 test 0.2240
epoch 15/200 loss 2.6980 train 0.3215 test 0.2219
epoch 16/200 loss 2.5998 train 0.3423 test 0.2251
epoch 17/200 loss 2.5101 train 0.3594 test 0.2298
epoch 18/200 loss 2.3972 train 0.3814 test 0.2498
epoch 19/200 loss 2.3259 train 0.3916 test 0.2676
epoch 20/200 loss 2.2131 train 0.4151 test 0.3017
epoch 21/200 loss 2.1053 train 0.4429 test 0.2944
epoch 22/200 loss 2.0728 train 0.4573 test 0.2923
epoch 23/200 loss 1.9263 train 0.4874 test 0.2783
epoch 24/200 loss 1.8650 train 0.4982 test 0.2922
epoch 25/200 loss 1.7643 train 0.5252 test 0.3123
epoch 26/200 loss 1.6809 train 0.5471 test 0.2667
epoch 27/200 loss 1.6349 train 0.5495 test 0.3005
epoch 28/200 loss 1.4938 train 0.5938 test 0.2857
epoch 29/200 loss 1.4671 train 0.6014 test 0.2841
epoch 30/200 loss 1.4061 train 0.6090 test 0.3142
epoch 31/200 loss 1.2822 train 0.6432 test 0.3102
epoch 32/200 loss 1.2300 train 0.6607 test 0.3310
epoch 33/200 loss 1.1186 train 0.6879 test 0.3232
epoch 34/200 loss 1.0435 train 0.7119 test 0.3123
epoch 35/200 loss 1.0315 train 0.7095 test 0.3375
epoch 36/200 loss 0.9682 train 0.7256 test 0.3286
epoch 37/200 loss 0.8877 train 0.7510 test 0.3287
epoch 38/200 loss 0.8264 train 0.7684 test 0.3156
epoch 39/200 loss 0.7973 train 0.7815 test 0.3228
epoch 40/200 loss 0.7019 train 0.8065 test 0.3478
epoch 41/200 loss 0.6219 train 0.8331 test 0.3218
epoch 42/200 loss 0.5916 train 0.8433 test 0.3432
epoch 43/200 loss 0.5886 train 0.8462 test 0.3379
epoch 44/200 loss 0.5378 train 0.8586 test 0.3475
epoch 45/200 loss 0.5048 train 0.8694 test 0.3305
epoch 46/200 loss 0.4818 train 0.8810 test 0.3471
epoch 47/200 loss 0.4170 train 0.8914 test 0.3524
epoch 48/200 loss 0.3935 train 0.9073 test 0.3486
epoch 49/200 loss 0.3863 train 0.9034 test 0.3235
epoch 50/200 loss 0.3455 train 0.9189 test 0.3624
epoch 51/200 loss 0.3373 train 0.9201 test 0.3618
epoch 52/200 loss 0.3475 train 0.9165 test 0.3455
epoch 53/200 loss 0.3333 train 0.9237 test 0.3660
epoch 54/200 loss 0.2811 train 0.9371 test 0.3460
epoch 55/200 loss 0.2614 train 0.9467 test 0.3535
epoch 56/200 loss 0.2850 train 0.9331 test 0.3455
epoch 57/200 loss 0.2495 train 0.9447 test 0.3604
epoch 58/200 loss 0.2316 train 0.9495 test 0.3822
epoch 59/200 loss 0.2391 train 0.9477 test 0.3595
epoch 60/200 loss 0.2209 train 0.9569 test 0.3730
epoch 61/200 loss 0.2070 train 0.9577 test 0.3669
epoch 62/200 loss 0.1967 train 0.9633 test 0.3682
epoch 63/200 loss 0.1806 train 0.9645 test 0.3711
epoch 64/200 loss 0.1454 train 0.9764 test 0.3717
epoch 65/200 loss 0.1145 train 0.9854 test 0.3954
epoch 66/200 loss 0.0893 train 0.9926 test 0.4088
epoch 67/200 loss 0.0806 train 0.9922 test 0.4021
epoch 68/200 loss 0.0735 train 0.9952 test 0.4167
epoch 69/200 loss 0.0617 train 0.9974 test 0.4196
epoch 70/200 loss 0.0550 train 0.9974 test 0.4187
epoch 71/200 loss 0.0462 train 0.9984 test 0.4238
epoch 72/200 loss 0.0408 train 0.9992 test 0.4293
epoch 73/200 loss 0.0380 train 0.9994 test 0.4281
epoch 74/200 loss 0.0377 train 0.9990 test 0.4300
epoch 75/200 loss 0.0386 train 0.9988 test 0.4276
epoch 76/200 loss 0.0365 train 0.9998 test 0.4268
epoch 77/200 loss 0.0324 train 0.9998 test 0.4340
epoch 78/200 loss 0.0349 train 0.9990 test 0.4289
epoch 79/200 loss 0.0337 train 0.9990 test 0.4341
epoch 80/200 loss 0.0311 train 0.9994 test 0.4318
epoch 81/200 loss 0.0303 train 1.0000 test 0.4319
epoch 82/200 loss 0.0293 train 0.9992 test 0.4381
epoch 83/200 loss 0.0275 train 0.9996 test 0.4341
epoch 84/200 loss 0.0409 train 0.9966 test 0.4188
epoch 85/200 loss 0.0812 train 0.9890 test 0.3859
epoch 86/200 loss 0.1032 train 0.9852 test 0.3816
epoch 87/200 loss 0.1092 train 0.9862 test 0.3877
epoch 88/200 loss 0.1199 train 0.9842 test 0.3682
epoch 89/200 loss 0.1520 train 0.9734 test 0.3563
epoch 90/200 loss 0.2127 train 0.9561 test 0.3501
epoch 91/200 loss 0.2821 train 0.9363 test 0.3413
epoch 92/200 loss 0.3338 train 0.9169 test 0.3169
epoch 93/200 loss 0.3655 train 0.9054 test 0.3362
epoch 94/200 loss 0.3575 train 0.9099 test 0.3420
epoch 95/200 loss 0.2835 train 0.9335 test 0.3549
epoch 96/200 loss 0.2037 train 0.9559 test 0.3601
epoch 97/200 loss 0.1447 train 0.9758 test 0.3912
epoch 98/200 loss 0.1057 train 0.9834 test 0.4001
epoch 99/200 loss 0.0717 train 0.9926 test 0.4158
epoch 100/200 loss 0.0579 train 0.9942 test 0.4084
epoch 101/200 loss 0.0508 train 0.9956 test 0.4162
epoch 102/200 loss 0.0381 train 0.9982 test 0.4311
epoch 103/200 loss 0.0312 train 0.9992 test 0.4377
epoch 104/200 loss 0.0265 train 0.9994 test 0.4376
epoch 105/200 loss 0.0239 train 0.9998 test 0.4398
epoch 106/200 loss 0.0224 train 0.9998 test 0.4405
epoch 107/200 loss 0.0208 train 0.9998 test 0.4420
epoch 108/200 loss 0.0202 train 0.9996 test 0.4429
epoch 109/200 loss 0.0195 train 1.0000 test 0.4439
epoch 110/200 loss 0.0189 train 0.9998 test 0.4462
epoch 111/200 loss 0.0191 train 0.9998 test 0.4438
epoch 112/200 loss 0.0181 train 0.9998 test 0.4433
epoch 113/200 loss 0.0177 train 0.9998 test 0.4425
epoch 114/200 loss 0.0175 train 0.9998 test 0.4431
epoch 115/200 loss 0.0172 train 0.9998 test 0.4445
epoch 116/200 loss 0.0164 train 0.9998 test 0.4461
epoch 117/200 loss 0.0163 train 0.9998 test 0.4460
epoch 118/200 loss 0.0163 train 0.9996 test 0.4473
epoch 119/200 loss 0.0160 train 1.0000 test 0.4442
epoch 120/200 loss 0.0161 train 0.9998 test 0.4445
epoch 121/200 loss 0.0153 train 0.9998 test 0.4493
epoch 122/200 loss 0.0152 train 0.9998 test 0.4461
epoch 123/200 loss 0.0149 train 0.9998 test 0.4468
epoch 124/200 loss 0.0153 train 0.9998 test 0.4451
epoch 125/200 loss 0.0149 train 0.9996 test 0.4454
epoch 126/200 loss 0.0148 train 0.9996 test 0.4458
epoch 127/200 loss 0.0143 train 0.9998 test 0.4455
epoch 128/200 loss 0.0139 train 0.9996 test 0.4476
epoch 129/200 loss 0.0140 train 0.9998 test 0.4487
epoch 130/200 loss 0.0136 train 0.9998 test 0.4489
epoch 131/200 loss 0.0132 train 0.9996 test 0.4488
epoch 132/200 loss 0.0130 train 1.0000 test 0.4467
epoch 133/200 loss 0.0131 train 0.9996 test 0.4490
epoch 134/200 loss 0.0130 train 0.9998 test 0.4496
epoch 135/200 loss 0.0128 train 0.9998 test 0.4517
epoch 136/200 loss 0.0127 train 0.9998 test 0.4492
epoch 137/200 loss 0.0123 train 0.9998 test 0.4522
epoch 138/200 loss 0.0122 train 0.9998 test 0.4497
epoch 139/200 loss 0.0121 train 0.9998 test 0.4490
epoch 140/200 loss 0.0118 train 0.9998 test 0.4523
epoch 141/200 loss 0.0119 train 0.9996 test 0.4489
epoch 142/200 loss 0.0111 train 0.9998 test 0.4491
epoch 143/200 loss 0.0112 train 0.9998 test 0.4507
epoch 144/200 loss 0.0112 train 0.9998 test 0.4504
epoch 145/200 loss 0.0111 train 0.9998 test 0.4502
epoch 146/200 loss 0.0108 train 1.0000 test 0.4509
epoch 147/200 loss 0.0106 train 1.0000 test 0.4504
epoch 148/200 loss 0.0106 train 0.9998 test 0.4500
epoch 149/200 loss 0.0103 train 0.9998 test 0.4509
epoch 150/200 loss 0.0106 train 1.0000 test 0.4509
epoch 151/200 loss 0.0104 train 0.9996 test 0.4516
epoch 152/200 loss 0.0102 train 1.0000 test 0.4516
epoch 153/200 loss 0.0100 train 0.9996 test 0.4518
epoch 154/200 loss 0.0096 train 1.0000 test 0.4534
epoch 155/200 loss 0.0098 train 0.9996 test 0.4527
epoch 156/200 loss 0.0095 train 1.0000 test 0.4526
epoch 157/200 loss 0.0093 train 1.0000 test 0.4514
epoch 158/200 loss 0.0092 train 0.9996 test 0.4519
epoch 159/200 loss 0.0089 train 1.0000 test 0.4536
epoch 160/200 loss 0.0092 train 0.9998 test 0.4510
epoch 161/200 loss 0.0087 train 0.9998 test 0.4537
epoch 162/200 loss 0.0088 train 1.0000 test 0.4524
epoch 163/200 loss 0.0081 train 1.0000 test 0.4524
epoch 164/200 loss 0.0086 train 0.9996 test 0.4526
epoch 165/200 loss 0.0084 train 1.0000 test 0.4541
epoch 166/200 loss 0.0083 train 1.0000 test 0.4525
epoch 167/200 loss 0.0084 train 0.9998 test 0.4532
epoch 168/200 loss 0.0080 train 1.0000 test 0.4533
epoch 169/200 loss 0.0079 train 1.0000 test 0.4514
epoch 170/200 loss 0.0081 train 1.0000 test 0.4528
epoch 171/200 loss 0.0077 train 1.0000 test 0.4522
epoch 172/200 loss 0.0078 train 0.9998 test 0.4524
epoch 173/200 loss 0.0076 train 0.9998 test 0.4520
epoch 174/200 loss 0.0077 train 0.9998 test 0.4520
epoch 175/200 loss 0.0075 train 1.0000 test 0.4527
epoch 176/200 loss 0.0071 train 1.0000 test 0.4523
epoch 177/200 loss 0.0075 train 0.9998 test 0.4510
epoch 178/200 loss 0.0069 train 1.0000 test 0.4536
epoch 179/200 loss 0.0069 train 1.0000 test 0.4528
epoch 180/200 loss 0.0071 train 0.9996 test 0.4535
epoch 181/200 loss 0.0073 train 1.0000 test 0.4542
epoch 182/200 loss 0.0067 train 1.0000 test 0.4516
epoch 183/200 loss 0.0067 train 1.0000 test 0.4527
epoch 184/200 loss 0.0066 train 1.0000 test 0.4535
epoch 185/200 loss 0.0067 train 1.0000 test 0.4523
epoch 186/200 loss 0.0069 train 1.0000 test 0.4518
epoch 187/200 loss 0.0067 train 1.0000 test 0.4523
epoch 188/200 loss 0.0065 train 0.9998 test 0.4522
epoch 189/200 loss 0.0063 train 1.0000 test 0.4540
epoch 190/200 loss 0.0064 train 1.0000 test 0.4538
epoch 191/200 loss 0.0067 train 1.0000 test 0.4525
epoch 192/200 loss 0.0063 train 1.0000 test 0.4535
epoch 193/200 loss 0.0063 train 1.0000 test 0.4526
epoch 194/200 loss 0.0064 train 1.0000 test 0.4518
epoch 195/200 loss 0.0065 train 1.0000 test 0.4521
epoch 196/200 loss 0.0064 train 1.0000 test 0.4513
epoch 197/200 loss 0.0059 train 1.0000 test 0.4523
epoch 198/200 loss 0.0063 train 0.9998 test 0.4529
epoch 199/200 loss 0.0064 train 0.9998 test 0.4532
epoch 200/200 loss 0.0063 train 1.0000 test 0.4540
done: final 0.4540 best 0.4542 -> ./runs/r18_aux_10pct_hn/seed2
AUXHN_r18_aux_10pct_hn_DONE
AUXHN_COMPLETE
