moment-aux target calibrated on 1024 images
[r50_aux_10pct_l03 seed0] {"params_trainable": 23713452, "params_stem_trainable": 0, "params_stem_fixed_filters": 0, "flops_total": 1304911872, "flops_stem": 0, "flops_image_size": 32}
epoch 1/200 loss 5.1039 train 0.0403 test 0.0637
epoch 2/200 loss 4.4338 train 0.0751 test 0.0683
epoch 3/200 loss 4.1271 train 0.0911 test 0.0923
epoch 4/200 loss 3.9717 train 0.1004 test 0.1016
epoch 5/200 loss 3.8560 train 0.1182 test 0.1081
epoch 6/200 loss 3.7797 train 0.1328 test 0.1138
epoch 7/200 loss 3.6956 train 0.1460 test 0.1264
epoch 8/200 loss 3.6019 train 0.1591 test 0.1201
epoch 9/200 loss 3.5298 train 0.1685 test 0.1389
epoch 10/200 loss 3.4307 train 0.1785 test 0.1338
epoch 11/200 loss 3.3721 train 0.1911 test 0.1581
epoch 12/200 loss 3.2760 train 0.2091 test 0.1557
epoch 13/200 loss 3.1961 train 0.2198 test 0.1668
epoch 14/200 loss 3.1097 train 0.2236 test 0.1610
epoch 15/200 loss 2.9859 train 0.2538 test 0.1708
epoch 16/200 loss 2.9458 train 0.2570 test 0.1796
epoch 17/200 loss 2.8317 train 0.2790 test 0.1915
epoch 18/200 loss 2.7185 train 0.3071 test 0.1993
epoch 19/200 loss 2.6109 train 0.3259 test 0.2203
epoch 20/200 loss 2.5594 train 0.3341 test 0.2005
epoch 21/200 loss 2.4331 train 0.3488 test 0.2125
epoch 22/200 loss 2.3047 train 0.3866 test 0.2334
epoch 23/200 loss 2.2073 train 0.4089 test 0.2464
epoch 24/200 loss 2.1296 train 0.4185 test 0.2562
epoch 25/200 loss 2.0553 train 0.4409 test 0.2036
epoch 26/200 loss 1.9081 train 0.4714 test 0.2684
epoch 27/200 loss 1.8425 train 0.4968 test 0.2353
epoch 28/200 loss 1.7870 train 0.5064 test 0.2624
epoch 29/200 loss 1.6841 train 0.5341 test 0.2849
epoch 30/200 loss 1.5673 train 0.5657 test 0.2740
epoch 31/200 loss 1.5599 train 0.5689 test 0.2732
epoch 32/200 loss 1.4428 train 0.5950 test 0.2713
epoch 33/200 loss 1.3339 train 0.6160 test 0.2896
epoch 34/200 loss 1.2686 train 0.6338 test 0.2654
epoch 35/200 loss 1.2501 train 0.6378 test 0.2872
epoch 36/200 loss 1.1673 train 0.6607 test 0.2904
epoch 37/200 loss 1.0505 train 0.7015 test 0.2997
epoch 38/200 loss 0.9813 train 0.7109 test 0.2863
epoch 39/200 loss 0.9431 train 0.7294 test 0.2881
epoch 40/200 loss 0.8659 train 0.7504 test 0.2978
epoch 41/200 loss 0.7889 train 0.7698 test 0.3170
epoch 42/200 loss 0.7936 train 0.7710 test 0.2924
epoch 43/200 loss 0.7282 train 0.7913 test 0.2937
epoch 44/200 loss 0.6199 train 0.8263 test 0.3060
epoch 45/200 loss 0.6539 train 0.8119 test 0.2953
epoch 46/200 loss 0.6120 train 0.8299 test 0.3034
epoch 47/200 loss 0.6035 train 0.8245 test 0.3097
epoch 48/200 loss 0.5591 train 0.8431 test 0.3100
epoch 49/200 loss 0.4953 train 0.8626 test 0.3133
epoch 50/200 loss 0.5136 train 0.8530 test 0.3233
epoch 51/200 loss 0.4784 train 0.8634 test 0.3188
epoch 52/200 loss 0.3950 train 0.8930 test 0.3359
epoch 53/200 loss 0.3220 train 0.9163 test 0.3304
epoch 54/200 loss 0.2955 train 0.9241 test 0.3270
epoch 55/200 loss 0.2685 train 0.9353 test 0.3290
epoch 56/200 loss 0.2818 train 0.9297 test 0.3425
epoch 57/200 loss 0.2701 train 0.9323 test 0.3090
epoch 58/200 loss 0.3128 train 0.9161 test 0.3276
epoch 59/200 loss 0.3658 train 0.9008 test 0.3138
epoch 60/200 loss 0.3829 train 0.8980 test 0.3215
epoch 61/200 loss 0.2996 train 0.9193 test 0.3484
epoch 62/200 loss 0.2328 train 0.9383 test 0.3474
epoch 63/200 loss 0.1837 train 0.9597 test 0.3446
epoch 64/200 loss 0.1495 train 0.9681 test 0.3559
epoch 65/200 loss 0.1509 train 0.9649 test 0.3454
epoch 66/200 loss 0.1770 train 0.9609 test 0.3389
epoch 67/200 loss 0.1801 train 0.9575 test 0.3477
epoch 68/200 loss 0.2098 train 0.9467 test 0.3279
epoch 69/200 loss 0.2369 train 0.9389 test 0.3136
epoch 70/200 loss 0.2406 train 0.9403 test 0.3395
epoch 71/200 loss 0.2397 train 0.9373 test 0.3015
epoch 72/200 loss 0.2833 train 0.9259 test 0.3192
epoch 73/200 loss 0.2498 train 0.9371 test 0.3449
epoch 74/200 loss 0.2116 train 0.9457 test 0.3337
epoch 75/200 loss 0.2144 train 0.9461 test 0.3291
epoch 76/200 loss 0.1672 train 0.9621 test 0.3459
epoch 77/200 loss 0.1389 train 0.9692 test 0.3619
epoch 78/200 loss 0.1033 train 0.9798 test 0.3586
epoch 79/200 loss 0.0865 train 0.9840 test 0.3725
epoch 80/200 loss 0.0929 train 0.9816 test 0.3646
epoch 81/200 loss 0.0857 train 0.9868 test 0.3648
epoch 82/200 loss 0.0740 train 0.9890 test 0.3830
epoch 83/200 loss 0.0490 train 0.9956 test 0.3966
epoch 84/200 loss 0.0331 train 0.9980 test 0.3994
epoch 85/200 loss 0.0351 train 0.9970 test 0.4017
epoch 86/200 loss 0.0295 train 0.9984 test 0.4069
epoch 87/200 loss 0.0228 train 0.9992 test 0.4106
epoch 88/200 loss 0.0220 train 0.9992 test 0.4132
epoch 89/200 loss 0.0196 train 0.9998 test 0.4182
epoch 90/200 loss 0.0177 train 0.9996 test 0.4205
epoch 91/200 loss 0.0165 train 0.9996 test 0.4246
epoch 92/200 loss 0.0157 train 0.9998 test 0.4224
epoch 93/200 loss 0.0159 train 0.9996 test 0.4225
epoch 94/200 loss 0.0154 train 0.9998 test 0.4246
epoch 95/200 loss 0.0151 train 0.9998 test 0.4215
epoch 96/200 loss 0.0147 train 0.9998 test 0.4277
epoch 97/200 loss 0.0145 train 0.9998 test 0.4251
epoch 98/200 loss 0.0145 train 0.9996 test 0.4272
epoch 99/200 loss 0.0142 train 0.9998 test 0.4256
epoch 100/200 loss 0.0141 train 0.9996 test 0.4225
epoch 101/200 loss 0.0135 train 0.9998 test 0.4259
epoch 102/200 loss 0.0134 train 0.9998 test 0.4267
epoch 103/200 loss 0.0134 train 0.9996 test 0.4264
epoch 104/200 loss 0.0130 train 0.9996 test 0.4246
epoch 105/200 loss 0.0132 train 0.9996 test 0.4233
epoch 106/200 loss 0.0129 train 0.9998 test 0.4247
epoch 107/200 loss 0.0125 train 0.9996 test 0.4246
epoch 108/200 loss 0.0124 train 0.9998 test 0.4280
epoch 109/200 loss 0.0127 train 0.9996 test 0.4277
epoch 110/200 loss 0.0122 train 0.9996 test 0.4271
epoch 111/200 loss 0.0121 train 0.9996 test 0.4283
epoch 112/200 loss 0.0122 train 0.9996 test 0.4303
epoch 113/200 loss 0.0117 train 0.9998 test 0.4266
epoch 114/200 loss 0.0114 train 0.9996 test 0.4279
epoch 115/200 loss 0.0114 train 0.9998 test 0.4289
epoch 116/200 loss 0.0110 train 1.0000 test 0.4289
epoch 117/200 loss 0.0108 train 0.9998 test 0.4294
epoch 118/200 loss 0.0111 train 0.9998 test 0.4299
epoch 119/200 loss 0.0106 train 0.9998 test 0.4283
epoch 120/200 loss 0.0108 train 0.9998 test 0.4281
epoch 121/200 loss 0.0105 train 0.9996 test 0.4271
epoch 122/200 loss 0.0104 train 0.9998 test 0.4241
epoch 123/200 loss 0.0100 train 0.9998 test 0.4297
epoch 124/200 loss 0.0100 train 0.9998 test 0.4250
epoch 125/200 loss 0.0098 train 0.9996 test 0.4273
epoch 126/200 loss 0.0097 train 0.9998 test 0.4280
epoch 127/200 loss 0.0095 train 0.9998 test 0.4288
epoch 128/200 loss 0.0092 train 1.0000 test 0.4271
epoch 129/200 loss 0.0093 train 0.9998 test 0.4240
epoch 130/200 loss 0.0089 train 1.0000 test 0.4266
epoch 131/200 loss 0.0089 train 0.9998 test 0.4269
epoch 132/200 loss 0.0090 train 0.9998 test 0.4271
epoch 133/200 loss 0.0086 train 0.9996 test 0.4283
epoch 134/200 loss 0.0084 train 0.9998 test 0.4277
epoch 135/200 loss 0.0086 train 0.9996 test 0.4280
epoch 136/200 loss 0.0082 train 1.0000 test 0.4257
epoch 137/200 loss 0.0081 train 0.9996 test 0.4271
epoch 138/200 loss 0.0079 train 0.9998 test 0.4262
epoch 139/200 loss 0.0077 train 0.9998 test 0.4271
epoch 140/200 loss 0.0079 train 0.9998 test 0.4284
epoch 141/200 loss 0.0078 train 0.9998 test 0.4277
epoch 142/200 loss 0.0076 train 0.9996 test 0.4280
epoch 143/200 loss 0.0075 train 0.9998 test 0.4294
epoch 144/200 loss 0.0075 train 0.9998 test 0.4286
epoch 145/200 loss 0.0072 train 0.9998 test 0.4279
epoch 146/200 loss 0.0070 train 0.9998 test 0.4300
epoch 147/200 loss 0.0068 train 1.0000 test 0.4289
epoch 148/200 loss 0.0069 train 0.9996 test 0.4302
epoch 149/200 loss 0.0068 train 1.0000 test 0.4287
epoch 150/200 loss 0.0065 train 0.9998 test 0.4303
epoch 151/200 loss 0.0065 train 0.9998 test 0.4280
epoch 152/200 loss 0.0065 train 0.9998 test 0.4305
epoch 153/200 loss 0.0061 train 0.9998 test 0.4298
epoch 154/200 loss 0.0063 train 0.9996 test 0.4294
epoch 155/200 loss 0.0062 train 0.9998 test 0.4314
epoch 156/200 loss 0.0060 train 0.9998 test 0.4302
epoch 157/200 loss 0.0058 train 0.9998 test 0.4280
epoch 158/200 loss 0.0058 train 1.0000 test 0.4297
epoch 159/200 loss 0.0057 train 1.0000 test 0.4311
epoch 160/200 loss 0.0059 train 0.9998 test 0.4304
epoch 161/200 loss 0.0056 train 1.0000 test 0.4301
epoch 162/200 loss 0.0056 train 1.0000 test 0.4311
epoch 163/200 loss 0.0056 train 0.9996 test 0.4306
epoch 164/200 loss 0.0054 train 0.9998 test 0.4310
epoch 165/200 loss 0.0054 train 0.9998 test 0.4297
epoch 166/200 loss 0.0054 train 0.9996 test 0.4298
epoch 167/200 loss 0.0052 train 1.0000 test 0.4305
epoch 168/200 loss 0.0054 train 1.0000 test 0.4274
epoch 169/200 loss 0.0051 train 1.0000 test 0.4296
epoch 170/200 loss 0.0051 train 0.9998 test 0.4301
epoch 171/200 loss 0.0052 train 0.9998 test 0.4311
epoch 172/200 loss 0.0051 train 0.9998 test 0.4291
epoch 173/200 loss 0.0049 train 0.9998 test 0.4321
epoch 174/200 loss 0.0048 train 0.9998 test 0.4272
epoch 175/200 loss 0.0047 train 1.0000 test 0.4305
epoch 176/200 loss 0.0048 train 0.9998 test 0.4287
epoch 177/200 loss 0.0046 train 1.0000 test 0.4304
epoch 178/200 loss 0.0046 train 0.9998 test 0.4293
epoch 179/200 loss 0.0045 train 0.9998 test 0.4297
epoch 180/200 loss 0.0044 train 0.9998 test 0.4282
epoch 181/200 loss 0.0045 train 1.0000 test 0.4297
epoch 182/200 loss 0.0044 train 1.0000 test 0.4297
epoch 183/200 loss 0.0042 train 1.0000 test 0.4295
epoch 184/200 loss 0.0041 train 1.0000 test 0.4293
epoch 185/200 loss 0.0042 train 1.0000 test 0.4293
epoch 186/200 loss 0.0042 train 0.9998 test 0.4307
epoch 187/200 loss 0.0042 train 1.0000 test 0.4287
epoch 188/200 loss 0.0041 train 1.0000 test 0.4300
epoch 189/200 loss 0.0041 train 0.9998 test 0.4289
epoch 190/200 loss 0.0042 train 0.9998 test 0.4311
epoch 191/200 loss 0.0037 train 1.0000 test 0.4311
epoch 192/200 loss 0.0038 train 1.0000 test 0.4302
epoch 193/200 loss 0.0039 train 1.0000 test 0.4314
epoch 194/200 loss 0.0041 train 1.0000 test 0.4305
epoch 195/200 loss 0.0040 train 0.9998 test 0.4315
epoch 196/200 loss 0.0040 train 0.9998 test 0.4319
epoch 197/200 loss 0.0040 train 1.0000 test 0.4306
epoch 198/200 loss 0.0040 train 1.0000 test 0.4296
epoch 199/200 loss 0.0039 train 1.0000 test 0.4288
epoch 200/200 loss 0.0039 train 1.0000 test 0.4302
done: final 0.4302 best 0.4321 -> ./runs/r50_aux_10pct_l03/seed0
moment-aux target calibrated on 1024 images
[r50_aux_10pct_l03 seed1] {"params_trainable": 23713452, "params_stem_trainable": 0, "params_stem_fixed_filters": 0, "flops_total": 1304911872, "flops_stem": 0, "flops_image_size": 32}
epoch 1/200 loss 5.1763 train 0.0349 test 0.0504
epoch 2/200 loss 4.5101 train 0.0573 test 0.0726
epoch 3/200 loss 4.1454 train 0.0829 test 0.0914
epoch 4/200 loss 3.9911 train 0.0976 test 0.0993
epoch 5/200 loss 3.8998 train 0.1150 test 0.1173
epoch 6/200 loss 3.7819 train 0.1360 test 0.1225
epoch 7/200 loss 3.7009 train 0.1456 test 0.1158
epoch 8/200 loss 3.6096 train 0.1552 test 0.1428
epoch 9/200 loss 3.5347 train 0.1683 test 0.1475
epoch 10/200 loss 3.4566 train 0.1777 test 0.1591
epoch 11/200 loss 3.3590 train 0.1881 test 0.1477
epoch 12/200 loss 3.2913 train 0.2043 test 0.1681
epoch 13/200 loss 3.2070 train 0.2077 test 0.1639
epoch 14/200 loss 3.1079 train 0.2374 test 0.1807
epoch 15/200 loss 3.0199 train 0.2448 test 0.1839
epoch 16/200 loss 2.9195 train 0.2680 test 0.1555
epoch 17/200 loss 2.8243 train 0.2800 test 0.1852
epoch 18/200 loss 2.7707 train 0.2951 test 0.1991
epoch 19/200 loss 2.6592 train 0.3145 test 0.2039
epoch 20/200 loss 2.5710 train 0.3331 test 0.2194
epoch 21/200 loss 2.4491 train 0.3530 test 0.2306
epoch 22/200 loss 2.3449 train 0.3798 test 0.2217
epoch 23/200 loss 2.2688 train 0.3976 test 0.2235
epoch 24/200 loss 2.1574 train 0.4177 test 0.2604
epoch 25/200 loss 2.0469 train 0.4383 test 0.2609
epoch 26/200 loss 1.9657 train 0.4627 test 0.2501
epoch 27/200 loss 1.8842 train 0.4784 test 0.2468
epoch 28/200 loss 1.7685 train 0.5136 test 0.2681
epoch 29/200 loss 1.6499 train 0.5333 test 0.2610
epoch 30/200 loss 1.6231 train 0.5517 test 0.2676
epoch 31/200 loss 1.5742 train 0.5595 test 0.2576
epoch 32/200 loss 1.4792 train 0.5847 test 0.2820
epoch 33/200 loss 1.3950 train 0.6062 test 0.2803
epoch 34/200 loss 1.3048 train 0.6346 test 0.2426
epoch 35/200 loss 1.1950 train 0.6627 test 0.3017
epoch 36/200 loss 1.1797 train 0.6581 test 0.2769
epoch 37/200 loss 1.0728 train 0.6877 test 0.2926
epoch 38/200 loss 0.9473 train 0.7296 test 0.2923
epoch 39/200 loss 0.9116 train 0.7360 test 0.2932
epoch 40/200 loss 0.8899 train 0.7406 test 0.2957
epoch 41/200 loss 0.8809 train 0.7402 test 0.2967
epoch 42/200 loss 0.7651 train 0.7817 test 0.3070
epoch 43/200 loss 0.6949 train 0.7987 test 0.2985
epoch 44/200 loss 0.6656 train 0.8119 test 0.2988
epoch 45/200 loss 0.6277 train 0.8145 test 0.3060
epoch 46/200 loss 0.5822 train 0.8411 test 0.3156
epoch 47/200 loss 0.5411 train 0.8419 test 0.2857
epoch 48/200 loss 0.5677 train 0.8375 test 0.2917
epoch 49/200 loss 0.5480 train 0.8407 test 0.3218
epoch 50/200 loss 0.5238 train 0.8498 test 0.3152
epoch 51/200 loss 0.4638 train 0.8698 test 0.3114
epoch 52/200 loss 0.3867 train 0.8974 test 0.3177
epoch 53/200 loss 0.3559 train 0.9097 test 0.3363
epoch 54/200 loss 0.3364 train 0.9137 test 0.2961
epoch 55/200 loss 0.3594 train 0.8980 test 0.3258
epoch 56/200 loss 0.3383 train 0.9127 test 0.3262
epoch 57/200 loss 0.2942 train 0.9225 test 0.3184
epoch 58/200 loss 0.2855 train 0.9265 test 0.3347
epoch 59/200 loss 0.2820 train 0.9221 test 0.3223
epoch 60/200 loss 0.2481 train 0.9341 test 0.3376
epoch 61/200 loss 0.2000 train 0.9545 test 0.3220
epoch 62/200 loss 0.2255 train 0.9439 test 0.3325
epoch 63/200 loss 0.2692 train 0.9327 test 0.3232
epoch 64/200 loss 0.2621 train 0.9329 test 0.3321
epoch 65/200 loss 0.2350 train 0.9425 test 0.3162
epoch 66/200 loss 0.2103 train 0.9507 test 0.3242
epoch 67/200 loss 0.2048 train 0.9501 test 0.3301
epoch 68/200 loss 0.1740 train 0.9585 test 0.3384
epoch 69/200 loss 0.2142 train 0.9497 test 0.3283
epoch 70/200 loss 0.1970 train 0.9525 test 0.3327
epoch 71/200 loss 0.1864 train 0.9557 test 0.3330
epoch 72/200 loss 0.1760 train 0.9587 test 0.3401
epoch 73/200 loss 0.1415 train 0.9698 test 0.3660
epoch 74/200 loss 0.1384 train 0.9692 test 0.3546
epoch 75/200 loss 0.1439 train 0.9651 test 0.3403
epoch 76/200 loss 0.1595 train 0.9635 test 0.3369
epoch 77/200 loss 0.1410 train 0.9688 test 0.3263
epoch 78/200 loss 0.1406 train 0.9657 test 0.3406
epoch 79/200 loss 0.1396 train 0.9675 test 0.3126
epoch 80/200 loss 0.1553 train 0.9677 test 0.3304
epoch 81/200 loss 0.1478 train 0.9631 test 0.3358
epoch 82/200 loss 0.1740 train 0.9573 test 0.3217
epoch 83/200 loss 0.2208 train 0.9421 test 0.3332
epoch 84/200 loss 0.2022 train 0.9467 test 0.3487
epoch 85/200 loss 0.1356 train 0.9726 test 0.3439
epoch 86/200 loss 0.0977 train 0.9812 test 0.3640
epoch 87/200 loss 0.0706 train 0.9898 test 0.3716
epoch 88/200 loss 0.0574 train 0.9920 test 0.3793
epoch 89/200 loss 0.0508 train 0.9944 test 0.3753
epoch 90/200 loss 0.0377 train 0.9968 test 0.3881
epoch 91/200 loss 0.0368 train 0.9968 test 0.3936
epoch 92/200 loss 0.0333 train 0.9970 test 0.3887
epoch 93/200 loss 0.0259 train 0.9984 test 0.4010
epoch 94/200 loss 0.0213 train 0.9992 test 0.4060
epoch 95/200 loss 0.0215 train 0.9984 test 0.4119
epoch 96/200 loss 0.0191 train 0.9992 test 0.4087
epoch 97/200 loss 0.0192 train 0.9988 test 0.4107
epoch 98/200 loss 0.0165 train 0.9994 test 0.4142
epoch 99/200 loss 0.0153 train 0.9998 test 0.4182
epoch 100/200 loss 0.0144 train 0.9998 test 0.4184
epoch 101/200 loss 0.0139 train 0.9998 test 0.4187
epoch 102/200 loss 0.0134 train 0.9998 test 0.4202
epoch 103/200 loss 0.0133 train 0.9996 test 0.4212
epoch 104/200 loss 0.0132 train 0.9998 test 0.4199
epoch 105/200 loss 0.0127 train 0.9998 test 0.4197
epoch 106/200 loss 0.0128 train 0.9996 test 0.4179
epoch 107/200 loss 0.0123 train 0.9998 test 0.4195
epoch 108/200 loss 0.0125 train 0.9998 test 0.4200
epoch 109/200 loss 0.0122 train 0.9998 test 0.4193
epoch 110/200 loss 0.0122 train 0.9998 test 0.4205
epoch 111/200 loss 0.0121 train 0.9996 test 0.4204
epoch 112/200 loss 0.0117 train 0.9998 test 0.4221
epoch 113/200 loss 0.0113 train 0.9998 test 0.4211
epoch 114/200 loss 0.0114 train 1.0000 test 0.4221
epoch 115/200 loss 0.0115 train 0.9998 test 0.4257
epoch 116/200 loss 0.0116 train 0.9998 test 0.4237
epoch 117/200 loss 0.0110 train 0.9998 test 0.4239
epoch 118/200 loss 0.0109 train 0.9996 test 0.4217
epoch 119/200 loss 0.0109 train 0.9998 test 0.4247
epoch 120/200 loss 0.0107 train 0.9998 test 0.4247
epoch 121/200 loss 0.0105 train 0.9998 test 0.4232
epoch 122/200 loss 0.0106 train 0.9996 test 0.4249
epoch 123/200 loss 0.0102 train 0.9998 test 0.4267
epoch 124/200 loss 0.0103 train 0.9996 test 0.4251
epoch 125/200 loss 0.0097 train 1.0000 test 0.4258
epoch 126/200 loss 0.0097 train 0.9998 test 0.4270
epoch 127/200 loss 0.0095 train 0.9996 test 0.4249
epoch 128/200 loss 0.0096 train 0.9998 test 0.4249
epoch 129/200 loss 0.0096 train 0.9996 test 0.4241
epoch 130/200 loss 0.0092 train 0.9998 test 0.4239
epoch 131/200 loss 0.0092 train 0.9996 test 0.4247
epoch 132/200 loss 0.0088 train 1.0000 test 0.4235
epoch 133/200 loss 0.0088 train 1.0000 test 0.4257
epoch 134/200 loss 0.0090 train 0.9998 test 0.4227
epoch 135/200 loss 0.0086 train 1.0000 test 0.4255
epoch 136/200 loss 0.0086 train 0.9998 test 0.4246
epoch 137/200 loss 0.0084 train 1.0000 test 0.4251
epoch 138/200 loss 0.0083 train 1.0000 test 0.4247
epoch 139/200 loss 0.0082 train 0.9998 test 0.4247
epoch 140/200 loss 0.0082 train 0.9996 test 0.4247
epoch 141/200 loss 0.0079 train 0.9998 test 0.4266
epoch 142/200 loss 0.0078 train 1.0000 test 0.4247
epoch 143/200 loss 0.0075 train 1.0000 test 0.4254
epoch 144/200 loss 0.0075 train 1.0000 test 0.4265
epoch 145/200 loss 0.0072 train 1.0000 test 0.4254
epoch 146/200 loss 0.0071 train 1.0000 test 0.4258
epoch 147/200 loss 0.0076 train 0.9996 test 0.4247
epoch 148/200 loss 0.0074 train 0.9998 test 0.4251
epoch 149/200 loss 0.0069 train 0.9998 test 0.4248
epoch 150/200 loss 0.0068 train 1.0000 test 0.4257
epoch 151/200 loss 0.0068 train 1.0000 test 0.4240
epoch 152/200 loss 0.0067 train 1.0000 test 0.4261
epoch 153/200 loss 0.0066 train 1.0000 test 0.4263
epoch 154/200 loss 0.0063 train 1.0000 test 0.4257
epoch 155/200 loss 0.0071 train 0.9996 test 0.4280
epoch 156/200 loss 0.0063 train 0.9998 test 0.4256
epoch 157/200 loss 0.0062 train 0.9998 test 0.4275
epoch 158/200 loss 0.0061 train 0.9998 test 0.4275
epoch 159/200 loss 0.0059 train 1.0000 test 0.4264
epoch 160/200 loss 0.0057 train 1.0000 test 0.4273
epoch 161/200 loss 0.0056 train 1.0000 test 0.4265
epoch 162/200 loss 0.0058 train 0.9998 test 0.4271
epoch 163/200 loss 0.0058 train 0.9998 test 0.4279
epoch 164/200 loss 0.0057 train 0.9998 test 0.4262
epoch 165/200 loss 0.0056 train 1.0000 test 0.4269
epoch 166/200 loss 0.0054 train 1.0000 test 0.4273
epoch 167/200 loss 0.0054 train 0.9998 test 0.4263
epoch 168/200 loss 0.0053 train 1.0000 test 0.4270
epoch 169/200 loss 0.0053 train 1.0000 test 0.4278
epoch 170/200 loss 0.0051 train 0.9998 test 0.4270
epoch 171/200 loss 0.0049 train 1.0000 test 0.4275
epoch 172/200 loss 0.0047 train 1.0000 test 0.4260
epoch 173/200 loss 0.0050 train 0.9998 test 0.4264
epoch 174/200 loss 0.0048 train 1.0000 test 0.4270
epoch 175/200 loss 0.0047 train 1.0000 test 0.4274
epoch 176/200 loss 0.0045 train 1.0000 test 0.4264
epoch 177/200 loss 0.0048 train 0.9998 test 0.4258
epoch 178/200 loss 0.0045 train 1.0000 test 0.4267
epoch 179/200 loss 0.0048 train 1.0000 test 0.4271
epoch 180/200 loss 0.0046 train 1.0000 test 0.4269
epoch 181/200 loss 0.0042 train 1.0000 test 0.4273
epoch 182/200 loss 0.0044 train 1.0000 test 0.4285
epoch 183/200 loss 0.0044 train 1.0000 test 0.4256
epoch 184/200 loss 0.0046 train 0.9998 test 0.4270
epoch 185/200 loss 0.0042 train 1.0000 test 0.4259
epoch 186/200 loss 0.0042 train 1.0000 test 0.4258
epoch 187/200 loss 0.0041 train 1.0000 test 0.4275
epoch 188/200 loss 0.0042 train 1.0000 test 0.4273
epoch 189/200 loss 0.0044 train 0.9998 test 0.4262
epoch 190/200 loss 0.0042 train 1.0000 test 0.4278
epoch 191/200 loss 0.0041 train 1.0000 test 0.4279
epoch 192/200 loss 0.0041 train 1.0000 test 0.4277
epoch 193/200 loss 0.0042 train 1.0000 test 0.4285
epoch 194/200 loss 0.0039 train 1.0000 test 0.4274
epoch 195/200 loss 0.0043 train 0.9998 test 0.4269
epoch 196/200 loss 0.0042 train 0.9998 test 0.4275
epoch 197/200 loss 0.0042 train 1.0000 test 0.4277
epoch 198/200 loss 0.0041 train 1.0000 test 0.4269
epoch 199/200 loss 0.0041 train 1.0000 test 0.4271
epoch 200/200 loss 0.0041 train 1.0000 test 0.4275
done: final 0.4275 best 0.4285 -> ./runs/r50_aux_10pct_l03/seed1
moment-aux target calibrated on 1024 images
[r50_aux_10pct_l03 seed2] {"params_trainable": 23713452, "params_stem_trainable": 0, "params_stem_fixed_filters": 0, "flops_total": 1304911872, "flops_stem": 0, "flops_image_size": 32}
epoch 1/200 loss 5.1169 train 0.0345 test 0.0670
epoch 2/200 loss 4.4407 train 0.0649 test 0.0811
epoch 3/200 loss 4.1396 train 0.0869 test 0.0855
epoch 4/200 loss 3.9799 train 0.1042 test 0.1066
epoch 5/200 loss 3.8695 train 0.1218 test 0.1063
epoch 6/200 loss 3.7833 train 0.1284 test 0.1103
epoch 7/200 loss 3.7185 train 0.1426 test 0.1274
epoch 8/200 loss 3.5971 train 0.1571 test 0.1367
epoch 9/200 loss 3.5643 train 0.1500 test 0.1407
epoch 10/200 loss 3.4504 train 0.1863 test 0.1443
epoch 11/200 loss 3.3812 train 0.1949 test 0.1501
epoch 12/200 loss 3.2506 train 0.2091 test 0.1465
epoch 13/200 loss 3.1951 train 0.2133 test 0.1744
epoch 14/200 loss 3.0841 train 0.2344 test 0.1240
epoch 15/200 loss 3.0139 train 0.2440 test 0.1770
epoch 16/200 loss 2.9139 train 0.2758 test 0.1910
epoch 17/200 loss 2.8107 train 0.2865 test 0.1911
epoch 18/200 loss 2.7001 train 0.3113 test 0.1976
epoch 19/200 loss 2.6073 train 0.3307 test 0.2258
epoch 20/200 loss 2.4976 train 0.3409 test 0.2258
epoch 21/200 loss 2.4418 train 0.3592 test 0.2187
epoch 22/200 loss 2.3094 train 0.3858 test 0.2233
epoch 23/200 loss 2.2083 train 0.4149 test 0.2294
epoch 24/200 loss 2.1116 train 0.4421 test 0.2579
epoch 25/200 loss 2.0093 train 0.4477 test 0.2457
epoch 26/200 loss 1.9499 train 0.4645 test 0.2420
epoch 27/200 loss 1.8831 train 0.4850 test 0.2395
epoch 28/200 loss 1.7152 train 0.5290 test 0.2697
epoch 29/200 loss 1.6400 train 0.5405 test 0.2504
epoch 30/200 loss 1.6588 train 0.5246 test 0.2656
epoch 31/200 loss 1.4977 train 0.5809 test 0.2545
epoch 32/200 loss 1.4006 train 0.6030 test 0.2797
epoch 33/200 loss 1.3354 train 0.6208 test 0.2732
epoch 34/200 loss 1.2533 train 0.6436 test 0.2953
epoch 35/200 loss 1.2342 train 0.6476 test 0.2820
epoch 36/200 loss 1.1722 train 0.6651 test 0.3064
epoch 37/200 loss 1.0817 train 0.6855 test 0.2983
epoch 38/200 loss 0.9672 train 0.7147 test 0.3059
epoch 39/200 loss 0.9725 train 0.7204 test 0.2875
epoch 40/200 loss 0.8466 train 0.7588 test 0.2852
epoch 41/200 loss 0.7731 train 0.7867 test 0.2892
epoch 42/200 loss 0.8074 train 0.7658 test 0.3122
epoch 43/200 loss 0.7526 train 0.7829 test 0.2901
epoch 44/200 loss 0.6927 train 0.8079 test 0.2907
epoch 45/200 loss 0.6197 train 0.8173 test 0.2926
epoch 46/200 loss 0.5363 train 0.8564 test 0.3328
epoch 47/200 loss 0.5069 train 0.8606 test 0.3387
epoch 48/200 loss 0.5314 train 0.8522 test 0.3089
epoch 49/200 loss 0.5156 train 0.8588 test 0.3118
epoch 50/200 loss 0.4990 train 0.8640 test 0.3271
epoch 51/200 loss 0.4616 train 0.8728 test 0.3402
epoch 52/200 loss 0.3671 train 0.9020 test 0.3444
epoch 53/200 loss 0.3394 train 0.9161 test 0.3358
epoch 54/200 loss 0.2827 train 0.9303 test 0.3314
epoch 55/200 loss 0.2725 train 0.9323 test 0.3282
epoch 56/200 loss 0.2751 train 0.9325 test 0.3068
epoch 57/200 loss 0.3561 train 0.9036 test 0.3220
epoch 58/200 loss 0.3760 train 0.8984 test 0.3283
epoch 59/200 loss 0.3471 train 0.9071 test 0.3087
epoch 60/200 loss 0.3192 train 0.9147 test 0.3296
epoch 61/200 loss 0.2695 train 0.9313 test 0.3201
epoch 62/200 loss 0.2323 train 0.9405 test 0.3588
epoch 63/200 loss 0.1941 train 0.9539 test 0.3581
epoch 64/200 loss 0.1860 train 0.9541 test 0.3373
epoch 65/200 loss 0.1768 train 0.9599 test 0.3225
epoch 66/200 loss 0.1951 train 0.9521 test 0.3510
epoch 67/200 loss 0.2162 train 0.9507 test 0.3291
epoch 68/200 loss 0.2513 train 0.9389 test 0.3234
epoch 69/200 loss 0.2654 train 0.9255 test 0.3180
epoch 70/200 loss 0.2806 train 0.9257 test 0.3321
epoch 71/200 loss 0.2378 train 0.9393 test 0.3271
epoch 72/200 loss 0.1924 train 0.9551 test 0.3538
epoch 73/200 loss 0.1795 train 0.9555 test 0.3163
epoch 74/200 loss 0.1337 train 0.9720 test 0.3561
epoch 75/200 loss 0.1016 train 0.9812 test 0.3733
epoch 76/200 loss 0.0898 train 0.9844 test 0.3721
epoch 77/200 loss 0.0669 train 0.9914 test 0.3852
epoch 78/200 loss 0.0450 train 0.9974 test 0.4007
epoch 79/200 loss 0.0378 train 0.9964 test 0.3920
epoch 80/200 loss 0.0350 train 0.9966 test 0.4062
epoch 81/200 loss 0.0253 train 0.9994 test 0.4169
epoch 82/200 loss 0.0221 train 0.9994 test 0.4183
epoch 83/200 loss 0.0206 train 0.9994 test 0.4147
epoch 84/200 loss 0.0193 train 0.9998 test 0.4199
epoch 85/200 loss 0.0190 train 0.9996 test 0.4252
epoch 86/200 loss 0.0179 train 0.9998 test 0.4234
epoch 87/200 loss 0.0174 train 0.9998 test 0.4254
epoch 88/200 loss 0.0167 train 0.9996 test 0.4216
epoch 89/200 loss 0.0164 train 0.9998 test 0.4233
epoch 90/200 loss 0.0163 train 0.9996 test 0.4224
epoch 91/200 loss 0.0160 train 0.9998 test 0.4258
epoch 92/200 loss 0.0152 train 0.9998 test 0.4257
epoch 93/200 loss 0.0154 train 0.9996 test 0.4253
epoch 94/200 loss 0.0155 train 0.9996 test 0.4245
epoch 95/200 loss 0.0150 train 0.9998 test 0.4259
epoch 96/200 loss 0.0144 train 0.9998 test 0.4254
epoch 97/200 loss 0.0148 train 0.9998 test 0.4268
epoch 98/200 loss 0.0143 train 0.9998 test 0.4270
epoch 99/200 loss 0.0141 train 0.9996 test 0.4296
epoch 100/200 loss 0.0139 train 0.9996 test 0.4281
epoch 101/200 loss 0.0140 train 0.9998 test 0.4277
epoch 102/200 loss 0.0137 train 0.9996 test 0.4287
epoch 103/200 loss 0.0136 train 0.9996 test 0.4276
epoch 104/200 loss 0.0131 train 0.9998 test 0.4292
epoch 105/200 loss 0.0129 train 0.9998 test 0.4325
epoch 106/200 loss 0.0127 train 0.9998 test 0.4304
epoch 107/200 loss 0.0123 train 0.9998 test 0.4301
epoch 108/200 loss 0.0125 train 0.9996 test 0.4300
epoch 109/200 loss 0.0120 train 1.0000 test 0.4294
epoch 110/200 loss 0.0119 train 0.9998 test 0.4277
epoch 111/200 loss 0.0122 train 0.9998 test 0.4278
epoch 112/200 loss 0.0118 train 0.9998 test 0.4295
epoch 113/200 loss 0.0114 train 0.9998 test 0.4282
epoch 114/200 loss 0.0138 train 0.9996 test 0.4243
epoch 115/200 loss 0.0148 train 0.9986 test 0.4243
epoch 116/200 loss 0.0374 train 0.9948 test 0.4063
epoch 117/200 loss 0.0614 train 0.9890 test 0.3732
epoch 118/200 loss 0.0655 train 0.9898 test 0.3907
epoch 119/200 loss 0.0550 train 0.9940 test 0.3904
epoch 120/200 loss 0.0540 train 0.9924 test 0.3895
epoch 121/200 loss 0.0553 train 0.9924 test 0.3743
epoch 122/200 loss 0.0810 train 0.9862 test 0.3530
epoch 123/200 loss 0.0904 train 0.9854 test 0.3663
epoch 124/200 loss 0.0988 train 0.9798 test 0.3592
epoch 125/200 loss 0.1208 train 0.9770 test 0.3491
epoch 126/200 loss 0.0920 train 0.9848 test 0.3747
epoch 127/200 loss 0.0757 train 0.9862 test 0.3717
epoch 128/200 loss 0.0670 train 0.9878 test 0.3840
epoch 129/200 loss 0.0808 train 0.9836 test 0.3711
epoch 130/200 loss 0.0562 train 0.9918 test 0.3864
epoch 131/200 loss 0.0452 train 0.9940 test 0.3953
epoch 132/200 loss 0.0316 train 0.9952 test 0.3915
epoch 133/200 loss 0.0234 train 0.9980 test 0.4040
epoch 134/200 loss 0.0163 train 0.9988 test 0.4149
epoch 135/200 loss 0.0125 train 0.9994 test 0.4209
epoch 136/200 loss 0.0099 train 0.9996 test 0.4276
epoch 137/200 loss 0.0088 train 0.9996 test 0.4286
epoch 138/200 loss 0.0079 train 0.9998 test 0.4283
epoch 139/200 loss 0.0077 train 0.9998 test 0.4305
epoch 140/200 loss 0.0074 train 0.9998 test 0.4318
epoch 141/200 loss 0.0070 train 0.9996 test 0.4322
epoch 142/200 loss 0.0067 train 0.9998 test 0.4317
epoch 143/200 loss 0.0065 train 1.0000 test 0.4316
epoch 144/200 loss 0.0065 train 0.9998 test 0.4303
epoch 145/200 loss 0.0063 train 1.0000 test 0.4305
epoch 146/200 loss 0.0060 train 0.9998 test 0.4313
epoch 147/200 loss 0.0058 train 1.0000 test 0.4307
epoch 148/200 loss 0.0058 train 0.9998 test 0.4294
epoch 149/200 loss 0.0057 train 0.9998 test 0.4311
epoch 150/200 loss 0.0056 train 1.0000 test 0.4309
epoch 151/200 loss 0.0055 train 0.9998 test 0.4318
epoch 152/200 loss 0.0055 train 0.9998 test 0.4283
epoch 153/200 loss 0.0053 train 0.9996 test 0.4326
epoch 154/200 loss 0.0052 train 1.0000 test 0.4324
epoch 155/200 loss 0.0053 train 0.9998 test 0.4341
epoch 156/200 loss 0.0050 train 0.9998 test 0.4334
epoch 157/200 loss 0.0048 train 1.0000 test 0.4332
epoch 158/200 loss 0.0048 train 0.9998 test 0.4333
epoch 159/200 loss 0.0045 train 1.0000 test 0.4341
epoch 160/200 loss 0.0047 train 0.9998 test 0.4326
epoch 161/200 loss 0.0044 train 1.0000 test 0.4346
epoch 162/200 loss 0.0045 train 1.0000 test 0.4307
epoch 163/200 loss 0.0041 train 1.0000 test 0.4308
epoch 164/200 loss 0.0044 train 0.9996 test 0.4328
epoch 165/200 loss 0.0041 train 1.0000 test 0.4332
epoch 166/200 loss 0.0041 train 1.0000 test 0.4318
epoch 167/200 loss 0.0041 train 1.0000 test 0.4328
epoch 168/200 loss 0.0038 train 1.0000 test 0.4337
epoch 169/200 loss 0.0037 train 1.0000 test 0.4329
epoch 170/200 loss 0.0039 train 0.9998 test 0.4328
epoch 171/200 loss 0.0036 train 1.0000 test 0.4326
epoch 172/200 loss 0.0037 train 0.9998 test 0.4318
epoch 173/200 loss 0.0035 train 1.0000 test 0.4334
epoch 174/200 loss 0.0035 train 1.0000 test 0.4328
epoch 175/200 loss 0.0033 train 1.0000 test 0.4337
epoch 176/200 loss 0.0033 train 1.0000 test 0.4329
epoch 177/200 loss 0.0036 train 0.9998 test 0.4323
epoch 178/200 loss 0.0034 train 0.9998 test 0.4326
epoch 179/200 loss 0.0031 train 1.0000 test 0.4332
epoch 180/200 loss 0.0033 train 0.9998 test 0.4314
epoch 181/200 loss 0.0032 train 1.0000 test 0.4332
epoch 182/200 loss 0.0030 train 1.0000 test 0.4327
epoch 183/200 loss 0.0029 train 1.0000 test 0.4326
epoch 184/200 loss 0.0028 train 1.0000 test 0.4343
epoch 185/200 loss 0.0029 train 1.0000 test 0.4344
epoch 186/200 loss 0.0030 train 1.0000 test 0.4331
epoch 187/200 loss 0.0029 train 1.0000 test 0.4337
epoch 188/200 loss 0.0030 train 0.9998 test 0.4331
epoch 189/200 loss 0.0028 train 1.0000 test 0.4325
epoch 190/200 loss 0.0027 train 1.0000 test 0.4335
epoch 191/200 loss 0.0027 train 1.0000 test 0.4338
epoch 192/200 loss 0.0027 train 1.0000 test 0.4331
epoch 193/200 loss 0.0027 train 1.0000 test 0.4342
epoch 194/200 loss 0.0026 train 1.0000 test 0.4336
epoch 195/200 loss 0.0026 train 1.0000 test 0.4327
epoch 196/200 loss 0.0027 train 1.0000 test 0.4320
epoch 197/200 loss 0.0025 train 1.0000 test 0.4322
epoch 198/200 loss 0.0029 train 0.9998 test 0.4335
epoch 199/200 loss 0.0028 train 0.9998 test 0.4334
epoch 200/200 loss 0.0025 train 1.0000 test 0.4344
done: final 0.4344 best 0.4346 -> ./runs/r50_aux_10pct_l03/seed2
LAMBB_r50_aux_10pct_l03_DONE
[r34_none_10pct seed0] {"params_trainable": 21328292, "params_stem_trainable": 0, "params_stem_fixed_filters": 0, "flops_total": 1161504768, "flops_stem": 0, "flops_image_size": 32}
epoch 1/200 loss 4.4797 train 0.0333 test 0.0533
epoch 2/200 loss 4.1557 train 0.0689 test 0.0585
epoch 3/200 loss 3.9991 train 0.0855 test 0.0924
epoch 4/200 loss 3.8475 train 0.1026 test 0.0985
epoch 5/200 loss 3.7530 train 0.1114 test 0.1024
epoch 6/200 loss 3.6580 train 0.1362 test 0.1169
epoch 7/200 loss 3.5651 train 0.1366 test 0.1265
epoch 8/200 loss 3.4736 train 0.1627 test 0.1157
epoch 9/200 loss 3.3910 train 0.1733 test 0.1388
epoch 10/200 loss 3.3176 train 0.1889 test 0.1414
epoch 11/200 loss 3.1992 train 0.2069 test 0.1637
epoch 12/200 loss 3.1252 train 0.2256 test 0.1703
epoch 13/200 loss 3.0393 train 0.2348 test 0.1689
epoch 14/200 loss 3.0010 train 0.2452 test 0.1558
epoch 15/200 loss 2.8567 train 0.2752 test 0.1808
epoch 16/200 loss 2.7636 train 0.2823 test 0.1663
epoch 17/200 loss 2.6845 train 0.2941 test 0.2070
epoch 18/200 loss 2.5991 train 0.3175 test 0.2235
epoch 19/200 loss 2.5015 train 0.3446 test 0.2063
epoch 20/200 loss 2.4323 train 0.3586 test 0.2476
epoch 21/200 loss 2.3291 train 0.3732 test 0.2349
epoch 22/200 loss 2.2292 train 0.3976 test 0.2427
epoch 23/200 loss 2.1552 train 0.4103 test 0.2507
epoch 24/200 loss 2.0389 train 0.4333 test 0.2403
epoch 25/200 loss 1.9836 train 0.4459 test 0.2443
epoch 26/200 loss 1.8010 train 0.4942 test 0.2564
epoch 27/200 loss 1.7665 train 0.4984 test 0.2473
epoch 28/200 loss 1.7096 train 0.5122 test 0.2721
epoch 29/200 loss 1.6073 train 0.5391 test 0.2706
epoch 30/200 loss 1.4977 train 0.5677 test 0.2572
epoch 31/200 loss 1.3929 train 0.5925 test 0.2648
epoch 32/200 loss 1.3460 train 0.6106 test 0.2521
epoch 33/200 loss 1.2571 train 0.6220 test 0.2697
epoch 34/200 loss 1.1772 train 0.6458 test 0.2659
epoch 35/200 loss 1.1059 train 0.6707 test 0.2685
epoch 36/200 loss 1.0632 train 0.6803 test 0.2648
epoch 37/200 loss 0.9407 train 0.7101 test 0.2649
epoch 38/200 loss 0.8756 train 0.7354 test 0.2786
epoch 39/200 loss 0.7798 train 0.7540 test 0.2896
epoch 40/200 loss 0.8159 train 0.7436 test 0.2762
epoch 41/200 loss 0.7532 train 0.7712 test 0.2676
epoch 42/200 loss 0.6843 train 0.7853 test 0.2867
epoch 43/200 loss 0.6495 train 0.7915 test 0.2670
epoch 44/200 loss 0.5471 train 0.8359 test 0.3056
epoch 45/200 loss 0.4852 train 0.8528 test 0.2991
epoch 46/200 loss 0.4170 train 0.8686 test 0.2851
epoch 47/200 loss 0.4355 train 0.8652 test 0.2716
epoch 48/200 loss 0.4289 train 0.8670 test 0.2958
epoch 49/200 loss 0.3568 train 0.8926 test 0.3001
epoch 50/200 loss 0.3303 train 0.8976 test 0.2941
epoch 51/200 loss 0.2731 train 0.9227 test 0.2984
epoch 52/200 loss 0.2863 train 0.9157 test 0.3114
epoch 53/200 loss 0.2750 train 0.9149 test 0.3063
epoch 54/200 loss 0.2738 train 0.9177 test 0.2961
epoch 55/200 loss 0.2472 train 0.9257 test 0.2872
epoch 56/200 loss 0.2376 train 0.9281 test 0.3085
epoch 57/200 loss 0.2366 train 0.9289 test 0.3204
epoch 58/200 loss 0.2461 train 0.9217 test 0.3035
epoch 59/200 loss 0.2730 train 0.9225 test 0.2969
epoch 60/200 loss 0.2494 train 0.9243 test 0.2876
epoch 61/200 loss 0.2150 train 0.9387 test 0.3101
epoch 62/200 loss 0.1594 train 0.9523 test 0.3332
epoch 63/200 loss 0.1132 train 0.9712 test 0.3328
epoch 64/200 loss 0.1166 train 0.9681 test 0.3359
epoch 65/200 loss 0.0971 train 0.9754 test 0.3227
epoch 66/200 loss 0.1060 train 0.9718 test 0.3233
epoch 67/200 loss 0.1025 train 0.9720 test 0.3202
epoch 68/200 loss 0.1124 train 0.9677 test 0.3354
epoch 69/200 loss 0.0951 train 0.9756 test 0.3331
epoch 70/200 loss 0.0854 train 0.9782 test 0.3393
epoch 71/200 loss 0.0741 train 0.9812 test 0.3373
epoch 72/200 loss 0.0665 train 0.9842 test 0.3316
epoch 73/200 loss 0.0651 train 0.9858 test 0.3339
epoch 74/200 loss 0.0587 train 0.9860 test 0.3311
epoch 75/200 loss 0.0640 train 0.9840 test 0.3312
epoch 76/200 loss 0.0616 train 0.9850 test 0.3404
epoch 77/200 loss 0.0781 train 0.9796 test 0.3208
epoch 78/200 loss 0.0914 train 0.9778 test 0.3350
epoch 79/200 loss 0.0715 train 0.9826 test 0.3245
epoch 80/200 loss 0.0834 train 0.9782 test 0.3243
epoch 81/200 loss 0.0836 train 0.9794 test 0.3151
epoch 82/200 loss 0.1334 train 0.9649 test 0.3020
epoch 83/200 loss 0.2028 train 0.9403 test 0.3098
epoch 84/200 loss 0.1975 train 0.9435 test 0.3027
epoch 85/200 loss 0.2180 train 0.9335 test 0.3172
epoch 86/200 loss 0.1917 train 0.9435 test 0.3113
epoch 87/200 loss 0.1495 train 0.9609 test 0.3202
epoch 88/200 loss 0.1083 train 0.9714 test 0.3398
epoch 89/200 loss 0.0801 train 0.9810 test 0.3390
epoch 90/200 loss 0.0728 train 0.9822 test 0.3399
epoch 91/200 loss 0.0591 train 0.9836 test 0.3483
epoch 92/200 loss 0.0590 train 0.9858 test 0.3406
epoch 93/200 loss 0.0529 train 0.9876 test 0.3435
epoch 94/200 loss 0.0355 train 0.9928 test 0.3520
epoch 95/200 loss 0.0368 train 0.9924 test 0.3624
epoch 96/200 loss 0.0281 train 0.9944 test 0.3639
epoch 97/200 loss 0.0187 train 0.9970 test 0.3714
epoch 98/200 loss 0.0107 train 0.9992 test 0.3755
epoch 99/200 loss 0.0077 train 0.9992 test 0.3805
epoch 100/200 loss 0.0065 train 0.9990 test 0.3910
epoch 101/200 loss 0.0055 train 0.9994 test 0.3894
epoch 102/200 loss 0.0055 train 0.9992 test 0.3891
epoch 103/200 loss 0.0045 train 0.9996 test 0.3907
epoch 104/200 loss 0.0038 train 0.9996 test 0.3944
epoch 105/200 loss 0.0037 train 0.9998 test 0.3945
epoch 106/200 loss 0.0033 train 0.9998 test 0.3952
epoch 107/200 loss 0.0033 train 0.9998 test 0.3949
epoch 108/200 loss 0.0035 train 0.9998 test 0.3963
epoch 109/200 loss 0.0040 train 0.9996 test 0.3960
epoch 110/200 loss 0.0038 train 0.9996 test 0.3966
epoch 111/200 loss 0.0040 train 0.9996 test 0.3954
epoch 112/200 loss 0.0040 train 0.9996 test 0.3961
epoch 113/200 loss 0.0038 train 0.9998 test 0.3989
epoch 114/200 loss 0.0041 train 0.9996 test 0.3983
epoch 115/200 loss 0.0039 train 0.9996 test 0.3985
epoch 116/200 loss 0.0040 train 0.9998 test 0.3975
epoch 117/200 loss 0.0038 train 0.9998 test 0.4003
epoch 118/200 loss 0.0042 train 0.9998 test 0.3988
epoch 119/200 loss 0.0042 train 0.9998 test 0.3997
epoch 120/200 loss 0.0048 train 0.9998 test 0.4015
epoch 121/200 loss 0.0046 train 0.9996 test 0.4002
epoch 122/200 loss 0.0044 train 0.9998 test 0.4004
epoch 123/200 loss 0.0045 train 0.9998 test 0.4007
epoch 124/200 loss 0.0045 train 1.0000 test 0.3992
epoch 125/200 loss 0.0047 train 0.9996 test 0.4010
epoch 126/200 loss 0.0046 train 0.9998 test 0.4019
epoch 127/200 loss 0.0044 train 0.9998 test 0.4011
epoch 128/200 loss 0.0043 train 0.9998 test 0.4013
epoch 129/200 loss 0.0045 train 1.0000 test 0.4013
epoch 130/200 loss 0.0043 train 1.0000 test 0.4021
epoch 131/200 loss 0.0045 train 0.9998 test 0.4026
epoch 132/200 loss 0.0049 train 0.9998 test 0.4020
epoch 133/200 loss 0.0047 train 0.9996 test 0.4042
epoch 134/200 loss 0.0045 train 0.9998 test 0.3992
epoch 135/200 loss 0.0046 train 0.9998 test 0.4021
epoch 136/200 loss 0.0044 train 1.0000 test 0.4005
epoch 137/200 loss 0.0046 train 0.9996 test 0.4031
epoch 138/200 loss 0.0044 train 0.9998 test 0.4011
epoch 139/200 loss 0.0046 train 0.9998 test 0.4026
epoch 140/200 loss 0.0046 train 0.9998 test 0.4008
epoch 141/200 loss 0.0051 train 0.9998 test 0.4019
epoch 142/200 loss 0.0047 train 0.9998 test 0.4033
epoch 143/200 loss 0.0046 train 0.9998 test 0.4030
epoch 144/200 loss 0.0049 train 0.9998 test 0.4027
epoch 145/200 loss 0.0047 train 0.9998 test 0.4038
epoch 146/200 loss 0.0046 train 1.0000 test 0.4047
epoch 147/200 loss 0.0045 train 1.0000 test 0.4028
epoch 148/200 loss 0.0047 train 0.9998 test 0.4020
epoch 149/200 loss 0.0045 train 0.9998 test 0.4023
epoch 150/200 loss 0.0046 train 0.9998 test 0.4027
epoch 151/200 loss 0.0045 train 0.9998 test 0.4025
epoch 152/200 loss 0.0046 train 0.9998 test 0.4028
epoch 153/200 loss 0.0045 train 1.0000 test 0.4012
epoch 154/200 loss 0.0048 train 0.9998 test 0.4026
epoch 155/200 loss 0.0045 train 1.0000 test 0.4040
epoch 156/200 loss 0.0045 train 0.9998 test 0.4025
epoch 157/200 loss 0.0044 train 0.9998 test 0.4019
epoch 158/200 loss 0.0044 train 1.0000 test 0.4030
epoch 159/200 loss 0.0044 train 1.0000 test 0.4024
epoch 160/200 loss 0.0048 train 0.9998 test 0.4044
epoch 161/200 loss 0.0045 train 1.0000 test 0.4023
epoch 162/200 loss 0.0046 train 1.0000 test 0.4027
epoch 163/200 loss 0.0046 train 0.9998 test 0.4034
epoch 164/200 loss 0.0046 train 0.9998 test 0.4035
epoch 165/200 loss 0.0047 train 0.9998 test 0.4037
epoch 166/200 loss 0.0048 train 0.9996 test 0.4035
epoch 167/200 loss 0.0045 train 1.0000 test 0.4040
epoch 168/200 loss 0.0047 train 0.9998 test 0.4032
epoch 169/200 loss 0.0045 train 1.0000 test 0.4032
epoch 170/200 loss 0.0046 train 0.9998 test 0.4026
epoch 171/200 loss 0.0047 train 0.9998 test 0.4025
epoch 172/200 loss 0.0047 train 1.0000 test 0.4031
epoch 173/200 loss 0.0045 train 0.9998 test 0.4038
epoch 174/200 loss 0.0046 train 0.9998 test 0.4023
epoch 175/200 loss 0.0044 train 1.0000 test 0.4038
epoch 176/200 loss 0.0045 train 0.9998 test 0.4041
epoch 177/200 loss 0.0045 train 1.0000 test 0.4037
epoch 178/200 loss 0.0047 train 0.9998 test 0.4026
epoch 179/200 loss 0.0046 train 0.9998 test 0.4039
epoch 180/200 loss 0.0045 train 1.0000 test 0.4036
epoch 181/200 loss 0.0044 train 1.0000 test 0.4033
epoch 182/200 loss 0.0045 train 1.0000 test 0.4024
epoch 183/200 loss 0.0044 train 1.0000 test 0.4033
epoch 184/200 loss 0.0043 train 1.0000 test 0.4032
epoch 185/200 loss 0.0044 train 1.0000 test 0.4045
epoch 186/200 loss 0.0047 train 0.9996 test 0.4038
epoch 187/200 loss 0.0044 train 1.0000 test 0.4024
epoch 188/200 loss 0.0045 train 1.0000 test 0.4024
epoch 189/200 loss 0.0043 train 1.0000 test 0.4030
epoch 190/200 loss 0.0045 train 0.9998 test 0.4051
epoch 191/200 loss 0.0042 train 1.0000 test 0.4034
epoch 192/200 loss 0.0043 train 1.0000 test 0.4037
epoch 193/200 loss 0.0045 train 0.9998 test 0.4023
epoch 194/200 loss 0.0046 train 0.9998 test 0.4043
epoch 195/200 loss 0.0046 train 0.9998 test 0.4039
epoch 196/200 loss 0.0045 train 1.0000 test 0.4035
epoch 197/200 loss 0.0044 train 1.0000 test 0.4025
epoch 198/200 loss 0.0043 train 1.0000 test 0.4032
epoch 199/200 loss 0.0044 train 1.0000 test 0.4034
epoch 200/200 loss 0.0043 train 1.0000 test 0.4034
done: final 0.4034 best 0.4051 -> ./runs/r34_none_10pct/seed0
[r34_none_10pct seed1] {"params_trainable": 21328292, "params_stem_trainable": 0, "params_stem_fixed_filters": 0, "flops_total": 1161504768, "flops_stem": 0, "flops_image_size": 32}
epoch 1/200 loss 4.4452 train 0.0387 test 0.0546
epoch 2/200 loss 4.1672 train 0.0603 test 0.0748
epoch 3/200 loss 4.0024 train 0.0795 test 0.0824
epoch 4/200 loss 3.8775 train 0.0984 test 0.1021
epoch 5/200 loss 3.7805 train 0.1068 test 0.1104
epoch 6/200 loss 3.6491 train 0.1314 test 0.1200
epoch 7/200 loss 3.5620 train 0.1480 test 0.1186
epoch 8/200 loss 3.4807 train 0.1556 test 0.1349
epoch 9/200 loss 3.3983 train 0.1705 test 0.1294
epoch 10/200 loss 3.3062 train 0.1867 test 0.1414
epoch 11/200 loss 3.2142 train 0.1969 test 0.1579
epoch 12/200 loss 3.1311 train 0.2185 test 0.1567
epoch 13/200 loss 3.0443 train 0.2284 test 0.1592
epoch 14/200 loss 2.9442 train 0.2572 test 0.1771
epoch 15/200 loss 2.8404 train 0.2726 test 0.1739
epoch 16/200 loss 2.7479 train 0.2927 test 0.1937
epoch 17/200 loss 2.6723 train 0.3047 test 0.2150
epoch 18/200 loss 2.6031 train 0.3085 test 0.1663
epoch 19/200 loss 2.5210 train 0.3311 test 0.2135
epoch 20/200 loss 2.4171 train 0.3646 test 0.2169
epoch 21/200 loss 2.3086 train 0.3798 test 0.2274
epoch 22/200 loss 2.2181 train 0.3896 test 0.2204
epoch 23/200 loss 2.1008 train 0.4213 test 0.2222
epoch 24/200 loss 2.0213 train 0.4389 test 0.2384
epoch 25/200 loss 1.9285 train 0.4609 test 0.2493
epoch 26/200 loss 1.8797 train 0.4700 test 0.2528
epoch 27/200 loss 1.7952 train 0.4978 test 0.2526
epoch 28/200 loss 1.6951 train 0.5150 test 0.2476
epoch 29/200 loss 1.5902 train 0.5387 test 0.2686
epoch 30/200 loss 1.4882 train 0.5645 test 0.2521
epoch 31/200 loss 1.4285 train 0.5737 test 0.2643
epoch 32/200 loss 1.3466 train 0.6010 test 0.2428
epoch 33/200 loss 1.3006 train 0.6130 test 0.2481
epoch 34/200 loss 1.2111 train 0.6426 test 0.2809
epoch 35/200 loss 1.1040 train 0.6671 test 0.2591
epoch 36/200 loss 1.0437 train 0.6841 test 0.2598
epoch 37/200 loss 0.9466 train 0.7057 test 0.2613
epoch 38/200 loss 0.9162 train 0.7194 test 0.3004
epoch 39/200 loss 0.8084 train 0.7462 test 0.2868
epoch 40/200 loss 0.7665 train 0.7596 test 0.2803
epoch 41/200 loss 0.7129 train 0.7772 test 0.2736
epoch 42/200 loss 0.6901 train 0.7887 test 0.3065
epoch 43/200 loss 0.5362 train 0.8331 test 0.3037
epoch 44/200 loss 0.5266 train 0.8395 test 0.2848
epoch 45/200 loss 0.5756 train 0.8229 test 0.2905
epoch 46/200 loss 0.4987 train 0.8405 test 0.2890
epoch 47/200 loss 0.4318 train 0.8664 test 0.2931
epoch 48/200 loss 0.4253 train 0.8674 test 0.2997
epoch 49/200 loss 0.3576 train 0.8926 test 0.3026
epoch 50/200 loss 0.3702 train 0.8840 test 0.2976
epoch 51/200 loss 0.3413 train 0.8974 test 0.3102
epoch 52/200 loss 0.2836 train 0.9147 test 0.2985
epoch 53/200 loss 0.2643 train 0.9225 test 0.3199
epoch 54/200 loss 0.2320 train 0.9321 test 0.3125
epoch 55/200 loss 0.2041 train 0.9411 test 0.3148
epoch 56/200 loss 0.2152 train 0.9327 test 0.3202
epoch 57/200 loss 0.2428 train 0.9301 test 0.3039
epoch 58/200 loss 0.2607 train 0.9269 test 0.3049
epoch 59/200 loss 0.1921 train 0.9431 test 0.3197
epoch 60/200 loss 0.1768 train 0.9515 test 0.3198
epoch 61/200 loss 0.1767 train 0.9503 test 0.3266
epoch 62/200 loss 0.1904 train 0.9419 test 0.3147
epoch 63/200 loss 0.1858 train 0.9479 test 0.3188
epoch 64/200 loss 0.1716 train 0.9527 test 0.3271
epoch 65/200 loss 0.1595 train 0.9545 test 0.3210
epoch 66/200 loss 0.1472 train 0.9565 test 0.3131
epoch 67/200 loss 0.1262 train 0.9611 test 0.3277
epoch 68/200 loss 0.1219 train 0.9667 test 0.3297
epoch 69/200 loss 0.1092 train 0.9722 test 0.3183
epoch 70/200 loss 0.1476 train 0.9589 test 0.3064
epoch 71/200 loss 0.1148 train 0.9671 test 0.3268
epoch 72/200 loss 0.0971 train 0.9766 test 0.3308
epoch 73/200 loss 0.0682 train 0.9846 test 0.3336
epoch 74/200 loss 0.0624 train 0.9858 test 0.3421
epoch 75/200 loss 0.0568 train 0.9856 test 0.3439
epoch 76/200 loss 0.0543 train 0.9890 test 0.3400
epoch 77/200 loss 0.0509 train 0.9866 test 0.3439
epoch 78/200 loss 0.0425 train 0.9916 test 0.3528
epoch 79/200 loss 0.0394 train 0.9924 test 0.3516
epoch 80/200 loss 0.0233 train 0.9962 test 0.3612
epoch 81/200 loss 0.0242 train 0.9956 test 0.3661
epoch 82/200 loss 0.0164 train 0.9974 test 0.3688
epoch 83/200 loss 0.0106 train 0.9992 test 0.3746
epoch 84/200 loss 0.0075 train 0.9994 test 0.3845
epoch 85/200 loss 0.0061 train 0.9996 test 0.3885
epoch 86/200 loss 0.0054 train 0.9994 test 0.3864
epoch 87/200 loss 0.0054 train 0.9994 test 0.3883
epoch 88/200 loss 0.0045 train 0.9998 test 0.3901
epoch 89/200 loss 0.0040 train 0.9998 test 0.3914
epoch 90/200 loss 0.0042 train 0.9998 test 0.3909
epoch 91/200 loss 0.0041 train 0.9998 test 0.3915
epoch 92/200 loss 0.0045 train 0.9996 test 0.3937
epoch 93/200 loss 0.0042 train 0.9998 test 0.3927
epoch 94/200 loss 0.0042 train 0.9998 test 0.3943
epoch 95/200 loss 0.0047 train 0.9996 test 0.3946
epoch 96/200 loss 0.0049 train 0.9996 test 0.3948
epoch 97/200 loss 0.0047 train 0.9998 test 0.3954
epoch 98/200 loss 0.0048 train 0.9996 test 0.3963
epoch 99/200 loss 0.0050 train 1.0000 test 0.3959
epoch 100/200 loss 0.0049 train 0.9996 test 0.3942
epoch 101/200 loss 0.0051 train 0.9996 test 0.3952
epoch 102/200 loss 0.0048 train 0.9998 test 0.3975
epoch 103/200 loss 0.0049 train 0.9996 test 0.3974
epoch 104/200 loss 0.0049 train 0.9998 test 0.3975
epoch 105/200 loss 0.0049 train 0.9998 test 0.3976
epoch 106/200 loss 0.0051 train 0.9998 test 0.3974
epoch 107/200 loss 0.0051 train 0.9998 test 0.3970
epoch 108/200 loss 0.0052 train 0.9998 test 0.3974
epoch 109/200 loss 0.0051 train 0.9996 test 0.4007
epoch 110/200 loss 0.0052 train 0.9996 test 0.3994
epoch 111/200 loss 0.0055 train 0.9996 test 0.3994
epoch 112/200 loss 0.0051 train 0.9998 test 0.3971
epoch 113/200 loss 0.0051 train 0.9998 test 0.3973
epoch 114/200 loss 0.0051 train 0.9998 test 0.3978
epoch 115/200 loss 0.0053 train 0.9998 test 0.4017
epoch 116/200 loss 0.0054 train 0.9998 test 0.3991
epoch 117/200 loss 0.0049 train 0.9998 test 0.3985
epoch 118/200 loss 0.0051 train 0.9996 test 0.3970
epoch 119/200 loss 0.0053 train 0.9998 test 0.3992
epoch 120/200 loss 0.0052 train 0.9996 test 0.3967
epoch 121/200 loss 0.0051 train 0.9998 test 0.3981
epoch 122/200 loss 0.0052 train 0.9998 test 0.3981
epoch 123/200 loss 0.0051 train 0.9998 test 0.3986
epoch 124/200 loss 0.0051 train 0.9998 test 0.3991
epoch 125/200 loss 0.0049 train 1.0000 test 0.3976
epoch 126/200 loss 0.0049 train 0.9998 test 0.4011
epoch 127/200 loss 0.0048 train 0.9998 test 0.4000
epoch 128/200 loss 0.0052 train 0.9996 test 0.3984
epoch 129/200 loss 0.0051 train 0.9996 test 0.3996
epoch 130/200 loss 0.0051 train 0.9998 test 0.3988
epoch 131/200 loss 0.0052 train 0.9996 test 0.4011
epoch 132/200 loss 0.0048 train 0.9998 test 0.4009
epoch 133/200 loss 0.0049 train 1.0000 test 0.3998
epoch 134/200 loss 0.0051 train 1.0000 test 0.3984
epoch 135/200 loss 0.0049 train 0.9998 test 0.3998
epoch 136/200 loss 0.0048 train 0.9996 test 0.3995
epoch 137/200 loss 0.0049 train 0.9998 test 0.4000
epoch 138/200 loss 0.0048 train 0.9998 test 0.3998
epoch 139/200 loss 0.0046 train 0.9998 test 0.4005
epoch 140/200 loss 0.0048 train 0.9996 test 0.4011
epoch 141/200 loss 0.0046 train 0.9998 test 0.4000
epoch 142/200 loss 0.0045 train 0.9998 test 0.4008
epoch 143/200 loss 0.0044 train 1.0000 test 0.4008
epoch 144/200 loss 0.0046 train 0.9998 test 0.4014
epoch 145/200 loss 0.0044 train 1.0000 test 0.3991
epoch 146/200 loss 0.0045 train 1.0000 test 0.3989
epoch 147/200 loss 0.0050 train 0.9996 test 0.3969
epoch 148/200 loss 0.0048 train 0.9998 test 0.3998
epoch 149/200 loss 0.0045 train 1.0000 test 0.4010
epoch 150/200 loss 0.0045 train 0.9998 test 0.3992
epoch 151/200 loss 0.0046 train 0.9998 test 0.3984
epoch 152/200 loss 0.0046 train 0.9998 test 0.3979
epoch 153/200 loss 0.0046 train 0.9998 test 0.3992
epoch 154/200 loss 0.0043 train 1.0000 test 0.3983
epoch 155/200 loss 0.0047 train 0.9996 test 0.3992
epoch 156/200 loss 0.0044 train 0.9998 test 0.3978
epoch 157/200 loss 0.0046 train 0.9998 test 0.3986
epoch 158/200 loss 0.0045 train 0.9996 test 0.3995
epoch 159/200 loss 0.0044 train 1.0000 test 0.3997
epoch 160/200 loss 0.0043 train 1.0000 test 0.3993
epoch 161/200 loss 0.0044 train 1.0000 test 0.3968
epoch 162/200 loss 0.0044 train 0.9998 test 0.3975
epoch 163/200 loss 0.0044 train 0.9998 test 0.3997
epoch 164/200 loss 0.0043 train 0.9998 test 0.4000
epoch 165/200 loss 0.0044 train 1.0000 test 0.3989
epoch 166/200 loss 0.0043 train 1.0000 test 0.3993
epoch 167/200 loss 0.0045 train 0.9998 test 0.3993
epoch 168/200 loss 0.0045 train 1.0000 test 0.4009
epoch 169/200 loss 0.0045 train 0.9998 test 0.3988
epoch 170/200 loss 0.0043 train 0.9998 test 0.3992
epoch 171/200 loss 0.0041 train 1.0000 test 0.3991
epoch 172/200 loss 0.0042 train 1.0000 test 0.4009
epoch 173/200 loss 0.0044 train 0.9998 test 0.3991
epoch 174/200 loss 0.0042 train 1.0000 test 0.4004
epoch 175/200 loss 0.0042 train 0.9998 test 0.4010
epoch 176/200 loss 0.0041 train 1.0000 test 0.3986
epoch 177/200 loss 0.0043 train 0.9998 test 0.4006
epoch 178/200 loss 0.0043 train 1.0000 test 0.3990
epoch 179/200 loss 0.0045 train 0.9998 test 0.3990
epoch 180/200 loss 0.0042 train 1.0000 test 0.3989
epoch 181/200 loss 0.0042 train 0.9998 test 0.3989
epoch 182/200 loss 0.0042 train 1.0000 test 0.3993
epoch 183/200 loss 0.0043 train 0.9998 test 0.4009
epoch 184/200 loss 0.0041 train 0.9998 test 0.4001
epoch 185/200 loss 0.0042 train 1.0000 test 0.4009
epoch 186/200 loss 0.0042 train 1.0000 test 0.3997
epoch 187/200 loss 0.0040 train 1.0000 test 0.3996
epoch 188/200 loss 0.0042 train 1.0000 test 0.3996
epoch 189/200 loss 0.0044 train 0.9998 test 0.3988
epoch 190/200 loss 0.0042 train 1.0000 test 0.3990
epoch 191/200 loss 0.0041 train 1.0000 test 0.4005
epoch 192/200 loss 0.0041 train 1.0000 test 0.3998
epoch 193/200 loss 0.0043 train 1.0000 test 0.3984
epoch 194/200 loss 0.0041 train 1.0000 test 0.4006
epoch 195/200 loss 0.0043 train 0.9998 test 0.3987
epoch 196/200 loss 0.0043 train 0.9998 test 0.3996
epoch 197/200 loss 0.0043 train 1.0000 test 0.3990
epoch 198/200 loss 0.0043 train 1.0000 test 0.3995
epoch 199/200 loss 0.0043 train 1.0000 test 0.3993
epoch 200/200 loss 0.0041 train 1.0000 test 0.4007
done: final 0.4007 best 0.4017 -> ./runs/r34_none_10pct/seed1
[r34_none_10pct seed2] {"params_trainable": 21328292, "params_stem_trainable": 0, "params_stem_fixed_filters": 0, "flops_total": 1161504768, "flops_stem": 0, "flops_image_size": 32}
epoch 1/200 loss 4.4621 train 0.0365 test 0.0612
epoch 2/200 loss 4.1533 train 0.0719 test 0.0799
epoch 3/200 loss 3.9903 train 0.0865 test 0.0779
epoch 4/200 loss 3.8498 train 0.1022 test 0.0979
epoch 5/200 loss 3.7277 train 0.1218 test 0.1059
epoch 6/200 loss 3.6325 train 0.1350 test 0.1183
epoch 7/200 loss 3.5602 train 0.1486 test 0.1192
epoch 8/200 loss 3.4658 train 0.1615 test 0.1408
epoch 9/200 loss 3.3812 train 0.1723 test 0.1468
epoch 10/200 loss 3.3039 train 0.1917 test 0.1545
epoch 11/200 loss 3.1924 train 0.2103 test 0.1680
epoch 12/200 loss 3.0971 train 0.2292 test 0.1688
epoch 13/200 loss 3.0381 train 0.2274 test 0.1747
epoch 14/200 loss 2.9412 train 0.2498 test 0.1967
epoch 15/200 loss 2.8521 train 0.2706 test 0.1808
epoch 16/200 loss 2.7493 train 0.2929 test 0.1868
epoch 17/200 loss 2.6412 train 0.3115 test 0.2099
epoch 18/200 loss 2.5379 train 0.3293 test 0.2037
epoch 19/200 loss 2.4812 train 0.3425 test 0.2152
epoch 20/200 loss 2.3718 train 0.3662 test 0.2306
epoch 21/200 loss 2.2841 train 0.3750 test 0.2407
epoch 22/200 loss 2.2037 train 0.4022 test 0.2315
epoch 23/200 loss 2.0773 train 0.4275 test 0.2279
epoch 24/200 loss 2.0086 train 0.4421 test 0.2670
epoch 25/200 loss 1.9153 train 0.4603 test 0.2576
epoch 26/200 loss 1.7947 train 0.4900 test 0.2703
epoch 27/200 loss 1.6998 train 0.5096 test 0.2634
epoch 28/200 loss 1.5954 train 0.5417 test 0.2868
epoch 29/200 loss 1.5353 train 0.5505 test 0.2696
epoch 30/200 loss 1.4939 train 0.5579 test 0.2743
epoch 31/200 loss 1.3800 train 0.5982 test 0.2725
epoch 32/200 loss 1.3422 train 0.6024 test 0.2744
epoch 33/200 loss 1.1927 train 0.6390 test 0.2487
epoch 34/200 loss 1.1366 train 0.6571 test 0.2726
epoch 35/200 loss 1.0689 train 0.6777 test 0.2748
epoch 36/200 loss 1.0122 train 0.6893 test 0.2760
epoch 37/200 loss 0.9579 train 0.6981 test 0.2705
epoch 38/200 loss 0.8462 train 0.7406 test 0.2904
epoch 39/200 loss 0.8088 train 0.7500 test 0.2724
epoch 40/200 loss 0.7081 train 0.7817 test 0.2875
epoch 41/200 loss 0.6310 train 0.8061 test 0.3031
epoch 42/200 loss 0.6152 train 0.8123 test 0.2859
epoch 43/200 loss 0.5930 train 0.8137 test 0.3018
epoch 44/200 loss 0.5596 train 0.8293 test 0.2883
epoch 45/200 loss 0.5363 train 0.8297 test 0.2883
epoch 46/200 loss 0.4690 train 0.8556 test 0.3068
epoch 47/200 loss 0.4007 train 0.8782 test 0.3136
epoch 48/200 loss 0.3825 train 0.8832 test 0.3032
epoch 49/200 loss 0.3790 train 0.8858 test 0.3028
epoch 50/200 loss 0.3661 train 0.8868 test 0.3243
epoch 51/200 loss 0.3691 train 0.8818 test 0.2939
epoch 52/200 loss 0.3257 train 0.8990 test 0.3229
epoch 53/200 loss 0.3050 train 0.9103 test 0.3219
epoch 54/200 loss 0.2561 train 0.9271 test 0.2961
epoch 55/200 loss 0.3158 train 0.8978 test 0.3013
epoch 56/200 loss 0.2543 train 0.9277 test 0.3353
epoch 57/200 loss 0.1844 train 0.9459 test 0.3242
epoch 58/200 loss 0.1565 train 0.9577 test 0.3360
epoch 59/200 loss 0.1518 train 0.9569 test 0.3220
epoch 60/200 loss 0.1374 train 0.9611 test 0.3408
epoch 61/200 loss 0.1767 train 0.9483 test 0.3085
epoch 62/200 loss 0.1923 train 0.9459 test 0.3116
epoch 63/200 loss 0.1912 train 0.9439 test 0.3052
epoch 64/200 loss 0.1766 train 0.9487 test 0.3200
epoch 65/200 loss 0.1731 train 0.9473 test 0.3054
epoch 66/200 loss 0.1946 train 0.9425 test 0.3108
epoch 67/200 loss 0.1805 train 0.9473 test 0.3010
epoch 68/200 loss 0.1733 train 0.9517 test 0.3241
epoch 69/200 loss 0.1389 train 0.9603 test 0.3361
epoch 70/200 loss 0.1294 train 0.9637 test 0.3264
epoch 71/200 loss 0.1150 train 0.9690 test 0.3529
epoch 72/200 loss 0.0779 train 0.9814 test 0.3545
epoch 73/200 loss 0.0571 train 0.9862 test 0.3678
epoch 74/200 loss 0.0544 train 0.9870 test 0.3555
epoch 75/200 loss 0.0352 train 0.9948 test 0.3653
epoch 76/200 loss 0.0241 train 0.9954 test 0.3729
epoch 77/200 loss 0.0166 train 0.9990 test 0.3790
epoch 78/200 loss 0.0093 train 0.9994 test 0.3856
epoch 79/200 loss 0.0093 train 0.9988 test 0.3887
epoch 80/200 loss 0.0090 train 0.9992 test 0.3903
epoch 81/200 loss 0.0058 train 0.9998 test 0.3912
epoch 82/200 loss 0.0063 train 0.9992 test 0.3917
epoch 83/200 loss 0.0052 train 0.9998 test 0.3962
epoch 84/200 loss 0.0056 train 0.9996 test 0.3953
epoch 85/200 loss 0.0056 train 0.9996 test 0.3988
epoch 86/200 loss 0.0047 train 0.9998 test 0.3980
epoch 87/200 loss 0.0043 train 0.9998 test 0.3981
epoch 88/200 loss 0.0045 train 0.9996 test 0.4004
epoch 89/200 loss 0.0046 train 0.9998 test 0.3980
epoch 90/200 loss 0.0052 train 0.9994 test 0.3969
epoch 91/200 loss 0.0052 train 0.9998 test 0.4022
epoch 92/200 loss 0.0047 train 0.9998 test 0.4009
epoch 93/200 loss 0.0053 train 0.9996 test 0.4014
epoch 94/200 loss 0.0051 train 0.9998 test 0.4016
epoch 95/200 loss 0.0049 train 0.9998 test 0.4035
epoch 96/200 loss 0.0048 train 0.9998 test 0.4022
epoch 97/200 loss 0.0050 train 0.9998 test 0.4012
epoch 98/200 loss 0.0051 train 0.9996 test 0.4019
epoch 99/200 loss 0.0055 train 0.9996 test 0.4032
epoch 100/200 loss 0.0050 train 0.9998 test 0.4012
epoch 101/200 loss 0.0054 train 0.9998 test 0.4025
epoch 102/200 loss 0.0055 train 0.9996 test 0.4020
epoch 103/200 loss 0.0054 train 0.9996 test 0.4038
epoch 104/200 loss 0.0051 train 0.9998 test 0.4047
epoch 105/200 loss 0.0052 train 0.9998 test 0.4033
epoch 106/200 loss 0.0051 train 1.0000 test 0.4024
epoch 107/200 loss 0.0051 train 0.9998 test 0.4035
epoch 108/200 loss 0.0056 train 0.9996 test 0.4037
epoch 109/200 loss 0.0050 train 1.0000 test 0.4041
epoch 110/200 loss 0.0051 train 0.9998 test 0.4048
epoch 111/200 loss 0.0056 train 0.9998 test 0.4046
epoch 112/200 loss 0.0051 train 1.0000 test 0.4026
epoch 113/200 loss 0.0050 train 1.0000 test 0.4027
epoch 114/200 loss 0.0053 train 0.9998 test 0.4042
epoch 115/200 loss 0.0053 train 0.9998 test 0.4030
epoch 116/200 loss 0.0050 train 1.0000 test 0.4032
epoch 117/200 loss 0.0050 train 1.0000 test 0.4043
epoch 118/200 loss 0.0053 train 0.9996 test 0.4021
epoch 119/200 loss 0.0053 train 0.9998 test 0.4013
epoch 120/200 loss 0.0051 train 0.9998 test 0.4009
epoch 121/200 loss 0.0048 train 1.0000 test 0.4015
epoch 122/200 loss 0.0051 train 0.9998 test 0.4016
epoch 123/200 loss 0.0048 train 0.9998 test 0.4037
epoch 124/200 loss 0.0052 train 0.9998 test 0.4023
epoch 125/200 loss 0.0052 train 0.9998 test 0.4017
epoch 126/200 loss 0.0050 train 0.9998 test 0.4013
epoch 127/200 loss 0.0048 train 0.9998 test 0.4012
epoch 128/200 loss 0.0048 train 1.0000 test 0.3988
epoch 129/200 loss 0.0048 train 0.9998 test 0.4012
epoch 130/200 loss 0.0047 train 0.9998 test 0.4024
epoch 131/200 loss 0.0046 train 1.0000 test 0.3996
epoch 132/200 loss 0.0045 train 1.0000 test 0.4014
epoch 133/200 loss 0.0049 train 0.9998 test 0.3992
epoch 134/200 loss 0.0057 train 0.9998 test 0.4021
epoch 135/200 loss 0.0049 train 0.9996 test 0.4031
epoch 136/200 loss 0.0051 train 0.9996 test 0.4025
epoch 137/200 loss 0.0048 train 0.9996 test 0.4011
epoch 138/200 loss 0.0046 train 0.9996 test 0.4008
epoch 139/200 loss 0.0047 train 0.9998 test 0.4014
epoch 140/200 loss 0.0047 train 0.9998 test 0.4010
epoch 141/200 loss 0.0044 train 1.0000 test 0.4008
epoch 142/200 loss 0.0047 train 0.9996 test 0.4000
epoch 143/200 loss 0.0043 train 1.0000 test 0.4004
epoch 144/200 loss 0.0045 train 0.9998 test 0.4012
epoch 145/200 loss 0.0046 train 0.9998 test 0.3993
epoch 146/200 loss 0.0043 train 1.0000 test 0.4007
epoch 147/200 loss 0.0045 train 1.0000 test 0.3997
epoch 148/200 loss 0.0046 train 0.9996 test 0.3990
epoch 149/200 loss 0.0043 train 0.9998 test 0.4017
epoch 150/200 loss 0.0044 train 1.0000 test 0.4010
epoch 151/200 loss 0.0046 train 0.9996 test 0.4007
epoch 152/200 loss 0.0044 train 1.0000 test 0.4013
epoch 153/200 loss 0.0044 train 0.9998 test 0.4003
epoch 154/200 loss 0.0043 train 1.0000 test 0.3999
epoch 155/200 loss 0.0044 train 0.9998 test 0.4015
epoch 156/200 loss 0.0043 train 1.0000 test 0.3988
epoch 157/200 loss 0.0041 train 1.0000 test 0.4003
epoch 158/200 loss 0.0043 train 0.9996 test 0.4016
epoch 159/200 loss 0.0040 train 1.0000 test 0.4001
epoch 160/200 loss 0.0043 train 0.9998 test 0.4010
epoch 161/200 loss 0.0040 train 1.0000 test 0.3993
epoch 162/200 loss 0.0043 train 1.0000 test 0.4020
epoch 163/200 loss 0.0039 train 1.0000 test 0.4019
epoch 164/200 loss 0.0043 train 0.9998 test 0.4004
epoch 165/200 loss 0.0041 train 1.0000 test 0.4016
epoch 166/200 loss 0.0042 train 1.0000 test 0.3987
epoch 167/200 loss 0.0043 train 1.0000 test 0.3996
epoch 168/200 loss 0.0040 train 1.0000 test 0.3999
epoch 169/200 loss 0.0040 train 1.0000 test 0.3994
epoch 170/200 loss 0.0042 train 1.0000 test 0.4012
epoch 171/200 loss 0.0040 train 1.0000 test 0.4004
epoch 172/200 loss 0.0044 train 0.9998 test 0.3996
epoch 173/200 loss 0.0041 train 1.0000 test 0.3989
epoch 174/200 loss 0.0039 train 1.0000 test 0.3992
epoch 175/200 loss 0.0040 train 1.0000 test 0.3994
epoch 176/200 loss 0.0041 train 1.0000 test 0.3986
epoch 177/200 loss 0.0043 train 0.9998 test 0.3985
epoch 178/200 loss 0.0042 train 0.9998 test 0.4015
epoch 179/200 loss 0.0039 train 1.0000 test 0.3983
epoch 180/200 loss 0.0042 train 0.9998 test 0.3986
epoch 181/200 loss 0.0042 train 1.0000 test 0.3998
epoch 182/200 loss 0.0040 train 1.0000 test 0.3993
epoch 183/200 loss 0.0039 train 1.0000 test 0.3999
epoch 184/200 loss 0.0039 train 1.0000 test 0.3979
epoch 185/200 loss 0.0040 train 1.0000 test 0.3988
epoch 186/200 loss 0.0040 train 1.0000 test 0.3986
epoch 187/200 loss 0.0040 train 1.0000 test 0.3987
epoch 188/200 loss 0.0040 train 0.9998 test 0.3997
epoch 189/200 loss 0.0040 train 1.0000 test 0.3984
epoch 190/200 loss 0.0040 train 1.0000 test 0.4003
epoch 191/200 loss 0.0041 train 1.0000 test 0.3997
epoch 192/200 loss 0.0040 train 1.0000 test 0.3998
epoch 193/200 loss 0.0041 train 1.0000 test 0.3983
epoch 194/200 loss 0.0038 train 1.0000 test 0.3997
epoch 195/200 loss 0.0039 train 1.0000 test 0.4005
epoch 196/200 loss 0.0040 train 1.0000 test 0.3990
epoch 197/200 loss 0.0039 train 1.0000 test 0.3991
epoch 198/200 loss 0.0041 train 1.0000 test 0.3998
epoch 199/200 loss 0.0042 train 0.9998 test 0.3989
epoch 200/200 loss 0.0039 train 1.0000 test 0.3992
done: final 0.3992 best 0.4048 -> ./runs/r34_none_10pct/seed2
LAMBB_r34_none_10pct_DONE
moment-aux target calibrated on 1024 images
[r34_aux_10pct seed0] {"params_trainable": 21330348, "params_stem_trainable": 0, "params_stem_fixed_filters": 0, "flops_total": 1161504768, "flops_stem": 0, "flops_image_size": 32}
epoch 1/200 loss 5.4358 train 0.0278 test 0.0464
epoch 2/200 loss 4.3703 train 0.0715 test 0.0768
epoch 3/200 loss 4.0841 train 0.1030 test 0.1052
epoch 4/200 loss 3.8702 train 0.1258 test 0.0998
epoch 5/200 loss 3.7012 train 0.1482 test 0.1361
epoch 6/200 loss 3.5694 train 0.1683 test 0.1495
epoch 7/200 loss 3.4526 train 0.1829 test 0.1679
epoch 8/200 loss 3.3196 train 0.2113 test 0.1682
epoch 9/200 loss 3.1976 train 0.2292 test 0.1759
epoch 10/200 loss 3.0628 train 0.2446 test 0.1846
epoch 11/200 loss 2.9589 train 0.2694 test 0.2053
epoch 12/200 loss 2.8396 train 0.2919 test 0.2185
epoch 13/200 loss 2.7201 train 0.3085 test 0.2120
epoch 14/200 loss 2.6624 train 0.3109 test 0.1842
epoch 15/200 loss 2.4988 train 0.3556 test 0.2312
epoch 16/200 loss 2.4140 train 0.3680 test 0.2593
epoch 17/200 loss 2.3290 train 0.3844 test 0.2653
epoch 18/200 loss 2.2259 train 0.4185 test 0.2684
epoch 19/200 loss 2.1665 train 0.4309 test 0.2729
epoch 20/200 loss 2.0622 train 0.4533 test 0.2883
epoch 21/200 loss 1.9114 train 0.4812 test 0.2957
epoch 22/200 loss 1.8307 train 0.5094 test 0.2676
epoch 23/200 loss 1.7831 train 0.5080 test 0.2421
epoch 24/200 loss 1.6918 train 0.5337 test 0.2878
epoch 25/200 loss 1.6073 train 0.5635 test 0.2794
epoch 26/200 loss 1.4947 train 0.5821 test 0.2476
epoch 27/200 loss 1.4284 train 0.6064 test 0.2821
epoch 28/200 loss 1.3127 train 0.6368 test 0.2955
epoch 29/200 loss 1.3161 train 0.6316 test 0.2966
epoch 30/200 loss 1.2084 train 0.6663 test 0.3275
epoch 31/200 loss 1.1637 train 0.6721 test 0.3168
epoch 32/200 loss 1.1156 train 0.6821 test 0.3104
epoch 33/200 loss 1.0219 train 0.7085 test 0.3164
epoch 34/200 loss 0.9724 train 0.7210 test 0.3137
epoch 35/200 loss 0.9078 train 0.7460 test 0.3376
epoch 36/200 loss 0.8028 train 0.7702 test 0.2936
epoch 37/200 loss 0.7836 train 0.7819 test 0.3398
epoch 38/200 loss 0.7501 train 0.7873 test 0.2809
epoch 39/200 loss 0.6960 train 0.8051 test 0.3059
epoch 40/200 loss 0.6845 train 0.8077 test 0.3155
epoch 41/200 loss 0.6476 train 0.8177 test 0.3316
epoch 42/200 loss 0.5639 train 0.8431 test 0.3381
epoch 43/200 loss 0.5494 train 0.8450 test 0.3329
epoch 44/200 loss 0.5238 train 0.8564 test 0.3401
epoch 45/200 loss 0.4478 train 0.8818 test 0.3303
epoch 46/200 loss 0.4191 train 0.8858 test 0.3288
epoch 47/200 loss 0.4230 train 0.8846 test 0.3479
epoch 48/200 loss 0.3952 train 0.8966 test 0.3473
epoch 49/200 loss 0.3553 train 0.9022 test 0.3686
epoch 50/200 loss 0.3512 train 0.9109 test 0.3475
epoch 51/200 loss 0.3417 train 0.9113 test 0.3565
epoch 52/200 loss 0.3335 train 0.9147 test 0.3301
epoch 53/200 loss 0.3510 train 0.9095 test 0.3275
epoch 54/200 loss 0.3347 train 0.9143 test 0.3530
epoch 55/200 loss 0.2963 train 0.9295 test 0.3596
epoch 56/200 loss 0.2691 train 0.9343 test 0.3503
epoch 57/200 loss 0.2346 train 0.9449 test 0.3613
epoch 58/200 loss 0.2396 train 0.9453 test 0.3608
epoch 59/200 loss 0.2284 train 0.9459 test 0.3455
epoch 60/200 loss 0.2314 train 0.9461 test 0.3474
epoch 61/200 loss 0.1930 train 0.9561 test 0.3612
epoch 62/200 loss 0.1632 train 0.9704 test 0.3665
epoch 63/200 loss 0.1547 train 0.9681 test 0.3672
epoch 64/200 loss 0.1736 train 0.9601 test 0.3509
epoch 65/200 loss 0.2045 train 0.9505 test 0.3524
epoch 66/200 loss 0.2123 train 0.9531 test 0.3070
epoch 67/200 loss 0.2265 train 0.9503 test 0.3435
epoch 68/200 loss 0.2444 train 0.9419 test 0.3450
epoch 69/200 loss 0.2588 train 0.9391 test 0.3554
epoch 70/200 loss 0.2413 train 0.9395 test 0.3666
epoch 71/200 loss 0.2120 train 0.9495 test 0.3575
epoch 72/200 loss 0.1853 train 0.9577 test 0.3755
epoch 73/200 loss 0.1663 train 0.9645 test 0.3509
epoch 74/200 loss 0.1491 train 0.9694 test 0.3702
epoch 75/200 loss 0.1194 train 0.9784 test 0.3919
epoch 76/200 loss 0.0910 train 0.9860 test 0.3978
epoch 77/200 loss 0.0866 train 0.9866 test 0.3911
epoch 78/200 loss 0.0672 train 0.9916 test 0.4005
epoch 79/200 loss 0.0579 train 0.9932 test 0.3969
epoch 80/200 loss 0.0464 train 0.9950 test 0.4053
epoch 81/200 loss 0.0437 train 0.9968 test 0.4110
epoch 82/200 loss 0.0386 train 0.9972 test 0.4168
epoch 83/200 loss 0.0343 train 0.9986 test 0.4233
epoch 84/200 loss 0.0309 train 0.9980 test 0.4200
epoch 85/200 loss 0.0296 train 0.9978 test 0.4112
epoch 86/200 loss 0.0310 train 0.9980 test 0.4219
epoch 87/200 loss 0.0253 train 0.9988 test 0.4242
epoch 88/200 loss 0.0224 train 0.9998 test 0.4267
epoch 89/200 loss 0.0209 train 0.9996 test 0.4291
epoch 90/200 loss 0.0193 train 0.9996 test 0.4303
epoch 91/200 loss 0.0184 train 0.9996 test 0.4320
epoch 92/200 loss 0.0177 train 1.0000 test 0.4342
epoch 93/200 loss 0.0175 train 0.9998 test 0.4357
epoch 94/200 loss 0.0165 train 0.9996 test 0.4328
epoch 95/200 loss 0.0164 train 0.9996 test 0.4344
epoch 96/200 loss 0.0167 train 0.9996 test 0.4323
epoch 97/200 loss 0.0159 train 0.9998 test 0.4323
epoch 98/200 loss 0.0157 train 0.9996 test 0.4344
epoch 99/200 loss 0.0151 train 0.9998 test 0.4358
epoch 100/200 loss 0.0153 train 0.9996 test 0.4381
epoch 101/200 loss 0.0144 train 0.9998 test 0.4344
epoch 102/200 loss 0.0141 train 0.9998 test 0.4363
epoch 103/200 loss 0.0141 train 0.9996 test 0.4355
epoch 104/200 loss 0.0136 train 0.9996 test 0.4358
epoch 105/200 loss 0.0137 train 0.9998 test 0.4358
epoch 106/200 loss 0.0135 train 0.9998 test 0.4360
epoch 107/200 loss 0.0127 train 1.0000 test 0.4355
epoch 108/200 loss 0.0133 train 0.9998 test 0.4342
epoch 109/200 loss 0.0133 train 0.9996 test 0.4347
epoch 110/200 loss 0.0127 train 0.9998 test 0.4367
epoch 111/200 loss 0.0126 train 0.9998 test 0.4345
epoch 112/200 loss 0.0122 train 0.9998 test 0.4354
epoch 113/200 loss 0.0121 train 1.0000 test 0.4349
epoch 114/200 loss 0.0113 train 0.9998 test 0.4366
epoch 115/200 loss 0.0117 train 0.9998 test 0.4377
epoch 116/200 loss 0.0121 train 0.9998 test 0.4392
epoch 117/200 loss 0.0107 train 1.0000 test 0.4393
epoch 118/200 loss 0.0114 train 0.9998 test 0.4373
epoch 119/200 loss 0.0108 train 1.0000 test 0.4373
epoch 120/200 loss 0.0112 train 1.0000 test 0.4357
epoch 121/200 loss 0.0108 train 0.9996 test 0.4364
epoch 122/200 loss 0.0106 train 0.9998 test 0.4365
epoch 123/200 loss 0.0106 train 0.9998 test 0.4390
epoch 124/200 loss 0.0102 train 0.9998 test 0.4387
epoch 125/200 loss 0.0100 train 0.9996 test 0.4388
epoch 126/200 loss 0.0102 train 0.9998 test 0.4377
epoch 127/200 loss 0.0098 train 0.9998 test 0.4402
epoch 128/200 loss 0.0094 train 1.0000 test 0.4394
epoch 129/200 loss 0.0094 train 0.9998 test 0.4362
epoch 130/200 loss 0.0090 train 1.0000 test 0.4375
epoch 131/200 loss 0.0092 train 0.9998 test 0.4385
epoch 132/200 loss 0.0093 train 0.9998 test 0.4393
epoch 133/200 loss 0.0088 train 0.9998 test 0.4377
epoch 134/200 loss 0.0088 train 1.0000 test 0.4371
epoch 135/200 loss 0.0091 train 0.9996 test 0.4385
epoch 136/200 loss 0.0086 train 1.0000 test 0.4391
epoch 137/200 loss 0.0082 train 0.9998 test 0.4400
epoch 138/200 loss 0.0080 train 1.0000 test 0.4408
epoch 139/200 loss 0.0081 train 1.0000 test 0.4402
epoch 140/200 loss 0.0080 train 0.9998 test 0.4399
epoch 141/200 loss 0.0081 train 0.9996 test 0.4412
epoch 142/200 loss 0.0077 train 0.9996 test 0.4402
epoch 143/200 loss 0.0076 train 0.9998 test 0.4398
epoch 144/200 loss 0.0077 train 0.9998 test 0.4402
epoch 145/200 loss 0.0074 train 0.9998 test 0.4400
epoch 146/200 loss 0.0071 train 1.0000 test 0.4388
epoch 147/200 loss 0.0067 train 1.0000 test 0.4398
epoch 148/200 loss 0.0071 train 0.9998 test 0.4397
epoch 149/200 loss 0.0068 train 1.0000 test 0.4400
epoch 150/200 loss 0.0066 train 1.0000 test 0.4385
epoch 151/200 loss 0.0064 train 1.0000 test 0.4382
epoch 152/200 loss 0.0069 train 0.9998 test 0.4409
epoch 153/200 loss 0.0062 train 1.0000 test 0.4422
epoch 154/200 loss 0.0064 train 1.0000 test 0.4405
epoch 155/200 loss 0.0063 train 1.0000 test 0.4411
epoch 156/200 loss 0.0062 train 1.0000 test 0.4398
epoch 157/200 loss 0.0059 train 0.9998 test 0.4402
epoch 158/200 loss 0.0059 train 1.0000 test 0.4401
epoch 159/200 loss 0.0058 train 1.0000 test 0.4394
epoch 160/200 loss 0.0062 train 0.9998 test 0.4399
epoch 161/200 loss 0.0057 train 1.0000 test 0.4422
epoch 162/200 loss 0.0058 train 1.0000 test 0.4403
epoch 163/200 loss 0.0057 train 0.9998 test 0.4394
epoch 164/200 loss 0.0057 train 0.9998 test 0.4399
epoch 165/200 loss 0.0055 train 1.0000 test 0.4405
epoch 166/200 loss 0.0056 train 0.9998 test 0.4393
epoch 167/200 loss 0.0054 train 1.0000 test 0.4406
epoch 168/200 loss 0.0057 train 1.0000 test 0.4405
epoch 169/200 loss 0.0054 train 1.0000 test 0.4414
epoch 170/200 loss 0.0053 train 0.9998 test 0.4407
epoch 171/200 loss 0.0053 train 0.9998 test 0.4404
epoch 172/200 loss 0.0052 train 1.0000 test 0.4398
epoch 173/200 loss 0.0051 train 1.0000 test 0.4393
epoch 174/200 loss 0.0049 train 1.0000 test 0.4413
epoch 175/200 loss 0.0049 train 1.0000 test 0.4403
epoch 176/200 loss 0.0050 train 0.9998 test 0.4405
epoch 177/200 loss 0.0049 train 0.9998 test 0.4412
epoch 178/200 loss 0.0047 train 1.0000 test 0.4404
epoch 179/200 loss 0.0048 train 1.0000 test 0.4397
epoch 180/200 loss 0.0047 train 0.9998 test 0.4399
epoch 181/200 loss 0.0047 train 1.0000 test 0.4401
epoch 182/200 loss 0.0046 train 1.0000 test 0.4412
epoch 183/200 loss 0.0044 train 1.0000 test 0.4408
epoch 184/200 loss 0.0044 train 1.0000 test 0.4419
epoch 185/200 loss 0.0044 train 1.0000 test 0.4402
epoch 186/200 loss 0.0047 train 0.9996 test 0.4399
epoch 187/200 loss 0.0044 train 1.0000 test 0.4404
epoch 188/200 loss 0.0043 train 1.0000 test 0.4400
epoch 189/200 loss 0.0043 train 1.0000 test 0.4418
epoch 190/200 loss 0.0043 train 1.0000 test 0.4413
epoch 191/200 loss 0.0042 train 1.0000 test 0.4411
epoch 192/200 loss 0.0041 train 1.0000 test 0.4404
epoch 193/200 loss 0.0042 train 1.0000 test 0.4411
epoch 194/200 loss 0.0044 train 0.9998 test 0.4413
epoch 195/200 loss 0.0045 train 0.9998 test 0.4406
epoch 196/200 loss 0.0042 train 0.9998 test 0.4408
epoch 197/200 loss 0.0043 train 1.0000 test 0.4412
epoch 198/200 loss 0.0043 train 1.0000 test 0.4412
epoch 199/200 loss 0.0041 train 1.0000 test 0.4402
epoch 200/200 loss 0.0041 train 1.0000 test 0.4399
done: final 0.4399 best 0.4422 -> ./runs/r34_aux_10pct/seed0
moment-aux target calibrated on 1024 images
[r34_aux_10pct seed1] {"params_trainable": 21330348, "params_stem_trainable": 0, "params_stem_fixed_filters": 0, "flops_total": 1161504768, "flops_stem": 0, "flops_image_size": 32}
epoch 1/200 loss 5.3776 train 0.0296 test 0.0515
epoch 2/200 loss 4.3862 train 0.0627 test 0.0928
epoch 3/200 loss 4.0692 train 0.0986 test 0.1006
epoch 4/200 loss 3.8716 train 0.1274 test 0.1156
epoch 5/200 loss 3.7510 train 0.1396 test 0.1218
epoch 6/200 loss 3.5808 train 0.1623 test 0.1280
epoch 7/200 loss 3.4605 train 0.1815 test 0.1591
epoch 8/200 loss 3.3250 train 0.2077 test 0.1615
epoch 9/200 loss 3.2345 train 0.2185 test 0.1602
epoch 10/200 loss 3.0871 train 0.2496 test 0.1728
epoch 11/200 loss 2.9979 train 0.2576 test 0.1834
epoch 12/200 loss 2.8680 train 0.2843 test 0.2164
epoch 13/200 loss 2.7370 train 0.3095 test 0.2228
epoch 14/200 loss 2.6318 train 0.3317 test 0.2220
epoch 15/200 loss 2.5281 train 0.3524 test 0.2302
epoch 16/200 loss 2.4115 train 0.3752 test 0.2477
epoch 17/200 loss 2.3109 train 0.4014 test 0.2730
epoch 18/200 loss 2.2060 train 0.4145 test 0.2328
epoch 19/200 loss 2.1515 train 0.4251 test 0.2596
epoch 20/200 loss 2.0451 train 0.4597 test 0.2792
epoch 21/200 loss 1.9586 train 0.4746 test 0.2551
epoch 22/200 loss 1.8713 train 0.4978 test 0.2646
epoch 23/200 loss 1.7497 train 0.5246 test 0.2451
epoch 24/200 loss 1.6926 train 0.5391 test 0.2880
epoch 25/200 loss 1.5989 train 0.5619 test 0.2781
epoch 26/200 loss 1.5117 train 0.5887 test 0.2749
epoch 27/200 loss 1.4591 train 0.5863 test 0.3005
epoch 28/200 loss 1.3785 train 0.6174 test 0.3153
epoch 29/200 loss 1.2657 train 0.6448 test 0.3074
epoch 30/200 loss 1.2169 train 0.6538 test 0.2973
epoch 31/200 loss 1.2159 train 0.6560 test 0.2983
epoch 32/200 loss 1.0885 train 0.6997 test 0.3188
epoch 33/200 loss 1.0157 train 0.7151 test 0.3206
epoch 34/200 loss 0.9590 train 0.7310 test 0.2868
epoch 35/200 loss 0.9037 train 0.7484 test 0.3365
epoch 36/200 loss 0.8884 train 0.7504 test 0.2933
epoch 37/200 loss 0.8362 train 0.7626 test 0.3204
epoch 38/200 loss 0.7165 train 0.8039 test 0.3417
epoch 39/200 loss 0.6357 train 0.8231 test 0.3272
epoch 40/200 loss 0.6344 train 0.8319 test 0.3060
epoch 41/200 loss 0.6123 train 0.8339 test 0.3375
epoch 42/200 loss 0.6014 train 0.8361 test 0.3228
epoch 43/200 loss 0.4921 train 0.8674 test 0.3121
epoch 44/200 loss 0.4693 train 0.8720 test 0.3253
epoch 45/200 loss 0.4323 train 0.8848 test 0.3535
epoch 46/200 loss 0.4177 train 0.8922 test 0.3477
epoch 47/200 loss 0.4444 train 0.8872 test 0.3333
epoch 48/200 loss 0.4504 train 0.8834 test 0.3023
epoch 49/200 loss 0.4289 train 0.8868 test 0.3405
epoch 50/200 loss 0.3403 train 0.9191 test 0.3480
epoch 51/200 loss 0.2768 train 0.9329 test 0.3368
epoch 52/200 loss 0.3112 train 0.9207 test 0.3489
epoch 53/200 loss 0.3881 train 0.8958 test 0.3035
epoch 54/200 loss 0.4026 train 0.8900 test 0.3299
epoch 55/200 loss 0.3301 train 0.9179 test 0.3242
epoch 56/200 loss 0.2559 train 0.9445 test 0.3699
epoch 57/200 loss 0.2115 train 0.9537 test 0.3409
epoch 58/200 loss 0.2368 train 0.9421 test 0.3643
epoch 59/200 loss 0.2022 train 0.9561 test 0.3658
epoch 60/200 loss 0.1874 train 0.9609 test 0.3760
epoch 61/200 loss 0.1903 train 0.9591 test 0.3727
epoch 62/200 loss 0.2162 train 0.9473 test 0.3563
epoch 63/200 loss 0.2163 train 0.9519 test 0.3547
epoch 64/200 loss 0.1819 train 0.9615 test 0.3420
epoch 65/200 loss 0.2128 train 0.9509 test 0.3444
epoch 66/200 loss 0.2544 train 0.9363 test 0.3330
epoch 67/200 loss 0.2655 train 0.9341 test 0.3512
epoch 68/200 loss 0.2075 train 0.9557 test 0.3612
epoch 69/200 loss 0.1671 train 0.9651 test 0.3666
epoch 70/200 loss 0.1629 train 0.9635 test 0.3511
epoch 71/200 loss 0.1492 train 0.9685 test 0.3727
epoch 72/200 loss 0.1214 train 0.9798 test 0.3640
epoch 73/200 loss 0.1158 train 0.9800 test 0.3695
epoch 74/200 loss 0.1309 train 0.9740 test 0.3675
epoch 75/200 loss 0.1038 train 0.9822 test 0.3714
epoch 76/200 loss 0.1017 train 0.9842 test 0.3819
epoch 77/200 loss 0.0839 train 0.9870 test 0.3679
epoch 78/200 loss 0.0864 train 0.9874 test 0.3719
epoch 79/200 loss 0.0739 train 0.9896 test 0.3834
epoch 80/200 loss 0.0586 train 0.9926 test 0.4068
epoch 81/200 loss 0.0577 train 0.9938 test 0.3991
epoch 82/200 loss 0.0530 train 0.9944 test 0.4046
epoch 83/200 loss 0.0490 train 0.9960 test 0.4025
epoch 84/200 loss 0.0543 train 0.9932 test 0.3961
epoch 85/200 loss 0.0370 train 0.9980 test 0.4159
epoch 86/200 loss 0.0338 train 0.9984 test 0.4148
epoch 87/200 loss 0.0254 train 0.9996 test 0.4257
epoch 88/200 loss 0.0227 train 0.9998 test 0.4314
epoch 89/200 loss 0.0219 train 0.9990 test 0.4244
epoch 90/200 loss 0.0215 train 0.9996 test 0.4226
epoch 91/200 loss 0.0226 train 0.9988 test 0.4211
epoch 92/200 loss 0.0227 train 0.9988 test 0.4268
epoch 93/200 loss 0.0195 train 0.9998 test 0.4279
epoch 94/200 loss 0.0178 train 0.9998 test 0.4318
epoch 95/200 loss 0.0174 train 0.9996 test 0.4349
epoch 96/200 loss 0.0176 train 0.9996 test 0.4337
epoch 97/200 loss 0.0162 train 0.9998 test 0.4335
epoch 98/200 loss 0.0155 train 0.9996 test 0.4346
epoch 99/200 loss 0.0155 train 1.0000 test 0.4316
epoch 100/200 loss 0.0152 train 0.9998 test 0.4339
epoch 101/200 loss 0.0153 train 0.9998 test 0.4322
epoch 102/200 loss 0.0142 train 0.9998 test 0.4345
epoch 103/200 loss 0.0147 train 0.9996 test 0.4347
epoch 104/200 loss 0.0141 train 0.9998 test 0.4354
epoch 105/200 loss 0.0134 train 0.9998 test 0.4361
epoch 106/200 loss 0.0138 train 0.9998 test 0.4342
epoch 107/200 loss 0.0130 train 0.9998 test 0.4370
epoch 108/200 loss 0.0129 train 0.9998 test 0.4349
epoch 109/200 loss 0.0128 train 0.9996 test 0.4364
epoch 110/200 loss 0.0128 train 0.9998 test 0.4346
epoch 111/200 loss 0.0127 train 0.9998 test 0.4353
epoch 112/200 loss 0.0128 train 0.9998 test 0.4349
epoch 113/200 loss 0.0119 train 0.9998 test 0.4350
epoch 114/200 loss 0.0121 train 1.0000 test 0.4340
epoch 115/200 loss 0.0119 train 0.9998 test 0.4372
epoch 116/200 loss 0.0120 train 0.9998 test 0.4377
epoch 117/200 loss 0.0109 train 1.0000 test 0.4369
epoch 118/200 loss 0.0110 train 0.9996 test 0.4403
epoch 119/200 loss 0.0111 train 0.9998 test 0.4362
epoch 120/200 loss 0.0110 train 0.9998 test 0.4381
epoch 121/200 loss 0.0108 train 0.9998 test 0.4380
epoch 122/200 loss 0.0106 train 0.9996 test 0.4384
epoch 123/200 loss 0.0104 train 0.9998 test 0.4379
epoch 124/200 loss 0.0102 train 0.9998 test 0.4368
epoch 125/200 loss 0.0099 train 1.0000 test 0.4372
epoch 126/200 loss 0.0097 train 1.0000 test 0.4363
epoch 127/200 loss 0.0095 train 0.9996 test 0.4376
epoch 128/200 loss 0.0096 train 0.9998 test 0.4364
epoch 129/200 loss 0.0098 train 0.9996 test 0.4373
epoch 130/200 loss 0.0092 train 0.9998 test 0.4370
epoch 131/200 loss 0.0091 train 0.9998 test 0.4377
epoch 132/200 loss 0.0088 train 1.0000 test 0.4360
epoch 133/200 loss 0.0087 train 1.0000 test 0.4379
epoch 134/200 loss 0.0088 train 1.0000 test 0.4361
epoch 135/200 loss 0.0086 train 0.9998 test 0.4368
epoch 136/200 loss 0.0088 train 0.9998 test 0.4362
epoch 137/200 loss 0.0084 train 1.0000 test 0.4357
epoch 138/200 loss 0.0084 train 0.9998 test 0.4352
epoch 139/200 loss 0.0082 train 0.9996 test 0.4372
epoch 140/200 loss 0.0077 train 0.9998 test 0.4357
epoch 141/200 loss 0.0081 train 0.9998 test 0.4372
epoch 142/200 loss 0.0076 train 1.0000 test 0.4386
epoch 143/200 loss 0.0074 train 1.0000 test 0.4398
epoch 144/200 loss 0.0075 train 0.9998 test 0.4383
epoch 145/200 loss 0.0072 train 1.0000 test 0.4362
epoch 146/200 loss 0.0072 train 1.0000 test 0.4383
epoch 147/200 loss 0.0075 train 0.9996 test 0.4380
epoch 148/200 loss 0.0075 train 0.9998 test 0.4385
epoch 149/200 loss 0.0068 train 1.0000 test 0.4405
epoch 150/200 loss 0.0068 train 0.9996 test 0.4382
epoch 151/200 loss 0.0067 train 0.9998 test 0.4378
epoch 152/200 loss 0.0070 train 0.9996 test 0.4362
epoch 153/200 loss 0.0065 train 1.0000 test 0.4389
epoch 154/200 loss 0.0063 train 1.0000 test 0.4386
epoch 155/200 loss 0.0068 train 0.9996 test 0.4409
epoch 156/200 loss 0.0064 train 0.9998 test 0.4390
epoch 157/200 loss 0.0064 train 1.0000 test 0.4394
epoch 158/200 loss 0.0061 train 0.9998 test 0.4387
epoch 159/200 loss 0.0059 train 1.0000 test 0.4372
epoch 160/200 loss 0.0057 train 1.0000 test 0.4390
epoch 161/200 loss 0.0056 train 1.0000 test 0.4372
epoch 162/200 loss 0.0060 train 0.9998 test 0.4372
epoch 163/200 loss 0.0058 train 0.9998 test 0.4381
epoch 164/200 loss 0.0058 train 0.9998 test 0.4377
epoch 165/200 loss 0.0055 train 1.0000 test 0.4397
epoch 166/200 loss 0.0056 train 1.0000 test 0.4369
epoch 167/200 loss 0.0055 train 0.9998 test 0.4386
epoch 168/200 loss 0.0056 train 0.9998 test 0.4384
epoch 169/200 loss 0.0054 train 0.9998 test 0.4393
epoch 170/200 loss 0.0054 train 0.9998 test 0.4401
epoch 171/200 loss 0.0050 train 1.0000 test 0.4403
epoch 172/200 loss 0.0050 train 1.0000 test 0.4391
epoch 173/200 loss 0.0052 train 0.9998 test 0.4395
epoch 174/200 loss 0.0050 train 1.0000 test 0.4379
epoch 175/200 loss 0.0049 train 0.9998 test 0.4387
epoch 176/200 loss 0.0047 train 1.0000 test 0.4386
epoch 177/200 loss 0.0049 train 0.9998 test 0.4378
epoch 178/200 loss 0.0048 train 1.0000 test 0.4391
epoch 179/200 loss 0.0050 train 1.0000 test 0.4384
epoch 180/200 loss 0.0045 train 1.0000 test 0.4378
epoch 181/200 loss 0.0043 train 1.0000 test 0.4379
epoch 182/200 loss 0.0047 train 1.0000 test 0.4389
epoch 183/200 loss 0.0045 train 1.0000 test 0.4387
epoch 184/200 loss 0.0046 train 0.9998 test 0.4385
epoch 185/200 loss 0.0044 train 1.0000 test 0.4391
epoch 186/200 loss 0.0045 train 1.0000 test 0.4392
epoch 187/200 loss 0.0042 train 1.0000 test 0.4390
epoch 188/200 loss 0.0044 train 0.9998 test 0.4382
epoch 189/200 loss 0.0046 train 0.9998 test 0.4383
epoch 190/200 loss 0.0044 train 1.0000 test 0.4393
epoch 191/200 loss 0.0043 train 1.0000 test 0.4392
epoch 192/200 loss 0.0043 train 1.0000 test 0.4386
epoch 193/200 loss 0.0045 train 1.0000 test 0.4393
epoch 194/200 loss 0.0042 train 1.0000 test 0.4391
epoch 195/200 loss 0.0045 train 0.9998 test 0.4391
epoch 196/200 loss 0.0043 train 0.9998 test 0.4394
epoch 197/200 loss 0.0043 train 1.0000 test 0.4399
epoch 198/200 loss 0.0042 train 1.0000 test 0.4384
epoch 199/200 loss 0.0043 train 1.0000 test 0.4398
epoch 200/200 loss 0.0042 train 1.0000 test 0.4383
done: final 0.4383 best 0.4409 -> ./runs/r34_aux_10pct/seed1
moment-aux target calibrated on 1024 images
[r34_aux_10pct seed2] {"params_trainable": 21330348, "params_stem_trainable": 0, "params_stem_fixed_filters": 0, "flops_total": 1161504768, "flops_stem": 0, "flops_image_size": 32}
epoch 1/200 loss 5.4017 train 0.0312 test 0.0557
epoch 2/200 loss 4.4049 train 0.0667 test 0.0939
epoch 3/200 loss 4.0807 train 0.1060 test 0.1078
epoch 4/200 loss 3.8705 train 0.1268 test 0.1175
epoch 5/200 loss 3.6967 train 0.1565 test 0.1333
epoch 6/200 loss 3.5676 train 0.1717 test 0.1369
epoch 7/200 loss 3.4493 train 0.1825 test 0.1198
epoch 8/200 loss 3.3081 train 0.2079 test 0.1876
epoch 9/200 loss 3.2021 train 0.2177 test 0.1894
epoch 10/200 loss 3.0629 train 0.2504 test 0.1761
epoch 11/200 loss 2.9804 train 0.2662 test 0.2166
epoch 12/200 loss 2.8298 train 0.2919 test 0.2036
epoch 13/200 loss 2.7240 train 0.3061 test 0.2252
epoch 14/200 loss 2.6230 train 0.3291 test 0.2306
epoch 15/200 loss 2.5523 train 0.3454 test 0.2298
epoch 16/200 loss 2.4438 train 0.3738 test 0.2169
epoch 17/200 loss 2.3185 train 0.3882 test 0.2465
epoch 18/200 loss 2.2280 train 0.4197 test 0.2694
epoch 19/200 loss 2.1786 train 0.4301 test 0.2517
epoch 20/200 loss 2.0725 train 0.4449 test 0.2858
epoch 21/200 loss 1.9778 train 0.4724 test 0.2752
epoch 22/200 loss 1.9041 train 0.4888 test 0.2485
epoch 23/200 loss 1.7843 train 0.5204 test 0.2777
epoch 24/200 loss 1.7057 train 0.5300 test 0.3030
epoch 25/200 loss 1.6328 train 0.5557 test 0.2715
epoch 26/200 loss 1.5498 train 0.5823 test 0.2952
epoch 27/200 loss 1.4659 train 0.5929 test 0.2869
epoch 28/200 loss 1.3760 train 0.6206 test 0.3038
epoch 29/200 loss 1.2992 train 0.6338 test 0.2731
epoch 30/200 loss 1.2544 train 0.6484 test 0.3159
epoch 31/200 loss 1.2037 train 0.6633 test 0.3090
epoch 32/200 loss 1.1228 train 0.6883 test 0.3264
epoch 33/200 loss 1.0093 train 0.7254 test 0.2828
epoch 34/200 loss 0.9973 train 0.7177 test 0.3208
epoch 35/200 loss 0.9244 train 0.7462 test 0.3158
epoch 36/200 loss 0.8470 train 0.7712 test 0.3107
epoch 37/200 loss 0.7873 train 0.7792 test 0.3084
epoch 38/200 loss 0.7380 train 0.7943 test 0.3354
epoch 39/200 loss 0.7695 train 0.7865 test 0.2993
epoch 40/200 loss 0.6997 train 0.8069 test 0.2955
epoch 41/200 loss 0.5813 train 0.8369 test 0.3386
epoch 42/200 loss 0.5552 train 0.8411 test 0.3277
epoch 43/200 loss 0.6335 train 0.8283 test 0.2981
epoch 44/200 loss 0.5920 train 0.8381 test 0.3282
epoch 45/200 loss 0.5211 train 0.8574 test 0.3392
epoch 46/200 loss 0.4059 train 0.9014 test 0.3728
epoch 47/200 loss 0.3652 train 0.9073 test 0.3581
epoch 48/200 loss 0.3697 train 0.9040 test 0.3357
epoch 49/200 loss 0.4208 train 0.8860 test 0.3252
epoch 50/200 loss 0.4027 train 0.8902 test 0.3459
epoch 51/200 loss 0.4136 train 0.8870 test 0.3278
epoch 52/200 loss 0.3650 train 0.9083 test 0.3472
epoch 53/200 loss 0.3051 train 0.9259 test 0.3535
epoch 54/200 loss 0.2634 train 0.9329 test 0.3372
epoch 55/200 loss 0.2534 train 0.9399 test 0.3556
epoch 56/200 loss 0.2484 train 0.9381 test 0.3310
epoch 57/200 loss 0.2416 train 0.9413 test 0.3337
epoch 58/200 loss 0.2953 train 0.9253 test 0.3411
epoch 59/200 loss 0.2606 train 0.9379 test 0.3466
epoch 60/200 loss 0.2268 train 0.9441 test 0.3271
epoch 61/200 loss 0.2280 train 0.9463 test 0.3508
epoch 62/200 loss 0.2299 train 0.9455 test 0.3505
epoch 63/200 loss 0.2119 train 0.9489 test 0.3614
epoch 64/200 loss 0.1860 train 0.9585 test 0.3647
epoch 65/200 loss 0.1831 train 0.9579 test 0.3633
epoch 66/200 loss 0.1560 train 0.9683 test 0.3706
epoch 67/200 loss 0.1384 train 0.9718 test 0.3733
epoch 68/200 loss 0.1173 train 0.9784 test 0.3811
epoch 69/200 loss 0.1170 train 0.9750 test 0.3659
epoch 70/200 loss 0.1055 train 0.9822 test 0.3795
epoch 71/200 loss 0.1060 train 0.9816 test 0.3790
epoch 72/200 loss 0.1276 train 0.9724 test 0.3653
epoch 73/200 loss 0.1454 train 0.9683 test 0.3570
epoch 74/200 loss 0.1850 train 0.9571 test 0.3556
epoch 75/200 loss 0.1882 train 0.9567 test 0.3397
epoch 76/200 loss 0.1514 train 0.9683 test 0.3554
epoch 77/200 loss 0.1309 train 0.9722 test 0.3785
epoch 78/200 loss 0.1267 train 0.9750 test 0.3568
epoch 79/200 loss 0.1313 train 0.9748 test 0.3503
epoch 80/200 loss 0.1091 train 0.9806 test 0.3735
epoch 81/200 loss 0.0972 train 0.9814 test 0.3760
epoch 82/200 loss 0.0788 train 0.9872 test 0.3832
epoch 83/200 loss 0.0582 train 0.9942 test 0.3960
epoch 84/200 loss 0.0609 train 0.9922 test 0.3896
epoch 85/200 loss 0.0541 train 0.9938 test 0.3887
epoch 86/200 loss 0.0513 train 0.9930 test 0.4002
epoch 87/200 loss 0.0448 train 0.9956 test 0.4080
epoch 88/200 loss 0.0357 train 0.9966 test 0.4114
epoch 89/200 loss 0.0309 train 0.9972 test 0.4090
epoch 90/200 loss 0.0334 train 0.9970 test 0.4052
epoch 91/200 loss 0.0240 train 0.9996 test 0.4220
epoch 92/200 loss 0.0197 train 0.9998 test 0.4240
epoch 93/200 loss 0.0188 train 0.9996 test 0.4293
epoch 94/200 loss 0.0172 train 0.9998 test 0.4295
epoch 95/200 loss 0.0165 train 0.9996 test 0.4292
epoch 96/200 loss 0.0156 train 0.9998 test 0.4304
epoch 97/200 loss 0.0165 train 0.9994 test 0.4287
epoch 98/200 loss 0.0156 train 0.9998 test 0.4301
epoch 99/200 loss 0.0143 train 0.9996 test 0.4321
epoch 100/200 loss 0.0140 train 0.9998 test 0.4320
epoch 101/200 loss 0.0138 train 0.9998 test 0.4336
epoch 102/200 loss 0.0137 train 0.9996 test 0.4332
epoch 103/200 loss 0.0148 train 0.9996 test 0.4351
epoch 104/200 loss 0.0138 train 0.9998 test 0.4346
epoch 105/200 loss 0.0131 train 0.9998 test 0.4342
epoch 106/200 loss 0.0132 train 0.9998 test 0.4347
epoch 107/200 loss 0.0124 train 0.9998 test 0.4358
epoch 108/200 loss 0.0129 train 0.9996 test 0.4360
epoch 109/200 loss 0.0122 train 0.9998 test 0.4364
epoch 110/200 loss 0.0123 train 0.9996 test 0.4373
epoch 111/200 loss 0.0129 train 0.9996 test 0.4362
epoch 112/200 loss 0.0120 train 0.9998 test 0.4371
epoch 113/200 loss 0.0117 train 0.9998 test 0.4372
epoch 114/200 loss 0.0116 train 0.9996 test 0.4379
epoch 115/200 loss 0.0113 train 0.9998 test 0.4370
epoch 116/200 loss 0.0109 train 0.9998 test 0.4371
epoch 117/200 loss 0.0110 train 0.9996 test 0.4386
epoch 118/200 loss 0.0107 train 0.9996 test 0.4387
epoch 119/200 loss 0.0109 train 0.9998 test 0.4390
epoch 120/200 loss 0.0106 train 0.9996 test 0.4366
epoch 121/200 loss 0.0101 train 0.9998 test 0.4357
epoch 122/200 loss 0.0105 train 0.9998 test 0.4394
epoch 123/200 loss 0.0101 train 0.9998 test 0.4386
epoch 124/200 loss 0.0105 train 0.9998 test 0.4392
epoch 125/200 loss 0.0099 train 0.9996 test 0.4410
epoch 126/200 loss 0.0097 train 0.9996 test 0.4417
epoch 127/200 loss 0.0098 train 0.9998 test 0.4399
epoch 128/200 loss 0.0092 train 0.9998 test 0.4419
epoch 129/200 loss 0.0095 train 0.9998 test 0.4408
epoch 130/200 loss 0.0091 train 0.9998 test 0.4405
epoch 131/200 loss 0.0087 train 0.9996 test 0.4387
epoch 132/200 loss 0.0089 train 1.0000 test 0.4398
epoch 133/200 loss 0.0086 train 0.9996 test 0.4406
epoch 134/200 loss 0.0088 train 0.9998 test 0.4406
epoch 135/200 loss 0.0084 train 0.9996 test 0.4421
epoch 136/200 loss 0.0085 train 0.9998 test 0.4408
epoch 137/200 loss 0.0083 train 0.9996 test 0.4406
epoch 138/200 loss 0.0080 train 0.9998 test 0.4406
epoch 139/200 loss 0.0080 train 0.9998 test 0.4412
epoch 140/200 loss 0.0080 train 0.9998 test 0.4433
epoch 141/200 loss 0.0078 train 0.9996 test 0.4432
epoch 142/200 loss 0.0076 train 0.9998 test 0.4415
epoch 143/200 loss 0.0074 train 0.9998 test 0.4436
epoch 144/200 loss 0.0076 train 0.9998 test 0.4419
epoch 145/200 loss 0.0074 train 0.9998 test 0.4385
epoch 146/200 loss 0.0074 train 0.9998 test 0.4408
epoch 147/200 loss 0.0071 train 0.9998 test 0.4420
epoch 148/200 loss 0.0071 train 0.9996 test 0.4410
epoch 149/200 loss 0.0070 train 0.9998 test 0.4433
epoch 150/200 loss 0.0069 train 0.9998 test 0.4432
epoch 151/200 loss 0.0069 train 0.9998 test 0.4422
epoch 152/200 loss 0.0069 train 1.0000 test 0.4432
epoch 153/200 loss 0.0068 train 0.9996 test 0.4433
epoch 154/200 loss 0.0065 train 1.0000 test 0.4421
epoch 155/200 loss 0.0067 train 0.9996 test 0.4430
epoch 156/200 loss 0.0064 train 0.9998 test 0.4436
epoch 157/200 loss 0.0062 train 0.9998 test 0.4422
epoch 158/200 loss 0.0061 train 0.9998 test 0.4439
epoch 159/200 loss 0.0062 train 0.9996 test 0.4431
epoch 160/200 loss 0.0062 train 0.9998 test 0.4420
epoch 161/200 loss 0.0058 train 1.0000 test 0.4439
epoch 162/200 loss 0.0059 train 1.0000 test 0.4438
epoch 163/200 loss 0.0056 train 1.0000 test 0.4430
epoch 164/200 loss 0.0059 train 0.9996 test 0.4417
epoch 165/200 loss 0.0057 train 0.9998 test 0.4429
epoch 166/200 loss 0.0055 train 1.0000 test 0.4432
epoch 167/200 loss 0.0059 train 0.9998 test 0.4421
epoch 168/200 loss 0.0054 train 1.0000 test 0.4413
epoch 169/200 loss 0.0054 train 0.9998 test 0.4412
epoch 170/200 loss 0.0056 train 0.9998 test 0.4428
epoch 171/200 loss 0.0053 train 1.0000 test 0.4423
epoch 172/200 loss 0.0055 train 0.9998 test 0.4446
epoch 173/200 loss 0.0053 train 0.9998 test 0.4447
epoch 174/200 loss 0.0052 train 0.9998 test 0.4437
epoch 175/200 loss 0.0051 train 1.0000 test 0.4430
epoch 176/200 loss 0.0050 train 1.0000 test 0.4435
epoch 177/200 loss 0.0051 train 0.9998 test 0.4417
epoch 178/200 loss 0.0049 train 0.9998 test 0.4444
epoch 179/200 loss 0.0047 train 1.0000 test 0.4429
epoch 180/200 loss 0.0051 train 0.9998 test 0.4425
epoch 181/200 loss 0.0051 train 0.9998 test 0.4428
epoch 182/200 loss 0.0048 train 1.0000 test 0.4417
epoch 183/200 loss 0.0047 train 0.9998 test 0.4447
epoch 184/200 loss 0.0046 train 1.0000 test 0.4433
epoch 185/200 loss 0.0047 train 1.0000 test 0.4429
epoch 186/200 loss 0.0048 train 0.9998 test 0.4438
epoch 187/200 loss 0.0048 train 1.0000 test 0.4431
epoch 188/200 loss 0.0046 train 0.9998 test 0.4432
epoch 189/200 loss 0.0044 train 1.0000 test 0.4446
epoch 190/200 loss 0.0045 train 1.0000 test 0.4435
epoch 191/200 loss 0.0046 train 1.0000 test 0.4439
epoch 192/200 loss 0.0046 train 0.9996 test 0.4431
epoch 193/200 loss 0.0047 train 0.9998 test 0.4425
epoch 194/200 loss 0.0045 train 0.9998 test 0.4430
epoch 195/200 loss 0.0045 train 1.0000 test 0.4438
epoch 196/200 loss 0.0045 train 1.0000 test 0.4437
epoch 197/200 loss 0.0043 train 1.0000 test 0.4429
epoch 198/200 loss 0.0045 train 0.9998 test 0.4429
epoch 199/200 loss 0.0047 train 0.9998 test 0.4439
epoch 200/200 loss 0.0043 train 1.0000 test 0.4435
done: final 0.4435 best 0.4447 -> ./runs/r34_aux_10pct/seed2
LAMBB_r34_aux_10pct_DONE
moment-aux target calibrated on 1024 images
[r50_aux_10pct_l30 seed0] {"params_trainable": 23713452, "params_stem_trainable": 0, "params_stem_fixed_filters": 0, "flops_total": 1304911872, "flops_stem": 0, "flops_image_size": 32}
epoch 1/200 loss nan train 0.0098 test 0.0100
epoch 2/200 loss nan train 0.0100 test 0.0100
epoch 3/200 loss nan train 0.0100 test 0.0100
epoch 4/200 loss nan train 0.0100 test 0.0100
epoch 5/200 loss nan train 0.0100 test 0.0100
epoch 6/200 loss nan train 0.0100 test 0.0100
epoch 7/200 loss nan train 0.0100 test 0.0100
epoch 8/200 loss nan train 0.0100 test 0.0100
epoch 9/200 loss nan train 0.0100 test 0.0100
epoch 10/200 loss nan train 0.0100 test 0.0100
epoch 11/200 loss nan train 0.0100 test 0.0100
epoch 12/200 loss nan train 0.0100 test 0.0100
epoch 13/200 loss nan train 0.0100 test 0.0100
epoch 14/200 loss nan train 0.0100 test 0.0100
epoch 15/200 loss nan train 0.0100 test 0.0100
epoch 16/200 loss nan train 0.0100 test 0.0100
epoch 17/200 loss nan train 0.0100 test 0.0100
epoch 18/200 loss nan train 0.0100 test 0.0100
epoch 19/200 loss nan train 0.0100 test 0.0100
epoch 20/200 loss nan train 0.0100 test 0.0100
epoch 21/200 loss nan train 0.0100 test 0.0100
