moment-aux target calibrated on 1024 images
[auxmag_2pct_l50 seed0] {"params_trainable": 11222188, "params_stem_trainable": 0, "params_stem_fixed_filters": 0, "flops_total": 556705792, "flops_stem": 0, "flops_image_size": 32}
epoch 1/200 loss 5.6596 train 0.0056 test 0.0240
epoch 2/200 loss 5.1786 train 0.0335 test 0.0343
epoch 3/200 loss 4.8274 train 0.0446 test 0.0537
epoch 4/200 loss 4.5869 train 0.0670 test 0.0586
epoch 5/200 loss 4.3275 train 0.0770 test 0.0598
epoch 6/200 loss 4.1906 train 0.0781 test 0.0724
epoch 7/200 loss 4.0743 train 0.1004 test 0.0683
epoch 8/200 loss 3.9412 train 0.1194 test 0.0729
epoch 9/200 loss 3.8897 train 0.1205 test 0.0703
epoch 10/200 loss 3.7484 train 0.1451 test 0.0753
epoch 11/200 loss 3.7041 train 0.1429 test 0.0785
epoch 12/200 loss 3.6464 train 0.1596 test 0.0765
epoch 13/200 loss 3.5681 train 0.1652 test 0.0866
epoch 14/200 loss 3.5101 train 0.1685 test 0.0871
epoch 15/200 loss 3.4408 train 0.1763 test 0.0936
epoch 16/200 loss 3.3662 train 0.2042 test 0.0912
epoch 17/200 loss 3.2891 train 0.2143 test 0.0916
epoch 18/200 loss 3.2348 train 0.2221 test 0.0897
epoch 19/200 loss 3.2194 train 0.2221 test 0.0891
epoch 20/200 loss 3.1284 train 0.2344 test 0.0933
epoch 21/200 loss 3.0341 train 0.2746 test 0.0950
epoch 22/200 loss 3.0557 train 0.2422 test 0.0975
epoch 23/200 loss 2.9606 train 0.2656 test 0.0978
epoch 24/200 loss 2.9324 train 0.2567 test 0.1012
epoch 25/200 loss 2.8473 train 0.2779 test 0.0844
epoch 26/200 loss 2.7617 train 0.3103 test 0.1053
epoch 27/200 loss 2.6897 train 0.3237 test 0.0988
epoch 28/200 loss 2.6812 train 0.2902 test 0.1064
epoch 29/200 loss 2.5491 train 0.3393 test 0.1017
epoch 30/200 loss 2.4617 train 0.3806 test 0.1073
epoch 31/200 loss 2.4584 train 0.3705 test 0.1060
epoch 32/200 loss 2.3382 train 0.3929 test 0.1186
epoch 33/200 loss 2.2822 train 0.4152 test 0.1135
epoch 34/200 loss 2.1449 train 0.4319 test 0.1123
epoch 35/200 loss 2.1324 train 0.4453 test 0.1133
epoch 36/200 loss 2.0176 train 0.4587 test 0.1191
epoch 37/200 loss 1.9720 train 0.4922 test 0.1012
epoch 38/200 loss 1.8735 train 0.4989 test 0.1122
epoch 39/200 loss 1.8294 train 0.5078 test 0.1179
epoch 40/200 loss 1.7721 train 0.5547 test 0.1135
epoch 41/200 loss 1.6893 train 0.5368 test 0.1242
epoch 42/200 loss 1.6546 train 0.5737 test 0.1121
epoch 43/200 loss 1.5522 train 0.5971 test 0.1145
epoch 44/200 loss 1.4498 train 0.6283 test 0.1130
epoch 45/200 loss 1.4125 train 0.6205 test 0.1198
epoch 46/200 loss 1.3047 train 0.6730 test 0.1160
epoch 47/200 loss 1.2100 train 0.6886 test 0.1220
epoch 48/200 loss 1.1972 train 0.7020 test 0.1199
epoch 49/200 loss 1.1033 train 0.7366 test 0.1178
epoch 50/200 loss 1.0613 train 0.7500 test 0.1248
epoch 51/200 loss 0.9703 train 0.7567 test 0.1113
epoch 52/200 loss 0.8816 train 0.7969 test 0.1304
epoch 53/200 loss 0.8420 train 0.8058 test 0.1261
epoch 54/200 loss 0.8125 train 0.8203 test 0.1280
epoch 55/200 loss 0.7870 train 0.8158 test 0.1271
epoch 56/200 loss 0.6765 train 0.8426 test 0.1290
epoch 57/200 loss 0.6435 train 0.8627 test 0.1295
epoch 58/200 loss 0.5511 train 0.9007 test 0.1231
epoch 59/200 loss 0.5514 train 0.8917 test 0.1302
epoch 60/200 loss 0.5370 train 0.8895 test 0.1211
epoch 61/200 loss 0.5458 train 0.8906 test 0.1293
epoch 62/200 loss 0.4982 train 0.8940 test 0.1322
epoch 63/200 loss 0.4413 train 0.9208 test 0.1364
epoch 64/200 loss 0.4053 train 0.9353 test 0.1390
epoch 65/200 loss 0.3430 train 0.9453 test 0.1419
epoch 66/200 loss 0.2939 train 0.9554 test 0.1433
epoch 67/200 loss 0.2518 train 0.9699 test 0.1407
epoch 68/200 loss 0.2406 train 0.9777 test 0.1368
epoch 69/200 loss 0.2114 train 0.9754 test 0.1452
epoch 70/200 loss 0.1912 train 0.9866 test 0.1439
epoch 71/200 loss 0.1676 train 0.9888 test 0.1455
epoch 72/200 loss 0.1414 train 0.9922 test 0.1509
epoch 73/200 loss 0.1452 train 0.9955 test 0.1441
epoch 74/200 loss 0.1365 train 0.9933 test 0.1437
epoch 75/200 loss 0.1198 train 0.9955 test 0.1465
epoch 76/200 loss 0.1175 train 0.9967 test 0.1544
epoch 77/200 loss 0.1129 train 0.9955 test 0.1504
epoch 78/200 loss 0.1063 train 0.9967 test 0.1527
epoch 79/200 loss 0.1020 train 0.9967 test 0.1461
epoch 80/200 loss 0.1023 train 0.9978 test 0.1527
epoch 81/200 loss 0.0942 train 0.9978 test 0.1540
epoch 82/200 loss 0.0917 train 1.0000 test 0.1574
epoch 83/200 loss 0.0827 train 1.0000 test 0.1536
epoch 84/200 loss 0.0813 train 1.0000 test 0.1561
epoch 85/200 loss 0.0804 train 1.0000 test 0.1571
epoch 86/200 loss 0.0718 train 1.0000 test 0.1566
epoch 87/200 loss 0.0711 train 1.0000 test 0.1579
epoch 88/200 loss 0.0696 train 1.0000 test 0.1558
epoch 89/200 loss 0.0681 train 1.0000 test 0.1583
epoch 90/200 loss 0.0689 train 1.0000 test 0.1605
epoch 91/200 loss 0.0654 train 1.0000 test 0.1598
epoch 92/200 loss 0.0686 train 1.0000 test 0.1593
epoch 93/200 loss 0.0659 train 1.0000 test 0.1585
epoch 94/200 loss 0.0656 train 1.0000 test 0.1592
epoch 95/200 loss 0.0636 train 1.0000 test 0.1578
epoch 96/200 loss 0.0655 train 1.0000 test 0.1582
epoch 97/200 loss 0.0665 train 1.0000 test 0.1611
epoch 98/200 loss 0.0609 train 1.0000 test 0.1624
epoch 99/200 loss 0.0610 train 1.0000 test 0.1602
epoch 100/200 loss 0.0633 train 1.0000 test 0.1595
epoch 101/200 loss 0.0608 train 1.0000 test 0.1617
epoch 102/200 loss 0.0625 train 1.0000 test 0.1627
epoch 103/200 loss 0.0594 train 1.0000 test 0.1621
epoch 104/200 loss 0.0615 train 0.9989 test 0.1589
epoch 105/200 loss 0.0610 train 1.0000 test 0.1586
epoch 106/200 loss 0.0596 train 1.0000 test 0.1622
epoch 107/200 loss 0.0576 train 1.0000 test 0.1603
epoch 108/200 loss 0.0566 train 1.0000 test 0.1579
epoch 109/200 loss 0.0563 train 1.0000 test 0.1596
epoch 110/200 loss 0.0562 train 1.0000 test 0.1624
epoch 111/200 loss 0.0556 train 1.0000 test 0.1633
epoch 112/200 loss 0.0574 train 1.0000 test 0.1633
epoch 113/200 loss 0.0542 train 1.0000 test 0.1627
epoch 114/200 loss 0.0560 train 1.0000 test 0.1615
epoch 115/200 loss 0.0561 train 1.0000 test 0.1632
epoch 116/200 loss 0.0540 train 1.0000 test 0.1626
epoch 117/200 loss 0.0554 train 1.0000 test 0.1639
epoch 118/200 loss 0.0552 train 1.0000 test 0.1628
epoch 119/200 loss 0.0543 train 1.0000 test 0.1639
epoch 120/200 loss 0.0528 train 1.0000 test 0.1633
epoch 121/200 loss 0.0539 train 1.0000 test 0.1639
epoch 122/200 loss 0.0536 train 1.0000 test 0.1633
epoch 123/200 loss 0.0533 train 1.0000 test 0.1643
epoch 124/200 loss 0.0541 train 1.0000 test 0.1622
epoch 125/200 loss 0.0547 train 1.0000 test 0.1635
epoch 126/200 loss 0.0531 train 1.0000 test 0.1655
epoch 127/200 loss 0.0527 train 1.0000 test 0.1659
epoch 128/200 loss 0.0510 train 1.0000 test 0.1645
epoch 129/200 loss 0.0517 train 1.0000 test 0.1651
epoch 130/200 loss 0.0525 train 1.0000 test 0.1642
epoch 131/200 loss 0.0526 train 1.0000 test 0.1643
epoch 132/200 loss 0.0529 train 1.0000 test 0.1638
epoch 133/200 loss 0.0520 train 1.0000 test 0.1646
epoch 134/200 loss 0.0523 train 1.0000 test 0.1642
epoch 135/200 loss 0.0516 train 1.0000 test 0.1641
epoch 136/200 loss 0.0516 train 1.0000 test 0.1627
epoch 137/200 loss 0.0515 train 1.0000 test 0.1643
epoch 138/200 loss 0.0512 train 1.0000 test 0.1652
epoch 139/200 loss 0.0521 train 1.0000 test 0.1645
epoch 140/200 loss 0.0511 train 1.0000 test 0.1647
epoch 141/200 loss 0.0499 train 1.0000 test 0.1638
epoch 142/200 loss 0.0501 train 1.0000 test 0.1641
epoch 143/200 loss 0.0493 train 1.0000 test 0.1648
epoch 144/200 loss 0.0491 train 1.0000 test 0.1646
epoch 145/200 loss 0.0499 train 1.0000 test 0.1642
epoch 146/200 loss 0.0523 train 1.0000 test 0.1638
epoch 147/200 loss 0.0494 train 1.0000 test 0.1629
epoch 148/200 loss 0.0496 train 1.0000 test 0.1651
epoch 149/200 loss 0.0532 train 1.0000 test 0.1654
epoch 150/200 loss 0.0503 train 1.0000 test 0.1659
epoch 151/200 loss 0.0486 train 1.0000 test 0.1658
epoch 152/200 loss 0.0487 train 1.0000 test 0.1668
epoch 153/200 loss 0.0516 train 1.0000 test 0.1664
epoch 154/200 loss 0.0489 train 1.0000 test 0.1661
epoch 155/200 loss 0.0496 train 1.0000 test 0.1664
epoch 156/200 loss 0.0480 train 1.0000 test 0.1647
epoch 157/200 loss 0.0494 train 1.0000 test 0.1660
epoch 158/200 loss 0.0472 train 1.0000 test 0.1659
epoch 159/200 loss 0.0502 train 1.0000 test 0.1660
epoch 160/200 loss 0.0495 train 1.0000 test 0.1667
epoch 161/200 loss 0.0475 train 1.0000 test 0.1659
epoch 162/200 loss 0.0490 train 1.0000 test 0.1656
epoch 163/200 loss 0.0489 train 1.0000 test 0.1652
epoch 164/200 loss 0.0488 train 1.0000 test 0.1663
epoch 165/200 loss 0.0488 train 1.0000 test 0.1657
epoch 166/200 loss 0.0483 train 1.0000 test 0.1651
epoch 167/200 loss 0.0489 train 1.0000 test 0.1657
epoch 168/200 loss 0.0475 train 1.0000 test 0.1657
epoch 169/200 loss 0.0487 train 1.0000 test 0.1661
epoch 170/200 loss 0.0489 train 1.0000 test 0.1656
epoch 171/200 loss 0.0498 train 1.0000 test 0.1661
epoch 172/200 loss 0.0497 train 1.0000 test 0.1655
epoch 173/200 loss 0.0479 train 1.0000 test 0.1653
epoch 174/200 loss 0.0485 train 1.0000 test 0.1650
epoch 175/200 loss 0.0473 train 1.0000 test 0.1637
epoch 176/200 loss 0.0479 train 1.0000 test 0.1648
epoch 177/200 loss 0.0491 train 1.0000 test 0.1646
epoch 178/200 loss 0.0481 train 1.0000 test 0.1654
epoch 179/200 loss 0.0478 train 1.0000 test 0.1650
epoch 180/200 loss 0.0486 train 1.0000 test 0.1648
epoch 181/200 loss 0.0483 train 1.0000 test 0.1652
epoch 182/200 loss 0.0492 train 1.0000 test 0.1647
epoch 183/200 loss 0.0475 train 1.0000 test 0.1657
epoch 184/200 loss 0.0464 train 1.0000 test 0.1651
epoch 185/200 loss 0.0481 train 1.0000 test 0.1652
epoch 186/200 loss 0.0482 train 1.0000 test 0.1653
epoch 187/200 loss 0.0481 train 1.0000 test 0.1646
epoch 188/200 loss 0.0483 train 1.0000 test 0.1648
epoch 189/200 loss 0.0501 train 1.0000 test 0.1651
epoch 190/200 loss 0.0488 train 1.0000 test 0.1658
epoch 191/200 loss 0.0476 train 1.0000 test 0.1661
epoch 192/200 loss 0.0467 train 1.0000 test 0.1658
epoch 193/200 loss 0.0476 train 1.0000 test 0.1656
epoch 194/200 loss 0.0466 train 1.0000 test 0.1653
epoch 195/200 loss 0.0503 train 1.0000 test 0.1659
epoch 196/200 loss 0.0488 train 1.0000 test 0.1666
epoch 197/200 loss 0.0482 train 1.0000 test 0.1654
epoch 198/200 loss 0.0485 train 1.0000 test 0.1657
epoch 199/200 loss 0.0487 train 1.0000 test 0.1655
epoch 200/200 loss 0.0474 train 1.0000 test 0.1656
done: final 0.1656 best 0.1668 -> ./runs/auxmag_2pct_l50/seed0
moment-aux target calibrated on 1024 images
[auxmag_2pct_l50 seed1] {"params_trainable": 11222188, "params_stem_trainable": 0, "params_stem_fixed_filters": 0, "flops_total": 556705792, "flops_stem": 0, "flops_image_size": 32}
epoch 1/200 loss 5.7287 train 0.0089 test 0.0260
epoch 2/200 loss 5.1724 train 0.0402 test 0.0414
epoch 3/200 loss 4.8379 train 0.0357 test 0.0445
epoch 4/200 loss 4.5921 train 0.0536 test 0.0523
epoch 5/200 loss 4.3984 train 0.0714 test 0.0550
epoch 6/200 loss 4.1963 train 0.0859 test 0.0645
epoch 7/200 loss 4.0650 train 0.1083 test 0.0710
epoch 8/200 loss 3.9426 train 0.1239 test 0.0563
epoch 9/200 loss 3.8571 train 0.1161 test 0.0724
epoch 10/200 loss 3.7240 train 0.1585 test 0.0782
epoch 11/200 loss 3.7133 train 0.1574 test 0.0749
epoch 12/200 loss 3.6124 train 0.1562 test 0.0764
epoch 13/200 loss 3.5671 train 0.1708 test 0.0869
epoch 14/200 loss 3.5040 train 0.1685 test 0.0847
epoch 15/200 loss 3.4436 train 0.1808 test 0.0903
epoch 16/200 loss 3.3567 train 0.1975 test 0.0823
epoch 17/200 loss 3.3170 train 0.2087 test 0.0940
epoch 18/200 loss 3.1987 train 0.2377 test 0.1017
epoch 19/200 loss 3.1497 train 0.2712 test 0.0982
epoch 20/200 loss 3.1240 train 0.2333 test 0.0990
epoch 21/200 loss 3.0280 train 0.2824 test 0.1021
epoch 22/200 loss 2.9237 train 0.2768 test 0.0983
epoch 23/200 loss 2.8876 train 0.2790 test 0.0998
epoch 24/200 loss 2.8177 train 0.3092 test 0.1088
epoch 25/200 loss 2.8312 train 0.2812 test 0.1028
epoch 26/200 loss 2.6700 train 0.3237 test 0.1073
epoch 27/200 loss 2.6561 train 0.3426 test 0.1116
epoch 28/200 loss 2.5575 train 0.3493 test 0.1072
epoch 29/200 loss 2.4362 train 0.3549 test 0.1030
epoch 30/200 loss 2.4223 train 0.3873 test 0.1084
epoch 31/200 loss 2.3692 train 0.3996 test 0.1186
epoch 32/200 loss 2.2501 train 0.4096 test 0.1050
epoch 33/200 loss 2.1904 train 0.4408 test 0.1132
epoch 34/200 loss 2.1426 train 0.4576 test 0.1090
epoch 35/200 loss 2.1653 train 0.4308 test 0.1101
epoch 36/200 loss 2.0765 train 0.4576 test 0.1095
epoch 37/200 loss 2.0075 train 0.4777 test 0.1114
epoch 38/200 loss 1.8985 train 0.4978 test 0.1157
epoch 39/200 loss 1.8270 train 0.5379 test 0.1150
epoch 40/200 loss 1.7574 train 0.5446 test 0.1162
epoch 41/200 loss 1.6661 train 0.5513 test 0.1112
epoch 42/200 loss 1.5852 train 0.5938 test 0.1173
epoch 43/200 loss 1.5354 train 0.6049 test 0.1174
epoch 44/200 loss 1.4987 train 0.6049 test 0.1247
epoch 45/200 loss 1.3968 train 0.6172 test 0.1206
epoch 46/200 loss 1.3006 train 0.6652 test 0.1255
epoch 47/200 loss 1.2825 train 0.6685 test 0.1155
epoch 48/200 loss 1.1214 train 0.7176 test 0.1153
epoch 49/200 loss 1.0991 train 0.7433 test 0.1233
epoch 50/200 loss 1.1454 train 0.6964 test 0.1249
epoch 51/200 loss 1.0265 train 0.7444 test 0.1321
epoch 52/200 loss 0.9161 train 0.7857 test 0.1086
epoch 53/200 loss 0.8285 train 0.8125 test 0.1200
epoch 54/200 loss 0.7652 train 0.8326 test 0.1247
epoch 55/200 loss 0.8147 train 0.7991 test 0.1183
epoch 56/200 loss 0.7005 train 0.8382 test 0.1273
epoch 57/200 loss 0.6750 train 0.8504 test 0.1323
epoch 58/200 loss 0.6473 train 0.8516 test 0.1358
epoch 59/200 loss 0.5351 train 0.8862 test 0.1367
epoch 60/200 loss 0.4420 train 0.9286 test 0.1370
epoch 61/200 loss 0.4064 train 0.9330 test 0.1316
epoch 62/200 loss 0.3529 train 0.9554 test 0.1331
epoch 63/200 loss 0.3329 train 0.9509 test 0.1406
epoch 64/200 loss 0.3043 train 0.9565 test 0.1384
epoch 65/200 loss 0.2894 train 0.9654 test 0.1398
epoch 66/200 loss 0.2623 train 0.9721 test 0.1431
epoch 67/200 loss 0.2417 train 0.9754 test 0.1409
epoch 68/200 loss 0.2455 train 0.9732 test 0.1406
epoch 69/200 loss 0.2570 train 0.9654 test 0.1396
epoch 70/200 loss 0.2262 train 0.9743 test 0.1361
epoch 71/200 loss 0.2144 train 0.9799 test 0.1406
epoch 72/200 loss 0.2172 train 0.9788 test 0.1351
epoch 73/200 loss 0.1934 train 0.9833 test 0.1317
epoch 74/200 loss 0.1965 train 0.9855 test 0.1410
epoch 75/200 loss 0.1687 train 0.9866 test 0.1403
epoch 76/200 loss 0.1425 train 0.9944 test 0.1499
epoch 77/200 loss 0.1267 train 0.9978 test 0.1468
epoch 78/200 loss 0.1054 train 0.9978 test 0.1475
epoch 79/200 loss 0.1064 train 1.0000 test 0.1512
epoch 80/200 loss 0.0989 train 1.0000 test 0.1511
epoch 81/200 loss 0.0918 train 0.9978 test 0.1493
epoch 82/200 loss 0.0847 train 1.0000 test 0.1505
epoch 83/200 loss 0.0825 train 1.0000 test 0.1475
epoch 84/200 loss 0.0808 train 1.0000 test 0.1510
epoch 85/200 loss 0.0794 train 0.9989 test 0.1518
epoch 86/200 loss 0.0749 train 1.0000 test 0.1553
epoch 87/200 loss 0.0775 train 0.9989 test 0.1567
epoch 88/200 loss 0.0756 train 1.0000 test 0.1571
epoch 89/200 loss 0.0704 train 1.0000 test 0.1563
epoch 90/200 loss 0.0700 train 1.0000 test 0.1545
epoch 91/200 loss 0.0709 train 1.0000 test 0.1562
epoch 92/200 loss 0.0683 train 1.0000 test 0.1586
epoch 93/200 loss 0.0687 train 1.0000 test 0.1577
epoch 94/200 loss 0.0691 train 1.0000 test 0.1570
epoch 95/200 loss 0.0668 train 1.0000 test 0.1576
epoch 96/200 loss 0.0645 train 1.0000 test 0.1572
epoch 97/200 loss 0.0605 train 1.0000 test 0.1583
epoch 98/200 loss 0.0643 train 1.0000 test 0.1581
epoch 99/200 loss 0.0603 train 1.0000 test 0.1579
epoch 100/200 loss 0.0614 train 1.0000 test 0.1576
epoch 101/200 loss 0.0624 train 1.0000 test 0.1602
epoch 102/200 loss 0.0618 train 1.0000 test 0.1594
epoch 103/200 loss 0.0617 train 1.0000 test 0.1594
epoch 104/200 loss 0.0596 train 1.0000 test 0.1598
epoch 105/200 loss 0.0597 train 1.0000 test 0.1591
epoch 106/200 loss 0.0579 train 1.0000 test 0.1589
epoch 107/200 loss 0.0591 train 1.0000 test 0.1585
epoch 108/200 loss 0.0600 train 1.0000 test 0.1593
epoch 109/200 loss 0.0609 train 1.0000 test 0.1593
epoch 110/200 loss 0.0617 train 1.0000 test 0.1581
epoch 111/200 loss 0.0579 train 1.0000 test 0.1576
epoch 112/200 loss 0.0578 train 1.0000 test 0.1574
epoch 113/200 loss 0.0581 train 1.0000 test 0.1571
epoch 114/200 loss 0.0556 train 1.0000 test 0.1579
epoch 115/200 loss 0.0561 train 1.0000 test 0.1594
epoch 116/200 loss 0.0546 train 1.0000 test 0.1596
epoch 117/200 loss 0.0544 train 1.0000 test 0.1613
epoch 118/200 loss 0.0567 train 1.0000 test 0.1615
epoch 119/200 loss 0.0548 train 1.0000 test 0.1609
epoch 120/200 loss 0.0534 train 1.0000 test 0.1613
epoch 121/200 loss 0.0531 train 1.0000 test 0.1622
epoch 122/200 loss 0.0546 train 1.0000 test 0.1616
epoch 123/200 loss 0.0537 train 1.0000 test 0.1606
epoch 124/200 loss 0.0539 train 1.0000 test 0.1625
epoch 125/200 loss 0.0539 train 1.0000 test 0.1627
epoch 126/200 loss 0.0529 train 1.0000 test 0.1617
epoch 127/200 loss 0.0562 train 1.0000 test 0.1621
epoch 128/200 loss 0.0511 train 1.0000 test 0.1624
epoch 129/200 loss 0.0535 train 1.0000 test 0.1620
epoch 130/200 loss 0.0553 train 1.0000 test 0.1600
epoch 131/200 loss 0.0542 train 1.0000 test 0.1617
epoch 132/200 loss 0.0539 train 1.0000 test 0.1616
epoch 133/200 loss 0.0536 train 1.0000 test 0.1622
epoch 134/200 loss 0.0534 train 1.0000 test 0.1626
epoch 135/200 loss 0.0520 train 1.0000 test 0.1619
epoch 136/200 loss 0.0526 train 1.0000 test 0.1610
epoch 137/200 loss 0.0501 train 1.0000 test 0.1619
epoch 138/200 loss 0.0508 train 1.0000 test 0.1623
epoch 139/200 loss 0.0522 train 1.0000 test 0.1626
epoch 140/200 loss 0.0515 train 1.0000 test 0.1617
epoch 141/200 loss 0.0500 train 1.0000 test 0.1625
epoch 142/200 loss 0.0519 train 1.0000 test 0.1626
epoch 143/200 loss 0.0499 train 1.0000 test 0.1621
epoch 144/200 loss 0.0510 train 1.0000 test 0.1629
epoch 145/200 loss 0.0521 train 1.0000 test 0.1614
epoch 146/200 loss 0.0502 train 1.0000 test 0.1610
epoch 147/200 loss 0.0518 train 1.0000 test 0.1605
epoch 148/200 loss 0.0503 train 1.0000 test 0.1621
epoch 149/200 loss 0.0498 train 1.0000 test 0.1619
epoch 150/200 loss 0.0500 train 1.0000 test 0.1622
epoch 151/200 loss 0.0487 train 1.0000 test 0.1624
epoch 152/200 loss 0.0510 train 1.0000 test 0.1614
epoch 153/200 loss 0.0508 train 1.0000 test 0.1625
epoch 154/200 loss 0.0523 train 1.0000 test 0.1620
epoch 155/200 loss 0.0505 train 1.0000 test 0.1611
epoch 156/200 loss 0.0521 train 1.0000 test 0.1614
epoch 157/200 loss 0.0505 train 1.0000 test 0.1617
epoch 158/200 loss 0.0492 train 1.0000 test 0.1630
epoch 159/200 loss 0.0488 train 1.0000 test 0.1639
epoch 160/200 loss 0.0488 train 1.0000 test 0.1628
epoch 161/200 loss 0.0496 train 1.0000 test 0.1635
epoch 162/200 loss 0.0484 train 1.0000 test 0.1635
epoch 163/200 loss 0.0492 train 1.0000 test 0.1641
epoch 164/200 loss 0.0503 train 1.0000 test 0.1632
epoch 165/200 loss 0.0494 train 1.0000 test 0.1633
epoch 166/200 loss 0.0488 train 1.0000 test 0.1638
epoch 167/200 loss 0.0496 train 1.0000 test 0.1641
epoch 168/200 loss 0.0494 train 1.0000 test 0.1639
epoch 169/200 loss 0.0500 train 1.0000 test 0.1635
epoch 170/200 loss 0.0495 train 1.0000 test 0.1623
epoch 171/200 loss 0.0491 train 1.0000 test 0.1625
epoch 172/200 loss 0.0490 train 1.0000 test 0.1645
epoch 173/200 loss 0.0509 train 1.0000 test 0.1631
epoch 174/200 loss 0.0484 train 1.0000 test 0.1635
epoch 175/200 loss 0.0477 train 1.0000 test 0.1640
epoch 176/200 loss 0.0495 train 1.0000 test 0.1634
epoch 177/200 loss 0.0506 train 1.0000 test 0.1635
epoch 178/200 loss 0.0486 train 1.0000 test 0.1638
epoch 179/200 loss 0.0489 train 1.0000 test 0.1640
epoch 180/200 loss 0.0485 train 1.0000 test 0.1637
epoch 181/200 loss 0.0493 train 1.0000 test 0.1638
epoch 182/200 loss 0.0484 train 1.0000 test 0.1633
epoch 183/200 loss 0.0500 train 1.0000 test 0.1627
epoch 184/200 loss 0.0491 train 1.0000 test 0.1633
epoch 185/200 loss 0.0491 train 1.0000 test 0.1638
epoch 186/200 loss 0.0487 train 1.0000 test 0.1629
epoch 187/200 loss 0.0488 train 1.0000 test 0.1642
epoch 188/200 loss 0.0491 train 1.0000 test 0.1648
epoch 189/200 loss 0.0485 train 1.0000 test 0.1645
epoch 190/200 loss 0.0487 train 1.0000 test 0.1647
epoch 191/200 loss 0.0503 train 1.0000 test 0.1647
epoch 192/200 loss 0.0484 train 1.0000 test 0.1648
epoch 193/200 loss 0.0484 train 1.0000 test 0.1642
epoch 194/200 loss 0.0483 train 1.0000 test 0.1638
epoch 195/200 loss 0.0513 train 1.0000 test 0.1640
epoch 196/200 loss 0.0473 train 1.0000 test 0.1639
epoch 197/200 loss 0.0497 train 1.0000 test 0.1638
epoch 198/200 loss 0.0486 train 1.0000 test 0.1631
epoch 199/200 loss 0.0473 train 1.0000 test 0.1637
epoch 200/200 loss 0.0476 train 1.0000 test 0.1653
done: final 0.1653 best 0.1653 -> ./runs/auxmag_2pct_l50/seed1
moment-aux target calibrated on 1024 images
[auxmag_2pct_l50 seed2] {"params_trainable": 11222959, "params_stem_trainable": 0, "params_stem_fixed_filters": 0, "flops_total": 556705792, "flops_stem": 0, "flops_image_size": 32}
epoch 1/200 loss 5.4431 train 0.0056 test 0.0239
epoch 2/200 loss 4.9890 train 0.0257 test 0.0299
epoch 3/200 loss 4.6978 train 0.0580 test 0.0468
epoch 4/200 loss 4.4906 train 0.0647 test 0.0593
epoch 5/200 loss 4.3301 train 0.0804 test 0.0616
epoch 6/200 loss 4.2032 train 0.0971 test 0.0656
epoch 7/200 loss 4.0308 train 0.1127 test 0.0681
epoch 8/200 loss 3.9303 train 0.1350 test 0.0672
epoch 9/200 loss 3.8228 train 0.1429 test 0.0778
epoch 10/200 loss 3.7649 train 0.1451 test 0.0787
epoch 11/200 loss 3.6734 train 0.1540 test 0.0746
epoch 12/200 loss 3.5687 train 0.1473 test 0.0803
epoch 13/200 loss 3.5191 train 0.1719 test 0.0794
epoch 14/200 loss 3.4530 train 0.1775 test 0.0878
epoch 15/200 loss 3.3642 train 0.1931 test 0.0899
epoch 16/200 loss 3.2947 train 0.2143 test 0.0909
epoch 17/200 loss 3.2792 train 0.2154 test 0.0890
epoch 18/200 loss 3.1707 train 0.2277 test 0.0977
epoch 19/200 loss 3.2035 train 0.2478 test 0.0955
epoch 20/200 loss 3.1272 train 0.2310 test 0.0959
epoch 21/200 loss 3.0024 train 0.2533 test 0.1009
epoch 22/200 loss 2.9406 train 0.2556 test 0.0963
epoch 23/200 loss 2.8331 train 0.2790 test 0.1001
epoch 24/200 loss 2.8097 train 0.3013 test 0.0916
epoch 25/200 loss 2.7878 train 0.2879 test 0.1037
epoch 26/200 loss 2.7387 train 0.3013 test 0.0905
epoch 27/200 loss 2.6652 train 0.3237 test 0.0974
epoch 28/200 loss 2.5647 train 0.3382 test 0.0966
epoch 29/200 loss 2.5085 train 0.3594 test 0.0963
epoch 30/200 loss 2.4896 train 0.3683 test 0.1053
epoch 31/200 loss 2.4422 train 0.3449 test 0.0993
epoch 32/200 loss 2.4030 train 0.3906 test 0.1052
epoch 33/200 loss 2.2982 train 0.3873 test 0.1090
epoch 34/200 loss 2.1325 train 0.4353 test 0.0985
epoch 35/200 loss 2.0643 train 0.4632 test 0.1130
epoch 36/200 loss 2.0153 train 0.4754 test 0.0954
epoch 37/200 loss 2.0032 train 0.4911 test 0.1098
epoch 38/200 loss 1.8300 train 0.5156 test 0.1272
epoch 39/200 loss 1.7626 train 0.5324 test 0.1181
epoch 40/200 loss 1.6758 train 0.5603 test 0.1165
epoch 41/200 loss 1.7445 train 0.5424 test 0.1185
epoch 42/200 loss 1.6974 train 0.5391 test 0.1122
epoch 43/200 loss 1.5915 train 0.5815 test 0.1067
epoch 44/200 loss 1.4858 train 0.6038 test 0.1116
epoch 45/200 loss 1.4138 train 0.6373 test 0.1172
epoch 46/200 loss 1.2886 train 0.6830 test 0.1060
epoch 47/200 loss 1.2329 train 0.6908 test 0.1130
epoch 48/200 loss 1.1174 train 0.7065 test 0.1189
epoch 49/200 loss 1.0831 train 0.7411 test 0.1131
epoch 50/200 loss 0.9875 train 0.7790 test 0.1138
epoch 51/200 loss 0.9599 train 0.7679 test 0.1191
epoch 52/200 loss 0.8513 train 0.8125 test 0.1179
epoch 53/200 loss 0.7732 train 0.8114 test 0.1243
epoch 54/200 loss 0.7041 train 0.8538 test 0.1330
epoch 55/200 loss 0.6599 train 0.8583 test 0.1296
epoch 56/200 loss 0.5763 train 0.8850 test 0.1259
epoch 57/200 loss 0.5901 train 0.8806 test 0.1329
epoch 58/200 loss 0.5458 train 0.8795 test 0.1313
epoch 59/200 loss 0.4745 train 0.9129 test 0.1321
epoch 60/200 loss 0.4660 train 0.9062 test 0.1373
epoch 61/200 loss 0.4238 train 0.9219 test 0.1364
epoch 62/200 loss 0.4153 train 0.9208 test 0.1367
epoch 63/200 loss 0.3498 train 0.9475 test 0.1284
epoch 64/200 loss 0.2585 train 0.9754 test 0.1262
epoch 65/200 loss 0.2496 train 0.9699 test 0.1400
epoch 66/200 loss 0.2328 train 0.9721 test 0.1400
epoch 67/200 loss 0.2032 train 0.9810 test 0.1411
epoch 68/200 loss 0.1857 train 0.9844 test 0.1379
epoch 69/200 loss 0.1788 train 0.9888 test 0.1420
epoch 70/200 loss 0.1604 train 0.9821 test 0.1449
epoch 71/200 loss 0.1701 train 0.9855 test 0.1377
epoch 72/200 loss 0.1899 train 0.9788 test 0.1357
epoch 73/200 loss 0.1783 train 0.9777 test 0.1415
epoch 74/200 loss 0.1764 train 0.9855 test 0.1471
epoch 75/200 loss 0.1463 train 0.9911 test 0.1374
epoch 76/200 loss 0.1305 train 0.9955 test 0.1488
epoch 77/200 loss 0.1196 train 0.9933 test 0.1468
epoch 78/200 loss 0.1107 train 0.9955 test 0.1507
epoch 79/200 loss 0.1060 train 0.9955 test 0.1502
epoch 80/200 loss 0.1019 train 0.9978 test 0.1463
epoch 81/200 loss 0.1004 train 0.9955 test 0.1457
epoch 82/200 loss 0.0936 train 0.9967 test 0.1485
epoch 83/200 loss 0.0945 train 0.9955 test 0.1487
epoch 84/200 loss 0.0904 train 0.9967 test 0.1479
epoch 85/200 loss 0.0877 train 0.9989 test 0.1465
epoch 86/200 loss 0.0801 train 0.9978 test 0.1491
epoch 87/200 loss 0.0743 train 0.9989 test 0.1527
epoch 88/200 loss 0.0676 train 1.0000 test 0.1541
epoch 89/200 loss 0.0683 train 0.9989 test 0.1527
epoch 90/200 loss 0.0659 train 1.0000 test 0.1522
epoch 91/200 loss 0.0643 train 1.0000 test 0.1525
epoch 92/200 loss 0.0664 train 1.0000 test 0.1550
epoch 93/200 loss 0.0635 train 1.0000 test 0.1517
epoch 94/200 loss 0.0606 train 1.0000 test 0.1546
epoch 95/200 loss 0.0597 train 1.0000 test 0.1573
epoch 96/200 loss 0.0610 train 1.0000 test 0.1553
epoch 97/200 loss 0.0608 train 1.0000 test 0.1561
epoch 98/200 loss 0.0616 train 1.0000 test 0.1536
epoch 99/200 loss 0.0599 train 0.9989 test 0.1526
epoch 100/200 loss 0.0575 train 1.0000 test 0.1535
epoch 101/200 loss 0.0602 train 1.0000 test 0.1562
epoch 102/200 loss 0.0565 train 1.0000 test 0.1554
epoch 103/200 loss 0.0560 train 1.0000 test 0.1557
epoch 104/200 loss 0.0564 train 1.0000 test 0.1554
epoch 105/200 loss 0.0607 train 1.0000 test 0.1536
epoch 106/200 loss 0.0571 train 1.0000 test 0.1541
epoch 107/200 loss 0.0578 train 1.0000 test 0.1564
epoch 108/200 loss 0.0550 train 1.0000 test 0.1566
epoch 109/200 loss 0.0563 train 1.0000 test 0.1558
epoch 110/200 loss 0.0544 train 1.0000 test 0.1554
epoch 111/200 loss 0.0553 train 1.0000 test 0.1535
epoch 112/200 loss 0.0526 train 1.0000 test 0.1529
epoch 113/200 loss 0.0542 train 1.0000 test 0.1543
epoch 114/200 loss 0.0531 train 1.0000 test 0.1545
epoch 115/200 loss 0.0514 train 1.0000 test 0.1569
epoch 116/200 loss 0.0502 train 1.0000 test 0.1572
epoch 117/200 loss 0.0513 train 1.0000 test 0.1568
epoch 118/200 loss 0.0520 train 1.0000 test 0.1553
epoch 119/200 loss 0.0520 train 1.0000 test 0.1546
epoch 120/200 loss 0.0510 train 1.0000 test 0.1564
epoch 121/200 loss 0.0514 train 1.0000 test 0.1549
epoch 122/200 loss 0.0512 train 1.0000 test 0.1537
epoch 123/200 loss 0.0501 train 1.0000 test 0.1530
epoch 124/200 loss 0.0503 train 1.0000 test 0.1549
epoch 125/200 loss 0.0494 train 1.0000 test 0.1562
epoch 126/200 loss 0.0510 train 1.0000 test 0.1554
epoch 127/200 loss 0.0489 train 1.0000 test 0.1561
epoch 128/200 loss 0.0506 train 1.0000 test 0.1569
epoch 129/200 loss 0.0505 train 1.0000 test 0.1558
epoch 130/200 loss 0.0486 train 1.0000 test 0.1568
epoch 131/200 loss 0.0487 train 1.0000 test 0.1562
epoch 132/200 loss 0.0498 train 1.0000 test 0.1562
epoch 133/200 loss 0.0488 train 1.0000 test 0.1545
epoch 134/200 loss 0.0480 train 1.0000 test 0.1560
epoch 135/200 loss 0.0483 train 1.0000 test 0.1567
epoch 136/200 loss 0.0482 train 1.0000 test 0.1560
epoch 137/200 loss 0.0471 train 1.0000 test 0.1566
epoch 138/200 loss 0.0539 train 1.0000 test 0.1563
epoch 139/200 loss 0.0486 train 1.0000 test 0.1588
epoch 140/200 loss 0.0535 train 1.0000 test 0.1581
epoch 141/200 loss 0.0468 train 1.0000 test 0.1564
epoch 142/200 loss 0.0487 train 1.0000 test 0.1564
epoch 143/200 loss 0.0465 train 1.0000 test 0.1566
epoch 144/200 loss 0.0469 train 1.0000 test 0.1564
epoch 145/200 loss 0.0463 train 1.0000 test 0.1561
epoch 146/200 loss 0.0475 train 1.0000 test 0.1567
epoch 147/200 loss 0.0494 train 1.0000 test 0.1590
epoch 148/200 loss 0.0457 train 1.0000 test 0.1594
epoch 149/200 loss 0.0451 train 1.0000 test 0.1572
epoch 150/200 loss 0.0466 train 1.0000 test 0.1575
epoch 151/200 loss 0.0456 train 1.0000 test 0.1582
epoch 152/200 loss 0.0487 train 1.0000 test 0.1581
epoch 153/200 loss 0.0451 train 1.0000 test 0.1585
epoch 154/200 loss 0.0458 train 1.0000 test 0.1581
epoch 155/200 loss 0.0473 train 1.0000 test 0.1581
epoch 156/200 loss 0.0450 train 1.0000 test 0.1581
epoch 157/200 loss 0.0475 train 1.0000 test 0.1568
epoch 158/200 loss 0.0454 train 1.0000 test 0.1566
epoch 159/200 loss 0.0451 train 1.0000 test 0.1577
epoch 160/200 loss 0.0447 train 1.0000 test 0.1561
epoch 161/200 loss 0.0464 train 1.0000 test 0.1565
epoch 162/200 loss 0.0448 train 1.0000 test 0.1568
epoch 163/200 loss 0.0465 train 1.0000 test 0.1566
epoch 164/200 loss 0.0466 train 1.0000 test 0.1573
epoch 165/200 loss 0.0464 train 1.0000 test 0.1580
epoch 166/200 loss 0.0450 train 1.0000 test 0.1586
epoch 167/200 loss 0.0470 train 1.0000 test 0.1578
epoch 168/200 loss 0.0436 train 1.0000 test 0.1576
epoch 169/200 loss 0.0456 train 1.0000 test 0.1581
epoch 170/200 loss 0.0456 train 1.0000 test 0.1584
epoch 171/200 loss 0.0453 train 1.0000 test 0.1590
epoch 172/200 loss 0.0452 train 1.0000 test 0.1579
epoch 173/200 loss 0.0459 train 1.0000 test 0.1583
epoch 174/200 loss 0.0452 train 1.0000 test 0.1577
epoch 175/200 loss 0.0451 train 1.0000 test 0.1586
epoch 176/200 loss 0.0454 train 1.0000 test 0.1581
epoch 177/200 loss 0.0457 train 1.0000 test 0.1586
epoch 178/200 loss 0.0449 train 1.0000 test 0.1579
epoch 179/200 loss 0.0439 train 1.0000 test 0.1583
epoch 180/200 loss 0.0455 train 1.0000 test 0.1582
epoch 181/200 loss 0.0475 train 1.0000 test 0.1569
epoch 182/200 loss 0.0451 train 1.0000 test 0.1579
epoch 183/200 loss 0.0452 train 1.0000 test 0.1573
epoch 184/200 loss 0.0447 train 1.0000 test 0.1579
epoch 185/200 loss 0.0481 train 1.0000 test 0.1588
epoch 186/200 loss 0.0460 train 1.0000 test 0.1586
epoch 187/200 loss 0.0454 train 1.0000 test 0.1582
epoch 188/200 loss 0.0450 train 1.0000 test 0.1580
epoch 189/200 loss 0.0451 train 1.0000 test 0.1592
epoch 190/200 loss 0.0464 train 1.0000 test 0.1580
epoch 191/200 loss 0.0466 train 1.0000 test 0.1576
epoch 192/200 loss 0.0448 train 1.0000 test 0.1574
epoch 193/200 loss 0.0451 train 1.0000 test 0.1574
epoch 194/200 loss 0.0446 train 1.0000 test 0.1579
epoch 195/200 loss 0.0462 train 1.0000 test 0.1581
epoch 196/200 loss 0.0454 train 1.0000 test 0.1579
epoch 197/200 loss 0.0456 train 1.0000 test 0.1582
epoch 198/200 loss 0.0447 train 1.0000 test 0.1570
epoch 199/200 loss 0.0457 train 1.0000 test 0.1568
epoch 200/200 loss 0.0458 train 1.0000 test 0.1582
done: final 0.1582 best 0.1594 -> ./runs/auxmag_2pct_l50/seed2
AUXLOWLAM_auxmag_2pct_l50_DONE
moment-aux target calibrated on 1024 images
[auxmag_2pct_l100 seed0] {"params_trainable": 11222188, "params_stem_trainable": 0, "params_stem_fixed_filters": 0, "flops_total": 556705792, "flops_stem": 0, "flops_image_size": 32}
epoch 1/200 loss 6.7491 train 0.0067 test 0.0194
epoch 2/200 loss 5.6792 train 0.0279 test 0.0335
epoch 3/200 loss 5.1996 train 0.0379 test 0.0494
epoch 4/200 loss 4.7841 train 0.0614 test 0.0559
epoch 5/200 loss 4.5026 train 0.0792 test 0.0575
epoch 6/200 loss 4.3239 train 0.0714 test 0.0708
epoch 7/200 loss 4.1919 train 0.1071 test 0.0684
epoch 8/200 loss 4.0384 train 0.1083 test 0.0735
epoch 9/200 loss 3.9692 train 0.1150 test 0.0731
epoch 10/200 loss 3.8240 train 0.1429 test 0.0779
epoch 11/200 loss 3.7549 train 0.1451 test 0.0807
epoch 12/200 loss 3.7046 train 0.1607 test 0.0780
epoch 13/200 loss 3.6356 train 0.1641 test 0.0863
epoch 14/200 loss 3.5593 train 0.1830 test 0.0891
epoch 15/200 loss 3.4714 train 0.1942 test 0.0953
epoch 16/200 loss 3.3879 train 0.2254 test 0.0965
epoch 17/200 loss 3.3086 train 0.2009 test 0.0953
epoch 18/200 loss 3.2548 train 0.2221 test 0.1011
epoch 19/200 loss 3.2074 train 0.2400 test 0.1006
epoch 20/200 loss 3.1173 train 0.2556 test 0.0951
epoch 21/200 loss 3.0180 train 0.2723 test 0.1061
epoch 22/200 loss 3.0441 train 0.2556 test 0.0986
epoch 23/200 loss 2.9829 train 0.2768 test 0.1021
epoch 24/200 loss 2.9376 train 0.2757 test 0.1084
epoch 25/200 loss 2.8443 train 0.2946 test 0.0960
epoch 26/200 loss 2.7533 train 0.3237 test 0.1145
epoch 27/200 loss 2.7024 train 0.3348 test 0.1064
epoch 28/200 loss 2.6292 train 0.3471 test 0.1124
epoch 29/200 loss 2.5069 train 0.3806 test 0.1101
epoch 30/200 loss 2.4108 train 0.3839 test 0.1195
epoch 31/200 loss 2.3574 train 0.4107 test 0.1144
epoch 32/200 loss 2.2763 train 0.4174 test 0.1249
epoch 33/200 loss 2.2304 train 0.4386 test 0.1238
epoch 34/200 loss 2.0994 train 0.4576 test 0.1156
epoch 35/200 loss 2.0617 train 0.4688 test 0.1260
epoch 36/200 loss 1.9250 train 0.5056 test 0.1192
epoch 37/200 loss 1.8819 train 0.5123 test 0.1201
epoch 38/200 loss 1.7587 train 0.5658 test 0.1228
epoch 39/200 loss 1.7427 train 0.5536 test 0.1214
epoch 40/200 loss 1.6707 train 0.5781 test 0.1126
epoch 41/200 loss 1.6185 train 0.5804 test 0.1315
epoch 42/200 loss 1.5828 train 0.6194 test 0.1269
epoch 43/200 loss 1.4507 train 0.6217 test 0.1366
epoch 44/200 loss 1.3271 train 0.6741 test 0.1238
epoch 45/200 loss 1.2776 train 0.6853 test 0.1269
epoch 46/200 loss 1.2259 train 0.6752 test 0.1290
epoch 47/200 loss 1.1530 train 0.7188 test 0.1341
epoch 48/200 loss 1.0672 train 0.7600 test 0.1261
epoch 49/200 loss 1.0026 train 0.7623 test 0.1313
epoch 50/200 loss 0.9026 train 0.8069 test 0.1298
epoch 51/200 loss 0.8513 train 0.8025 test 0.1394
epoch 52/200 loss 0.7991 train 0.8292 test 0.1304
epoch 53/200 loss 0.7903 train 0.8326 test 0.1312
epoch 54/200 loss 0.7381 train 0.8449 test 0.1375
epoch 55/200 loss 0.6776 train 0.8583 test 0.1327
epoch 56/200 loss 0.6302 train 0.8583 test 0.1335
epoch 57/200 loss 0.6154 train 0.8694 test 0.1391
epoch 58/200 loss 0.5622 train 0.8895 test 0.1293
epoch 59/200 loss 0.4961 train 0.9241 test 0.1384
epoch 60/200 loss 0.4690 train 0.9230 test 0.1380
epoch 61/200 loss 0.4165 train 0.9408 test 0.1409
epoch 62/200 loss 0.3757 train 0.9464 test 0.1466
epoch 63/200 loss 0.2956 train 0.9743 test 0.1508
epoch 64/200 loss 0.3032 train 0.9665 test 0.1450
epoch 65/200 loss 0.2667 train 0.9688 test 0.1419
epoch 66/200 loss 0.2196 train 0.9888 test 0.1440
epoch 67/200 loss 0.2073 train 0.9877 test 0.1560
epoch 68/200 loss 0.1930 train 0.9877 test 0.1516
epoch 69/200 loss 0.1719 train 0.9888 test 0.1596
epoch 70/200 loss 0.1645 train 0.9967 test 0.1532
epoch 71/200 loss 0.1471 train 0.9967 test 0.1535
epoch 72/200 loss 0.1365 train 0.9978 test 0.1589
epoch 73/200 loss 0.1322 train 0.9933 test 0.1529
epoch 74/200 loss 0.1233 train 0.9989 test 0.1537
epoch 75/200 loss 0.1162 train 0.9978 test 0.1582
epoch 76/200 loss 0.1107 train 1.0000 test 0.1602
epoch 77/200 loss 0.1104 train 1.0000 test 0.1617
epoch 78/200 loss 0.1021 train 1.0000 test 0.1633
epoch 79/200 loss 0.1028 train 1.0000 test 0.1644
epoch 80/200 loss 0.0978 train 1.0000 test 0.1611
epoch 81/200 loss 0.0902 train 1.0000 test 0.1633
epoch 82/200 loss 0.0926 train 1.0000 test 0.1635
epoch 83/200 loss 0.0906 train 1.0000 test 0.1648
epoch 84/200 loss 0.0893 train 1.0000 test 0.1645
epoch 85/200 loss 0.0903 train 1.0000 test 0.1625
epoch 86/200 loss 0.0842 train 1.0000 test 0.1633
epoch 87/200 loss 0.0864 train 1.0000 test 0.1649
epoch 88/200 loss 0.0823 train 1.0000 test 0.1651
epoch 89/200 loss 0.0821 train 1.0000 test 0.1655
epoch 90/200 loss 0.0828 train 1.0000 test 0.1650
epoch 91/200 loss 0.0802 train 1.0000 test 0.1657
epoch 92/200 loss 0.0816 train 1.0000 test 0.1647
epoch 93/200 loss 0.0793 train 1.0000 test 0.1645
epoch 94/200 loss 0.0791 train 1.0000 test 0.1656
epoch 95/200 loss 0.0798 train 0.9989 test 0.1623
epoch 96/200 loss 0.0853 train 0.9989 test 0.1637
epoch 97/200 loss 0.0837 train 1.0000 test 0.1656
epoch 98/200 loss 0.0758 train 1.0000 test 0.1660
epoch 99/200 loss 0.0737 train 1.0000 test 0.1644
epoch 100/200 loss 0.0794 train 1.0000 test 0.1659
epoch 101/200 loss 0.0761 train 1.0000 test 0.1662
epoch 102/200 loss 0.0771 train 1.0000 test 0.1671
epoch 103/200 loss 0.0724 train 1.0000 test 0.1642
epoch 104/200 loss 0.0737 train 1.0000 test 0.1640
epoch 105/200 loss 0.0740 train 1.0000 test 0.1664
epoch 106/200 loss 0.0730 train 1.0000 test 0.1687
epoch 107/200 loss 0.0704 train 1.0000 test 0.1688
epoch 108/200 loss 0.0701 train 1.0000 test 0.1666
epoch 109/200 loss 0.0694 train 1.0000 test 0.1661
epoch 110/200 loss 0.0688 train 1.0000 test 0.1672
epoch 111/200 loss 0.0684 train 1.0000 test 0.1684
epoch 112/200 loss 0.0694 train 1.0000 test 0.1682
epoch 113/200 loss 0.0668 train 1.0000 test 0.1673
epoch 114/200 loss 0.0694 train 1.0000 test 0.1663
epoch 115/200 loss 0.0686 train 1.0000 test 0.1672
epoch 116/200 loss 0.0674 train 1.0000 test 0.1678
epoch 117/200 loss 0.0688 train 1.0000 test 0.1684
epoch 118/200 loss 0.0670 train 1.0000 test 0.1681
epoch 119/200 loss 0.0657 train 1.0000 test 0.1695
epoch 120/200 loss 0.0657 train 1.0000 test 0.1693
epoch 121/200 loss 0.0669 train 1.0000 test 0.1701
epoch 122/200 loss 0.0664 train 1.0000 test 0.1704
epoch 123/200 loss 0.0654 train 1.0000 test 0.1695
epoch 124/200 loss 0.0678 train 1.0000 test 0.1684
epoch 125/200 loss 0.0698 train 1.0000 test 0.1684
epoch 126/200 loss 0.0659 train 1.0000 test 0.1683
epoch 127/200 loss 0.0654 train 1.0000 test 0.1691
epoch 128/200 loss 0.0631 train 1.0000 test 0.1684
epoch 129/200 loss 0.0642 train 1.0000 test 0.1685
epoch 130/200 loss 0.0655 train 1.0000 test 0.1699
epoch 131/200 loss 0.0649 train 1.0000 test 0.1696
epoch 132/200 loss 0.0640 train 1.0000 test 0.1690
epoch 133/200 loss 0.0642 train 1.0000 test 0.1703
epoch 134/200 loss 0.0658 train 1.0000 test 0.1710
epoch 135/200 loss 0.0652 train 1.0000 test 0.1708
epoch 136/200 loss 0.0643 train 1.0000 test 0.1693
epoch 137/200 loss 0.0635 train 1.0000 test 0.1691
epoch 138/200 loss 0.0625 train 1.0000 test 0.1707
epoch 139/200 loss 0.0652 train 1.0000 test 0.1691
epoch 140/200 loss 0.0629 train 1.0000 test 0.1689
epoch 141/200 loss 0.0622 train 1.0000 test 0.1687
epoch 142/200 loss 0.0614 train 1.0000 test 0.1686
epoch 143/200 loss 0.0611 train 1.0000 test 0.1683
epoch 144/200 loss 0.0608 train 1.0000 test 0.1694
epoch 145/200 loss 0.0615 train 1.0000 test 0.1701
epoch 146/200 loss 0.0646 train 1.0000 test 0.1699
epoch 147/200 loss 0.0610 train 1.0000 test 0.1698
epoch 148/200 loss 0.0610 train 1.0000 test 0.1695
epoch 149/200 loss 0.0643 train 1.0000 test 0.1693
epoch 150/200 loss 0.0621 train 1.0000 test 0.1699
epoch 151/200 loss 0.0596 train 1.0000 test 0.1686
epoch 152/200 loss 0.0599 train 1.0000 test 0.1681
epoch 153/200 loss 0.0636 train 1.0000 test 0.1680
epoch 154/200 loss 0.0599 train 1.0000 test 0.1683
epoch 155/200 loss 0.0615 train 1.0000 test 0.1682
epoch 156/200 loss 0.0594 train 1.0000 test 0.1680
epoch 157/200 loss 0.0620 train 1.0000 test 0.1695
epoch 158/200 loss 0.0579 train 1.0000 test 0.1688
epoch 159/200 loss 0.0616 train 1.0000 test 0.1694
epoch 160/200 loss 0.0605 train 1.0000 test 0.1699
epoch 161/200 loss 0.0585 train 1.0000 test 0.1685
epoch 162/200 loss 0.0592 train 1.0000 test 0.1686
epoch 163/200 loss 0.0597 train 1.0000 test 0.1685
epoch 164/200 loss 0.0598 train 1.0000 test 0.1683
epoch 165/200 loss 0.0596 train 1.0000 test 0.1688
epoch 166/200 loss 0.0597 train 1.0000 test 0.1684
epoch 167/200 loss 0.0602 train 1.0000 test 0.1697
epoch 168/200 loss 0.0580 train 1.0000 test 0.1680
epoch 169/200 loss 0.0594 train 1.0000 test 0.1691
epoch 170/200 loss 0.0586 train 1.0000 test 0.1691
epoch 171/200 loss 0.0611 train 1.0000 test 0.1687
epoch 172/200 loss 0.0599 train 1.0000 test 0.1704
epoch 173/200 loss 0.0581 train 1.0000 test 0.1698
epoch 174/200 loss 0.0600 train 1.0000 test 0.1692
epoch 175/200 loss 0.0577 train 1.0000 test 0.1698
epoch 176/200 loss 0.0582 train 1.0000 test 0.1697
epoch 177/200 loss 0.0598 train 1.0000 test 0.1706
epoch 178/200 loss 0.0584 train 1.0000 test 0.1702
epoch 179/200 loss 0.0591 train 1.0000 test 0.1701
epoch 180/200 loss 0.0598 train 1.0000 test 0.1699
epoch 181/200 loss 0.0585 train 1.0000 test 0.1690
epoch 182/200 loss 0.0615 train 1.0000 test 0.1697
epoch 183/200 loss 0.0580 train 1.0000 test 0.1706
epoch 184/200 loss 0.0572 train 1.0000 test 0.1699
epoch 185/200 loss 0.0585 train 1.0000 test 0.1686
epoch 186/200 loss 0.0597 train 1.0000 test 0.1690
epoch 187/200 loss 0.0598 train 1.0000 test 0.1686
epoch 188/200 loss 0.0596 train 1.0000 test 0.1694
epoch 189/200 loss 0.0614 train 1.0000 test 0.1696
epoch 190/200 loss 0.0600 train 1.0000 test 0.1687
epoch 191/200 loss 0.0580 train 1.0000 test 0.1695
epoch 192/200 loss 0.0569 train 1.0000 test 0.1697
epoch 193/200 loss 0.0583 train 1.0000 test 0.1695
epoch 194/200 loss 0.0572 train 1.0000 test 0.1693
epoch 195/200 loss 0.0606 train 1.0000 test 0.1700
epoch 196/200 loss 0.0594 train 1.0000 test 0.1690
epoch 197/200 loss 0.0596 train 1.0000 test 0.1687
epoch 198/200 loss 0.0589 train 1.0000 test 0.1693
epoch 199/200 loss 0.0610 train 1.0000 test 0.1703
epoch 200/200 loss 0.0577 train 1.0000 test 0.1685
done: final 0.1685 best 0.1710 -> ./runs/auxmag_2pct_l100/seed0
moment-aux target calibrated on 1024 images
[auxmag_2pct_l100 seed1] {"params_trainable": 11222188, "params_stem_trainable": 0, "params_stem_fixed_filters": 0, "flops_total": 556705792, "flops_stem": 0, "flops_image_size": 32}
epoch 1/200 loss 6.9330 train 0.0078 test 0.0249
epoch 2/200 loss 5.7434 train 0.0324 test 0.0374
epoch 3/200 loss 5.2459 train 0.0312 test 0.0436
epoch 4/200 loss 4.7891 train 0.0502 test 0.0490
epoch 5/200 loss 4.5647 train 0.0670 test 0.0502
epoch 6/200 loss 4.3397 train 0.0792 test 0.0628
epoch 7/200 loss 4.1776 train 0.1004 test 0.0751
epoch 8/200 loss 4.0410 train 0.1228 test 0.0613
epoch 9/200 loss 3.9436 train 0.1172 test 0.0735
epoch 10/200 loss 3.8040 train 0.1529 test 0.0800
epoch 11/200 loss 3.7784 train 0.1529 test 0.0789
epoch 12/200 loss 3.6763 train 0.1574 test 0.0774
epoch 13/200 loss 3.6243 train 0.1763 test 0.0845
epoch 14/200 loss 3.5374 train 0.1641 test 0.0862
epoch 15/200 loss 3.4651 train 0.1953 test 0.0934
epoch 16/200 loss 3.3917 train 0.2087 test 0.0936
epoch 17/200 loss 3.3535 train 0.2121 test 0.0960
epoch 18/200 loss 3.2232 train 0.2288 test 0.1007
epoch 19/200 loss 3.1905 train 0.2500 test 0.0993
epoch 20/200 loss 3.1562 train 0.2489 test 0.1004
epoch 21/200 loss 3.0633 train 0.2679 test 0.1037
epoch 22/200 loss 2.9459 train 0.2902 test 0.0960
epoch 23/200 loss 2.9040 train 0.2746 test 0.1069
epoch 24/200 loss 2.8460 train 0.3080 test 0.1133
epoch 25/200 loss 2.8413 train 0.2857 test 0.1086
epoch 26/200 loss 2.6696 train 0.3281 test 0.1096
epoch 27/200 loss 2.6352 train 0.3393 test 0.1082
epoch 28/200 loss 2.5443 train 0.3560 test 0.1167
epoch 29/200 loss 2.3898 train 0.3884 test 0.1084
epoch 30/200 loss 2.3974 train 0.4107 test 0.1168
epoch 31/200 loss 2.2859 train 0.4230 test 0.1241
epoch 32/200 loss 2.1551 train 0.4520 test 0.1086
epoch 33/200 loss 2.0765 train 0.4766 test 0.1155
epoch 34/200 loss 2.0511 train 0.4788 test 0.1177
epoch 35/200 loss 2.0874 train 0.4766 test 0.1233
epoch 36/200 loss 1.9761 train 0.4911 test 0.1023
epoch 37/200 loss 1.9557 train 0.4866 test 0.1170
epoch 38/200 loss 1.7939 train 0.5312 test 0.1176
epoch 39/200 loss 1.7448 train 0.5413 test 0.1260
epoch 40/200 loss 1.6808 train 0.5792 test 0.1308
epoch 41/200 loss 1.5299 train 0.6507 test 0.1297
epoch 42/200 loss 1.4646 train 0.6283 test 0.1331
epoch 43/200 loss 1.4117 train 0.6562 test 0.1243
epoch 44/200 loss 1.3424 train 0.6496 test 0.1241
epoch 45/200 loss 1.2598 train 0.6830 test 0.1227
epoch 46/200 loss 1.1564 train 0.7087 test 0.1307
epoch 47/200 loss 1.1350 train 0.7411 test 0.1337
epoch 48/200 loss 1.0281 train 0.7623 test 0.1274
epoch 49/200 loss 0.9810 train 0.7567 test 0.1251
epoch 50/200 loss 0.9365 train 0.7857 test 0.1417
epoch 51/200 loss 0.8229 train 0.8270 test 0.1325
epoch 52/200 loss 0.7494 train 0.8504 test 0.1340
epoch 53/200 loss 0.6740 train 0.8750 test 0.1343
epoch 54/200 loss 0.6258 train 0.8717 test 0.1386
epoch 55/200 loss 0.6299 train 0.8717 test 0.1280
epoch 56/200 loss 0.5197 train 0.9118 test 0.1399
epoch 57/200 loss 0.4624 train 0.9319 test 0.1322
epoch 58/200 loss 0.4541 train 0.9342 test 0.1468
epoch 59/200 loss 0.3953 train 0.9475 test 0.1451
epoch 60/200 loss 0.3613 train 0.9509 test 0.1441
epoch 61/200 loss 0.3520 train 0.9587 test 0.1384
epoch 62/200 loss 0.3065 train 0.9721 test 0.1414
epoch 63/200 loss 0.2770 train 0.9665 test 0.1393
epoch 64/200 loss 0.2728 train 0.9743 test 0.1414
epoch 65/200 loss 0.2336 train 0.9866 test 0.1403
epoch 66/200 loss 0.2287 train 0.9833 test 0.1462
epoch 67/200 loss 0.2284 train 0.9810 test 0.1458
epoch 68/200 loss 0.2262 train 0.9777 test 0.1527
epoch 69/200 loss 0.2056 train 0.9855 test 0.1485
epoch 70/200 loss 0.1781 train 0.9900 test 0.1499
epoch 71/200 loss 0.1736 train 0.9933 test 0.1459
epoch 72/200 loss 0.1617 train 0.9911 test 0.1537
epoch 73/200 loss 0.1619 train 0.9877 test 0.1387
epoch 74/200 loss 0.1672 train 0.9922 test 0.1568
epoch 75/200 loss 0.1517 train 0.9933 test 0.1537
epoch 76/200 loss 0.1449 train 0.9911 test 0.1554
epoch 77/200 loss 0.1294 train 0.9944 test 0.1543
epoch 78/200 loss 0.1136 train 0.9989 test 0.1545
epoch 79/200 loss 0.1153 train 1.0000 test 0.1499
epoch 80/200 loss 0.1085 train 1.0000 test 0.1530
epoch 81/200 loss 0.0963 train 1.0000 test 0.1618
epoch 82/200 loss 0.0926 train 0.9989 test 0.1636
epoch 83/200 loss 0.0899 train 0.9989 test 0.1615
epoch 84/200 loss 0.0917 train 1.0000 test 0.1567
epoch 85/200 loss 0.0860 train 1.0000 test 0.1601
epoch 86/200 loss 0.0825 train 1.0000 test 0.1624
epoch 87/200 loss 0.0828 train 1.0000 test 0.1606
epoch 88/200 loss 0.0832 train 1.0000 test 0.1614
epoch 89/200 loss 0.0771 train 1.0000 test 0.1631
epoch 90/200 loss 0.0773 train 1.0000 test 0.1642
epoch 91/200 loss 0.0782 train 1.0000 test 0.1638
epoch 92/200 loss 0.0748 train 1.0000 test 0.1633
epoch 93/200 loss 0.0763 train 1.0000 test 0.1632
epoch 94/200 loss 0.0794 train 1.0000 test 0.1630
epoch 95/200 loss 0.0771 train 1.0000 test 0.1623
epoch 96/200 loss 0.0739 train 1.0000 test 0.1649
epoch 97/200 loss 0.0711 train 1.0000 test 0.1642
epoch 98/200 loss 0.0730 train 1.0000 test 0.1651
epoch 99/200 loss 0.0700 train 1.0000 test 0.1630
epoch 100/200 loss 0.0697 train 1.0000 test 0.1634
epoch 101/200 loss 0.0713 train 1.0000 test 0.1654
epoch 102/200 loss 0.0717 train 1.0000 test 0.1644
epoch 103/200 loss 0.0719 train 1.0000 test 0.1653
epoch 104/200 loss 0.0696 train 1.0000 test 0.1689
epoch 105/200 loss 0.0678 train 1.0000 test 0.1672
epoch 106/200 loss 0.0668 train 1.0000 test 0.1667
epoch 107/200 loss 0.0682 train 1.0000 test 0.1673
epoch 108/200 loss 0.0697 train 1.0000 test 0.1661
epoch 109/200 loss 0.0710 train 1.0000 test 0.1655
epoch 110/200 loss 0.0748 train 1.0000 test 0.1652
epoch 111/200 loss 0.0667 train 1.0000 test 0.1649
epoch 112/200 loss 0.0670 train 1.0000 test 0.1637
epoch 113/200 loss 0.0676 train 1.0000 test 0.1651
epoch 114/200 loss 0.0642 train 1.0000 test 0.1648
epoch 115/200 loss 0.0654 train 1.0000 test 0.1667
epoch 116/200 loss 0.0633 train 1.0000 test 0.1669
epoch 117/200 loss 0.0625 train 1.0000 test 0.1665
epoch 118/200 loss 0.0651 train 1.0000 test 0.1673
epoch 119/200 loss 0.0652 train 1.0000 test 0.1650
epoch 120/200 loss 0.0636 train 1.0000 test 0.1675
epoch 121/200 loss 0.0621 train 1.0000 test 0.1665
epoch 122/200 loss 0.0636 train 1.0000 test 0.1645
epoch 123/200 loss 0.0633 train 1.0000 test 0.1653
epoch 124/200 loss 0.0633 train 1.0000 test 0.1667
epoch 125/200 loss 0.0626 train 1.0000 test 0.1669
epoch 126/200 loss 0.0611 train 1.0000 test 0.1665
epoch 127/200 loss 0.0664 train 1.0000 test 0.1656
epoch 128/200 loss 0.0607 train 1.0000 test 0.1661
epoch 129/200 loss 0.0618 train 1.0000 test 0.1666
epoch 130/200 loss 0.0641 train 1.0000 test 0.1663
epoch 131/200 loss 0.0632 train 1.0000 test 0.1671
epoch 132/200 loss 0.0624 train 1.0000 test 0.1658
epoch 133/200 loss 0.0618 train 1.0000 test 0.1661
epoch 134/200 loss 0.0619 train 1.0000 test 0.1662
epoch 135/200 loss 0.0602 train 1.0000 test 0.1661
epoch 136/200 loss 0.0608 train 1.0000 test 0.1669
epoch 137/200 loss 0.0589 train 1.0000 test 0.1658
epoch 138/200 loss 0.0591 train 1.0000 test 0.1652
epoch 139/200 loss 0.0613 train 1.0000 test 0.1674
epoch 140/200 loss 0.0602 train 1.0000 test 0.1676
epoch 141/200 loss 0.0577 train 1.0000 test 0.1679
epoch 142/200 loss 0.0619 train 1.0000 test 0.1672
epoch 143/200 loss 0.0578 train 1.0000 test 0.1661
epoch 144/200 loss 0.0592 train 1.0000 test 0.1657
epoch 145/200 loss 0.0596 train 1.0000 test 0.1645
epoch 146/200 loss 0.0573 train 1.0000 test 0.1654
epoch 147/200 loss 0.0601 train 1.0000 test 0.1653
epoch 148/200 loss 0.0596 train 1.0000 test 0.1653
epoch 149/200 loss 0.0582 train 1.0000 test 0.1662
epoch 150/200 loss 0.0579 train 1.0000 test 0.1664
epoch 151/200 loss 0.0572 train 1.0000 test 0.1673
epoch 152/200 loss 0.0595 train 1.0000 test 0.1667
epoch 153/200 loss 0.0590 train 1.0000 test 0.1667
epoch 154/200 loss 0.0618 train 1.0000 test 0.1671
epoch 155/200 loss 0.0590 train 1.0000 test 0.1689
epoch 156/200 loss 0.0604 train 1.0000 test 0.1673
epoch 157/200 loss 0.0591 train 1.0000 test 0.1672
epoch 158/200 loss 0.0569 train 1.0000 test 0.1674
epoch 159/200 loss 0.0569 train 1.0000 test 0.1668
epoch 160/200 loss 0.0569 train 1.0000 test 0.1665
epoch 161/200 loss 0.0573 train 1.0000 test 0.1658
epoch 162/200 loss 0.0563 train 1.0000 test 0.1672
epoch 163/200 loss 0.0569 train 1.0000 test 0.1668
epoch 164/200 loss 0.0587 train 1.0000 test 0.1656
epoch 165/200 loss 0.0569 train 1.0000 test 0.1671
epoch 166/200 loss 0.0567 train 1.0000 test 0.1668
epoch 167/200 loss 0.0582 train 1.0000 test 0.1669
epoch 168/200 loss 0.0570 train 1.0000 test 0.1666
epoch 169/200 loss 0.0577 train 1.0000 test 0.1672
epoch 170/200 loss 0.0574 train 1.0000 test 0.1664
epoch 171/200 loss 0.0570 train 1.0000 test 0.1673
epoch 172/200 loss 0.0581 train 1.0000 test 0.1673
epoch 173/200 loss 0.0597 train 1.0000 test 0.1665
epoch 174/200 loss 0.0562 train 1.0000 test 0.1672
epoch 175/200 loss 0.0556 train 1.0000 test 0.1666
epoch 176/200 loss 0.0589 train 1.0000 test 0.1671
epoch 177/200 loss 0.0580 train 1.0000 test 0.1666
epoch 178/200 loss 0.0557 train 1.0000 test 0.1674
epoch 179/200 loss 0.0567 train 1.0000 test 0.1671
epoch 180/200 loss 0.0560 train 1.0000 test 0.1672
epoch 181/200 loss 0.0573 train 1.0000 test 0.1674
epoch 182/200 loss 0.0575 train 1.0000 test 0.1666
epoch 183/200 loss 0.0572 train 1.0000 test 0.1662
epoch 184/200 loss 0.0561 train 1.0000 test 0.1667
epoch 185/200 loss 0.0580 train 1.0000 test 0.1671
epoch 186/200 loss 0.0560 train 1.0000 test 0.1674
epoch 187/200 loss 0.0571 train 1.0000 test 0.1673
epoch 188/200 loss 0.0574 train 1.0000 test 0.1671
epoch 189/200 loss 0.0572 train 1.0000 test 0.1673
epoch 190/200 loss 0.0568 train 1.0000 test 0.1677
epoch 191/200 loss 0.0584 train 1.0000 test 0.1679
epoch 192/200 loss 0.0560 train 1.0000 test 0.1679
epoch 193/200 loss 0.0562 train 1.0000 test 0.1680
epoch 194/200 loss 0.0560 train 1.0000 test 0.1680
epoch 195/200 loss 0.0584 train 1.0000 test 0.1681
epoch 196/200 loss 0.0540 train 1.0000 test 0.1685
epoch 197/200 loss 0.0577 train 1.0000 test 0.1671
epoch 198/200 loss 0.0572 train 1.0000 test 0.1671
epoch 199/200 loss 0.0541 train 1.0000 test 0.1677
epoch 200/200 loss 0.0555 train 1.0000 test 0.1674
done: final 0.1674 best 0.1689 -> ./runs/auxmag_2pct_l100/seed1
moment-aux target calibrated on 1024 images
[auxmag_2pct_l100 seed2] {"params_trainable": 11222188, "params_stem_trainable": 0, "params_stem_fixed_filters": 0, "flops_total": 556705792, "flops_stem": 0, "flops_image_size": 32}
epoch 1/200 loss 6.6621 train 0.0033 test 0.0189
epoch 2/200 loss 5.6774 train 0.0156 test 0.0243
epoch 3/200 loss 5.1704 train 0.0491 test 0.0481
epoch 4/200 loss 4.7291 train 0.0547 test 0.0528
epoch 5/200 loss 4.4768 train 0.0725 test 0.0596
epoch 6/200 loss 4.3077 train 0.0859 test 0.0663
epoch 7/200 loss 4.1324 train 0.1049 test 0.0701
epoch 8/200 loss 4.0273 train 0.1339 test 0.0708
epoch 9/200 loss 3.9158 train 0.1339 test 0.0820
epoch 10/200 loss 3.8616 train 0.1417 test 0.0819
epoch 11/200 loss 3.7264 train 0.1641 test 0.0822
epoch 12/200 loss 3.6552 train 0.1607 test 0.0895
epoch 13/200 loss 3.5723 train 0.1652 test 0.0865
epoch 14/200 loss 3.5009 train 0.2054 test 0.0943
epoch 15/200 loss 3.4339 train 0.1964 test 0.0955
epoch 16/200 loss 3.3597 train 0.2176 test 0.0938
epoch 17/200 loss 3.3259 train 0.2299 test 0.1024
epoch 18/200 loss 3.2330 train 0.2388 test 0.1032
epoch 19/200 loss 3.1945 train 0.2444 test 0.0964
epoch 20/200 loss 3.1380 train 0.2444 test 0.0972
epoch 21/200 loss 3.0248 train 0.2768 test 0.1140
epoch 22/200 loss 2.9486 train 0.2556 test 0.1060
epoch 23/200 loss 2.9028 train 0.2891 test 0.1095
epoch 24/200 loss 2.8525 train 0.2969 test 0.1044
epoch 25/200 loss 2.7744 train 0.3214 test 0.1113
epoch 26/200 loss 2.7690 train 0.3158 test 0.1101
epoch 27/200 loss 2.6736 train 0.3337 test 0.1057
epoch 28/200 loss 2.6049 train 0.3259 test 0.1076
epoch 29/200 loss 2.4808 train 0.3850 test 0.1159
epoch 30/200 loss 2.5065 train 0.3449 test 0.1115
epoch 31/200 loss 2.3770 train 0.3795 test 0.1127
epoch 32/200 loss 2.2722 train 0.4208 test 0.1121
epoch 33/200 loss 2.1625 train 0.4420 test 0.1133
epoch 34/200 loss 2.0128 train 0.4877 test 0.1040
epoch 35/200 loss 2.0122 train 0.4989 test 0.1207
epoch 36/200 loss 1.9801 train 0.5033 test 0.1164
epoch 37/200 loss 1.9451 train 0.5212 test 0.1143
epoch 38/200 loss 1.7948 train 0.5502 test 0.1238
epoch 39/200 loss 1.7034 train 0.5714 test 0.1162
epoch 40/200 loss 1.6916 train 0.5692 test 0.1164
epoch 41/200 loss 1.6977 train 0.5614 test 0.1237
epoch 42/200 loss 1.7120 train 0.5469 test 0.1172
epoch 43/200 loss 1.5969 train 0.5993 test 0.1304
epoch 44/200 loss 1.4810 train 0.6306 test 0.1124
epoch 45/200 loss 1.3593 train 0.6696 test 0.1295
epoch 46/200 loss 1.2560 train 0.7054 test 0.1233
epoch 47/200 loss 1.1387 train 0.7489 test 0.1268
epoch 48/200 loss 1.0564 train 0.7489 test 0.1336
epoch 49/200 loss 1.0280 train 0.7667 test 0.1306
epoch 50/200 loss 0.9394 train 0.7790 test 0.1351
epoch 51/200 loss 0.9075 train 0.8125 test 0.1360
epoch 52/200 loss 0.8495 train 0.8147 test 0.1250
epoch 53/200 loss 0.8238 train 0.8359 test 0.1283
epoch 54/200 loss 0.7249 train 0.8616 test 0.1353
epoch 55/200 loss 0.6759 train 0.8717 test 0.1327
epoch 56/200 loss 0.6169 train 0.8806 test 0.1237
epoch 57/200 loss 0.5851 train 0.8850 test 0.1435
epoch 58/200 loss 0.5426 train 0.9040 test 0.1331
epoch 59/200 loss 0.4912 train 0.9141 test 0.1374
epoch 60/200 loss 0.4779 train 0.9230 test 0.1397
epoch 61/200 loss 0.4481 train 0.9241 test 0.1375
epoch 62/200 loss 0.4089 train 0.9252 test 0.1370
epoch 63/200 loss 0.3592 train 0.9609 test 0.1403
epoch 64/200 loss 0.2791 train 0.9710 test 0.1490
epoch 65/200 loss 0.2618 train 0.9810 test 0.1480
epoch 66/200 loss 0.2209 train 0.9888 test 0.1474
epoch 67/200 loss 0.2058 train 0.9877 test 0.1504
epoch 68/200 loss 0.1827 train 0.9888 test 0.1452
epoch 69/200 loss 0.1973 train 0.9877 test 0.1516
epoch 70/200 loss 0.1670 train 0.9944 test 0.1538
epoch 71/200 loss 0.1644 train 0.9967 test 0.1485
epoch 72/200 loss 0.1557 train 0.9922 test 0.1534
epoch 73/200 loss 0.1469 train 0.9933 test 0.1503
epoch 74/200 loss 0.1347 train 0.9955 test 0.1509
epoch 75/200 loss 0.1282 train 0.9978 test 0.1620
epoch 76/200 loss 0.1218 train 0.9989 test 0.1586
epoch 77/200 loss 0.1185 train 0.9978 test 0.1548
epoch 78/200 loss 0.1165 train 0.9978 test 0.1587
epoch 79/200 loss 0.1112 train 1.0000 test 0.1566
epoch 80/200 loss 0.1067 train 0.9989 test 0.1593
epoch 81/200 loss 0.0956 train 1.0000 test 0.1553
epoch 82/200 loss 0.0951 train 1.0000 test 0.1597
epoch 83/200 loss 0.0937 train 1.0000 test 0.1616
epoch 84/200 loss 0.0949 train 0.9989 test 0.1615
epoch 85/200 loss 0.0933 train 1.0000 test 0.1607
epoch 86/200 loss 0.0925 train 0.9989 test 0.1649
epoch 87/200 loss 0.0856 train 1.0000 test 0.1627
epoch 88/200 loss 0.0842 train 1.0000 test 0.1649
epoch 89/200 loss 0.0830 train 1.0000 test 0.1611
epoch 90/200 loss 0.0822 train 1.0000 test 0.1652
epoch 91/200 loss 0.0810 train 1.0000 test 0.1631
epoch 92/200 loss 0.0828 train 1.0000 test 0.1633
epoch 93/200 loss 0.0836 train 0.9989 test 0.1643
epoch 94/200 loss 0.0787 train 1.0000 test 0.1654
epoch 95/200 loss 0.0811 train 1.0000 test 0.1630
epoch 96/200 loss 0.0787 train 1.0000 test 0.1661
epoch 97/200 loss 0.0774 train 1.0000 test 0.1659
epoch 98/200 loss 0.0766 train 1.0000 test 0.1640
epoch 99/200 loss 0.0757 train 1.0000 test 0.1625
epoch 100/200 loss 0.0738 train 1.0000 test 0.1631
epoch 101/200 loss 0.0763 train 1.0000 test 0.1656
epoch 102/200 loss 0.0727 train 1.0000 test 0.1664
epoch 103/200 loss 0.0720 train 1.0000 test 0.1657
epoch 104/200 loss 0.0729 train 1.0000 test 0.1679
epoch 105/200 loss 0.0760 train 1.0000 test 0.1670
epoch 106/200 loss 0.0728 train 1.0000 test 0.1640
epoch 107/200 loss 0.0727 train 1.0000 test 0.1658
epoch 108/200 loss 0.0716 train 1.0000 test 0.1662
epoch 109/200 loss 0.0717 train 1.0000 test 0.1685
epoch 110/200 loss 0.0693 train 1.0000 test 0.1692
epoch 111/200 loss 0.0703 train 1.0000 test 0.1679
epoch 112/200 loss 0.0670 train 1.0000 test 0.1671
epoch 113/200 loss 0.0676 train 1.0000 test 0.1669
epoch 114/200 loss 0.0681 train 1.0000 test 0.1672
epoch 115/200 loss 0.0664 train 1.0000 test 0.1678
epoch 116/200 loss 0.0652 train 1.0000 test 0.1678
epoch 117/200 loss 0.0664 train 1.0000 test 0.1654
epoch 118/200 loss 0.0680 train 1.0000 test 0.1666
epoch 119/200 loss 0.0676 train 1.0000 test 0.1660
epoch 120/200 loss 0.0666 train 1.0000 test 0.1659
epoch 121/200 loss 0.0670 train 1.0000 test 0.1672
epoch 122/200 loss 0.0688 train 1.0000 test 0.1661
epoch 123/200 loss 0.0682 train 1.0000 test 0.1646
epoch 124/200 loss 0.0655 train 1.0000 test 0.1660
epoch 125/200 loss 0.0643 train 1.0000 test 0.1665
epoch 126/200 loss 0.0665 train 1.0000 test 0.1679
epoch 127/200 loss 0.0630 train 1.0000 test 0.1686
epoch 128/200 loss 0.0661 train 1.0000 test 0.1681
epoch 129/200 loss 0.0641 train 1.0000 test 0.1681
epoch 130/200 loss 0.0631 train 1.0000 test 0.1676
epoch 131/200 loss 0.0625 train 1.0000 test 0.1668
epoch 132/200 loss 0.0655 train 1.0000 test 0.1668
epoch 133/200 loss 0.0639 train 1.0000 test 0.1670
epoch 134/200 loss 0.0610 train 1.0000 test 0.1679
epoch 135/200 loss 0.0624 train 1.0000 test 0.1682
epoch 136/200 loss 0.0624 train 1.0000 test 0.1677
epoch 137/200 loss 0.0610 train 1.0000 test 0.1670
epoch 138/200 loss 0.0676 train 1.0000 test 0.1683
epoch 139/200 loss 0.0625 train 1.0000 test 0.1686
epoch 140/200 loss 0.0671 train 1.0000 test 0.1695
epoch 141/200 loss 0.0597 train 1.0000 test 0.1698
epoch 142/200 loss 0.0630 train 1.0000 test 0.1681
epoch 143/200 loss 0.0604 train 1.0000 test 0.1680
epoch 144/200 loss 0.0605 train 1.0000 test 0.1673
epoch 145/200 loss 0.0594 train 1.0000 test 0.1677
epoch 146/200 loss 0.0606 train 1.0000 test 0.1676
epoch 147/200 loss 0.0613 train 1.0000 test 0.1700
epoch 148/200 loss 0.0600 train 1.0000 test 0.1698
epoch 149/200 loss 0.0573 train 1.0000 test 0.1694
epoch 150/200 loss 0.0609 train 1.0000 test 0.1692
epoch 151/200 loss 0.0586 train 1.0000 test 0.1689
epoch 152/200 loss 0.0617 train 1.0000 test 0.1682
epoch 153/200 loss 0.0593 train 1.0000 test 0.1688
epoch 154/200 loss 0.0595 train 1.0000 test 0.1690
epoch 155/200 loss 0.0608 train 1.0000 test 0.1679
epoch 156/200 loss 0.0579 train 1.0000 test 0.1679
epoch 157/200 loss 0.0607 train 1.0000 test 0.1690
epoch 158/200 loss 0.0584 train 1.0000 test 0.1691
epoch 159/200 loss 0.0583 train 1.0000 test 0.1691
epoch 160/200 loss 0.0579 train 1.0000 test 0.1689
epoch 161/200 loss 0.0599 train 1.0000 test 0.1689
epoch 162/200 loss 0.0585 train 1.0000 test 0.1683
epoch 163/200 loss 0.0601 train 1.0000 test 0.1676
epoch 164/200 loss 0.0610 train 1.0000 test 0.1678
epoch 165/200 loss 0.0600 train 1.0000 test 0.1680
epoch 166/200 loss 0.0576 train 1.0000 test 0.1685
epoch 167/200 loss 0.0589 train 1.0000 test 0.1675
epoch 168/200 loss 0.0566 train 1.0000 test 0.1674
epoch 169/200 loss 0.0589 train 1.0000 test 0.1688
epoch 170/200 loss 0.0605 train 1.0000 test 0.1696
epoch 171/200 loss 0.0584 train 1.0000 test 0.1689
epoch 172/200 loss 0.0581 train 1.0000 test 0.1689
epoch 173/200 loss 0.0590 train 1.0000 test 0.1691
epoch 174/200 loss 0.0580 train 1.0000 test 0.1694
epoch 175/200 loss 0.0589 train 1.0000 test 0.1690
epoch 176/200 loss 0.0593 train 1.0000 test 0.1687
epoch 177/200 loss 0.0581 train 1.0000 test 0.1687
epoch 178/200 loss 0.0590 train 1.0000 test 0.1685
epoch 179/200 loss 0.0565 train 1.0000 test 0.1682
epoch 180/200 loss 0.0589 train 1.0000 test 0.1679
epoch 181/200 loss 0.0599 train 1.0000 test 0.1680
epoch 182/200 loss 0.0577 train 1.0000 test 0.1690
epoch 183/200 loss 0.0583 train 1.0000 test 0.1683
epoch 184/200 loss 0.0570 train 1.0000 test 0.1685
epoch 185/200 loss 0.0603 train 1.0000 test 0.1686
epoch 186/200 loss 0.0586 train 1.0000 test 0.1682
epoch 187/200 loss 0.0594 train 1.0000 test 0.1693
epoch 188/200 loss 0.0591 train 1.0000 test 0.1696
epoch 189/200 loss 0.0578 train 1.0000 test 0.1692
epoch 190/200 loss 0.0581 train 1.0000 test 0.1686
epoch 191/200 loss 0.0589 train 1.0000 test 0.1680
epoch 192/200 loss 0.0575 train 1.0000 test 0.1689
epoch 193/200 loss 0.0583 train 1.0000 test 0.1677
epoch 194/200 loss 0.0577 train 1.0000 test 0.1685
epoch 195/200 loss 0.0587 train 1.0000 test 0.1689
epoch 196/200 loss 0.0593 train 1.0000 test 0.1690
epoch 197/200 loss 0.0597 train 1.0000 test 0.1678
epoch 198/200 loss 0.0579 train 1.0000 test 0.1680
epoch 199/200 loss 0.0580 train 1.0000 test 0.1681
epoch 200/200 loss 0.0587 train 1.0000 test 0.1682
done: final 0.1682 best 0.1700 -> ./runs/auxmag_2pct_l100/seed2
AUXLOWLAM_auxmag_2pct_l100_DONE
moment-aux target calibrated on 1024 images
[auxmag_2pct_l200 seed0] {"params_trainable": 11222188, "params_stem_trainable": 0, "params_stem_fixed_filters": 0, "flops_total": 556705792, "flops_stem": 0, "flops_image_size": 32}
epoch 1/200 loss 9.5312 train 0.0089 test 0.0132
epoch 2/200 loss 6.5971 train 0.0246 test 0.0167
epoch 3/200 loss 5.6554 train 0.0357 test 0.0245
epoch 4/200 loss 5.1439 train 0.0368 test 0.0433
epoch 5/200 loss 4.8096 train 0.0569 test 0.0479
epoch 6/200 loss 4.5908 train 0.0625 test 0.0568
epoch 7/200 loss 4.4432 train 0.0737 test 0.0616
epoch 8/200 loss 4.2629 train 0.0893 test 0.0602
epoch 9/200 loss 4.1669 train 0.1004 test 0.0722
epoch 10/200 loss 3.9933 train 0.1295 test 0.0756
epoch 11/200 loss 3.8922 train 0.1451 test 0.0811
epoch 12/200 loss 3.8335 train 0.1607 test 0.0800
epoch 13/200 loss 3.7235 train 0.1518 test 0.0856
epoch 14/200 loss 3.6712 train 0.1741 test 0.0949
epoch 15/200 loss 3.5691 train 0.1786 test 0.0946
epoch 16/200 loss 3.4850 train 0.1998 test 0.0869
epoch 17/200 loss 3.3869 train 0.2288 test 0.1043
epoch 18/200 loss 3.3250 train 0.2132 test 0.0847
epoch 19/200 loss 3.2812 train 0.2333 test 0.0891
epoch 20/200 loss 3.1595 train 0.2500 test 0.1039
epoch 21/200 loss 3.0695 train 0.2879 test 0.0990
epoch 22/200 loss 3.0781 train 0.2757 test 0.1135
epoch 23/200 loss 3.0081 train 0.2768 test 0.1030
epoch 24/200 loss 2.9818 train 0.2924 test 0.1064
epoch 25/200 loss 2.8747 train 0.3136 test 0.1045
epoch 26/200 loss 2.7361 train 0.3438 test 0.1191
epoch 27/200 loss 2.6818 train 0.3493 test 0.1218
epoch 28/200 loss 2.6752 train 0.3348 test 0.1159
epoch 29/200 loss 2.4999 train 0.3839 test 0.1166
epoch 30/200 loss 2.4245 train 0.4051 test 0.1247
epoch 31/200 loss 2.3694 train 0.4297 test 0.1289
epoch 32/200 loss 2.3322 train 0.4263 test 0.1318
epoch 33/200 loss 2.2812 train 0.4397 test 0.1364
epoch 34/200 loss 2.1377 train 0.4766 test 0.1226
epoch 35/200 loss 2.0326 train 0.4866 test 0.1302
epoch 36/200 loss 1.9730 train 0.5145 test 0.1277
epoch 37/200 loss 1.9042 train 0.5335 test 0.1275
epoch 38/200 loss 1.7591 train 0.5781 test 0.1139
epoch 39/200 loss 1.7052 train 0.5714 test 0.1353
epoch 40/200 loss 1.5985 train 0.6217 test 0.1339
epoch 41/200 loss 1.5168 train 0.6507 test 0.1354
epoch 42/200 loss 1.4094 train 0.6696 test 0.1369
epoch 43/200 loss 1.3472 train 0.6763 test 0.1265
epoch 44/200 loss 1.2341 train 0.7310 test 0.1323
epoch 45/200 loss 1.2591 train 0.7009 test 0.1348
epoch 46/200 loss 1.2329 train 0.7243 test 0.1409
epoch 47/200 loss 1.2444 train 0.7020 test 0.1333
epoch 48/200 loss 1.0856 train 0.7411 test 0.1342
epoch 49/200 loss 0.9709 train 0.7991 test 0.1449
epoch 50/200 loss 0.9956 train 0.7879 test 0.1382
epoch 51/200 loss 0.8874 train 0.8170 test 0.1368
epoch 52/200 loss 0.8208 train 0.8426 test 0.1421
epoch 53/200 loss 0.7798 train 0.8482 test 0.1375
epoch 54/200 loss 0.7193 train 0.8538 test 0.1436
epoch 55/200 loss 0.6990 train 0.8806 test 0.1505
epoch 56/200 loss 0.5924 train 0.8962 test 0.1308
epoch 57/200 loss 0.5513 train 0.9208 test 0.1508
epoch 58/200 loss 0.4815 train 0.9353 test 0.1465
epoch 59/200 loss 0.4346 train 0.9509 test 0.1550
epoch 60/200 loss 0.4186 train 0.9464 test 0.1480
epoch 61/200 loss 0.3899 train 0.9565 test 0.1569
epoch 62/200 loss 0.3908 train 0.9554 test 0.1532
epoch 63/200 loss 0.3460 train 0.9710 test 0.1570
epoch 64/200 loss 0.3141 train 0.9766 test 0.1555
epoch 65/200 loss 0.3320 train 0.9699 test 0.1541
epoch 66/200 loss 0.2790 train 0.9866 test 0.1554
epoch 67/200 loss 0.2686 train 0.9821 test 0.1408
epoch 68/200 loss 0.2492 train 0.9844 test 0.1568
epoch 69/200 loss 0.2418 train 0.9844 test 0.1585
epoch 70/200 loss 0.2412 train 0.9844 test 0.1535
epoch 71/200 loss 0.2195 train 0.9922 test 0.1511
epoch 72/200 loss 0.2122 train 0.9888 test 0.1583
epoch 73/200 loss 0.2122 train 0.9933 test 0.1581
epoch 74/200 loss 0.1876 train 0.9967 test 0.1602
epoch 75/200 loss 0.1702 train 0.9955 test 0.1584
epoch 76/200 loss 0.1599 train 1.0000 test 0.1580
epoch 77/200 loss 0.1510 train 0.9989 test 0.1668
epoch 78/200 loss 0.1398 train 1.0000 test 0.1692
epoch 79/200 loss 0.1428 train 0.9989 test 0.1639
epoch 80/200 loss 0.1345 train 0.9989 test 0.1700
epoch 81/200 loss 0.1291 train 1.0000 test 0.1712
epoch 82/200 loss 0.1200 train 1.0000 test 0.1710
epoch 83/200 loss 0.1252 train 1.0000 test 0.1687
epoch 84/200 loss 0.1193 train 1.0000 test 0.1703
epoch 85/200 loss 0.1383 train 1.0000 test 0.1705
epoch 86/200 loss 0.1142 train 1.0000 test 0.1702
epoch 87/200 loss 0.1139 train 1.0000 test 0.1740
epoch 88/200 loss 0.1115 train 1.0000 test 0.1741
epoch 89/200 loss 0.1077 train 1.0000 test 0.1743
epoch 90/200 loss 0.1082 train 1.0000 test 0.1734
epoch 91/200 loss 0.1003 train 1.0000 test 0.1748
epoch 92/200 loss 0.1048 train 1.0000 test 0.1739
epoch 93/200 loss 0.0999 train 1.0000 test 0.1732
epoch 94/200 loss 0.0994 train 1.0000 test 0.1709
epoch 95/200 loss 0.0955 train 1.0000 test 0.1708
epoch 96/200 loss 0.1024 train 1.0000 test 0.1735
epoch 97/200 loss 0.1027 train 1.0000 test 0.1737
epoch 98/200 loss 0.0942 train 1.0000 test 0.1741
epoch 99/200 loss 0.0898 train 1.0000 test 0.1731
epoch 100/200 loss 0.0986 train 1.0000 test 0.1744
epoch 101/200 loss 0.1032 train 1.0000 test 0.1725
epoch 102/200 loss 0.1088 train 1.0000 test 0.1740
epoch 103/200 loss 0.0924 train 1.0000 test 0.1750
epoch 104/200 loss 0.0939 train 1.0000 test 0.1747
epoch 105/200 loss 0.0901 train 1.0000 test 0.1738
epoch 106/200 loss 0.0915 train 1.0000 test 0.1752
epoch 107/200 loss 0.0872 train 1.0000 test 0.1753
epoch 108/200 loss 0.0868 train 1.0000 test 0.1765
epoch 109/200 loss 0.0857 train 1.0000 test 0.1758
epoch 110/200 loss 0.0859 train 1.0000 test 0.1761
epoch 111/200 loss 0.0859 train 1.0000 test 0.1758
epoch 112/200 loss 0.0838 train 1.0000 test 0.1745
epoch 113/200 loss 0.0830 train 1.0000 test 0.1761
epoch 114/200 loss 0.0840 train 1.0000 test 0.1752
epoch 115/200 loss 0.0839 train 1.0000 test 0.1737
epoch 116/200 loss 0.0809 train 1.0000 test 0.1741
epoch 117/200 loss 0.0813 train 1.0000 test 0.1745
epoch 118/200 loss 0.0799 train 1.0000 test 0.1739
epoch 119/200 loss 0.0785 train 1.0000 test 0.1757
epoch 120/200 loss 0.0810 train 1.0000 test 0.1742
epoch 121/200 loss 0.0802 train 1.0000 test 0.1751
epoch 122/200 loss 0.0780 train 1.0000 test 0.1760
epoch 123/200 loss 0.0778 train 1.0000 test 0.1740
epoch 124/200 loss 0.0867 train 1.0000 test 0.1748
epoch 125/200 loss 0.0892 train 1.0000 test 0.1761
epoch 126/200 loss 0.0816 train 1.0000 test 0.1776
epoch 127/200 loss 0.0790 train 1.0000 test 0.1769
epoch 128/200 loss 0.0727 train 1.0000 test 0.1772
epoch 129/200 loss 0.0757 train 1.0000 test 0.1746
epoch 130/200 loss 0.0779 train 1.0000 test 0.1748
epoch 131/200 loss 0.0793 train 1.0000 test 0.1746
epoch 132/200 loss 0.0765 train 1.0000 test 0.1759
epoch 133/200 loss 0.0801 train 1.0000 test 0.1761
epoch 134/200 loss 0.0834 train 1.0000 test 0.1759
epoch 135/200 loss 0.0864 train 1.0000 test 0.1755
epoch 136/200 loss 0.0805 train 1.0000 test 0.1772
epoch 137/200 loss 0.0759 train 1.0000 test 0.1752
epoch 138/200 loss 0.0732 train 1.0000 test 0.1758
epoch 139/200 loss 0.0801 train 1.0000 test 0.1750
epoch 140/200 loss 0.0732 train 1.0000 test 0.1764
epoch 141/200 loss 0.0730 train 1.0000 test 0.1772
epoch 142/200 loss 0.0705 train 1.0000 test 0.1760
epoch 143/200 loss 0.0712 train 1.0000 test 0.1755
epoch 144/200 loss 0.0707 train 1.0000 test 0.1765
epoch 145/200 loss 0.0719 train 1.0000 test 0.1775
epoch 146/200 loss 0.0778 train 1.0000 test 0.1770
epoch 147/200 loss 0.0720 train 1.0000 test 0.1773
epoch 148/200 loss 0.0728 train 1.0000 test 0.1765
epoch 149/200 loss 0.0778 train 1.0000 test 0.1773
epoch 150/200 loss 0.0726 train 1.0000 test 0.1770
epoch 151/200 loss 0.0698 train 1.0000 test 0.1759
epoch 152/200 loss 0.0694 train 1.0000 test 0.1773
epoch 153/200 loss 0.0758 train 1.0000 test 0.1776
epoch 154/200 loss 0.0696 train 1.0000 test 0.1772
epoch 155/200 loss 0.0717 train 1.0000 test 0.1771
epoch 156/200 loss 0.0683 train 1.0000 test 0.1765
epoch 157/200 loss 0.0722 train 1.0000 test 0.1759
epoch 158/200 loss 0.0667 train 1.0000 test 0.1766
epoch 159/200 loss 0.0717 train 1.0000 test 0.1772
epoch 160/200 loss 0.0694 train 1.0000 test 0.1764
epoch 161/200 loss 0.0677 train 1.0000 test 0.1763
epoch 162/200 loss 0.0678 train 1.0000 test 0.1762
epoch 163/200 loss 0.0688 train 1.0000 test 0.1766
epoch 164/200 loss 0.0696 train 1.0000 test 0.1768
epoch 165/200 loss 0.0678 train 1.0000 test 0.1771
epoch 166/200 loss 0.0683 train 1.0000 test 0.1765
epoch 167/200 loss 0.0705 train 1.0000 test 0.1761
epoch 168/200 loss 0.0657 train 1.0000 test 0.1763
epoch 169/200 loss 0.0677 train 1.0000 test 0.1764
epoch 170/200 loss 0.0658 train 1.0000 test 0.1759
epoch 171/200 loss 0.0714 train 1.0000 test 0.1762
epoch 172/200 loss 0.0685 train 1.0000 test 0.1771
epoch 173/200 loss 0.0659 train 1.0000 test 0.1772
epoch 174/200 loss 0.0691 train 1.0000 test 0.1759
epoch 175/200 loss 0.0652 train 1.0000 test 0.1759
epoch 176/200 loss 0.0654 train 1.0000 test 0.1759
epoch 177/200 loss 0.0672 train 1.0000 test 0.1765
epoch 178/200 loss 0.0669 train 1.0000 test 0.1770
epoch 179/200 loss 0.0677 train 1.0000 test 0.1758
epoch 180/200 loss 0.0681 train 1.0000 test 0.1768
epoch 181/200 loss 0.0674 train 1.0000 test 0.1766
epoch 182/200 loss 0.0702 train 1.0000 test 0.1757
epoch 183/200 loss 0.0658 train 1.0000 test 0.1757
epoch 184/200 loss 0.0642 train 1.0000 test 0.1768
epoch 185/200 loss 0.0655 train 1.0000 test 0.1757
epoch 186/200 loss 0.0677 train 1.0000 test 0.1764
epoch 187/200 loss 0.0684 train 1.0000 test 0.1754
epoch 188/200 loss 0.0669 train 1.0000 test 0.1764
epoch 189/200 loss 0.0713 train 1.0000 test 0.1765
epoch 190/200 loss 0.0679 train 1.0000 test 0.1763
epoch 191/200 loss 0.0654 train 1.0000 test 0.1763
epoch 192/200 loss 0.0650 train 1.0000 test 0.1766
epoch 193/200 loss 0.0666 train 1.0000 test 0.1766
epoch 194/200 loss 0.0639 train 1.0000 test 0.1763
epoch 195/200 loss 0.0706 train 1.0000 test 0.1766
epoch 196/200 loss 0.0683 train 1.0000 test 0.1771
epoch 197/200 loss 0.0696 train 1.0000 test 0.1767
epoch 198/200 loss 0.0645 train 1.0000 test 0.1764
epoch 199/200 loss 0.0712 train 1.0000 test 0.1761
epoch 200/200 loss 0.0643 train 1.0000 test 0.1759
done: final 0.1759 best 0.1776 -> ./runs/auxmag_2pct_l200/seed0
moment-aux target calibrated on 1024 images
[auxmag_2pct_l200 seed1] {"params_trainable": 11222188, "params_stem_trainable": 0, "params_stem_fixed_filters": 0, "flops_total": 556705792, "flops_stem": 0, "flops_image_size": 32}
epoch 1/200 loss 11.0404 train 0.0056 test 0.0118
epoch 2/200 loss 7.0708 train 0.0201 test 0.0144
epoch 3/200 loss 5.9236 train 0.0223 test 0.0184
epoch 4/200 loss 5.3272 train 0.0290 test 0.0301
epoch 5/200 loss 5.0033 train 0.0458 test 0.0524
epoch 6/200 loss 4.7167 train 0.0670 test 0.0531
epoch 7/200 loss 4.5142 train 0.0949 test 0.0679
epoch 8/200 loss 4.3371 train 0.1172 test 0.0556
epoch 9/200 loss 4.1890 train 0.0871 test 0.0681
epoch 10/200 loss 4.0412 train 0.1362 test 0.0718
epoch 11/200 loss 3.9945 train 0.1217 test 0.0715
epoch 12/200 loss 3.8733 train 0.1429 test 0.0738
epoch 13/200 loss 3.7773 train 0.1607 test 0.0838
epoch 14/200 loss 3.6739 train 0.1585 test 0.0827
epoch 15/200 loss 3.6247 train 0.1864 test 0.0802
epoch 16/200 loss 3.5403 train 0.1897 test 0.0933
epoch 17/200 loss 3.5133 train 0.1808 test 0.0861
epoch 18/200 loss 3.3805 train 0.2176 test 0.0978
epoch 19/200 loss 3.3184 train 0.2422 test 0.1007
epoch 20/200 loss 3.2658 train 0.2321 test 0.1094
epoch 21/200 loss 3.1735 train 0.2589 test 0.1074
epoch 22/200 loss 3.0882 train 0.2757 test 0.1027
epoch 23/200 loss 3.0077 train 0.2924 test 0.0981
epoch 24/200 loss 2.9356 train 0.2846 test 0.1133
epoch 25/200 loss 2.9218 train 0.2835 test 0.1044
epoch 26/200 loss 2.7527 train 0.3292 test 0.1045
epoch 27/200 loss 2.7527 train 0.3237 test 0.1120
epoch 28/200 loss 2.6524 train 0.3337 test 0.1224
epoch 29/200 loss 2.5107 train 0.3739 test 0.1152
epoch 30/200 loss 2.4308 train 0.3906 test 0.1243
epoch 31/200 loss 2.3852 train 0.4174 test 0.1273
epoch 32/200 loss 2.2540 train 0.4431 test 0.1245
epoch 33/200 loss 2.1739 train 0.4888 test 0.1230
epoch 34/200 loss 2.1138 train 0.4676 test 0.1251
epoch 35/200 loss 2.1349 train 0.4699 test 0.1260
epoch 36/200 loss 2.0524 train 0.4944 test 0.1143
epoch 37/200 loss 1.9308 train 0.5201 test 0.1247
epoch 38/200 loss 1.8433 train 0.5324 test 0.1348
epoch 39/200 loss 1.7632 train 0.5301 test 0.1241
epoch 40/200 loss 1.7571 train 0.5569 test 0.1239
epoch 41/200 loss 1.6589 train 0.6116 test 0.1383
epoch 42/200 loss 1.5734 train 0.6295 test 0.1328
epoch 43/200 loss 1.5790 train 0.6261 test 0.1357
epoch 44/200 loss 1.4782 train 0.6295 test 0.1190
epoch 45/200 loss 1.3973 train 0.6786 test 0.1328
epoch 46/200 loss 1.3332 train 0.6797 test 0.1257
epoch 47/200 loss 1.2401 train 0.7165 test 0.1295
epoch 48/200 loss 1.1026 train 0.7567 test 0.1392
epoch 49/200 loss 1.0379 train 0.7891 test 0.1376
epoch 50/200 loss 1.0523 train 0.7701 test 0.1413
epoch 51/200 loss 0.9048 train 0.8259 test 0.1445
epoch 52/200 loss 0.7839 train 0.8560 test 0.1403
epoch 53/200 loss 0.7290 train 0.8650 test 0.1473
epoch 54/200 loss 0.6770 train 0.8884 test 0.1327
epoch 55/200 loss 0.6744 train 0.8783 test 0.1481
epoch 56/200 loss 0.5707 train 0.9107 test 0.1413
epoch 57/200 loss 0.5692 train 0.9085 test 0.1375
epoch 58/200 loss 0.5780 train 0.8895 test 0.1411
epoch 59/200 loss 0.5221 train 0.9163 test 0.1514
epoch 60/200 loss 0.4580 train 0.9420 test 0.1433
epoch 61/200 loss 0.4312 train 0.9487 test 0.1424
epoch 62/200 loss 0.4202 train 0.9364 test 0.1449
epoch 63/200 loss 0.3736 train 0.9531 test 0.1542
epoch 64/200 loss 0.3557 train 0.9598 test 0.1498
epoch 65/200 loss 0.3120 train 0.9777 test 0.1523
epoch 66/200 loss 0.2716 train 0.9788 test 0.1495
epoch 67/200 loss 0.2838 train 0.9833 test 0.1427
epoch 68/200 loss 0.3180 train 0.9587 test 0.1520
epoch 69/200 loss 0.2698 train 0.9855 test 0.1471
epoch 70/200 loss 0.2636 train 0.9810 test 0.1484
epoch 71/200 loss 0.2186 train 0.9866 test 0.1512
epoch 72/200 loss 0.2171 train 0.9877 test 0.1587
epoch 73/200 loss 0.1897 train 0.9944 test 0.1573
epoch 74/200 loss 0.1718 train 0.9967 test 0.1553
epoch 75/200 loss 0.1634 train 0.9978 test 0.1590
epoch 76/200 loss 0.1467 train 1.0000 test 0.1631
epoch 77/200 loss 0.1470 train 1.0000 test 0.1610
epoch 78/200 loss 0.1302 train 1.0000 test 0.1671
epoch 79/200 loss 0.1285 train 0.9989 test 0.1675
epoch 80/200 loss 0.1219 train 0.9989 test 0.1665
epoch 81/200 loss 0.1193 train 1.0000 test 0.1649
epoch 82/200 loss 0.1117 train 1.0000 test 0.1657
epoch 83/200 loss 0.1088 train 1.0000 test 0.1645
epoch 84/200 loss 0.1168 train 1.0000 test 0.1652
epoch 85/200 loss 0.1071 train 1.0000 test 0.1641
epoch 86/200 loss 0.1036 train 1.0000 test 0.1655
epoch 87/200 loss 0.0998 train 1.0000 test 0.1665
epoch 88/200 loss 0.1044 train 1.0000 test 0.1652
epoch 89/200 loss 0.0966 train 1.0000 test 0.1634
epoch 90/200 loss 0.1020 train 1.0000 test 0.1650
epoch 91/200 loss 0.0989 train 1.0000 test 0.1664
epoch 92/200 loss 0.0988 train 1.0000 test 0.1660
epoch 93/200 loss 0.0957 train 1.0000 test 0.1665
epoch 94/200 loss 0.1015 train 1.0000 test 0.1682
epoch 95/200 loss 0.0971 train 1.0000 test 0.1678
epoch 96/200 loss 0.0909 train 1.0000 test 0.1692
epoch 97/200 loss 0.0879 train 1.0000 test 0.1683
epoch 98/200 loss 0.0914 train 1.0000 test 0.1668
epoch 99/200 loss 0.0897 train 1.0000 test 0.1660
epoch 100/200 loss 0.0826 train 1.0000 test 0.1663
epoch 101/200 loss 0.0851 train 1.0000 test 0.1680
epoch 102/200 loss 0.0900 train 1.0000 test 0.1692
epoch 103/200 loss 0.0881 train 1.0000 test 0.1695
epoch 104/200 loss 0.0862 train 1.0000 test 0.1697
epoch 105/200 loss 0.0790 train 1.0000 test 0.1695
epoch 106/200 loss 0.0771 train 1.0000 test 0.1688
epoch 107/200 loss 0.0803 train 1.0000 test 0.1690
epoch 108/200 loss 0.0867 train 1.0000 test 0.1687
epoch 109/200 loss 0.0846 train 1.0000 test 0.1710
epoch 110/200 loss 0.1010 train 1.0000 test 0.1687
epoch 111/200 loss 0.0872 train 1.0000 test 0.1671
epoch 112/200 loss 0.0819 train 1.0000 test 0.1690
epoch 113/200 loss 0.0822 train 1.0000 test 0.1673
epoch 114/200 loss 0.0771 train 1.0000 test 0.1684
epoch 115/200 loss 0.0742 train 1.0000 test 0.1699
epoch 116/200 loss 0.0723 train 1.0000 test 0.1720
epoch 117/200 loss 0.0715 train 1.0000 test 0.1704
epoch 118/200 loss 0.0760 train 1.0000 test 0.1696
epoch 119/200 loss 0.0789 train 1.0000 test 0.1691
epoch 120/200 loss 0.0738 train 1.0000 test 0.1693
epoch 121/200 loss 0.0721 train 1.0000 test 0.1697
epoch 122/200 loss 0.0740 train 1.0000 test 0.1698
epoch 123/200 loss 0.0761 train 1.0000 test 0.1690
epoch 124/200 loss 0.0735 train 1.0000 test 0.1688
epoch 125/200 loss 0.0720 train 1.0000 test 0.1691
epoch 126/200 loss 0.0718 train 1.0000 test 0.1678
epoch 127/200 loss 0.0826 train 1.0000 test 0.1699
epoch 128/200 loss 0.0701 train 1.0000 test 0.1704
epoch 129/200 loss 0.0713 train 1.0000 test 0.1694
epoch 130/200 loss 0.0773 train 1.0000 test 0.1711
epoch 131/200 loss 0.0727 train 1.0000 test 0.1691
epoch 132/200 loss 0.0732 train 1.0000 test 0.1688
epoch 133/200 loss 0.0720 train 1.0000 test 0.1695
epoch 134/200 loss 0.0692 train 1.0000 test 0.1696
epoch 135/200 loss 0.0677 train 1.0000 test 0.1687
epoch 136/200 loss 0.0697 train 1.0000 test 0.1697
epoch 137/200 loss 0.0666 train 1.0000 test 0.1696
epoch 138/200 loss 0.0672 train 1.0000 test 0.1696
epoch 139/200 loss 0.0698 train 1.0000 test 0.1691
epoch 140/200 loss 0.0684 train 1.0000 test 0.1685
epoch 141/200 loss 0.0648 train 1.0000 test 0.1680
epoch 142/200 loss 0.0728 train 1.0000 test 0.1687
epoch 143/200 loss 0.0641 train 1.0000 test 0.1695
epoch 144/200 loss 0.0672 train 1.0000 test 0.1677
epoch 145/200 loss 0.0673 train 1.0000 test 0.1677
epoch 146/200 loss 0.0626 train 1.0000 test 0.1672
epoch 147/200 loss 0.0671 train 1.0000 test 0.1688
epoch 148/200 loss 0.0673 train 1.0000 test 0.1694
epoch 149/200 loss 0.0649 train 1.0000 test 0.1675
epoch 150/200 loss 0.0641 train 1.0000 test 0.1687
epoch 151/200 loss 0.0631 train 1.0000 test 0.1685
epoch 152/200 loss 0.0661 train 1.0000 test 0.1694
epoch 153/200 loss 0.0652 train 1.0000 test 0.1692
epoch 154/200 loss 0.0702 train 1.0000 test 0.1687
epoch 155/200 loss 0.0652 train 1.0000 test 0.1689
epoch 156/200 loss 0.0678 train 1.0000 test 0.1688
epoch 157/200 loss 0.0655 train 1.0000 test 0.1683
epoch 158/200 loss 0.0629 train 1.0000 test 0.1680
epoch 159/200 loss 0.0625 train 1.0000 test 0.1698
epoch 160/200 loss 0.0636 train 1.0000 test 0.1693
epoch 161/200 loss 0.0636 train 1.0000 test 0.1681
epoch 162/200 loss 0.0611 train 1.0000 test 0.1683
epoch 163/200 loss 0.0615 train 1.0000 test 0.1694
epoch 164/200 loss 0.0651 train 1.0000 test 0.1687
epoch 165/200 loss 0.0613 train 1.0000 test 0.1689
epoch 166/200 loss 0.0602 train 1.0000 test 0.1691
epoch 167/200 loss 0.0635 train 1.0000 test 0.1689
epoch 168/200 loss 0.0619 train 1.0000 test 0.1688
epoch 169/200 loss 0.0634 train 1.0000 test 0.1687
epoch 170/200 loss 0.0614 train 1.0000 test 0.1704
epoch 171/200 loss 0.0629 train 1.0000 test 0.1701
epoch 172/200 loss 0.0655 train 1.0000 test 0.1700
epoch 173/200 loss 0.0666 train 1.0000 test 0.1715
epoch 174/200 loss 0.0619 train 1.0000 test 0.1707
epoch 175/200 loss 0.0603 train 1.0000 test 0.1696
epoch 176/200 loss 0.0670 train 1.0000 test 0.1697
epoch 177/200 loss 0.0631 train 1.0000 test 0.1696
epoch 178/200 loss 0.0606 train 1.0000 test 0.1700
epoch 179/200 loss 0.0620 train 1.0000 test 0.1709
epoch 180/200 loss 0.0603 train 1.0000 test 0.1709
epoch 181/200 loss 0.0618 train 1.0000 test 0.1706
epoch 182/200 loss 0.0637 train 1.0000 test 0.1704
epoch 183/200 loss 0.0619 train 1.0000 test 0.1710
epoch 184/200 loss 0.0609 train 1.0000 test 0.1703
epoch 185/200 loss 0.0647 train 1.0000 test 0.1696
epoch 186/200 loss 0.0616 train 1.0000 test 0.1700
epoch 187/200 loss 0.0629 train 1.0000 test 0.1707
epoch 188/200 loss 0.0638 train 1.0000 test 0.1713
epoch 189/200 loss 0.0635 train 1.0000 test 0.1696
epoch 190/200 loss 0.0620 train 1.0000 test 0.1703
epoch 191/200 loss 0.0636 train 1.0000 test 0.1697
epoch 192/200 loss 0.0602 train 1.0000 test 0.1692
epoch 193/200 loss 0.0612 train 1.0000 test 0.1698
epoch 194/200 loss 0.0604 train 1.0000 test 0.1699
epoch 195/200 loss 0.0645 train 1.0000 test 0.1706
epoch 196/200 loss 0.0583 train 1.0000 test 0.1702
epoch 197/200 loss 0.0631 train 1.0000 test 0.1699
epoch 198/200 loss 0.0613 train 1.0000 test 0.1689
epoch 199/200 loss 0.0585 train 1.0000 test 0.1701
epoch 200/200 loss 0.0602 train 1.0000 test 0.1702
done: final 0.1702 best 0.1720 -> ./runs/auxmag_2pct_l200/seed1
moment-aux target calibrated on 1024 images
[auxmag_2pct_l200 seed2] {"params_trainable": 11222188, "params_stem_trainable": 0, "params_stem_fixed_filters": 0, "flops_total": 556705792, "flops_stem": 0, "flops_image_size": 32}
epoch 1/200 loss 9.3757 train 0.0045 test 0.0154
epoch 2/200 loss 6.6512 train 0.0134 test 0.0183
epoch 3/200 loss 5.6257 train 0.0346 test 0.0307
epoch 4/200 loss 5.1142 train 0.0446 test 0.0417
epoch 5/200 loss 4.8377 train 0.0502 test 0.0409
epoch 6/200 loss 4.6110 train 0.0614 test 0.0534
epoch 7/200 loss 4.4279 train 0.0826 test 0.0628
epoch 8/200 loss 4.2968 train 0.1049 test 0.0659
epoch 9/200 loss 4.1601 train 0.1194 test 0.0754
epoch 10/200 loss 4.0756 train 0.1183 test 0.0729
epoch 11/200 loss 3.9058 train 0.1317 test 0.0768
epoch 12/200 loss 3.8070 train 0.1406 test 0.0841
epoch 13/200 loss 3.7323 train 0.1607 test 0.0798
epoch 14/200 loss 3.6627 train 0.1730 test 0.0890
epoch 15/200 loss 3.5632 train 0.1942 test 0.0884
epoch 16/200 loss 3.4851 train 0.2121 test 0.0885
epoch 17/200 loss 3.4568 train 0.1864 test 0.0971
epoch 18/200 loss 3.3294 train 0.2355 test 0.0984
epoch 19/200 loss 3.3051 train 0.2400 test 0.1000
epoch 20/200 loss 3.2199 train 0.2511 test 0.1109
epoch 21/200 loss 3.1054 train 0.2634 test 0.1171
epoch 22/200 loss 3.0197 train 0.2701 test 0.1151
epoch 23/200 loss 2.9886 train 0.2667 test 0.1175
epoch 24/200 loss 2.8973 train 0.3103 test 0.1012
epoch 25/200 loss 2.8365 train 0.3326 test 0.1170
epoch 26/200 loss 2.7977 train 0.3203 test 0.1288
epoch 27/200 loss 2.7161 train 0.3493 test 0.1138
epoch 28/200 loss 2.6023 train 0.3493 test 0.1100
epoch 29/200 loss 2.4720 train 0.3973 test 0.1240
epoch 30/200 loss 2.4372 train 0.4062 test 0.1276
epoch 31/200 loss 2.3619 train 0.4308 test 0.1174
epoch 32/200 loss 2.2628 train 0.4375 test 0.1207
epoch 33/200 loss 2.1600 train 0.4821 test 0.1074
epoch 34/200 loss 2.1409 train 0.4598 test 0.1144
epoch 35/200 loss 2.0501 train 0.4989 test 0.1241
epoch 36/200 loss 2.0146 train 0.5123 test 0.1186
epoch 37/200 loss 2.0483 train 0.5067 test 0.1274
epoch 38/200 loss 1.8621 train 0.5525 test 0.1342
epoch 39/200 loss 1.8004 train 0.5413 test 0.1193
epoch 40/200 loss 1.6886 train 0.5960 test 0.1273
epoch 41/200 loss 1.6687 train 0.5949 test 0.1348
epoch 42/200 loss 1.5411 train 0.6362 test 0.1329
epoch 43/200 loss 1.4723 train 0.6529 test 0.1248
epoch 44/200 loss 1.3691 train 0.6842 test 0.1280
epoch 45/200 loss 1.1983 train 0.7366 test 0.1417
epoch 46/200 loss 1.1706 train 0.7578 test 0.1352
epoch 47/200 loss 1.0810 train 0.7634 test 0.1372
epoch 48/200 loss 1.0071 train 0.8002 test 0.1290
epoch 49/200 loss 0.9880 train 0.7757 test 0.1387
epoch 50/200 loss 0.9015 train 0.8080 test 0.1361
epoch 51/200 loss 0.7871 train 0.8516 test 0.1408
epoch 52/200 loss 0.7280 train 0.8761 test 0.1387
epoch 53/200 loss 0.6866 train 0.8739 test 0.1441
epoch 54/200 loss 0.6456 train 0.8973 test 0.1542
epoch 55/200 loss 0.6123 train 0.8906 test 0.1503
epoch 56/200 loss 0.5636 train 0.9252 test 0.1494
epoch 57/200 loss 0.5254 train 0.9230 test 0.1408
epoch 58/200 loss 0.4767 train 0.9275 test 0.1488
epoch 59/200 loss 0.4404 train 0.9475 test 0.1424
epoch 60/200 loss 0.4429 train 0.9431 test 0.1490
epoch 61/200 loss 0.3811 train 0.9554 test 0.1449
epoch 62/200 loss 0.3681 train 0.9621 test 0.1483
epoch 63/200 loss 0.3430 train 0.9721 test 0.1590
epoch 64/200 loss 0.2863 train 0.9788 test 0.1480
epoch 65/200 loss 0.3187 train 0.9632 test 0.1455
epoch 66/200 loss 0.2665 train 0.9788 test 0.1566
epoch 67/200 loss 0.2695 train 0.9732 test 0.1548
epoch 68/200 loss 0.2344 train 0.9888 test 0.1538
epoch 69/200 loss 0.2271 train 0.9844 test 0.1601
epoch 70/200 loss 0.2052 train 0.9922 test 0.1576
epoch 71/200 loss 0.1882 train 0.9967 test 0.1575
epoch 72/200 loss 0.1817 train 0.9978 test 0.1628
epoch 73/200 loss 0.1604 train 1.0000 test 0.1667
epoch 74/200 loss 0.1520 train 0.9989 test 0.1665
epoch 75/200 loss 0.1416 train 0.9978 test 0.1661
epoch 76/200 loss 0.1315 train 1.0000 test 0.1674
epoch 77/200 loss 0.1384 train 1.0000 test 0.1636
epoch 78/200 loss 0.1340 train 0.9989 test 0.1685
epoch 79/200 loss 0.1287 train 0.9989 test 0.1687
epoch 80/200 loss 0.1237 train 1.0000 test 0.1693
epoch 81/200 loss 0.1229 train 0.9989 test 0.1689
epoch 82/200 loss 0.1150 train 1.0000 test 0.1712
epoch 83/200 loss 0.1112 train 1.0000 test 0.1725
epoch 84/200 loss 0.1109 train 1.0000 test 0.1729
epoch 85/200 loss 0.1133 train 1.0000 test 0.1718
epoch 86/200 loss 0.1124 train 1.0000 test 0.1697
epoch 87/200 loss 0.1007 train 1.0000 test 0.1686
epoch 88/200 loss 0.1027 train 1.0000 test 0.1698
epoch 89/200 loss 0.1016 train 1.0000 test 0.1713
epoch 90/200 loss 0.0981 train 1.0000 test 0.1723
epoch 91/200 loss 0.0999 train 1.0000 test 0.1741
epoch 92/200 loss 0.1004 train 1.0000 test 0.1726
epoch 93/200 loss 0.1023 train 1.0000 test 0.1717
epoch 94/200 loss 0.0948 train 1.0000 test 0.1738
epoch 95/200 loss 0.1008 train 1.0000 test 0.1704
epoch 96/200 loss 0.0999 train 1.0000 test 0.1728
epoch 97/200 loss 0.0980 train 1.0000 test 0.1729
epoch 98/200 loss 0.0957 train 1.0000 test 0.1729
epoch 99/200 loss 0.0918 train 1.0000 test 0.1746
epoch 100/200 loss 0.0926 train 1.0000 test 0.1762
epoch 101/200 loss 0.0945 train 1.0000 test 0.1725
epoch 102/200 loss 0.0897 train 1.0000 test 0.1732
epoch 103/200 loss 0.0894 train 1.0000 test 0.1752
epoch 104/200 loss 0.0898 train 1.0000 test 0.1762
epoch 105/200 loss 0.0948 train 1.0000 test 0.1729
epoch 106/200 loss 0.0897 train 1.0000 test 0.1745
epoch 107/200 loss 0.0890 train 1.0000 test 0.1741
epoch 108/200 loss 0.0902 train 1.0000 test 0.1740
epoch 109/200 loss 0.0879 train 1.0000 test 0.1754
epoch 110/200 loss 0.0840 train 1.0000 test 0.1724
epoch 111/200 loss 0.0842 train 1.0000 test 0.1749
epoch 112/200 loss 0.0812 train 1.0000 test 0.1749
epoch 113/200 loss 0.0808 train 1.0000 test 0.1760
epoch 114/200 loss 0.0794 train 1.0000 test 0.1765
epoch 115/200 loss 0.0776 train 1.0000 test 0.1753
epoch 116/200 loss 0.0775 train 1.0000 test 0.1740
epoch 117/200 loss 0.0789 train 1.0000 test 0.1747
epoch 118/200 loss 0.0823 train 1.0000 test 0.1746
epoch 119/200 loss 0.0862 train 1.0000 test 0.1743
epoch 120/200 loss 0.0808 train 1.0000 test 0.1764
epoch 121/200 loss 0.0827 train 1.0000 test 0.1757
epoch 122/200 loss 0.0851 train 1.0000 test 0.1740
epoch 123/200 loss 0.0915 train 1.0000 test 0.1731
epoch 124/200 loss 0.0816 train 1.0000 test 0.1743
epoch 125/200 loss 0.0772 train 1.0000 test 0.1769
epoch 126/200 loss 0.0813 train 1.0000 test 0.1754
epoch 127/200 loss 0.0741 train 1.0000 test 0.1753
epoch 128/200 loss 0.0764 train 1.0000 test 0.1744
epoch 129/200 loss 0.0753 train 1.0000 test 0.1756
epoch 130/200 loss 0.0743 train 1.0000 test 0.1745
epoch 131/200 loss 0.0742 train 1.0000 test 0.1750
epoch 132/200 loss 0.0798 train 1.0000 test 0.1752
epoch 133/200 loss 0.0759 train 1.0000 test 0.1741
epoch 134/200 loss 0.0710 train 1.0000 test 0.1772
epoch 135/200 loss 0.0721 train 1.0000 test 0.1773
epoch 136/200 loss 0.0729 train 1.0000 test 0.1774
epoch 137/200 loss 0.0723 train 1.0000 test 0.1747
epoch 138/200 loss 0.0811 train 1.0000 test 0.1744
epoch 139/200 loss 0.0724 train 1.0000 test 0.1747
epoch 140/200 loss 0.0751 train 1.0000 test 0.1747
epoch 141/200 loss 0.0700 train 1.0000 test 0.1755
epoch 142/200 loss 0.0725 train 1.0000 test 0.1739
epoch 143/200 loss 0.0699 train 1.0000 test 0.1725
epoch 144/200 loss 0.0695 train 1.0000 test 0.1738
epoch 145/200 loss 0.0685 train 1.0000 test 0.1754
epoch 146/200 loss 0.0700 train 1.0000 test 0.1748
epoch 147/200 loss 0.0682 train 1.0000 test 0.1757
epoch 148/200 loss 0.0681 train 1.0000 test 0.1762
epoch 149/200 loss 0.0643 train 1.0000 test 0.1769
epoch 150/200 loss 0.0687 train 1.0000 test 0.1766
epoch 151/200 loss 0.0664 train 1.0000 test 0.1765
epoch 152/200 loss 0.0692 train 1.0000 test 0.1757
epoch 153/200 loss 0.0676 train 1.0000 test 0.1751
epoch 154/200 loss 0.0668 train 1.0000 test 0.1763
epoch 155/200 loss 0.0700 train 1.0000 test 0.1757
epoch 156/200 loss 0.0669 train 1.0000 test 0.1764
epoch 157/200 loss 0.0699 train 1.0000 test 0.1755
epoch 158/200 loss 0.0656 train 1.0000 test 0.1761
epoch 159/200 loss 0.0647 train 1.0000 test 0.1760
epoch 160/200 loss 0.0651 train 1.0000 test 0.1751
epoch 161/200 loss 0.0674 train 1.0000 test 0.1770
epoch 162/200 loss 0.0674 train 1.0000 test 0.1766
epoch 163/200 loss 0.0674 train 1.0000 test 0.1760
epoch 164/200 loss 0.0702 train 1.0000 test 0.1753
epoch 165/200 loss 0.0679 train 1.0000 test 0.1768
epoch 166/200 loss 0.0645 train 1.0000 test 0.1770
epoch 167/200 loss 0.0657 train 1.0000 test 0.1773
epoch 168/200 loss 0.0644 train 1.0000 test 0.1767
epoch 169/200 loss 0.0657 train 1.0000 test 0.1767
epoch 170/200 loss 0.0693 train 1.0000 test 0.1762
epoch 171/200 loss 0.0648 train 1.0000 test 0.1766
epoch 172/200 loss 0.0656 train 1.0000 test 0.1765
epoch 173/200 loss 0.0666 train 1.0000 test 0.1770
epoch 174/200 loss 0.0641 train 1.0000 test 0.1778
epoch 175/200 loss 0.0657 train 1.0000 test 0.1763
epoch 176/200 loss 0.0660 train 1.0000 test 0.1764
epoch 177/200 loss 0.0636 train 1.0000 test 0.1765
epoch 178/200 loss 0.0660 train 1.0000 test 0.1757
epoch 179/200 loss 0.0622 train 1.0000 test 0.1763
epoch 180/200 loss 0.0659 train 1.0000 test 0.1754
epoch 181/200 loss 0.0661 train 1.0000 test 0.1767
epoch 182/200 loss 0.0654 train 1.0000 test 0.1764
epoch 183/200 loss 0.0659 train 1.0000 test 0.1777
epoch 184/200 loss 0.0636 train 1.0000 test 0.1764
epoch 185/200 loss 0.0662 train 1.0000 test 0.1771
epoch 186/200 loss 0.0649 train 1.0000 test 0.1773
epoch 187/200 loss 0.0676 train 1.0000 test 0.1770
epoch 188/200 loss 0.0666 train 1.0000 test 0.1780
epoch 189/200 loss 0.0641 train 1.0000 test 0.1777
epoch 190/200 loss 0.0648 train 1.0000 test 0.1765
epoch 191/200 loss 0.0646 train 1.0000 test 0.1763
epoch 192/200 loss 0.0643 train 1.0000 test 0.1772
epoch 193/200 loss 0.0656 train 1.0000 test 0.1772
epoch 194/200 loss 0.0636 train 1.0000 test 0.1769
epoch 195/200 loss 0.0647 train 1.0000 test 0.1763
epoch 196/200 loss 0.0667 train 1.0000 test 0.1775
epoch 197/200 loss 0.0676 train 1.0000 test 0.1769
epoch 198/200 loss 0.0649 train 1.0000 test 0.1770
epoch 199/200 loss 0.0641 train 1.0000 test 0.1766
epoch 200/200 loss 0.0640 train 1.0000 test 0.1769
done: final 0.1769 best 0.1780 -> ./runs/auxmag_2pct_l200/seed2
AUXLOWLAM_auxmag_2pct_l200_DONE
AUXLOWLAM_COMPLETE
