moment-aux target calibrated on 1024 images
[auxrand_5pct_l30 seed0] {"params_trainable": 11222445, "params_stem_trainable": 0, "params_stem_fixed_filters": 0, "flops_total": 556705792, "flops_stem": 0, "flops_image_size": 32}
epoch 1/200 loss 4.7423 train 0.0251 test 0.0446
epoch 2/200 loss 4.4111 train 0.0514 test 0.0575
epoch 3/200 loss 4.2577 train 0.0740 test 0.0611
epoch 4/200 loss 4.0930 train 0.0863 test 0.0748
epoch 5/200 loss 3.9970 train 0.0942 test 0.0859
epoch 6/200 loss 3.9318 train 0.0970 test 0.0894
epoch 7/200 loss 3.7982 train 0.1242 test 0.0882
epoch 8/200 loss 3.7163 train 0.1271 test 0.0898
epoch 9/200 loss 3.6470 train 0.1262 test 0.0933
epoch 10/200 loss 3.6113 train 0.1501 test 0.0901
epoch 11/200 loss 3.5814 train 0.1517 test 0.1001
epoch 12/200 loss 3.4607 train 0.1567 test 0.1055
epoch 13/200 loss 3.3950 train 0.1608 test 0.1172
epoch 14/200 loss 3.3163 train 0.1896 test 0.1274
epoch 15/200 loss 3.2698 train 0.1965 test 0.1318
epoch 16/200 loss 3.1762 train 0.2138 test 0.1233
epoch 17/200 loss 3.1593 train 0.2064 test 0.1233
epoch 18/200 loss 3.1073 train 0.2237 test 0.1307
epoch 19/200 loss 3.0100 train 0.2459 test 0.1477
epoch 20/200 loss 2.9277 train 0.2471 test 0.1411
epoch 21/200 loss 2.8781 train 0.2718 test 0.1330
epoch 22/200 loss 2.8300 train 0.2784 test 0.1510
epoch 23/200 loss 2.7231 train 0.2932 test 0.1428
epoch 24/200 loss 2.6793 train 0.3051 test 0.1491
epoch 25/200 loss 2.5570 train 0.3302 test 0.1582
epoch 26/200 loss 2.5293 train 0.3470 test 0.1529
epoch 27/200 loss 2.4243 train 0.3668 test 0.1529
epoch 28/200 loss 2.3787 train 0.3544 test 0.1779
epoch 29/200 loss 2.3179 train 0.3803 test 0.1687
epoch 30/200 loss 2.2932 train 0.3750 test 0.1548
epoch 31/200 loss 2.1623 train 0.4075 test 0.1671
epoch 32/200 loss 2.0609 train 0.4375 test 0.1683
epoch 33/200 loss 2.0012 train 0.4478 test 0.1558
epoch 34/200 loss 1.8611 train 0.4905 test 0.1777
epoch 35/200 loss 1.7390 train 0.5206 test 0.1702
epoch 36/200 loss 1.7236 train 0.5070 test 0.1674
epoch 37/200 loss 1.6187 train 0.5424 test 0.1855
epoch 38/200 loss 1.4663 train 0.5810 test 0.1850
epoch 39/200 loss 1.4242 train 0.5933 test 0.1484
epoch 40/200 loss 1.3765 train 0.6061 test 0.1767
epoch 41/200 loss 1.2478 train 0.6394 test 0.1668
epoch 42/200 loss 1.1503 train 0.6657 test 0.1767
epoch 43/200 loss 1.0355 train 0.7064 test 0.1765
epoch 44/200 loss 1.0841 train 0.6850 test 0.1800
epoch 45/200 loss 0.9904 train 0.7097 test 0.1686
epoch 46/200 loss 0.8681 train 0.7603 test 0.1696
epoch 47/200 loss 0.7907 train 0.7751 test 0.1900
epoch 48/200 loss 0.6667 train 0.8162 test 0.1801
epoch 49/200 loss 0.6026 train 0.8347 test 0.1879
epoch 50/200 loss 0.5490 train 0.8528 test 0.1869
epoch 51/200 loss 0.5144 train 0.8664 test 0.1839
epoch 52/200 loss 0.4504 train 0.8898 test 0.2024
epoch 53/200 loss 0.4140 train 0.8914 test 0.1896
epoch 54/200 loss 0.4054 train 0.8964 test 0.1997
epoch 55/200 loss 0.3869 train 0.8993 test 0.1909
epoch 56/200 loss 0.3583 train 0.9062 test 0.1869
epoch 57/200 loss 0.3442 train 0.9145 test 0.2076
epoch 58/200 loss 0.2728 train 0.9412 test 0.1938
epoch 59/200 loss 0.2605 train 0.9441 test 0.2059
epoch 60/200 loss 0.2330 train 0.9490 test 0.2039
epoch 61/200 loss 0.1986 train 0.9568 test 0.2089
epoch 62/200 loss 0.1705 train 0.9659 test 0.2065
epoch 63/200 loss 0.1400 train 0.9749 test 0.2190
epoch 64/200 loss 0.1179 train 0.9827 test 0.2106
epoch 65/200 loss 0.1044 train 0.9856 test 0.2176
epoch 66/200 loss 0.0902 train 0.9901 test 0.2225
epoch 67/200 loss 0.0777 train 0.9897 test 0.2230
epoch 68/200 loss 0.0649 train 0.9938 test 0.2309
epoch 69/200 loss 0.0578 train 0.9955 test 0.2212
epoch 70/200 loss 0.0526 train 0.9971 test 0.2251
epoch 71/200 loss 0.0436 train 0.9975 test 0.2294
epoch 72/200 loss 0.0401 train 0.9979 test 0.2287
epoch 73/200 loss 0.0342 train 1.0000 test 0.2357
epoch 74/200 loss 0.0320 train 0.9992 test 0.2373
epoch 75/200 loss 0.0329 train 0.9984 test 0.2369
epoch 76/200 loss 0.0298 train 0.9988 test 0.2349
epoch 77/200 loss 0.0281 train 1.0000 test 0.2387
epoch 78/200 loss 0.0259 train 1.0000 test 0.2388
epoch 79/200 loss 0.0260 train 1.0000 test 0.2399
epoch 80/200 loss 0.0247 train 1.0000 test 0.2382
epoch 81/200 loss 0.0243 train 1.0000 test 0.2374
epoch 82/200 loss 0.0246 train 1.0000 test 0.2393
epoch 83/200 loss 0.0261 train 0.9996 test 0.2403
epoch 84/200 loss 0.0240 train 0.9996 test 0.2395
epoch 85/200 loss 0.0244 train 1.0000 test 0.2376
epoch 86/200 loss 0.0235 train 1.0000 test 0.2393
epoch 87/200 loss 0.0229 train 1.0000 test 0.2412
epoch 88/200 loss 0.0224 train 1.0000 test 0.2421
epoch 89/200 loss 0.0221 train 1.0000 test 0.2448
epoch 90/200 loss 0.0209 train 1.0000 test 0.2435
epoch 91/200 loss 0.0220 train 1.0000 test 0.2440
epoch 92/200 loss 0.0206 train 1.0000 test 0.2418
epoch 93/200 loss 0.0209 train 1.0000 test 0.2419
epoch 94/200 loss 0.0215 train 1.0000 test 0.2418
epoch 95/200 loss 0.0210 train 1.0000 test 0.2413
epoch 96/200 loss 0.0216 train 1.0000 test 0.2422
epoch 97/200 loss 0.0204 train 1.0000 test 0.2432
epoch 98/200 loss 0.0211 train 1.0000 test 0.2445
epoch 99/200 loss 0.0208 train 1.0000 test 0.2436
epoch 100/200 loss 0.0210 train 1.0000 test 0.2441
epoch 101/200 loss 0.0216 train 1.0000 test 0.2459
epoch 102/200 loss 0.0209 train 1.0000 test 0.2435
epoch 103/200 loss 0.0205 train 1.0000 test 0.2445
epoch 104/200 loss 0.0190 train 1.0000 test 0.2446
epoch 105/200 loss 0.0201 train 1.0000 test 0.2446
epoch 106/200 loss 0.0204 train 1.0000 test 0.2457
epoch 107/200 loss 0.0195 train 1.0000 test 0.2448
epoch 108/200 loss 0.0210 train 0.9992 test 0.2430
epoch 109/200 loss 0.0298 train 0.9975 test 0.2409
epoch 110/200 loss 0.0335 train 0.9959 test 0.2363
epoch 111/200 loss 0.0308 train 0.9992 test 0.2420
epoch 112/200 loss 0.0234 train 1.0000 test 0.2453
epoch 113/200 loss 0.0213 train 1.0000 test 0.2454
epoch 114/200 loss 0.0201 train 1.0000 test 0.2477
epoch 115/200 loss 0.0196 train 1.0000 test 0.2457
epoch 116/200 loss 0.0185 train 1.0000 test 0.2464
epoch 117/200 loss 0.0187 train 1.0000 test 0.2453
epoch 118/200 loss 0.0182 train 1.0000 test 0.2465
epoch 119/200 loss 0.0186 train 1.0000 test 0.2477
epoch 120/200 loss 0.0193 train 1.0000 test 0.2461
epoch 121/200 loss 0.0188 train 1.0000 test 0.2467
epoch 122/200 loss 0.0190 train 1.0000 test 0.2487
epoch 123/200 loss 0.0182 train 1.0000 test 0.2469
epoch 124/200 loss 0.0194 train 1.0000 test 0.2494
epoch 125/200 loss 0.0179 train 1.0000 test 0.2477
epoch 126/200 loss 0.0186 train 1.0000 test 0.2469
epoch 127/200 loss 0.0178 train 1.0000 test 0.2471
epoch 128/200 loss 0.0182 train 1.0000 test 0.2483
epoch 129/200 loss 0.0176 train 1.0000 test 0.2485
epoch 130/200 loss 0.0177 train 1.0000 test 0.2494
epoch 131/200 loss 0.0176 train 1.0000 test 0.2496
epoch 132/200 loss 0.0181 train 1.0000 test 0.2493
epoch 133/200 loss 0.0179 train 1.0000 test 0.2496
epoch 134/200 loss 0.0173 train 1.0000 test 0.2480
epoch 135/200 loss 0.0167 train 1.0000 test 0.2473
epoch 136/200 loss 0.0174 train 1.0000 test 0.2469
epoch 137/200 loss 0.0161 train 1.0000 test 0.2477
epoch 138/200 loss 0.0169 train 1.0000 test 0.2469
epoch 139/200 loss 0.0172 train 1.0000 test 0.2468
epoch 140/200 loss 0.0163 train 1.0000 test 0.2473
epoch 141/200 loss 0.0166 train 1.0000 test 0.2478
epoch 142/200 loss 0.0165 train 1.0000 test 0.2487
epoch 143/200 loss 0.0170 train 1.0000 test 0.2490
epoch 144/200 loss 0.0165 train 1.0000 test 0.2497
epoch 145/200 loss 0.0171 train 1.0000 test 0.2492
epoch 146/200 loss 0.0175 train 1.0000 test 0.2489
epoch 147/200 loss 0.0164 train 1.0000 test 0.2477
epoch 148/200 loss 0.0166 train 1.0000 test 0.2482
epoch 149/200 loss 0.0159 train 1.0000 test 0.2493
epoch 150/200 loss 0.0166 train 1.0000 test 0.2493
epoch 151/200 loss 0.0166 train 1.0000 test 0.2487
epoch 152/200 loss 0.0165 train 1.0000 test 0.2497
epoch 153/200 loss 0.0161 train 1.0000 test 0.2488
epoch 154/200 loss 0.0168 train 1.0000 test 0.2485
epoch 155/200 loss 0.0159 train 1.0000 test 0.2487
epoch 156/200 loss 0.0161 train 1.0000 test 0.2492
epoch 157/200 loss 0.0159 train 1.0000 test 0.2483
epoch 158/200 loss 0.0158 train 1.0000 test 0.2487
epoch 159/200 loss 0.0158 train 1.0000 test 0.2488
epoch 160/200 loss 0.0156 train 1.0000 test 0.2489
epoch 161/200 loss 0.0152 train 1.0000 test 0.2504
epoch 162/200 loss 0.0158 train 1.0000 test 0.2498
epoch 163/200 loss 0.0158 train 1.0000 test 0.2494
epoch 164/200 loss 0.0157 train 1.0000 test 0.2489
epoch 165/200 loss 0.0158 train 1.0000 test 0.2491
epoch 166/200 loss 0.0158 train 1.0000 test 0.2500
epoch 167/200 loss 0.0165 train 1.0000 test 0.2499
epoch 168/200 loss 0.0155 train 1.0000 test 0.2486
epoch 169/200 loss 0.0161 train 1.0000 test 0.2505
epoch 170/200 loss 0.0159 train 1.0000 test 0.2490
epoch 171/200 loss 0.0150 train 1.0000 test 0.2491
epoch 172/200 loss 0.0158 train 1.0000 test 0.2494
epoch 173/200 loss 0.0163 train 1.0000 test 0.2498
epoch 174/200 loss 0.0160 train 1.0000 test 0.2493
epoch 175/200 loss 0.0156 train 1.0000 test 0.2499
epoch 176/200 loss 0.0157 train 1.0000 test 0.2497
epoch 177/200 loss 0.0155 train 1.0000 test 0.2505
epoch 178/200 loss 0.0154 train 1.0000 test 0.2497
epoch 179/200 loss 0.0156 train 1.0000 test 0.2497
epoch 180/200 loss 0.0153 train 1.0000 test 0.2495
epoch 181/200 loss 0.0156 train 1.0000 test 0.2502
epoch 182/200 loss 0.0154 train 1.0000 test 0.2498
epoch 183/200 loss 0.0160 train 1.0000 test 0.2491
epoch 184/200 loss 0.0152 train 1.0000 test 0.2509
epoch 185/200 loss 0.0156 train 1.0000 test 0.2508
epoch 186/200 loss 0.0153 train 1.0000 test 0.2502
epoch 187/200 loss 0.0159 train 1.0000 test 0.2508
epoch 188/200 loss 0.0157 train 1.0000 test 0.2497
epoch 189/200 loss 0.0156 train 1.0000 test 0.2506
epoch 190/200 loss 0.0154 train 1.0000 test 0.2492
epoch 191/200 loss 0.0151 train 1.0000 test 0.2499
epoch 192/200 loss 0.0151 train 1.0000 test 0.2498
epoch 193/200 loss 0.0156 train 1.0000 test 0.2501
epoch 194/200 loss 0.0159 train 1.0000 test 0.2495
epoch 195/200 loss 0.0158 train 1.0000 test 0.2492
epoch 196/200 loss 0.0161 train 1.0000 test 0.2495
epoch 197/200 loss 0.0158 train 1.0000 test 0.2499
epoch 198/200 loss 0.0154 train 1.0000 test 0.2492
epoch 199/200 loss 0.0153 train 1.0000 test 0.2503
epoch 200/200 loss 0.0158 train 1.0000 test 0.2498
done: final 0.2498 best 0.2509 -> ./runs/auxrand_5pct_l30/seed0
moment-aux target calibrated on 1024 images
[auxrand_5pct_l30 seed1] {"params_trainable": 11222445, "params_stem_trainable": 0, "params_stem_fixed_filters": 0, "flops_total": 556705792, "flops_stem": 0, "flops_image_size": 32}
epoch 1/200 loss 4.7313 train 0.0197 test 0.0419
epoch 2/200 loss 4.4194 train 0.0514 test 0.0543
epoch 3/200 loss 4.2435 train 0.0711 test 0.0721
epoch 4/200 loss 4.1030 train 0.0761 test 0.0741
epoch 5/200 loss 4.0522 train 0.0925 test 0.0788
epoch 6/200 loss 3.9078 train 0.1049 test 0.0950
epoch 7/200 loss 3.8153 train 0.1110 test 0.0899
epoch 8/200 loss 3.7406 train 0.1168 test 0.0974
epoch 9/200 loss 3.6713 train 0.1299 test 0.1003
epoch 10/200 loss 3.5919 train 0.1439 test 0.1063
epoch 11/200 loss 3.5238 train 0.1410 test 0.1071
epoch 12/200 loss 3.4578 train 0.1624 test 0.1160
epoch 13/200 loss 3.3877 train 0.1756 test 0.1126
epoch 14/200 loss 3.3563 train 0.1822 test 0.1148
epoch 15/200 loss 3.2632 train 0.1896 test 0.1306
epoch 16/200 loss 3.1955 train 0.2167 test 0.1306
epoch 17/200 loss 3.1128 train 0.2344 test 0.1278
epoch 18/200 loss 3.0778 train 0.2319 test 0.1328
epoch 19/200 loss 3.0196 train 0.2471 test 0.1360
epoch 20/200 loss 2.9190 train 0.2578 test 0.1446
epoch 21/200 loss 2.8787 train 0.2627 test 0.1486
epoch 22/200 loss 2.8077 train 0.2775 test 0.1471
epoch 23/200 loss 2.7208 train 0.2928 test 0.1454
epoch 24/200 loss 2.6301 train 0.3014 test 0.1546
epoch 25/200 loss 2.5751 train 0.3252 test 0.1515
epoch 26/200 loss 2.5364 train 0.3425 test 0.1563
epoch 27/200 loss 2.4401 train 0.3532 test 0.1614
epoch 28/200 loss 2.3450 train 0.3668 test 0.1670
epoch 29/200 loss 2.2868 train 0.3775 test 0.1668
epoch 30/200 loss 2.2281 train 0.3824 test 0.1707
epoch 31/200 loss 2.1400 train 0.4219 test 0.1612
epoch 32/200 loss 2.0411 train 0.4326 test 0.1482
epoch 33/200 loss 1.9261 train 0.4572 test 0.1586
epoch 34/200 loss 1.8618 train 0.4770 test 0.1759
epoch 35/200 loss 1.7300 train 0.5210 test 0.1796
epoch 36/200 loss 1.7001 train 0.5206 test 0.1730
epoch 37/200 loss 1.6010 train 0.5391 test 0.1750
epoch 38/200 loss 1.5438 train 0.5650 test 0.1710
epoch 39/200 loss 1.5057 train 0.5715 test 0.1729
epoch 40/200 loss 1.3842 train 0.6094 test 0.1822
epoch 41/200 loss 1.1910 train 0.6661 test 0.1730
epoch 42/200 loss 1.0800 train 0.6887 test 0.1821
epoch 43/200 loss 1.0446 train 0.7068 test 0.1804
epoch 44/200 loss 1.0531 train 0.6813 test 0.1837
epoch 45/200 loss 0.9391 train 0.7331 test 0.1829
epoch 46/200 loss 0.8791 train 0.7360 test 0.1801
epoch 47/200 loss 0.7460 train 0.7998 test 0.1995
epoch 48/200 loss 0.6143 train 0.8306 test 0.1811
epoch 49/200 loss 0.5439 train 0.8594 test 0.1835
epoch 50/200 loss 0.4973 train 0.8750 test 0.2033
epoch 51/200 loss 0.4575 train 0.8808 test 0.1996
epoch 52/200 loss 0.4291 train 0.8877 test 0.1960
epoch 53/200 loss 0.3819 train 0.9050 test 0.1894
epoch 54/200 loss 0.3772 train 0.8972 test 0.2047
epoch 55/200 loss 0.3836 train 0.9083 test 0.1894
epoch 56/200 loss 0.3632 train 0.9128 test 0.2012
epoch 57/200 loss 0.2897 train 0.9330 test 0.1994
epoch 58/200 loss 0.3075 train 0.9235 test 0.1962
epoch 59/200 loss 0.2662 train 0.9433 test 0.2085
epoch 60/200 loss 0.2327 train 0.9482 test 0.2134
epoch 61/200 loss 0.1915 train 0.9597 test 0.2161
epoch 62/200 loss 0.1703 train 0.9659 test 0.2136
epoch 63/200 loss 0.1463 train 0.9745 test 0.2147
epoch 64/200 loss 0.1261 train 0.9811 test 0.2187
epoch 65/200 loss 0.1125 train 0.9831 test 0.2238
epoch 66/200 loss 0.1052 train 0.9860 test 0.2144
epoch 67/200 loss 0.0917 train 0.9897 test 0.2168
epoch 68/200 loss 0.0861 train 0.9885 test 0.2299
epoch 69/200 loss 0.0758 train 0.9893 test 0.2173
epoch 70/200 loss 0.0643 train 0.9934 test 0.2276
epoch 71/200 loss 0.0651 train 0.9938 test 0.2339
epoch 72/200 loss 0.0548 train 0.9955 test 0.2327
epoch 73/200 loss 0.0553 train 0.9959 test 0.2388
epoch 74/200 loss 0.0429 train 0.9967 test 0.2340
epoch 75/200 loss 0.0391 train 0.9971 test 0.2432
epoch 76/200 loss 0.0390 train 0.9959 test 0.2426
epoch 77/200 loss 0.0395 train 0.9959 test 0.2376
epoch 78/200 loss 0.0365 train 0.9975 test 0.2451
epoch 79/200 loss 0.0308 train 0.9996 test 0.2401
epoch 80/200 loss 0.0283 train 0.9992 test 0.2459
epoch 81/200 loss 0.0286 train 0.9996 test 0.2473
epoch 82/200 loss 0.0249 train 0.9996 test 0.2474
epoch 83/200 loss 0.0263 train 0.9996 test 0.2481
epoch 84/200 loss 0.0253 train 0.9992 test 0.2467
epoch 85/200 loss 0.0232 train 1.0000 test 0.2470
epoch 86/200 loss 0.0236 train 1.0000 test 0.2478
epoch 87/200 loss 0.0218 train 1.0000 test 0.2471
epoch 88/200 loss 0.0226 train 1.0000 test 0.2488
epoch 89/200 loss 0.0234 train 0.9992 test 0.2473
epoch 90/200 loss 0.0213 train 1.0000 test 0.2454
epoch 91/200 loss 0.0221 train 1.0000 test 0.2477
epoch 92/200 loss 0.0227 train 0.9996 test 0.2460
epoch 93/200 loss 0.0210 train 1.0000 test 0.2501
epoch 94/200 loss 0.0205 train 1.0000 test 0.2489
epoch 95/200 loss 0.0195 train 1.0000 test 0.2466
epoch 96/200 loss 0.0197 train 1.0000 test 0.2474
epoch 97/200 loss 0.0197 train 1.0000 test 0.2496
epoch 98/200 loss 0.0198 train 1.0000 test 0.2498
epoch 99/200 loss 0.0195 train 1.0000 test 0.2480
epoch 100/200 loss 0.0196 train 1.0000 test 0.2499
epoch 101/200 loss 0.0190 train 1.0000 test 0.2499
epoch 102/200 loss 0.0203 train 1.0000 test 0.2491
epoch 103/200 loss 0.0188 train 1.0000 test 0.2483
epoch 104/200 loss 0.0185 train 1.0000 test 0.2489
epoch 105/200 loss 0.0182 train 1.0000 test 0.2520
epoch 106/200 loss 0.0186 train 1.0000 test 0.2527
epoch 107/200 loss 0.0196 train 1.0000 test 0.2507
epoch 108/200 loss 0.0189 train 0.9996 test 0.2505
epoch 109/200 loss 0.0186 train 1.0000 test 0.2530
epoch 110/200 loss 0.0183 train 1.0000 test 0.2523
epoch 111/200 loss 0.0177 train 1.0000 test 0.2525
epoch 112/200 loss 0.0177 train 1.0000 test 0.2526
epoch 113/200 loss 0.0182 train 1.0000 test 0.2528
epoch 114/200 loss 0.0187 train 1.0000 test 0.2530
epoch 115/200 loss 0.0174 train 1.0000 test 0.2528
epoch 116/200 loss 0.0180 train 1.0000 test 0.2513
epoch 117/200 loss 0.0181 train 1.0000 test 0.2521
epoch 118/200 loss 0.0185 train 1.0000 test 0.2521
epoch 119/200 loss 0.0173 train 1.0000 test 0.2496
epoch 120/200 loss 0.0184 train 1.0000 test 0.2536
epoch 121/200 loss 0.0170 train 1.0000 test 0.2518
epoch 122/200 loss 0.0170 train 1.0000 test 0.2532
epoch 123/200 loss 0.0185 train 1.0000 test 0.2549
epoch 124/200 loss 0.0178 train 1.0000 test 0.2548
epoch 125/200 loss 0.0180 train 1.0000 test 0.2542
epoch 126/200 loss 0.0168 train 1.0000 test 0.2524
epoch 127/200 loss 0.0171 train 1.0000 test 0.2542
epoch 128/200 loss 0.0168 train 1.0000 test 0.2532
epoch 129/200 loss 0.0172 train 1.0000 test 0.2550
epoch 130/200 loss 0.0171 train 1.0000 test 0.2555
epoch 131/200 loss 0.0166 train 1.0000 test 0.2554
epoch 132/200 loss 0.0169 train 1.0000 test 0.2540
epoch 133/200 loss 0.0164 train 1.0000 test 0.2527
epoch 134/200 loss 0.0166 train 1.0000 test 0.2531
epoch 135/200 loss 0.0173 train 1.0000 test 0.2550
epoch 136/200 loss 0.0166 train 1.0000 test 0.2549
epoch 137/200 loss 0.0166 train 1.0000 test 0.2548
epoch 138/200 loss 0.0162 train 1.0000 test 0.2555
epoch 139/200 loss 0.0158 train 1.0000 test 0.2552
epoch 140/200 loss 0.0163 train 1.0000 test 0.2554
epoch 141/200 loss 0.0160 train 1.0000 test 0.2561
epoch 142/200 loss 0.0165 train 1.0000 test 0.2550
epoch 143/200 loss 0.0170 train 1.0000 test 0.2546
epoch 144/200 loss 0.0162 train 1.0000 test 0.2550
epoch 145/200 loss 0.0163 train 1.0000 test 0.2555
epoch 146/200 loss 0.0165 train 1.0000 test 0.2562
epoch 147/200 loss 0.0156 train 1.0000 test 0.2555
epoch 148/200 loss 0.0174 train 1.0000 test 0.2539
epoch 149/200 loss 0.0162 train 1.0000 test 0.2548
epoch 150/200 loss 0.0164 train 1.0000 test 0.2532
epoch 151/200 loss 0.0164 train 1.0000 test 0.2533
epoch 152/200 loss 0.0157 train 1.0000 test 0.2551
epoch 153/200 loss 0.0154 train 1.0000 test 0.2547
epoch 154/200 loss 0.0161 train 1.0000 test 0.2558
epoch 155/200 loss 0.0165 train 1.0000 test 0.2546
epoch 156/200 loss 0.0161 train 1.0000 test 0.2544
epoch 157/200 loss 0.0153 train 1.0000 test 0.2559
epoch 158/200 loss 0.0153 train 1.0000 test 0.2546
epoch 159/200 loss 0.0164 train 1.0000 test 0.2535
epoch 160/200 loss 0.0153 train 1.0000 test 0.2556
epoch 161/200 loss 0.0152 train 1.0000 test 0.2540
epoch 162/200 loss 0.0156 train 1.0000 test 0.2550
epoch 163/200 loss 0.0163 train 1.0000 test 0.2552
epoch 164/200 loss 0.0161 train 1.0000 test 0.2533
epoch 165/200 loss 0.0155 train 1.0000 test 0.2544
epoch 166/200 loss 0.0158 train 1.0000 test 0.2551
epoch 167/200 loss 0.0164 train 1.0000 test 0.2556
epoch 168/200 loss 0.0152 train 1.0000 test 0.2547
epoch 169/200 loss 0.0157 train 1.0000 test 0.2546
epoch 170/200 loss 0.0154 train 1.0000 test 0.2549
epoch 171/200 loss 0.0153 train 1.0000 test 0.2553
epoch 172/200 loss 0.0158 train 1.0000 test 0.2553
epoch 173/200 loss 0.0157 train 1.0000 test 0.2562
epoch 174/200 loss 0.0154 train 1.0000 test 0.2556
epoch 175/200 loss 0.0156 train 1.0000 test 0.2549
epoch 176/200 loss 0.0153 train 1.0000 test 0.2556
epoch 177/200 loss 0.0156 train 1.0000 test 0.2555
epoch 178/200 loss 0.0153 train 1.0000 test 0.2558
epoch 179/200 loss 0.0153 train 1.0000 test 0.2555
epoch 180/200 loss 0.0156 train 1.0000 test 0.2552
epoch 181/200 loss 0.0156 train 1.0000 test 0.2549
epoch 182/200 loss 0.0157 train 1.0000 test 0.2556
epoch 183/200 loss 0.0158 train 1.0000 test 0.2552
epoch 184/200 loss 0.0151 train 1.0000 test 0.2538
epoch 185/200 loss 0.0156 train 1.0000 test 0.2540
epoch 186/200 loss 0.0151 train 1.0000 test 0.2555
epoch 187/200 loss 0.0149 train 1.0000 test 0.2557
epoch 188/200 loss 0.0151 train 1.0000 test 0.2559
epoch 189/200 loss 0.0152 train 1.0000 test 0.2556
epoch 190/200 loss 0.0147 train 1.0000 test 0.2557
epoch 191/200 loss 0.0148 train 1.0000 test 0.2546
epoch 192/200 loss 0.0161 train 1.0000 test 0.2545
epoch 193/200 loss 0.0153 train 1.0000 test 0.2543
epoch 194/200 loss 0.0150 train 1.0000 test 0.2539
epoch 195/200 loss 0.0157 train 1.0000 test 0.2536
epoch 196/200 loss 0.0153 train 1.0000 test 0.2564
epoch 197/200 loss 0.0155 train 1.0000 test 0.2548
epoch 198/200 loss 0.0159 train 1.0000 test 0.2552
epoch 199/200 loss 0.0161 train 1.0000 test 0.2558
epoch 200/200 loss 0.0146 train 1.0000 test 0.2551
done: final 0.2551 best 0.2564 -> ./runs/auxrand_5pct_l30/seed1
moment-aux target calibrated on 1024 images
[auxrand_5pct_l30 seed2] {"params_trainable": 11222445, "params_stem_trainable": 0, "params_stem_fixed_filters": 0, "flops_total": 556705792, "flops_stem": 0, "flops_image_size": 32}
epoch 1/200 loss 4.7320 train 0.0201 test 0.0385
epoch 2/200 loss 4.4193 train 0.0498 test 0.0614
epoch 3/200 loss 4.2429 train 0.0765 test 0.0697
epoch 4/200 loss 4.1135 train 0.0839 test 0.0864
epoch 5/200 loss 4.0065 train 0.1057 test 0.0878
epoch 6/200 loss 3.8682 train 0.1036 test 0.0932
epoch 7/200 loss 3.7940 train 0.1205 test 0.0932
epoch 8/200 loss 3.7374 train 0.1229 test 0.0894
epoch 9/200 loss 3.6774 train 0.1328 test 0.1051
epoch 10/200 loss 3.5625 train 0.1538 test 0.1043
epoch 11/200 loss 3.5122 train 0.1624 test 0.1062
epoch 12/200 loss 3.4448 train 0.1686 test 0.1072
epoch 13/200 loss 3.3881 train 0.1739 test 0.1046
epoch 14/200 loss 3.3297 train 0.1813 test 0.1202
epoch 15/200 loss 3.2289 train 0.2089 test 0.1207
epoch 16/200 loss 3.1659 train 0.2179 test 0.1286
epoch 17/200 loss 3.0891 train 0.2319 test 0.1298
epoch 18/200 loss 3.0573 train 0.2311 test 0.1436
epoch 19/200 loss 2.9841 train 0.2422 test 0.1456
epoch 20/200 loss 2.9549 train 0.2533 test 0.1325
epoch 21/200 loss 2.8877 train 0.2632 test 0.1361
epoch 22/200 loss 2.7580 train 0.2878 test 0.1617
epoch 23/200 loss 2.6706 train 0.3113 test 0.1467
epoch 24/200 loss 2.6490 train 0.3129 test 0.1636
epoch 25/200 loss 2.5565 train 0.3158 test 0.1441
epoch 26/200 loss 2.5538 train 0.3232 test 0.1577
epoch 27/200 loss 2.4629 train 0.3507 test 0.1574
epoch 28/200 loss 2.3522 train 0.3742 test 0.1551
epoch 29/200 loss 2.2649 train 0.3902 test 0.1584
epoch 30/200 loss 2.1740 train 0.4124 test 0.1748
epoch 31/200 loss 2.0920 train 0.4326 test 0.1571
epoch 32/200 loss 1.9777 train 0.4638 test 0.1742
epoch 33/200 loss 1.9159 train 0.4712 test 0.1896
epoch 34/200 loss 1.8750 train 0.4790 test 0.1771
epoch 35/200 loss 1.7540 train 0.5095 test 0.1690
epoch 36/200 loss 1.7245 train 0.5222 test 0.1767
epoch 37/200 loss 1.6090 train 0.5411 test 0.1721
epoch 38/200 loss 1.4337 train 0.5884 test 0.1819
epoch 39/200 loss 1.3914 train 0.5970 test 0.1765
epoch 40/200 loss 1.2913 train 0.6373 test 0.1861
epoch 41/200 loss 1.1938 train 0.6637 test 0.1783
epoch 42/200 loss 1.2039 train 0.6488 test 0.1680
epoch 43/200 loss 1.1525 train 0.6575 test 0.1775
epoch 44/200 loss 1.0933 train 0.6904 test 0.1750
epoch 45/200 loss 0.8893 train 0.7447 test 0.1804
epoch 46/200 loss 0.7703 train 0.7755 test 0.1840
epoch 47/200 loss 0.7325 train 0.7903 test 0.1724
epoch 48/200 loss 0.6477 train 0.8211 test 0.1884
epoch 49/200 loss 0.6048 train 0.8380 test 0.1919
epoch 50/200 loss 0.5355 train 0.8598 test 0.1944
epoch 51/200 loss 0.5358 train 0.8475 test 0.1914
epoch 52/200 loss 0.5419 train 0.8425 test 0.1919
epoch 53/200 loss 0.4827 train 0.8721 test 0.1961
epoch 54/200 loss 0.4235 train 0.8824 test 0.2040
epoch 55/200 loss 0.3425 train 0.9157 test 0.2095
epoch 56/200 loss 0.3015 train 0.9305 test 0.2041
epoch 57/200 loss 0.2563 train 0.9465 test 0.2160
epoch 58/200 loss 0.2504 train 0.9400 test 0.2000
epoch 59/200 loss 0.2352 train 0.9531 test 0.2069
epoch 60/200 loss 0.2095 train 0.9539 test 0.2008
epoch 61/200 loss 0.2105 train 0.9568 test 0.2032
epoch 62/200 loss 0.1897 train 0.9548 test 0.1970
epoch 63/200 loss 0.1771 train 0.9675 test 0.2100
epoch 64/200 loss 0.1591 train 0.9667 test 0.2102
epoch 65/200 loss 0.1416 train 0.9745 test 0.2116
epoch 66/200 loss 0.1208 train 0.9794 test 0.2143
epoch 67/200 loss 0.0990 train 0.9864 test 0.2256
epoch 68/200 loss 0.0921 train 0.9852 test 0.2200
epoch 69/200 loss 0.0714 train 0.9918 test 0.2264
epoch 70/200 loss 0.0624 train 0.9926 test 0.2297
epoch 71/200 loss 0.0580 train 0.9963 test 0.2347
epoch 72/200 loss 0.0498 train 0.9975 test 0.2332
epoch 73/200 loss 0.0499 train 0.9963 test 0.2307
epoch 74/200 loss 0.0505 train 0.9963 test 0.2310
epoch 75/200 loss 0.0526 train 0.9955 test 0.2295
epoch 76/200 loss 0.0511 train 0.9959 test 0.2325
epoch 77/200 loss 0.0679 train 0.9938 test 0.2351
epoch 78/200 loss 0.0483 train 0.9963 test 0.2356
epoch 79/200 loss 0.0437 train 0.9971 test 0.2377
epoch 80/200 loss 0.0329 train 0.9988 test 0.2383
epoch 81/200 loss 0.0310 train 0.9992 test 0.2410
epoch 82/200 loss 0.0271 train 0.9996 test 0.2460
epoch 83/200 loss 0.0262 train 0.9996 test 0.2474
epoch 84/200 loss 0.0230 train 1.0000 test 0.2469
epoch 85/200 loss 0.0231 train 1.0000 test 0.2476
epoch 86/200 loss 0.0220 train 1.0000 test 0.2471
epoch 87/200 loss 0.0223 train 1.0000 test 0.2481
epoch 88/200 loss 0.0210 train 1.0000 test 0.2499
epoch 89/200 loss 0.0208 train 1.0000 test 0.2483
epoch 90/200 loss 0.0204 train 1.0000 test 0.2502
epoch 91/200 loss 0.0203 train 1.0000 test 0.2497
epoch 92/200 loss 0.0201 train 1.0000 test 0.2499
epoch 93/200 loss 0.0209 train 1.0000 test 0.2479
epoch 94/200 loss 0.0198 train 1.0000 test 0.2499
epoch 95/200 loss 0.0192 train 1.0000 test 0.2498
epoch 96/200 loss 0.0198 train 1.0000 test 0.2501
epoch 97/200 loss 0.0196 train 1.0000 test 0.2479
epoch 98/200 loss 0.0196 train 1.0000 test 0.2487
epoch 99/200 loss 0.0190 train 1.0000 test 0.2482
epoch 100/200 loss 0.0189 train 1.0000 test 0.2509
epoch 101/200 loss 0.0190 train 1.0000 test 0.2483
epoch 102/200 loss 0.0190 train 1.0000 test 0.2511
epoch 103/200 loss 0.0185 train 1.0000 test 0.2519
epoch 104/200 loss 0.0191 train 1.0000 test 0.2512
epoch 105/200 loss 0.0190 train 1.0000 test 0.2522
epoch 106/200 loss 0.0193 train 1.0000 test 0.2513
epoch 107/200 loss 0.0193 train 1.0000 test 0.2486
epoch 108/200 loss 0.0190 train 1.0000 test 0.2487
epoch 109/200 loss 0.0182 train 1.0000 test 0.2503
epoch 110/200 loss 0.0184 train 1.0000 test 0.2509
epoch 111/200 loss 0.0190 train 1.0000 test 0.2508
epoch 112/200 loss 0.0179 train 1.0000 test 0.2516
epoch 113/200 loss 0.0180 train 1.0000 test 0.2491
epoch 114/200 loss 0.0176 train 1.0000 test 0.2483
epoch 115/200 loss 0.0176 train 1.0000 test 0.2504
epoch 116/200 loss 0.0183 train 1.0000 test 0.2499
epoch 117/200 loss 0.0186 train 1.0000 test 0.2515
epoch 118/200 loss 0.0183 train 1.0000 test 0.2517
epoch 119/200 loss 0.0189 train 1.0000 test 0.2519
epoch 120/200 loss 0.0170 train 1.0000 test 0.2500
epoch 121/200 loss 0.0176 train 1.0000 test 0.2504
epoch 122/200 loss 0.0174 train 1.0000 test 0.2496
epoch 123/200 loss 0.0174 train 1.0000 test 0.2506
epoch 124/200 loss 0.0173 train 1.0000 test 0.2508
epoch 125/200 loss 0.0170 train 1.0000 test 0.2510
epoch 126/200 loss 0.0170 train 1.0000 test 0.2507
epoch 127/200 loss 0.0168 train 1.0000 test 0.2507
epoch 128/200 loss 0.0169 train 1.0000 test 0.2504
epoch 129/200 loss 0.0174 train 1.0000 test 0.2513
epoch 130/200 loss 0.0171 train 1.0000 test 0.2516
epoch 131/200 loss 0.0180 train 1.0000 test 0.2499
epoch 132/200 loss 0.0160 train 1.0000 test 0.2506
epoch 133/200 loss 0.0165 train 1.0000 test 0.2511
epoch 134/200 loss 0.0166 train 1.0000 test 0.2502
epoch 135/200 loss 0.0160 train 1.0000 test 0.2517
epoch 136/200 loss 0.0171 train 1.0000 test 0.2507
epoch 137/200 loss 0.0160 train 1.0000 test 0.2505
epoch 138/200 loss 0.0166 train 1.0000 test 0.2504
epoch 139/200 loss 0.0169 train 1.0000 test 0.2509
epoch 140/200 loss 0.0173 train 1.0000 test 0.2511
epoch 141/200 loss 0.0161 train 1.0000 test 0.2510
epoch 142/200 loss 0.0159 train 1.0000 test 0.2509
epoch 143/200 loss 0.0174 train 1.0000 test 0.2521
epoch 144/200 loss 0.0163 train 1.0000 test 0.2513
epoch 145/200 loss 0.0160 train 1.0000 test 0.2514
epoch 146/200 loss 0.0165 train 1.0000 test 0.2521
epoch 147/200 loss 0.0156 train 1.0000 test 0.2512
epoch 148/200 loss 0.0155 train 1.0000 test 0.2519
epoch 149/200 loss 0.0158 train 1.0000 test 0.2518
epoch 150/200 loss 0.0157 train 1.0000 test 0.2531
epoch 151/200 loss 0.0159 train 1.0000 test 0.2521
epoch 152/200 loss 0.0161 train 1.0000 test 0.2511
epoch 153/200 loss 0.0161 train 1.0000 test 0.2504
epoch 154/200 loss 0.0160 train 1.0000 test 0.2517
epoch 155/200 loss 0.0172 train 1.0000 test 0.2519
epoch 156/200 loss 0.0158 train 1.0000 test 0.2518
epoch 157/200 loss 0.0149 train 1.0000 test 0.2527
epoch 158/200 loss 0.0156 train 1.0000 test 0.2521
epoch 159/200 loss 0.0168 train 1.0000 test 0.2517
epoch 160/200 loss 0.0157 train 1.0000 test 0.2526
epoch 161/200 loss 0.0162 train 1.0000 test 0.2513
epoch 162/200 loss 0.0156 train 1.0000 test 0.2516
epoch 163/200 loss 0.0158 train 1.0000 test 0.2513
epoch 164/200 loss 0.0158 train 1.0000 test 0.2505
epoch 165/200 loss 0.0158 train 1.0000 test 0.2507
epoch 166/200 loss 0.0157 train 1.0000 test 0.2521
epoch 167/200 loss 0.0152 train 1.0000 test 0.2513
epoch 168/200 loss 0.0164 train 1.0000 test 0.2519
epoch 169/200 loss 0.0148 train 1.0000 test 0.2515
epoch 170/200 loss 0.0158 train 1.0000 test 0.2517
epoch 171/200 loss 0.0154 train 1.0000 test 0.2528
epoch 172/200 loss 0.0157 train 1.0000 test 0.2514
epoch 173/200 loss 0.0158 train 1.0000 test 0.2533
epoch 174/200 loss 0.0165 train 1.0000 test 0.2524
epoch 175/200 loss 0.0157 train 1.0000 test 0.2526
epoch 176/200 loss 0.0158 train 1.0000 test 0.2525
epoch 177/200 loss 0.0163 train 1.0000 test 0.2525
epoch 178/200 loss 0.0157 train 1.0000 test 0.2527
epoch 179/200 loss 0.0155 train 1.0000 test 0.2527
epoch 180/200 loss 0.0158 train 1.0000 test 0.2524
epoch 181/200 loss 0.0155 train 1.0000 test 0.2525
epoch 182/200 loss 0.0152 train 1.0000 test 0.2530
epoch 183/200 loss 0.0157 train 1.0000 test 0.2527
epoch 184/200 loss 0.0152 train 1.0000 test 0.2519
epoch 185/200 loss 0.0161 train 1.0000 test 0.2529
epoch 186/200 loss 0.0154 train 1.0000 test 0.2532
epoch 187/200 loss 0.0159 train 1.0000 test 0.2527
epoch 188/200 loss 0.0148 train 1.0000 test 0.2522
epoch 189/200 loss 0.0158 train 1.0000 test 0.2538
epoch 190/200 loss 0.0145 train 1.0000 test 0.2537
epoch 191/200 loss 0.0156 train 1.0000 test 0.2524
epoch 192/200 loss 0.0150 train 1.0000 test 0.2532
epoch 193/200 loss 0.0152 train 1.0000 test 0.2538
epoch 194/200 loss 0.0156 train 1.0000 test 0.2522
epoch 195/200 loss 0.0156 train 1.0000 test 0.2525
epoch 196/200 loss 0.0156 train 1.0000 test 0.2526
epoch 197/200 loss 0.0158 train 1.0000 test 0.2526
epoch 198/200 loss 0.0154 train 1.0000 test 0.2520
epoch 199/200 loss 0.0157 train 1.0000 test 0.2521
epoch 200/200 loss 0.0148 train 1.0000 test 0.2523
done: final 0.2523 best 0.2538 -> ./runs/auxrand_5pct_l30/seed2
AUXRAND_5PCT_DONE
moment-aux target calibrated on 1024 images
[auxrand_10pct_l30 seed0] {"params_trainable": 11222445, "params_stem_trainable": 0, "params_stem_fixed_filters": 0, "flops_total": 556705792, "flops_stem": 0, "flops_image_size": 32}
epoch 1/200 loss 4.6107 train 0.0371 test 0.0539
epoch 2/200 loss 4.2791 train 0.0683 test 0.0692
epoch 3/200 loss 4.0969 train 0.0845 test 0.0882
epoch 4/200 loss 3.9242 train 0.0998 test 0.0895
epoch 5/200 loss 3.8169 train 0.1100 test 0.0994
epoch 6/200 loss 3.7248 train 0.1322 test 0.1170
epoch 7/200 loss 3.6192 train 0.1394 test 0.1259
epoch 8/200 loss 3.5372 train 0.1585 test 0.1223
epoch 9/200 loss 3.4670 train 0.1677 test 0.1314
epoch 10/200 loss 3.3823 train 0.1831 test 0.1363
epoch 11/200 loss 3.2876 train 0.1929 test 0.1595
epoch 12/200 loss 3.1857 train 0.2185 test 0.1664
epoch 13/200 loss 3.1156 train 0.2322 test 0.1748
epoch 14/200 loss 3.0645 train 0.2366 test 0.1832
epoch 15/200 loss 2.9388 train 0.2636 test 0.1615
epoch 16/200 loss 2.8746 train 0.2676 test 0.1879
epoch 17/200 loss 2.7852 train 0.2863 test 0.1865
epoch 18/200 loss 2.7159 train 0.3035 test 0.2283
epoch 19/200 loss 2.6118 train 0.3205 test 0.2256
epoch 20/200 loss 2.5805 train 0.3307 test 0.2379
epoch 21/200 loss 2.4558 train 0.3506 test 0.2355
epoch 22/200 loss 2.3441 train 0.3740 test 0.2381
epoch 23/200 loss 2.2818 train 0.3894 test 0.2258
epoch 24/200 loss 2.1854 train 0.4050 test 0.2554
epoch 25/200 loss 2.1329 train 0.4199 test 0.2509
epoch 26/200 loss 1.9961 train 0.4455 test 0.2445
epoch 27/200 loss 1.9103 train 0.4720 test 0.2306
epoch 28/200 loss 1.8501 train 0.4900 test 0.2534
epoch 29/200 loss 1.7147 train 0.5242 test 0.2238
epoch 30/200 loss 1.6589 train 0.5327 test 0.2688
epoch 31/200 loss 1.5975 train 0.5429 test 0.2565
epoch 32/200 loss 1.4843 train 0.5693 test 0.2600
epoch 33/200 loss 1.3667 train 0.6070 test 0.2598
epoch 34/200 loss 1.3139 train 0.6158 test 0.2405
epoch 35/200 loss 1.2114 train 0.6575 test 0.2871
epoch 36/200 loss 1.1463 train 0.6657 test 0.2761
epoch 37/200 loss 1.0571 train 0.6819 test 0.2612
epoch 38/200 loss 0.9859 train 0.7111 test 0.2786
epoch 39/200 loss 0.8469 train 0.7502 test 0.2825
epoch 40/200 loss 0.8641 train 0.7484 test 0.2799
epoch 41/200 loss 0.7485 train 0.7829 test 0.3070
epoch 42/200 loss 0.6767 train 0.8023 test 0.3094
epoch 43/200 loss 0.6466 train 0.8101 test 0.2642
epoch 44/200 loss 0.5971 train 0.8319 test 0.3012
epoch 45/200 loss 0.5693 train 0.8315 test 0.2691
epoch 46/200 loss 0.5012 train 0.8520 test 0.2971
epoch 47/200 loss 0.4979 train 0.8560 test 0.2969
epoch 48/200 loss 0.4639 train 0.8698 test 0.3123
epoch 49/200 loss 0.3413 train 0.9097 test 0.3140
epoch 50/200 loss 0.3053 train 0.9209 test 0.3331
epoch 51/200 loss 0.2913 train 0.9201 test 0.3201
epoch 52/200 loss 0.2808 train 0.9287 test 0.3226
epoch 53/200 loss 0.2896 train 0.9269 test 0.3221
epoch 54/200 loss 0.2696 train 0.9279 test 0.3306
epoch 55/200 loss 0.2452 train 0.9383 test 0.3164
epoch 56/200 loss 0.2674 train 0.9279 test 0.3105
epoch 57/200 loss 0.2555 train 0.9369 test 0.3231
epoch 58/200 loss 0.2142 train 0.9469 test 0.3152
epoch 59/200 loss 0.1659 train 0.9643 test 0.3277
epoch 60/200 loss 0.1279 train 0.9752 test 0.3322
epoch 61/200 loss 0.1372 train 0.9718 test 0.3299
epoch 62/200 loss 0.1195 train 0.9780 test 0.3450
epoch 63/200 loss 0.1047 train 0.9828 test 0.3449
epoch 64/200 loss 0.0822 train 0.9858 test 0.3427
epoch 65/200 loss 0.0711 train 0.9900 test 0.3503
epoch 66/200 loss 0.0712 train 0.9894 test 0.3534
epoch 67/200 loss 0.0693 train 0.9894 test 0.3473
epoch 68/200 loss 0.0749 train 0.9898 test 0.3568
epoch 69/200 loss 0.0631 train 0.9928 test 0.3536
epoch 70/200 loss 0.0425 train 0.9978 test 0.3687
epoch 71/200 loss 0.0330 train 0.9986 test 0.3682
epoch 72/200 loss 0.0318 train 0.9982 test 0.3740
epoch 73/200 loss 0.0311 train 0.9984 test 0.3719
epoch 74/200 loss 0.0268 train 0.9988 test 0.3768
epoch 75/200 loss 0.0280 train 0.9980 test 0.3747
epoch 76/200 loss 0.0248 train 0.9990 test 0.3770
epoch 77/200 loss 0.0272 train 0.9988 test 0.3822
epoch 78/200 loss 0.0250 train 0.9986 test 0.3800
epoch 79/200 loss 0.0341 train 0.9966 test 0.3782
epoch 80/200 loss 0.0314 train 0.9964 test 0.3758
epoch 81/200 loss 0.0318 train 0.9982 test 0.3747
epoch 82/200 loss 0.0404 train 0.9954 test 0.3611
epoch 83/200 loss 0.0452 train 0.9952 test 0.3669
epoch 84/200 loss 0.0433 train 0.9952 test 0.3668
epoch 85/200 loss 0.0517 train 0.9930 test 0.3607
epoch 86/200 loss 0.0511 train 0.9950 test 0.3609
epoch 87/200 loss 0.0393 train 0.9974 test 0.3794
epoch 88/200 loss 0.0384 train 0.9960 test 0.3612
epoch 89/200 loss 0.0503 train 0.9952 test 0.3590
epoch 90/200 loss 0.0876 train 0.9848 test 0.3358
epoch 91/200 loss 0.1096 train 0.9814 test 0.3299
epoch 92/200 loss 0.1711 train 0.9625 test 0.3226
epoch 93/200 loss 0.2451 train 0.9423 test 0.2882
epoch 94/200 loss 0.3549 train 0.9081 test 0.2803
epoch 95/200 loss 0.4391 train 0.8800 test 0.2750
epoch 96/200 loss 0.3888 train 0.8992 test 0.2923
epoch 97/200 loss 0.2898 train 0.9291 test 0.3118
epoch 98/200 loss 0.2254 train 0.9469 test 0.3252
epoch 99/200 loss 0.1540 train 0.9694 test 0.3379
epoch 100/200 loss 0.1072 train 0.9814 test 0.3416
epoch 101/200 loss 0.0865 train 0.9850 test 0.3555
epoch 102/200 loss 0.0571 train 0.9940 test 0.3614
epoch 103/200 loss 0.0578 train 0.9914 test 0.3601
epoch 104/200 loss 0.0512 train 0.9926 test 0.3685
epoch 105/200 loss 0.0418 train 0.9958 test 0.3673
epoch 106/200 loss 0.0280 train 0.9986 test 0.3859
epoch 107/200 loss 0.0211 train 0.9994 test 0.3864
epoch 108/200 loss 0.0184 train 0.9998 test 0.3929
epoch 109/200 loss 0.0170 train 0.9996 test 0.3917
epoch 110/200 loss 0.0161 train 0.9998 test 0.3916
epoch 111/200 loss 0.0153 train 0.9998 test 0.3924
epoch 112/200 loss 0.0152 train 0.9996 test 0.3919
epoch 113/200 loss 0.0144 train 0.9998 test 0.3923
epoch 114/200 loss 0.0142 train 0.9996 test 0.3927
epoch 115/200 loss 0.0144 train 0.9996 test 0.3926
epoch 116/200 loss 0.0142 train 0.9998 test 0.3945
epoch 117/200 loss 0.0138 train 0.9998 test 0.3959
epoch 118/200 loss 0.0139 train 0.9998 test 0.3925
epoch 119/200 loss 0.0135 train 0.9998 test 0.3960
epoch 120/200 loss 0.0138 train 0.9998 test 0.3947
epoch 121/200 loss 0.0142 train 0.9996 test 0.3969
epoch 122/200 loss 0.0136 train 0.9998 test 0.3947
epoch 123/200 loss 0.0137 train 0.9998 test 0.3974
epoch 124/200 loss 0.0137 train 1.0000 test 0.3958
epoch 125/200 loss 0.0137 train 0.9996 test 0.3966
epoch 126/200 loss 0.0139 train 0.9998 test 0.3981
epoch 127/200 loss 0.0136 train 1.0000 test 0.3967
epoch 128/200 loss 0.0134 train 1.0000 test 0.3965
epoch 129/200 loss 0.0132 train 1.0000 test 0.3965
epoch 130/200 loss 0.0128 train 0.9998 test 0.3974
epoch 131/200 loss 0.0130 train 0.9998 test 0.3979
epoch 132/200 loss 0.0137 train 0.9998 test 0.3956
epoch 133/200 loss 0.0132 train 0.9998 test 0.3973
epoch 134/200 loss 0.0130 train 0.9998 test 0.3969
epoch 135/200 loss 0.0133 train 0.9998 test 0.3971
epoch 136/200 loss 0.0130 train 0.9998 test 0.3976
epoch 137/200 loss 0.0127 train 0.9996 test 0.3989
epoch 138/200 loss 0.0126 train 0.9998 test 0.3989
epoch 139/200 loss 0.0127 train 0.9998 test 0.3983
epoch 140/200 loss 0.0128 train 1.0000 test 0.3977
epoch 141/200 loss 0.0133 train 0.9998 test 0.3995
epoch 142/200 loss 0.0126 train 0.9996 test 0.4001
epoch 143/200 loss 0.0125 train 0.9996 test 0.3986
epoch 144/200 loss 0.0129 train 0.9998 test 0.3998
epoch 145/200 loss 0.0126 train 0.9998 test 0.4002
epoch 146/200 loss 0.0125 train 0.9998 test 0.4003
epoch 147/200 loss 0.0124 train 1.0000 test 0.3999
epoch 148/200 loss 0.0123 train 0.9996 test 0.4005
epoch 149/200 loss 0.0129 train 0.9998 test 0.4006
epoch 150/200 loss 0.0122 train 0.9998 test 0.3992
epoch 151/200 loss 0.0125 train 0.9998 test 0.3986
epoch 152/200 loss 0.0124 train 0.9998 test 0.3998
epoch 153/200 loss 0.0123 train 0.9998 test 0.4000
epoch 154/200 loss 0.0124 train 1.0000 test 0.3992
epoch 155/200 loss 0.0124 train 0.9996 test 0.3996
epoch 156/200 loss 0.0122 train 0.9998 test 0.4010
epoch 157/200 loss 0.0118 train 0.9998 test 0.4000
epoch 158/200 loss 0.0122 train 0.9998 test 0.4000
epoch 159/200 loss 0.0121 train 1.0000 test 0.4024
epoch 160/200 loss 0.0125 train 0.9996 test 0.4017
epoch 161/200 loss 0.0122 train 1.0000 test 0.4008
epoch 162/200 loss 0.0122 train 1.0000 test 0.4022
epoch 163/200 loss 0.0121 train 0.9998 test 0.3999
epoch 164/200 loss 0.0120 train 0.9998 test 0.4021
epoch 165/200 loss 0.0120 train 0.9998 test 0.4016
epoch 166/200 loss 0.0121 train 0.9996 test 0.4014
epoch 167/200 loss 0.0123 train 1.0000 test 0.4007
epoch 168/200 loss 0.0124 train 0.9998 test 0.4002
epoch 169/200 loss 0.0123 train 0.9998 test 0.4021
epoch 170/200 loss 0.0123 train 0.9998 test 0.3999
epoch 171/200 loss 0.0124 train 0.9996 test 0.3999
epoch 172/200 loss 0.0123 train 1.0000 test 0.4008
epoch 173/200 loss 0.0123 train 0.9998 test 0.3987
epoch 174/200 loss 0.0120 train 1.0000 test 0.4017
epoch 175/200 loss 0.0120 train 1.0000 test 0.4007
epoch 176/200 loss 0.0119 train 0.9998 test 0.3988
epoch 177/200 loss 0.0121 train 1.0000 test 0.4029
epoch 178/200 loss 0.0121 train 0.9998 test 0.4005
epoch 179/200 loss 0.0120 train 1.0000 test 0.4012
epoch 180/200 loss 0.0118 train 0.9998 test 0.4003
epoch 181/200 loss 0.0120 train 0.9998 test 0.4006
epoch 182/200 loss 0.0121 train 1.0000 test 0.3994
epoch 183/200 loss 0.0117 train 1.0000 test 0.4011
epoch 184/200 loss 0.0114 train 1.0000 test 0.4007
epoch 185/200 loss 0.0120 train 1.0000 test 0.4012
epoch 186/200 loss 0.0122 train 0.9996 test 0.4009
epoch 187/200 loss 0.0120 train 1.0000 test 0.4003
epoch 188/200 loss 0.0118 train 0.9998 test 0.4019
epoch 189/200 loss 0.0118 train 1.0000 test 0.4012
epoch 190/200 loss 0.0116 train 1.0000 test 0.4006
epoch 191/200 loss 0.0112 train 1.0000 test 0.4013
epoch 192/200 loss 0.0117 train 1.0000 test 0.4009
epoch 193/200 loss 0.0121 train 0.9998 test 0.4018
epoch 194/200 loss 0.0121 train 0.9998 test 0.4015
epoch 195/200 loss 0.0116 train 0.9998 test 0.4009
epoch 196/200 loss 0.0116 train 0.9998 test 0.4013
epoch 197/200 loss 0.0117 train 1.0000 test 0.4011
epoch 198/200 loss 0.0117 train 1.0000 test 0.4010
epoch 199/200 loss 0.0117 train 1.0000 test 0.4011
epoch 200/200 loss 0.0118 train 1.0000 test 0.4007
done: final 0.4007 best 0.4029 -> ./runs/auxrand_10pct_l30/seed0
moment-aux target calibrated on 1024 images
[auxrand_10pct_l30 seed1] {"params_trainable": 11222445, "params_stem_trainable": 0, "params_stem_fixed_filters": 0, "flops_total": 556705792, "flops_stem": 0, "flops_image_size": 32}
epoch 1/200 loss 4.5990 train 0.0367 test 0.0558
epoch 2/200 loss 4.2827 train 0.0639 test 0.0782
epoch 3/200 loss 4.0791 train 0.0789 test 0.0686
epoch 4/200 loss 3.9402 train 0.0972 test 0.0925
epoch 5/200 loss 3.8510 train 0.1050 test 0.1056
epoch 6/200 loss 3.7164 train 0.1242 test 0.1150
epoch 7/200 loss 3.6259 train 0.1442 test 0.1152
epoch 8/200 loss 3.5277 train 0.1629 test 0.1308
epoch 9/200 loss 3.4449 train 0.1701 test 0.1302
epoch 10/200 loss 3.3748 train 0.1841 test 0.1450
epoch 11/200 loss 3.2837 train 0.1917 test 0.1536
epoch 12/200 loss 3.1945 train 0.2151 test 0.1472
epoch 13/200 loss 3.1091 train 0.2262 test 0.1903
epoch 14/200 loss 3.0196 train 0.2480 test 0.1756
epoch 15/200 loss 2.9178 train 0.2560 test 0.1891
epoch 16/200 loss 2.8359 train 0.2845 test 0.2059
epoch 17/200 loss 2.7680 train 0.2943 test 0.2150
epoch 18/200 loss 2.7001 train 0.3029 test 0.1772
epoch 19/200 loss 2.5928 train 0.3273 test 0.2200
epoch 20/200 loss 2.5400 train 0.3351 test 0.2148
epoch 21/200 loss 2.4420 train 0.3566 test 0.2326
epoch 22/200 loss 2.3565 train 0.3776 test 0.2288
epoch 23/200 loss 2.2585 train 0.3862 test 0.2080
epoch 24/200 loss 2.1714 train 0.4075 test 0.2412
epoch 25/200 loss 2.0985 train 0.4345 test 0.2328
epoch 26/200 loss 2.0026 train 0.4541 test 0.2458
epoch 27/200 loss 1.9284 train 0.4724 test 0.2449
epoch 28/200 loss 1.8685 train 0.4794 test 0.2684
epoch 29/200 loss 1.7097 train 0.5210 test 0.2667
epoch 30/200 loss 1.6452 train 0.5391 test 0.2724
epoch 31/200 loss 1.5584 train 0.5539 test 0.2545
epoch 32/200 loss 1.4670 train 0.5887 test 0.2792
epoch 33/200 loss 1.4100 train 0.5962 test 0.2452
epoch 34/200 loss 1.2872 train 0.6326 test 0.2657
epoch 35/200 loss 1.1889 train 0.6575 test 0.2792
epoch 36/200 loss 1.1564 train 0.6671 test 0.2878
epoch 37/200 loss 1.0274 train 0.6991 test 0.2840
epoch 38/200 loss 0.9580 train 0.7196 test 0.2824
epoch 39/200 loss 0.8645 train 0.7464 test 0.2871
epoch 40/200 loss 0.8541 train 0.7462 test 0.2863
epoch 41/200 loss 0.7986 train 0.7602 test 0.2726
epoch 42/200 loss 0.7105 train 0.7839 test 0.2998
epoch 43/200 loss 0.6556 train 0.8075 test 0.3013
epoch 44/200 loss 0.5961 train 0.8253 test 0.3066
epoch 45/200 loss 0.5494 train 0.8365 test 0.3024
epoch 46/200 loss 0.4666 train 0.8704 test 0.3037
epoch 47/200 loss 0.4586 train 0.8678 test 0.3150
epoch 48/200 loss 0.3969 train 0.8866 test 0.2995
epoch 49/200 loss 0.4111 train 0.8842 test 0.2955
epoch 50/200 loss 0.4154 train 0.8822 test 0.3036
epoch 51/200 loss 0.3934 train 0.8902 test 0.3005
epoch 52/200 loss 0.3587 train 0.8978 test 0.3142
epoch 53/200 loss 0.2998 train 0.9209 test 0.3321
epoch 54/200 loss 0.2547 train 0.9399 test 0.3015
epoch 55/200 loss 0.2177 train 0.9467 test 0.3004
epoch 56/200 loss 0.2251 train 0.9453 test 0.3180
epoch 57/200 loss 0.1746 train 0.9633 test 0.3337
epoch 58/200 loss 0.1475 train 0.9704 test 0.3286
epoch 59/200 loss 0.1315 train 0.9734 test 0.3281
epoch 60/200 loss 0.1168 train 0.9776 test 0.3423
epoch 61/200 loss 0.1036 train 0.9804 test 0.3423
epoch 62/200 loss 0.0988 train 0.9838 test 0.3379
epoch 63/200 loss 0.0831 train 0.9880 test 0.3527
epoch 64/200 loss 0.0720 train 0.9898 test 0.3525
epoch 65/200 loss 0.0749 train 0.9872 test 0.3528
epoch 66/200 loss 0.0721 train 0.9888 test 0.3527
epoch 67/200 loss 0.0606 train 0.9934 test 0.3574
epoch 68/200 loss 0.0530 train 0.9954 test 0.3609
epoch 69/200 loss 0.0498 train 0.9948 test 0.3627
epoch 70/200 loss 0.0598 train 0.9916 test 0.3597
epoch 71/200 loss 0.0575 train 0.9926 test 0.3602
epoch 72/200 loss 0.0621 train 0.9918 test 0.3498
epoch 73/200 loss 0.0532 train 0.9944 test 0.3608
epoch 74/200 loss 0.0423 train 0.9970 test 0.3591
epoch 75/200 loss 0.0344 train 0.9980 test 0.3733
epoch 76/200 loss 0.0281 train 0.9986 test 0.3762
epoch 77/200 loss 0.0359 train 0.9968 test 0.3620
epoch 78/200 loss 0.0379 train 0.9966 test 0.3648
epoch 79/200 loss 0.0309 train 0.9992 test 0.3830
epoch 80/200 loss 0.0223 train 0.9994 test 0.3851
epoch 81/200 loss 0.0192 train 0.9996 test 0.3903
epoch 82/200 loss 0.0187 train 0.9992 test 0.3929
epoch 83/200 loss 0.0250 train 0.9982 test 0.3854
epoch 84/200 loss 0.0269 train 0.9976 test 0.3860
epoch 85/200 loss 0.0314 train 0.9968 test 0.3743
epoch 86/200 loss 0.0356 train 0.9974 test 0.3764
epoch 87/200 loss 0.0418 train 0.9950 test 0.3641
epoch 88/200 loss 0.0707 train 0.9894 test 0.3561
epoch 89/200 loss 0.0627 train 0.9934 test 0.3526
epoch 90/200 loss 0.0585 train 0.9942 test 0.3500
epoch 91/200 loss 0.0534 train 0.9950 test 0.3534
epoch 92/200 loss 0.0625 train 0.9930 test 0.3515
epoch 93/200 loss 0.0841 train 0.9876 test 0.3369
epoch 94/200 loss 0.1722 train 0.9617 test 0.2954
epoch 95/200 loss 0.3678 train 0.9028 test 0.2654
epoch 96/200 loss 0.6065 train 0.8257 test 0.2460
epoch 97/200 loss 0.5472 train 0.8488 test 0.2814
epoch 98/200 loss 0.4186 train 0.8854 test 0.2957
epoch 99/200 loss 0.2764 train 0.9331 test 0.2985
epoch 100/200 loss 0.2069 train 0.9543 test 0.3075
epoch 101/200 loss 0.1484 train 0.9700 test 0.3449
epoch 102/200 loss 0.1235 train 0.9716 test 0.3478
epoch 103/200 loss 0.0783 train 0.9904 test 0.3654
epoch 104/200 loss 0.0446 train 0.9956 test 0.3749
epoch 105/200 loss 0.0349 train 0.9976 test 0.3796
epoch 106/200 loss 0.0286 train 0.9984 test 0.3817
epoch 107/200 loss 0.0232 train 0.9986 test 0.3835
epoch 108/200 loss 0.0220 train 0.9992 test 0.3885
epoch 109/200 loss 0.0201 train 0.9992 test 0.3892
epoch 110/200 loss 0.0172 train 0.9998 test 0.3872
epoch 111/200 loss 0.0172 train 0.9996 test 0.3929
epoch 112/200 loss 0.0151 train 0.9996 test 0.3919
epoch 113/200 loss 0.0153 train 0.9998 test 0.3916
epoch 114/200 loss 0.0147 train 0.9998 test 0.3940
epoch 115/200 loss 0.0146 train 0.9998 test 0.3970
epoch 116/200 loss 0.0146 train 0.9998 test 0.3953
epoch 117/200 loss 0.0139 train 0.9998 test 0.3960
epoch 118/200 loss 0.0140 train 0.9998 test 0.3943
epoch 119/200 loss 0.0144 train 0.9998 test 0.3948
epoch 120/200 loss 0.0142 train 0.9996 test 0.3966
epoch 121/200 loss 0.0135 train 0.9998 test 0.3975
epoch 122/200 loss 0.0138 train 0.9998 test 0.3967
epoch 123/200 loss 0.0132 train 0.9996 test 0.3974
epoch 124/200 loss 0.0131 train 0.9998 test 0.3983
epoch 125/200 loss 0.0131 train 1.0000 test 0.4001
epoch 126/200 loss 0.0131 train 0.9998 test 0.3991
epoch 127/200 loss 0.0130 train 0.9998 test 0.3970
epoch 128/200 loss 0.0131 train 0.9996 test 0.4011
epoch 129/200 loss 0.0132 train 0.9996 test 0.4000
epoch 130/200 loss 0.0131 train 0.9998 test 0.3966
epoch 131/200 loss 0.0130 train 0.9996 test 0.4007
epoch 132/200 loss 0.0127 train 1.0000 test 0.4007
epoch 133/200 loss 0.0126 train 1.0000 test 0.4029
epoch 134/200 loss 0.0133 train 1.0000 test 0.3988
epoch 135/200 loss 0.0130 train 0.9996 test 0.3984
epoch 136/200 loss 0.0132 train 0.9996 test 0.3975
epoch 137/200 loss 0.0130 train 0.9998 test 0.3991
epoch 138/200 loss 0.0128 train 0.9998 test 0.4009
epoch 139/200 loss 0.0125 train 0.9996 test 0.3988
epoch 140/200 loss 0.0127 train 0.9998 test 0.3999
epoch 141/200 loss 0.0123 train 0.9998 test 0.4010
epoch 142/200 loss 0.0124 train 0.9998 test 0.4001
epoch 143/200 loss 0.0123 train 1.0000 test 0.4016
epoch 144/200 loss 0.0127 train 0.9998 test 0.4007
epoch 145/200 loss 0.0124 train 1.0000 test 0.4023
epoch 146/200 loss 0.0124 train 0.9998 test 0.3998
epoch 147/200 loss 0.0124 train 0.9996 test 0.4004
epoch 148/200 loss 0.0127 train 0.9998 test 0.4030
epoch 149/200 loss 0.0124 train 1.0000 test 0.4000
epoch 150/200 loss 0.0122 train 0.9998 test 0.4019
epoch 151/200 loss 0.0122 train 1.0000 test 0.4007
epoch 152/200 loss 0.0122 train 0.9998 test 0.4009
epoch 153/200 loss 0.0125 train 0.9996 test 0.4040
epoch 154/200 loss 0.0122 train 1.0000 test 0.4020
epoch 155/200 loss 0.0125 train 0.9996 test 0.4039
epoch 156/200 loss 0.0121 train 0.9998 test 0.4006
epoch 157/200 loss 0.0124 train 0.9998 test 0.4019
epoch 158/200 loss 0.0122 train 0.9996 test 0.4032
epoch 159/200 loss 0.0121 train 1.0000 test 0.4022
epoch 160/200 loss 0.0119 train 1.0000 test 0.4044
epoch 161/200 loss 0.0124 train 1.0000 test 0.4012
epoch 162/200 loss 0.0122 train 0.9998 test 0.4019
epoch 163/200 loss 0.0120 train 0.9996 test 0.4023
epoch 164/200 loss 0.0119 train 0.9998 test 0.4041
epoch 165/200 loss 0.0121 train 1.0000 test 0.4022
epoch 166/200 loss 0.0120 train 1.0000 test 0.4017
epoch 167/200 loss 0.0118 train 0.9998 test 0.4015
epoch 168/200 loss 0.0121 train 0.9996 test 0.4013
epoch 169/200 loss 0.0119 train 0.9998 test 0.4016
epoch 170/200 loss 0.0119 train 0.9996 test 0.4019
epoch 171/200 loss 0.0115 train 1.0000 test 0.4016
epoch 172/200 loss 0.0117 train 1.0000 test 0.4022
epoch 173/200 loss 0.0122 train 1.0000 test 0.4031
epoch 174/200 loss 0.0118 train 1.0000 test 0.4041
epoch 175/200 loss 0.0116 train 0.9998 test 0.4035
epoch 176/200 loss 0.0116 train 1.0000 test 0.4034
epoch 177/200 loss 0.0118 train 0.9998 test 0.4029
epoch 178/200 loss 0.0119 train 1.0000 test 0.4048
epoch 179/200 loss 0.0122 train 0.9998 test 0.4039
epoch 180/200 loss 0.0119 train 1.0000 test 0.4032
epoch 181/200 loss 0.0117 train 0.9998 test 0.4031
epoch 182/200 loss 0.0121 train 0.9998 test 0.4027
epoch 183/200 loss 0.0120 train 1.0000 test 0.4033
epoch 184/200 loss 0.0116 train 0.9998 test 0.4022
epoch 185/200 loss 0.0119 train 1.0000 test 0.4044
epoch 186/200 loss 0.0115 train 1.0000 test 0.4035
epoch 187/200 loss 0.0118 train 0.9998 test 0.4035
epoch 188/200 loss 0.0115 train 0.9996 test 0.4039
epoch 189/200 loss 0.0120 train 0.9998 test 0.4032
epoch 190/200 loss 0.0117 train 1.0000 test 0.4027
epoch 191/200 loss 0.0119 train 1.0000 test 0.4029
epoch 192/200 loss 0.0117 train 0.9998 test 0.4027
epoch 193/200 loss 0.0120 train 1.0000 test 0.4042
epoch 194/200 loss 0.0117 train 0.9996 test 0.4039
epoch 195/200 loss 0.0117 train 0.9998 test 0.4041
epoch 196/200 loss 0.0117 train 0.9998 test 0.4033
epoch 197/200 loss 0.0119 train 1.0000 test 0.4035
epoch 198/200 loss 0.0117 train 1.0000 test 0.4034
epoch 199/200 loss 0.0120 train 0.9998 test 0.4034
epoch 200/200 loss 0.0119 train 1.0000 test 0.4046
done: final 0.4046 best 0.4048 -> ./runs/auxrand_10pct_l30/seed1
moment-aux target calibrated on 1024 images
[auxrand_10pct_l30 seed2] {"params_trainable": 11222445, "params_stem_trainable": 0, "params_stem_fixed_filters": 0, "flops_total": 556705792, "flops_stem": 0, "flops_image_size": 32}
epoch 1/200 loss 4.5977 train 0.0353 test 0.0643
epoch 2/200 loss 4.2718 train 0.0721 test 0.0749
epoch 3/200 loss 4.0943 train 0.0865 test 0.0768
epoch 4/200 loss 3.9306 train 0.1030 test 0.0997
epoch 5/200 loss 3.8094 train 0.1210 test 0.1067
epoch 6/200 loss 3.6908 train 0.1352 test 0.1179
epoch 7/200 loss 3.6198 train 0.1456 test 0.1106
epoch 8/200 loss 3.5099 train 0.1631 test 0.1295
epoch 9/200 loss 3.4397 train 0.1699 test 0.1577
epoch 10/200 loss 3.3489 train 0.1945 test 0.1344
epoch 11/200 loss 3.2594 train 0.2067 test 0.1713
epoch 12/200 loss 3.1672 train 0.2149 test 0.1670
epoch 13/200 loss 3.1044 train 0.2149 test 0.1691
epoch 14/200 loss 3.0115 train 0.2452 test 0.1833
epoch 15/200 loss 2.9276 train 0.2684 test 0.1906
epoch 16/200 loss 2.8280 train 0.2806 test 0.2102
epoch 17/200 loss 2.7483 train 0.3019 test 0.1942
epoch 18/200 loss 2.6362 train 0.3181 test 0.2180
epoch 19/200 loss 2.6101 train 0.3199 test 0.1804
epoch 20/200 loss 2.5177 train 0.3391 test 0.2226
epoch 21/200 loss 2.4193 train 0.3628 test 0.2456
epoch 22/200 loss 2.3275 train 0.3810 test 0.2303
epoch 23/200 loss 2.2116 train 0.4065 test 0.2278
epoch 24/200 loss 2.1730 train 0.4127 test 0.2484
epoch 25/200 loss 2.1049 train 0.4279 test 0.2326
epoch 26/200 loss 2.0033 train 0.4539 test 0.2577
epoch 27/200 loss 1.9181 train 0.4675 test 0.2657
epoch 28/200 loss 1.8122 train 0.4974 test 0.2574
epoch 29/200 loss 1.7534 train 0.5126 test 0.2575
epoch 30/200 loss 1.6712 train 0.5308 test 0.2811
epoch 31/200 loss 1.5489 train 0.5567 test 0.2635
epoch 32/200 loss 1.4738 train 0.5855 test 0.2779
epoch 33/200 loss 1.3671 train 0.6090 test 0.2713
epoch 34/200 loss 1.2870 train 0.6246 test 0.2646
epoch 35/200 loss 1.2136 train 0.6524 test 0.3030
epoch 36/200 loss 1.1217 train 0.6791 test 0.2728
epoch 37/200 loss 1.0774 train 0.6823 test 0.2735
epoch 38/200 loss 1.0178 train 0.7045 test 0.2727
epoch 39/200 loss 0.9106 train 0.7324 test 0.2760
epoch 40/200 loss 0.8227 train 0.7564 test 0.2959
epoch 41/200 loss 0.7550 train 0.7764 test 0.2885
epoch 42/200 loss 0.7347 train 0.7879 test 0.2718
epoch 43/200 loss 0.6839 train 0.8079 test 0.2872
epoch 44/200 loss 0.6179 train 0.8249 test 0.2976
epoch 45/200 loss 0.5707 train 0.8329 test 0.3013
epoch 46/200 loss 0.4579 train 0.8728 test 0.3163
epoch 47/200 loss 0.4249 train 0.8804 test 0.3123
epoch 48/200 loss 0.4499 train 0.8732 test 0.3134
epoch 49/200 loss 0.4047 train 0.8838 test 0.3017
epoch 50/200 loss 0.3744 train 0.8982 test 0.3133
epoch 51/200 loss 0.3735 train 0.8948 test 0.3178
epoch 52/200 loss 0.3191 train 0.9181 test 0.3112
epoch 53/200 loss 0.2540 train 0.9391 test 0.3187
epoch 54/200 loss 0.2192 train 0.9471 test 0.3296
epoch 55/200 loss 0.2221 train 0.9403 test 0.3255
epoch 56/200 loss 0.2179 train 0.9441 test 0.3112
epoch 57/200 loss 0.2217 train 0.9427 test 0.3123
epoch 58/200 loss 0.2724 train 0.9271 test 0.3249
epoch 59/200 loss 0.2349 train 0.9403 test 0.2876
epoch 60/200 loss 0.2489 train 0.9323 test 0.3166
epoch 61/200 loss 0.2175 train 0.9475 test 0.3256
epoch 62/200 loss 0.1776 train 0.9575 test 0.3462
epoch 63/200 loss 0.1318 train 0.9732 test 0.3396
epoch 64/200 loss 0.1290 train 0.9726 test 0.3410
epoch 65/200 loss 0.1215 train 0.9768 test 0.3309
epoch 66/200 loss 0.1002 train 0.9814 test 0.3355
epoch 67/200 loss 0.0839 train 0.9872 test 0.3506
epoch 68/200 loss 0.0604 train 0.9938 test 0.3657
epoch 69/200 loss 0.0525 train 0.9936 test 0.3679
epoch 70/200 loss 0.0483 train 0.9956 test 0.3635
epoch 71/200 loss 0.0384 train 0.9964 test 0.3724
epoch 72/200 loss 0.0314 train 0.9982 test 0.3789
epoch 73/200 loss 0.0280 train 0.9988 test 0.3865
epoch 74/200 loss 0.0291 train 0.9986 test 0.3869
epoch 75/200 loss 0.0230 train 0.9996 test 0.3877
epoch 76/200 loss 0.0251 train 0.9984 test 0.3858
epoch 77/200 loss 0.0229 train 0.9994 test 0.3905
epoch 78/200 loss 0.0233 train 0.9992 test 0.3945
epoch 79/200 loss 0.0208 train 0.9994 test 0.3965
epoch 80/200 loss 0.0185 train 0.9996 test 0.3926
epoch 81/200 loss 0.0174 train 0.9998 test 0.3951
epoch 82/200 loss 0.0175 train 0.9998 test 0.3943
epoch 83/200 loss 0.0170 train 0.9996 test 0.3923
epoch 84/200 loss 0.0174 train 0.9998 test 0.3957
epoch 85/200 loss 0.0172 train 0.9996 test 0.3959
epoch 86/200 loss 0.0175 train 0.9998 test 0.3950
epoch 87/200 loss 0.0167 train 0.9998 test 0.3978
epoch 88/200 loss 0.0167 train 0.9998 test 0.3954
epoch 89/200 loss 0.0168 train 0.9998 test 0.3978
epoch 90/200 loss 0.0172 train 0.9996 test 0.3967
epoch 91/200 loss 0.0165 train 0.9998 test 0.3988
epoch 92/200 loss 0.0157 train 0.9998 test 0.3996
epoch 93/200 loss 0.0161 train 0.9996 test 0.3974
epoch 94/200 loss 0.0163 train 0.9998 test 0.3983
epoch 95/200 loss 0.0166 train 0.9996 test 0.4007
epoch 96/200 loss 0.0154 train 0.9998 test 0.4002
epoch 97/200 loss 0.0159 train 0.9998 test 0.4005
epoch 98/200 loss 0.0154 train 0.9998 test 0.3982
epoch 99/200 loss 0.0155 train 0.9996 test 0.4037
epoch 100/200 loss 0.0150 train 0.9996 test 0.4027
epoch 101/200 loss 0.0157 train 0.9998 test 0.3992
epoch 102/200 loss 0.0153 train 0.9996 test 0.3987
epoch 103/200 loss 0.0158 train 0.9996 test 0.3993
epoch 104/200 loss 0.0146 train 0.9998 test 0.4016
epoch 105/200 loss 0.0147 train 0.9998 test 0.4003
epoch 106/200 loss 0.0144 train 0.9998 test 0.4017
epoch 107/200 loss 0.0146 train 0.9998 test 0.3986
epoch 108/200 loss 0.0158 train 0.9994 test 0.3883
epoch 109/200 loss 0.0295 train 0.9978 test 0.3842
epoch 110/200 loss 0.0382 train 0.9964 test 0.3762
epoch 111/200 loss 0.0448 train 0.9966 test 0.3609
epoch 112/200 loss 0.0587 train 0.9944 test 0.3533
epoch 113/200 loss 0.0864 train 0.9898 test 0.3400
epoch 114/200 loss 0.1399 train 0.9792 test 0.3255
epoch 115/200 loss 0.2042 train 0.9607 test 0.3064
epoch 116/200 loss 0.3330 train 0.9207 test 0.3018
epoch 117/200 loss 0.3675 train 0.9139 test 0.2786
epoch 118/200 loss 0.2915 train 0.9297 test 0.2875
epoch 119/200 loss 0.2350 train 0.9481 test 0.3015
epoch 120/200 loss 0.1529 train 0.9724 test 0.3198
epoch 121/200 loss 0.1092 train 0.9820 test 0.3405
epoch 122/200 loss 0.0810 train 0.9898 test 0.3593
epoch 123/200 loss 0.0550 train 0.9936 test 0.3726
epoch 124/200 loss 0.0386 train 0.9972 test 0.3756
epoch 125/200 loss 0.0329 train 0.9970 test 0.3837
epoch 126/200 loss 0.0222 train 0.9990 test 0.3915
epoch 127/200 loss 0.0176 train 0.9996 test 0.3937
epoch 128/200 loss 0.0156 train 0.9996 test 0.3941
epoch 129/200 loss 0.0151 train 0.9994 test 0.3951
epoch 130/200 loss 0.0139 train 0.9998 test 0.4001
epoch 131/200 loss 0.0137 train 0.9996 test 0.3959
epoch 132/200 loss 0.0137 train 0.9996 test 0.3974
epoch 133/200 loss 0.0141 train 0.9994 test 0.3955
epoch 134/200 loss 0.0130 train 0.9998 test 0.3983
epoch 135/200 loss 0.0124 train 0.9996 test 0.3995
epoch 136/200 loss 0.0124 train 0.9996 test 0.4008
epoch 137/200 loss 0.0123 train 0.9996 test 0.3987
epoch 138/200 loss 0.0115 train 0.9998 test 0.3978
epoch 139/200 loss 0.0116 train 0.9998 test 0.4007
epoch 140/200 loss 0.0118 train 0.9998 test 0.3993
epoch 141/200 loss 0.0115 train 0.9996 test 0.3992
epoch 142/200 loss 0.0114 train 0.9998 test 0.3993
epoch 143/200 loss 0.0112 train 0.9998 test 0.3998
epoch 144/200 loss 0.0110 train 0.9998 test 0.4002
epoch 145/200 loss 0.0114 train 0.9998 test 0.4002
epoch 146/200 loss 0.0109 train 0.9998 test 0.4010
epoch 147/200 loss 0.0108 train 1.0000 test 0.4020
epoch 148/200 loss 0.0110 train 0.9996 test 0.4025
epoch 149/200 loss 0.0110 train 0.9998 test 0.4003
epoch 150/200 loss 0.0111 train 0.9998 test 0.4010
epoch 151/200 loss 0.0111 train 0.9998 test 0.4019
epoch 152/200 loss 0.0114 train 0.9998 test 0.4013
epoch 153/200 loss 0.0108 train 0.9996 test 0.4034
epoch 154/200 loss 0.0110 train 1.0000 test 0.4014
epoch 155/200 loss 0.0114 train 0.9996 test 0.4021
epoch 156/200 loss 0.0109 train 0.9998 test 0.4016
epoch 157/200 loss 0.0106 train 0.9998 test 0.4031
epoch 158/200 loss 0.0108 train 0.9996 test 0.4038
epoch 159/200 loss 0.0107 train 0.9996 test 0.4016
epoch 160/200 loss 0.0106 train 0.9998 test 0.4038
epoch 161/200 loss 0.0104 train 0.9996 test 0.4054
epoch 162/200 loss 0.0108 train 0.9998 test 0.4025
epoch 163/200 loss 0.0103 train 0.9998 test 0.4037
epoch 164/200 loss 0.0107 train 0.9998 test 0.4029
epoch 165/200 loss 0.0106 train 1.0000 test 0.4033
epoch 166/200 loss 0.0106 train 0.9998 test 0.4029
epoch 167/200 loss 0.0107 train 0.9998 test 0.4042
epoch 168/200 loss 0.0105 train 1.0000 test 0.4043
epoch 169/200 loss 0.0104 train 0.9998 test 0.4049
epoch 170/200 loss 0.0106 train 0.9998 test 0.4021
epoch 171/200 loss 0.0102 train 1.0000 test 0.4019
epoch 172/200 loss 0.0109 train 0.9998 test 0.4031
epoch 173/200 loss 0.0104 train 0.9998 test 0.4038
epoch 174/200 loss 0.0103 train 0.9998 test 0.4029
epoch 175/200 loss 0.0105 train 0.9998 test 0.4035
epoch 176/200 loss 0.0103 train 1.0000 test 0.4037
epoch 177/200 loss 0.0107 train 0.9998 test 0.4044
epoch 178/200 loss 0.0103 train 0.9998 test 0.4036
epoch 179/200 loss 0.0101 train 1.0000 test 0.4051
epoch 180/200 loss 0.0105 train 0.9996 test 0.4032
epoch 181/200 loss 0.0108 train 0.9998 test 0.4028
epoch 182/200 loss 0.0102 train 1.0000 test 0.4046
epoch 183/200 loss 0.0104 train 1.0000 test 0.4034
epoch 184/200 loss 0.0102 train 1.0000 test 0.4040
epoch 185/200 loss 0.0105 train 1.0000 test 0.4043
epoch 186/200 loss 0.0105 train 1.0000 test 0.4022
epoch 187/200 loss 0.0105 train 0.9998 test 0.4040
epoch 188/200 loss 0.0103 train 0.9998 test 0.4036
epoch 189/200 loss 0.0105 train 1.0000 test 0.4038
epoch 190/200 loss 0.0104 train 1.0000 test 0.4035
epoch 191/200 loss 0.0104 train 1.0000 test 0.4021
epoch 192/200 loss 0.0104 train 0.9998 test 0.4044
epoch 193/200 loss 0.0104 train 0.9998 test 0.4016
epoch 194/200 loss 0.0102 train 1.0000 test 0.4033
epoch 195/200 loss 0.0103 train 1.0000 test 0.4030
epoch 196/200 loss 0.0104 train 1.0000 test 0.4043
epoch 197/200 loss 0.0101 train 1.0000 test 0.4047
epoch 198/200 loss 0.0105 train 0.9996 test 0.4040
epoch 199/200 loss 0.0104 train 0.9998 test 0.4032
epoch 200/200 loss 0.0102 train 1.0000 test 0.4043
done: final 0.4043 best 0.4054 -> ./runs/auxrand_10pct_l30/seed2
AUXRAND_10PCT_DONE
moment-aux target calibrated on 1024 images
[auxrand_1pct_l30 seed0] {"params_trainable": 11222445, "params_stem_trainable": 0, "params_stem_fixed_filters": 0, "flops_total": 556705792, "flops_stem": 0, "flops_image_size": 32}
epoch 1/200 loss 4.9005 train 0.0078 test 0.0142
epoch 2/200 loss 4.7304 train 0.0234 test 0.0226
epoch 3/200 loss 4.6383 train 0.0286 test 0.0238
epoch 4/200 loss 4.5102 train 0.0286 test 0.0314
epoch 5/200 loss 4.3786 train 0.0521 test 0.0320
epoch 6/200 loss 4.2389 train 0.0625 test 0.0352
epoch 7/200 loss 4.1193 train 0.0964 test 0.0453
epoch 8/200 loss 4.0815 train 0.0964 test 0.0522
epoch 9/200 loss 3.9518 train 0.1016 test 0.0472
epoch 10/200 loss 3.8065 train 0.1198 test 0.0469
epoch 11/200 loss 3.7659 train 0.1328 test 0.0496
epoch 12/200 loss 3.7500 train 0.1406 test 0.0451
epoch 13/200 loss 3.6062 train 0.1458 test 0.0525
epoch 14/200 loss 3.5673 train 0.1562 test 0.0546
epoch 15/200 loss 3.4913 train 0.1719 test 0.0636
epoch 16/200 loss 3.4806 train 0.1901 test 0.0627
epoch 17/200 loss 3.3662 train 0.1901 test 0.0554
epoch 18/200 loss 3.2213 train 0.2109 test 0.0516
epoch 19/200 loss 3.2476 train 0.2109 test 0.0608
epoch 20/200 loss 3.1933 train 0.2135 test 0.0612
epoch 21/200 loss 3.1257 train 0.2292 test 0.0535
epoch 22/200 loss 3.1265 train 0.2344 test 0.0556
epoch 23/200 loss 3.0578 train 0.2318 test 0.0563
epoch 24/200 loss 2.9925 train 0.2474 test 0.0598
epoch 25/200 loss 2.9302 train 0.2630 test 0.0620
epoch 26/200 loss 2.9210 train 0.2786 test 0.0667
epoch 27/200 loss 2.8383 train 0.2812 test 0.0624
epoch 28/200 loss 2.8307 train 0.2839 test 0.0608
epoch 29/200 loss 2.7937 train 0.2552 test 0.0571
epoch 30/200 loss 2.6884 train 0.3333 test 0.0648
epoch 31/200 loss 2.7096 train 0.3281 test 0.0597
epoch 32/200 loss 2.7144 train 0.2943 test 0.0554
epoch 33/200 loss 2.5512 train 0.3411 test 0.0586
epoch 34/200 loss 2.5172 train 0.3672 test 0.0652
epoch 35/200 loss 2.4723 train 0.3880 test 0.0572
epoch 36/200 loss 2.4538 train 0.3646 test 0.0664
epoch 37/200 loss 2.3403 train 0.4010 test 0.0623
epoch 38/200 loss 2.3717 train 0.4036 test 0.0650
epoch 39/200 loss 2.3225 train 0.3932 test 0.0650
epoch 40/200 loss 2.1866 train 0.4661 test 0.0722
epoch 41/200 loss 2.2134 train 0.3880 test 0.0716
epoch 42/200 loss 2.2279 train 0.4271 test 0.0631
epoch 43/200 loss 2.0957 train 0.4557 test 0.0636
epoch 44/200 loss 2.1001 train 0.4635 test 0.0649
epoch 45/200 loss 2.0935 train 0.4583 test 0.0682
epoch 46/200 loss 1.9711 train 0.4974 test 0.0706
epoch 47/200 loss 1.9000 train 0.5208 test 0.0728
epoch 48/200 loss 1.9628 train 0.4635 test 0.0678
epoch 49/200 loss 1.8404 train 0.5443 test 0.0725
epoch 50/200 loss 1.7110 train 0.5938 test 0.0724
epoch 51/200 loss 1.7203 train 0.5443 test 0.0733
epoch 52/200 loss 1.6458 train 0.5990 test 0.0723
epoch 53/200 loss 1.6102 train 0.6146 test 0.0770
epoch 54/200 loss 1.5741 train 0.5964 test 0.0786
epoch 55/200 loss 1.5475 train 0.6302 test 0.0696
epoch 56/200 loss 1.5175 train 0.6120 test 0.0670
epoch 57/200 loss 1.4712 train 0.6406 test 0.0724
epoch 58/200 loss 1.4618 train 0.6276 test 0.0697
epoch 59/200 loss 1.3339 train 0.6797 test 0.0730
epoch 60/200 loss 1.3081 train 0.6953 test 0.0751
epoch 61/200 loss 1.2421 train 0.6849 test 0.0717
epoch 62/200 loss 1.1497 train 0.7318 test 0.0759
epoch 63/200 loss 1.1785 train 0.7396 test 0.0804
epoch 64/200 loss 1.1524 train 0.7292 test 0.0730
epoch 65/200 loss 1.0912 train 0.7552 test 0.0795
epoch 66/200 loss 1.0748 train 0.7344 test 0.0768
epoch 67/200 loss 1.0019 train 0.7656 test 0.0766
epoch 68/200 loss 0.9463 train 0.8099 test 0.0778
epoch 69/200 loss 0.9921 train 0.7734 test 0.0705
epoch 70/200 loss 0.8911 train 0.8021 test 0.0803
epoch 71/200 loss 0.8305 train 0.8333 test 0.0759
epoch 72/200 loss 0.8227 train 0.8073 test 0.0842
epoch 73/200 loss 0.7271 train 0.8516 test 0.0790
epoch 74/200 loss 0.7137 train 0.8594 test 0.0761
epoch 75/200 loss 0.7578 train 0.8438 test 0.0770
epoch 76/200 loss 0.6389 train 0.8984 test 0.0822
epoch 77/200 loss 0.6555 train 0.8776 test 0.0849
epoch 78/200 loss 0.6267 train 0.8932 test 0.0766
epoch 79/200 loss 0.5174 train 0.9401 test 0.0823
epoch 80/200 loss 0.5707 train 0.9089 test 0.0823
epoch 81/200 loss 0.4999 train 0.9245 test 0.0824
epoch 82/200 loss 0.4982 train 0.9401 test 0.0760
epoch 83/200 loss 0.4610 train 0.9323 test 0.0797
epoch 84/200 loss 0.4525 train 0.9245 test 0.0814
epoch 85/200 loss 0.4260 train 0.9453 test 0.0759
epoch 86/200 loss 0.3874 train 0.9505 test 0.0744
epoch 87/200 loss 0.3908 train 0.9505 test 0.0851
epoch 88/200 loss 0.3717 train 0.9427 test 0.0850
epoch 89/200 loss 0.4209 train 0.9245 test 0.0885
epoch 90/200 loss 0.3965 train 0.9531 test 0.0765
epoch 91/200 loss 0.3337 train 0.9557 test 0.0746
epoch 92/200 loss 0.3882 train 0.9557 test 0.0772
epoch 93/200 loss 0.3135 train 0.9661 test 0.0887
epoch 94/200 loss 0.2891 train 0.9766 test 0.0827
epoch 95/200 loss 0.2858 train 0.9661 test 0.0857
epoch 96/200 loss 0.3151 train 0.9531 test 0.0812
epoch 97/200 loss 0.2629 train 0.9714 test 0.0893
epoch 98/200 loss 0.2377 train 0.9688 test 0.0828
epoch 99/200 loss 0.2154 train 0.9740 test 0.0787
epoch 100/200 loss 0.1989 train 0.9818 test 0.0851
epoch 101/200 loss 0.1947 train 0.9922 test 0.0873
epoch 102/200 loss 0.1540 train 0.9974 test 0.0866
epoch 103/200 loss 0.1575 train 0.9974 test 0.0879
epoch 104/200 loss 0.1464 train 0.9974 test 0.0849
epoch 105/200 loss 0.1426 train 0.9948 test 0.0872
epoch 106/200 loss 0.1219 train 0.9974 test 0.0891
epoch 107/200 loss 0.1350 train 0.9974 test 0.0894
epoch 108/200 loss 0.1231 train 0.9974 test 0.0888
epoch 109/200 loss 0.1153 train 0.9974 test 0.0875
epoch 110/200 loss 0.1030 train 1.0000 test 0.0888
epoch 111/200 loss 0.0900 train 1.0000 test 0.0867
epoch 112/200 loss 0.0942 train 0.9948 test 0.0856
epoch 113/200 loss 0.0826 train 0.9948 test 0.0894
epoch 114/200 loss 0.0900 train 1.0000 test 0.0909
epoch 115/200 loss 0.0972 train 1.0000 test 0.0924
epoch 116/200 loss 0.0762 train 1.0000 test 0.0923
epoch 117/200 loss 0.0997 train 0.9948 test 0.0922
epoch 118/200 loss 0.0762 train 1.0000 test 0.0932
epoch 119/200 loss 0.0795 train 0.9974 test 0.0936
epoch 120/200 loss 0.0876 train 1.0000 test 0.0914
epoch 121/200 loss 0.0750 train 0.9974 test 0.0910
epoch 122/200 loss 0.0728 train 1.0000 test 0.0893
epoch 123/200 loss 0.0783 train 0.9974 test 0.0912
epoch 124/200 loss 0.0884 train 1.0000 test 0.0899
epoch 125/200 loss 0.0690 train 1.0000 test 0.0905
epoch 126/200 loss 0.0638 train 1.0000 test 0.0901
epoch 127/200 loss 0.0633 train 1.0000 test 0.0933
epoch 128/200 loss 0.0673 train 1.0000 test 0.0932
epoch 129/200 loss 0.0615 train 1.0000 test 0.0927
epoch 130/200 loss 0.0610 train 1.0000 test 0.0930
epoch 131/200 loss 0.0574 train 1.0000 test 0.0928
epoch 132/200 loss 0.0608 train 1.0000 test 0.0929
epoch 133/200 loss 0.0588 train 1.0000 test 0.0937
epoch 134/200 loss 0.0637 train 1.0000 test 0.0943
epoch 135/200 loss 0.0614 train 1.0000 test 0.0927
epoch 136/200 loss 0.0617 train 1.0000 test 0.0938
epoch 137/200 loss 0.0554 train 1.0000 test 0.0938
epoch 138/200 loss 0.0639 train 1.0000 test 0.0922
epoch 139/200 loss 0.0624 train 1.0000 test 0.0912
epoch 140/200 loss 0.0603 train 1.0000 test 0.0918
epoch 141/200 loss 0.0543 train 1.0000 test 0.0925
epoch 142/200 loss 0.0639 train 1.0000 test 0.0933
epoch 143/200 loss 0.0605 train 1.0000 test 0.0943
epoch 144/200 loss 0.0588 train 1.0000 test 0.0947
epoch 145/200 loss 0.0630 train 1.0000 test 0.0936
epoch 146/200 loss 0.0520 train 1.0000 test 0.0918
epoch 147/200 loss 0.0515 train 1.0000 test 0.0915
epoch 148/200 loss 0.0553 train 1.0000 test 0.0928
epoch 149/200 loss 0.0510 train 1.0000 test 0.0925
epoch 150/200 loss 0.0519 train 1.0000 test 0.0924
epoch 151/200 loss 0.0550 train 1.0000 test 0.0927
epoch 152/200 loss 0.0629 train 1.0000 test 0.0930
epoch 153/200 loss 0.0533 train 1.0000 test 0.0916
epoch 154/200 loss 0.0515 train 1.0000 test 0.0921
epoch 155/200 loss 0.0520 train 1.0000 test 0.0920
epoch 156/200 loss 0.0508 train 1.0000 test 0.0924
epoch 157/200 loss 0.0510 train 1.0000 test 0.0931
epoch 158/200 loss 0.0494 train 1.0000 test 0.0930
epoch 159/200 loss 0.0538 train 1.0000 test 0.0933
epoch 160/200 loss 0.0496 train 1.0000 test 0.0928
epoch 161/200 loss 0.0470 train 1.0000 test 0.0928
epoch 162/200 loss 0.0481 train 1.0000 test 0.0933
epoch 163/200 loss 0.0499 train 1.0000 test 0.0934
epoch 164/200 loss 0.0517 train 1.0000 test 0.0940
epoch 165/200 loss 0.0501 train 1.0000 test 0.0939
epoch 166/200 loss 0.0547 train 1.0000 test 0.0936
epoch 167/200 loss 0.0539 train 1.0000 test 0.0932
epoch 168/200 loss 0.0498 train 1.0000 test 0.0939
epoch 169/200 loss 0.0506 train 1.0000 test 0.0940
epoch 170/200 loss 0.0522 train 1.0000 test 0.0939
epoch 171/200 loss 0.0462 train 1.0000 test 0.0936
epoch 172/200 loss 0.0485 train 1.0000 test 0.0934
epoch 173/200 loss 0.0524 train 1.0000 test 0.0932
epoch 174/200 loss 0.0500 train 1.0000 test 0.0933
epoch 175/200 loss 0.0549 train 1.0000 test 0.0934
epoch 176/200 loss 0.0537 train 1.0000 test 0.0933
epoch 177/200 loss 0.0466 train 1.0000 test 0.0931
epoch 178/200 loss 0.0515 train 1.0000 test 0.0933
epoch 179/200 loss 0.0478 train 1.0000 test 0.0935
epoch 180/200 loss 0.0529 train 1.0000 test 0.0938
epoch 181/200 loss 0.0496 train 1.0000 test 0.0932
epoch 182/200 loss 0.0472 train 1.0000 test 0.0938
epoch 183/200 loss 0.0548 train 1.0000 test 0.0933
epoch 184/200 loss 0.0495 train 1.0000 test 0.0932
epoch 185/200 loss 0.0533 train 1.0000 test 0.0939
epoch 186/200 loss 0.0595 train 1.0000 test 0.0937
epoch 187/200 loss 0.0517 train 1.0000 test 0.0939
epoch 188/200 loss 0.0508 train 1.0000 test 0.0939
epoch 189/200 loss 0.0547 train 1.0000 test 0.0936
epoch 190/200 loss 0.0489 train 1.0000 test 0.0939
epoch 191/200 loss 0.0492 train 1.0000 test 0.0934
epoch 192/200 loss 0.0481 train 1.0000 test 0.0941
epoch 193/200 loss 0.0498 train 1.0000 test 0.0936
epoch 194/200 loss 0.0520 train 1.0000 test 0.0938
epoch 195/200 loss 0.0479 train 1.0000 test 0.0941
epoch 196/200 loss 0.0543 train 1.0000 test 0.0934
epoch 197/200 loss 0.0592 train 1.0000 test 0.0934
epoch 198/200 loss 0.0513 train 1.0000 test 0.0935
epoch 199/200 loss 0.0519 train 1.0000 test 0.0931
epoch 200/200 loss 0.0506 train 1.0000 test 0.0927
done: final 0.0927 best 0.0947 -> ./runs/auxrand_1pct_l30/seed0
moment-aux target calibrated on 1024 images
[auxrand_1pct_l30 seed1] {"params_trainable": 11222445, "params_stem_trainable": 0, "params_stem_fixed_filters": 0, "flops_total": 556705792, "flops_stem": 0, "flops_image_size": 32}
epoch 1/200 loss 4.8845 train 0.0104 test 0.0128
epoch 2/200 loss 4.7464 train 0.0156 test 0.0243
epoch 3/200 loss 4.6195 train 0.0182 test 0.0252
epoch 4/200 loss 4.4997 train 0.0573 test 0.0297
epoch 5/200 loss 4.3440 train 0.0703 test 0.0372
epoch 6/200 loss 4.2480 train 0.0807 test 0.0410
epoch 7/200 loss 4.1441 train 0.1016 test 0.0429
epoch 8/200 loss 4.0673 train 0.0755 test 0.0427
epoch 9/200 loss 4.0225 train 0.0781 test 0.0504
epoch 10/200 loss 3.8612 train 0.1094 test 0.0496
epoch 11/200 loss 3.8316 train 0.1042 test 0.0464
epoch 12/200 loss 3.7565 train 0.1510 test 0.0556
epoch 13/200 loss 3.6671 train 0.1380 test 0.0471
epoch 14/200 loss 3.5690 train 0.1328 test 0.0534
epoch 15/200 loss 3.5141 train 0.1771 test 0.0556
epoch 16/200 loss 3.4630 train 0.1771 test 0.0639
epoch 17/200 loss 3.3712 train 0.2135 test 0.0613
epoch 18/200 loss 3.2978 train 0.1745 test 0.0544
epoch 19/200 loss 3.2708 train 0.1953 test 0.0616
epoch 20/200 loss 3.2419 train 0.2188 test 0.0629
epoch 21/200 loss 3.1891 train 0.2109 test 0.0603
epoch 22/200 loss 3.1131 train 0.2031 test 0.0613
epoch 23/200 loss 3.0635 train 0.2630 test 0.0613
epoch 24/200 loss 2.9852 train 0.2448 test 0.0581
epoch 25/200 loss 2.9735 train 0.2396 test 0.0599
epoch 26/200 loss 2.8255 train 0.2943 test 0.0626
epoch 27/200 loss 2.8472 train 0.2786 test 0.0682
epoch 28/200 loss 2.8391 train 0.2786 test 0.0652
epoch 29/200 loss 2.7653 train 0.2969 test 0.0662
epoch 30/200 loss 2.7689 train 0.2969 test 0.0606
epoch 31/200 loss 2.7058 train 0.3021 test 0.0586
epoch 32/200 loss 2.6410 train 0.3307 test 0.0659
epoch 33/200 loss 2.5532 train 0.3411 test 0.0583
epoch 34/200 loss 2.5250 train 0.3385 test 0.0663
epoch 35/200 loss 2.4556 train 0.3906 test 0.0749
epoch 36/200 loss 2.4561 train 0.3438 test 0.0730
epoch 37/200 loss 2.3684 train 0.3984 test 0.0663
epoch 38/200 loss 2.3516 train 0.4245 test 0.0595
epoch 39/200 loss 2.3069 train 0.4036 test 0.0676
epoch 40/200 loss 2.2591 train 0.4219 test 0.0635
epoch 41/200 loss 2.1877 train 0.4323 test 0.0682
epoch 42/200 loss 2.2004 train 0.4349 test 0.0714
epoch 43/200 loss 2.0992 train 0.4792 test 0.0627
epoch 44/200 loss 2.0811 train 0.4479 test 0.0664
epoch 45/200 loss 1.9543 train 0.4844 test 0.0737
epoch 46/200 loss 1.9154 train 0.5078 test 0.0686
epoch 47/200 loss 1.9359 train 0.4974 test 0.0665
epoch 48/200 loss 1.8371 train 0.5495 test 0.0677
epoch 49/200 loss 1.7239 train 0.5599 test 0.0692
epoch 50/200 loss 1.7495 train 0.5781 test 0.0677
epoch 51/200 loss 1.7303 train 0.5677 test 0.0715
epoch 52/200 loss 1.7383 train 0.5208 test 0.0725
epoch 53/200 loss 1.5569 train 0.6328 test 0.0745
epoch 54/200 loss 1.6427 train 0.5833 test 0.0730
epoch 55/200 loss 1.5383 train 0.6224 test 0.0705
epoch 56/200 loss 1.5043 train 0.6068 test 0.0752
epoch 57/200 loss 1.4225 train 0.6562 test 0.0706
epoch 58/200 loss 1.4841 train 0.6250 test 0.0775
epoch 59/200 loss 1.3700 train 0.6484 test 0.0720
epoch 60/200 loss 1.3408 train 0.6823 test 0.0698
epoch 61/200 loss 1.2321 train 0.6979 test 0.0732
epoch 62/200 loss 1.2768 train 0.6797 test 0.0692
epoch 63/200 loss 1.1894 train 0.7057 test 0.0695
epoch 64/200 loss 1.1599 train 0.7474 test 0.0732
epoch 65/200 loss 1.0880 train 0.7448 test 0.0765
epoch 66/200 loss 0.9848 train 0.7839 test 0.0736
epoch 67/200 loss 0.9666 train 0.7943 test 0.0787
epoch 68/200 loss 0.9125 train 0.7891 test 0.0794
epoch 69/200 loss 0.8899 train 0.8255 test 0.0678
epoch 70/200 loss 0.9006 train 0.7943 test 0.0765
epoch 71/200 loss 0.8244 train 0.8594 test 0.0746
epoch 72/200 loss 0.7502 train 0.8620 test 0.0784
epoch 73/200 loss 0.7323 train 0.8568 test 0.0786
epoch 74/200 loss 0.7248 train 0.8620 test 0.0805
epoch 75/200 loss 0.6353 train 0.8880 test 0.0787
epoch 76/200 loss 0.6167 train 0.8906 test 0.0786
epoch 77/200 loss 0.5684 train 0.9089 test 0.0829
epoch 78/200 loss 0.4849 train 0.9531 test 0.0872
epoch 79/200 loss 0.5415 train 0.8958 test 0.0860
epoch 80/200 loss 0.4759 train 0.9349 test 0.0846
epoch 81/200 loss 0.4402 train 0.9349 test 0.0830
epoch 82/200 loss 0.4274 train 0.9479 test 0.0767
epoch 83/200 loss 0.3836 train 0.9557 test 0.0814
epoch 84/200 loss 0.3740 train 0.9583 test 0.0842
epoch 85/200 loss 0.3206 train 0.9583 test 0.0823
epoch 86/200 loss 0.3233 train 0.9661 test 0.0806
epoch 87/200 loss 0.3173 train 0.9635 test 0.0832
epoch 88/200 loss 0.2875 train 0.9714 test 0.0852
epoch 89/200 loss 0.2623 train 0.9844 test 0.0814
epoch 90/200 loss 0.2413 train 0.9766 test 0.0843
epoch 91/200 loss 0.2149 train 0.9896 test 0.0844
epoch 92/200 loss 0.2482 train 0.9740 test 0.0873
epoch 93/200 loss 0.1921 train 0.9896 test 0.0866
epoch 94/200 loss 0.2005 train 0.9818 test 0.0842
epoch 95/200 loss 0.2164 train 0.9740 test 0.0869
epoch 96/200 loss 0.1651 train 0.9896 test 0.0863
epoch 97/200 loss 0.1584 train 0.9974 test 0.0895
epoch 98/200 loss 0.1610 train 0.9974 test 0.0870
epoch 99/200 loss 0.1431 train 1.0000 test 0.0871
epoch 100/200 loss 0.1382 train 0.9974 test 0.0874
epoch 101/200 loss 0.1408 train 1.0000 test 0.0879
epoch 102/200 loss 0.1309 train 1.0000 test 0.0893
epoch 103/200 loss 0.1313 train 0.9948 test 0.0909
epoch 104/200 loss 0.1174 train 0.9974 test 0.0904
epoch 105/200 loss 0.1137 train 1.0000 test 0.0887
epoch 106/200 loss 0.1018 train 1.0000 test 0.0883
epoch 107/200 loss 0.1331 train 0.9948 test 0.0892
epoch 108/200 loss 0.1123 train 0.9948 test 0.0860
epoch 109/200 loss 0.1079 train 0.9922 test 0.0843
epoch 110/200 loss 0.1047 train 0.9974 test 0.0866
epoch 111/200 loss 0.1145 train 0.9922 test 0.0893
epoch 112/200 loss 0.0906 train 0.9974 test 0.0873
epoch 113/200 loss 0.0916 train 1.0000 test 0.0861
epoch 114/200 loss 0.1009 train 0.9974 test 0.0873
epoch 115/200 loss 0.1125 train 0.9974 test 0.0886
epoch 116/200 loss 0.0883 train 1.0000 test 0.0886
epoch 117/200 loss 0.0992 train 0.9974 test 0.0903
epoch 118/200 loss 0.0973 train 1.0000 test 0.0858
epoch 119/200 loss 0.0979 train 1.0000 test 0.0876
epoch 120/200 loss 0.0853 train 1.0000 test 0.0897
epoch 121/200 loss 0.0815 train 1.0000 test 0.0886
epoch 122/200 loss 0.0809 train 0.9974 test 0.0882
epoch 123/200 loss 0.0717 train 0.9974 test 0.0860
epoch 124/200 loss 0.0705 train 1.0000 test 0.0847
epoch 125/200 loss 0.0832 train 0.9948 test 0.0876
epoch 126/200 loss 0.0657 train 1.0000 test 0.0899
epoch 127/200 loss 0.0665 train 1.0000 test 0.0896
epoch 128/200 loss 0.0749 train 1.0000 test 0.0897
epoch 129/200 loss 0.0648 train 1.0000 test 0.0876
epoch 130/200 loss 0.0666 train 1.0000 test 0.0894
epoch 131/200 loss 0.0666 train 1.0000 test 0.0910
epoch 132/200 loss 0.0613 train 1.0000 test 0.0906
epoch 133/200 loss 0.0600 train 1.0000 test 0.0898
epoch 134/200 loss 0.0587 train 1.0000 test 0.0908
epoch 135/200 loss 0.0537 train 1.0000 test 0.0910
epoch 136/200 loss 0.0602 train 1.0000 test 0.0897
epoch 137/200 loss 0.0563 train 1.0000 test 0.0906
epoch 138/200 loss 0.0525 train 1.0000 test 0.0906
epoch 139/200 loss 0.0561 train 1.0000 test 0.0913
epoch 140/200 loss 0.0563 train 1.0000 test 0.0917
epoch 141/200 loss 0.0575 train 1.0000 test 0.0913
epoch 142/200 loss 0.0553 train 1.0000 test 0.0914
epoch 143/200 loss 0.0582 train 1.0000 test 0.0919
epoch 144/200 loss 0.0551 train 1.0000 test 0.0912
epoch 145/200 loss 0.0547 train 1.0000 test 0.0916
epoch 146/200 loss 0.0604 train 1.0000 test 0.0910
epoch 147/200 loss 0.0529 train 1.0000 test 0.0908
epoch 148/200 loss 0.0544 train 1.0000 test 0.0902
epoch 149/200 loss 0.0578 train 0.9974 test 0.0911
epoch 150/200 loss 0.0622 train 1.0000 test 0.0907
epoch 151/200 loss 0.0540 train 1.0000 test 0.0898
epoch 152/200 loss 0.0552 train 1.0000 test 0.0907
epoch 153/200 loss 0.0519 train 1.0000 test 0.0908
epoch 154/200 loss 0.0560 train 1.0000 test 0.0911
epoch 155/200 loss 0.0523 train 1.0000 test 0.0914
epoch 156/200 loss 0.0521 train 1.0000 test 0.0916
epoch 157/200 loss 0.0498 train 1.0000 test 0.0926
epoch 158/200 loss 0.0514 train 1.0000 test 0.0929
epoch 159/200 loss 0.0538 train 1.0000 test 0.0929
epoch 160/200 loss 0.0500 train 1.0000 test 0.0928
epoch 161/200 loss 0.0487 train 1.0000 test 0.0918
epoch 162/200 loss 0.0494 train 1.0000 test 0.0903
epoch 163/200 loss 0.0463 train 1.0000 test 0.0905
epoch 164/200 loss 0.0521 train 1.0000 test 0.0906
epoch 165/200 loss 0.0573 train 1.0000 test 0.0905
epoch 166/200 loss 0.0509 train 1.0000 test 0.0909
epoch 167/200 loss 0.0499 train 1.0000 test 0.0912
epoch 168/200 loss 0.0639 train 1.0000 test 0.0919
epoch 169/200 loss 0.0460 train 1.0000 test 0.0916
epoch 170/200 loss 0.0492 train 1.0000 test 0.0922
epoch 171/200 loss 0.0560 train 1.0000 test 0.0929
epoch 172/200 loss 0.0468 train 1.0000 test 0.0919
epoch 173/200 loss 0.0498 train 1.0000 test 0.0911
epoch 174/200 loss 0.0539 train 1.0000 test 0.0913
epoch 175/200 loss 0.0439 train 1.0000 test 0.0905
epoch 176/200 loss 0.0485 train 1.0000 test 0.0919
epoch 177/200 loss 0.0477 train 1.0000 test 0.0924
epoch 178/200 loss 0.0461 train 1.0000 test 0.0922
epoch 179/200 loss 0.0475 train 1.0000 test 0.0925
epoch 180/200 loss 0.0476 train 1.0000 test 0.0916
epoch 181/200 loss 0.0519 train 1.0000 test 0.0917
epoch 182/200 loss 0.0492 train 1.0000 test 0.0918
epoch 183/200 loss 0.0462 train 1.0000 test 0.0913
epoch 184/200 loss 0.0458 train 1.0000 test 0.0913
epoch 185/200 loss 0.0479 train 1.0000 test 0.0912
epoch 186/200 loss 0.0548 train 1.0000 test 0.0910
epoch 187/200 loss 0.0457 train 1.0000 test 0.0915
epoch 188/200 loss 0.0462 train 1.0000 test 0.0913
epoch 189/200 loss 0.0482 train 1.0000 test 0.0907
epoch 190/200 loss 0.0473 train 1.0000 test 0.0915
epoch 191/200 loss 0.0552 train 1.0000 test 0.0923
epoch 192/200 loss 0.0508 train 1.0000 test 0.0917
epoch 193/200 loss 0.0440 train 1.0000 test 0.0919
epoch 194/200 loss 0.0519 train 1.0000 test 0.0921
epoch 195/200 loss 0.0450 train 1.0000 test 0.0920
epoch 196/200 loss 0.0488 train 1.0000 test 0.0917
epoch 197/200 loss 0.0485 train 1.0000 test 0.0914
epoch 198/200 loss 0.0475 train 1.0000 test 0.0912
epoch 199/200 loss 0.0478 train 1.0000 test 0.0910
epoch 200/200 loss 0.0486 train 1.0000 test 0.0914
done: final 0.0914 best 0.0929 -> ./runs/auxrand_1pct_l30/seed1
moment-aux target calibrated on 1024 images
[auxrand_1pct_l30 seed2] {"params_trainable": 11222445, "params_stem_trainable": 0, "params_stem_fixed_filters": 0, "flops_total": 556705792, "flops_stem": 0, "flops_image_size": 32}
epoch 1/200 loss 4.9167 train 0.0078 test 0.0202
epoch 2/200 loss 4.7364 train 0.0260 test 0.0193
epoch 3/200 loss 4.6415 train 0.0339 test 0.0204
epoch 4/200 loss 4.5308 train 0.0547 test 0.0315
epoch 5/200 loss 4.4102 train 0.0417 test 0.0311
epoch 6/200 loss 4.2462 train 0.0703 test 0.0387
epoch 7/200 loss 4.1550 train 0.0964 test 0.0414
epoch 8/200 loss 4.0463 train 0.1042 test 0.0480
epoch 9/200 loss 3.9449 train 0.1458 test 0.0538
epoch 10/200 loss 3.7645 train 0.1771 test 0.0544
epoch 11/200 loss 3.7615 train 0.1302 test 0.0557
epoch 12/200 loss 3.7073 train 0.1458 test 0.0511
epoch 13/200 loss 3.6229 train 0.1615 test 0.0521
epoch 14/200 loss 3.5974 train 0.1667 test 0.0602
epoch 15/200 loss 3.4429 train 0.2292 test 0.0555
epoch 16/200 loss 3.4028 train 0.1979 test 0.0600
epoch 17/200 loss 3.3808 train 0.2005 test 0.0582
epoch 18/200 loss 3.2876 train 0.2083 test 0.0630
epoch 19/200 loss 3.2711 train 0.2109 test 0.0682
epoch 20/200 loss 3.2089 train 0.2188 test 0.0630
epoch 21/200 loss 3.1459 train 0.2161 test 0.0581
epoch 22/200 loss 3.0856 train 0.2552 test 0.0617
epoch 23/200 loss 3.0659 train 0.2448 test 0.0627
epoch 24/200 loss 3.0214 train 0.2604 test 0.0727
epoch 25/200 loss 3.0079 train 0.2604 test 0.0587
epoch 26/200 loss 2.9132 train 0.2682 test 0.0610
epoch 27/200 loss 2.8959 train 0.2708 test 0.0646
epoch 28/200 loss 2.8231 train 0.3099 test 0.0635
epoch 29/200 loss 2.7928 train 0.2865 test 0.0579
epoch 30/200 loss 2.7705 train 0.3099 test 0.0658
epoch 31/200 loss 2.7682 train 0.2786 test 0.0627
epoch 32/200 loss 2.6741 train 0.3125 test 0.0583
epoch 33/200 loss 2.6388 train 0.3281 test 0.0682
epoch 34/200 loss 2.5915 train 0.3542 test 0.0702
epoch 35/200 loss 2.4841 train 0.3438 test 0.0674
epoch 36/200 loss 2.4375 train 0.3776 test 0.0656
epoch 37/200 loss 2.4201 train 0.3802 test 0.0687
epoch 38/200 loss 2.3437 train 0.3984 test 0.0667
epoch 39/200 loss 2.2776 train 0.4219 test 0.0687
epoch 40/200 loss 2.2373 train 0.4323 test 0.0619
epoch 41/200 loss 2.2451 train 0.4115 test 0.0686
epoch 42/200 loss 2.1565 train 0.4115 test 0.0637
epoch 43/200 loss 2.1745 train 0.4245 test 0.0663
epoch 44/200 loss 2.0837 train 0.4505 test 0.0670
epoch 45/200 loss 1.9975 train 0.5130 test 0.0708
epoch 46/200 loss 2.0119 train 0.4375 test 0.0656
epoch 47/200 loss 1.9101 train 0.5026 test 0.0668
epoch 48/200 loss 1.8685 train 0.4948 test 0.0688
epoch 49/200 loss 1.8166 train 0.5130 test 0.0653
epoch 50/200 loss 1.6335 train 0.6042 test 0.0753
epoch 51/200 loss 1.6965 train 0.5703 test 0.0711
epoch 52/200 loss 1.6444 train 0.5885 test 0.0670
epoch 53/200 loss 1.6038 train 0.5833 test 0.0722
epoch 54/200 loss 1.6723 train 0.5521 test 0.0724
epoch 55/200 loss 1.5562 train 0.5990 test 0.0720
epoch 56/200 loss 1.5397 train 0.6120 test 0.0725
epoch 57/200 loss 1.4371 train 0.6458 test 0.0736
epoch 58/200 loss 1.4008 train 0.6719 test 0.0734
epoch 59/200 loss 1.4132 train 0.6536 test 0.0724
epoch 60/200 loss 1.3399 train 0.6693 test 0.0697
epoch 61/200 loss 1.2822 train 0.7005 test 0.0707
epoch 62/200 loss 1.2680 train 0.7161 test 0.0733
epoch 63/200 loss 1.1668 train 0.7266 test 0.0773
epoch 64/200 loss 1.1736 train 0.6849 test 0.0748
epoch 65/200 loss 1.0892 train 0.7656 test 0.0745
epoch 66/200 loss 1.1471 train 0.7240 test 0.0750
epoch 67/200 loss 1.1337 train 0.7292 test 0.0663
epoch 68/200 loss 0.9599 train 0.8047 test 0.0735
epoch 69/200 loss 1.0352 train 0.7448 test 0.0776
epoch 70/200 loss 0.8927 train 0.8307 test 0.0751
epoch 71/200 loss 0.8445 train 0.8333 test 0.0749
epoch 72/200 loss 0.8485 train 0.8411 test 0.0785
epoch 73/200 loss 0.7403 train 0.8646 test 0.0799
epoch 74/200 loss 0.8098 train 0.8229 test 0.0811
epoch 75/200 loss 0.7306 train 0.8411 test 0.0771
epoch 76/200 loss 0.6926 train 0.8750 test 0.0670
epoch 77/200 loss 0.6754 train 0.8333 test 0.0758
epoch 78/200 loss 0.6230 train 0.8906 test 0.0804
epoch 79/200 loss 0.5666 train 0.9089 test 0.0749
epoch 80/200 loss 0.5862 train 0.8932 test 0.0787
epoch 81/200 loss 0.5027 train 0.9323 test 0.0811
epoch 82/200 loss 0.5033 train 0.9219 test 0.0786
epoch 83/200 loss 0.4459 train 0.9245 test 0.0800
epoch 84/200 loss 0.4341 train 0.9427 test 0.0826
epoch 85/200 loss 0.3990 train 0.9531 test 0.0804
epoch 86/200 loss 0.3907 train 0.9479 test 0.0816
epoch 87/200 loss 0.3741 train 0.9479 test 0.0789
epoch 88/200 loss 0.3535 train 0.9557 test 0.0840
epoch 89/200 loss 0.3184 train 0.9714 test 0.0813
epoch 90/200 loss 0.2916 train 0.9766 test 0.0794
epoch 91/200 loss 0.3258 train 0.9583 test 0.0792
epoch 92/200 loss 0.2640 train 0.9714 test 0.0814
epoch 93/200 loss 0.2783 train 0.9766 test 0.0831
epoch 94/200 loss 0.2210 train 0.9844 test 0.0825
epoch 95/200 loss 0.2168 train 0.9870 test 0.0841
epoch 96/200 loss 0.1998 train 0.9948 test 0.0813
epoch 97/200 loss 0.1934 train 0.9974 test 0.0798
epoch 98/200 loss 0.1715 train 0.9948 test 0.0805
epoch 99/200 loss 0.1744 train 0.9896 test 0.0866
epoch 100/200 loss 0.1485 train 0.9922 test 0.0845
epoch 101/200 loss 0.1729 train 0.9896 test 0.0841
epoch 102/200 loss 0.1565 train 0.9870 test 0.0849
epoch 103/200 loss 0.1460 train 1.0000 test 0.0855
epoch 104/200 loss 0.1314 train 1.0000 test 0.0861
epoch 105/200 loss 0.1336 train 0.9974 test 0.0845
epoch 106/200 loss 0.1417 train 1.0000 test 0.0853
epoch 107/200 loss 0.1201 train 0.9974 test 0.0865
epoch 108/200 loss 0.1283 train 1.0000 test 0.0859
epoch 109/200 loss 0.1242 train 0.9974 test 0.0859
epoch 110/200 loss 0.1152 train 1.0000 test 0.0869
epoch 111/200 loss 0.0946 train 1.0000 test 0.0877
epoch 112/200 loss 0.1079 train 0.9974 test 0.0887
epoch 113/200 loss 0.0985 train 1.0000 test 0.0886
epoch 114/200 loss 0.1090 train 0.9974 test 0.0911
epoch 115/200 loss 0.0973 train 1.0000 test 0.0886
epoch 116/200 loss 0.0878 train 0.9974 test 0.0895
epoch 117/200 loss 0.0928 train 1.0000 test 0.0904
epoch 118/200 loss 0.0826 train 1.0000 test 0.0896
epoch 119/200 loss 0.0763 train 1.0000 test 0.0909
epoch 120/200 loss 0.0857 train 1.0000 test 0.0884
epoch 121/200 loss 0.0862 train 0.9974 test 0.0880
epoch 122/200 loss 0.0779 train 1.0000 test 0.0883
epoch 123/200 loss 0.0728 train 1.0000 test 0.0885
epoch 124/200 loss 0.0809 train 0.9974 test 0.0893
epoch 125/200 loss 0.0719 train 1.0000 test 0.0909
epoch 126/200 loss 0.0785 train 1.0000 test 0.0893
epoch 127/200 loss 0.0659 train 1.0000 test 0.0890
epoch 128/200 loss 0.0731 train 1.0000 test 0.0895
epoch 129/200 loss 0.0650 train 1.0000 test 0.0905
epoch 130/200 loss 0.0822 train 0.9974 test 0.0904
epoch 131/200 loss 0.0649 train 1.0000 test 0.0900
epoch 132/200 loss 0.0722 train 1.0000 test 0.0902
epoch 133/200 loss 0.0742 train 0.9974 test 0.0906
epoch 134/200 loss 0.0636 train 1.0000 test 0.0903
epoch 135/200 loss 0.0676 train 1.0000 test 0.0900
epoch 136/200 loss 0.0642 train 1.0000 test 0.0889
epoch 137/200 loss 0.0617 train 1.0000 test 0.0902
epoch 138/200 loss 0.0700 train 1.0000 test 0.0898
epoch 139/200 loss 0.0609 train 1.0000 test 0.0895
epoch 140/200 loss 0.0601 train 1.0000 test 0.0901
epoch 141/200 loss 0.0677 train 1.0000 test 0.0904
epoch 142/200 loss 0.0583 train 1.0000 test 0.0908
epoch 143/200 loss 0.0596 train 1.0000 test 0.0911
epoch 144/200 loss 0.0581 train 1.0000 test 0.0919
epoch 145/200 loss 0.0612 train 1.0000 test 0.0907
epoch 146/200 loss 0.0614 train 1.0000 test 0.0908
epoch 147/200 loss 0.0546 train 1.0000 test 0.0917
epoch 148/200 loss 0.0545 train 1.0000 test 0.0911
epoch 149/200 loss 0.0594 train 1.0000 test 0.0912
epoch 150/200 loss 0.0594 train 1.0000 test 0.0908
epoch 151/200 loss 0.0529 train 1.0000 test 0.0925
epoch 152/200 loss 0.0542 train 1.0000 test 0.0934
epoch 153/200 loss 0.0593 train 1.0000 test 0.0923
epoch 154/200 loss 0.0570 train 1.0000 test 0.0941
epoch 155/200 loss 0.0601 train 1.0000 test 0.0935
epoch 156/200 loss 0.0551 train 1.0000 test 0.0935
epoch 157/200 loss 0.0625 train 0.9974 test 0.0928
epoch 158/200 loss 0.0523 train 1.0000 test 0.0925
epoch 159/200 loss 0.0556 train 1.0000 test 0.0913
epoch 160/200 loss 0.0533 train 1.0000 test 0.0911
epoch 161/200 loss 0.0546 train 1.0000 test 0.0913
epoch 162/200 loss 0.0627 train 1.0000 test 0.0914
epoch 163/200 loss 0.0502 train 1.0000 test 0.0910
epoch 164/200 loss 0.0597 train 1.0000 test 0.0914
epoch 165/200 loss 0.0539 train 1.0000 test 0.0919
epoch 166/200 loss 0.0511 train 1.0000 test 0.0914
epoch 167/200 loss 0.0629 train 1.0000 test 0.0918
epoch 168/200 loss 0.0526 train 1.0000 test 0.0920
epoch 169/200 loss 0.0532 train 1.0000 test 0.0924
epoch 170/200 loss 0.0498 train 1.0000 test 0.0924
epoch 171/200 loss 0.0550 train 1.0000 test 0.0922
epoch 172/200 loss 0.0559 train 1.0000 test 0.0924
epoch 173/200 loss 0.0475 train 1.0000 test 0.0928
epoch 174/200 loss 0.0572 train 1.0000 test 0.0928
epoch 175/200 loss 0.0474 train 1.0000 test 0.0929
epoch 176/200 loss 0.0564 train 1.0000 test 0.0941
epoch 177/200 loss 0.0542 train 1.0000 test 0.0931
epoch 178/200 loss 0.0524 train 1.0000 test 0.0929
epoch 179/200 loss 0.0516 train 1.0000 test 0.0929
epoch 180/200 loss 0.0527 train 1.0000 test 0.0929
epoch 181/200 loss 0.0517 train 1.0000 test 0.0928
epoch 182/200 loss 0.0475 train 1.0000 test 0.0931
epoch 183/200 loss 0.0555 train 1.0000 test 0.0936
epoch 184/200 loss 0.0504 train 1.0000 test 0.0935
epoch 185/200 loss 0.0528 train 1.0000 test 0.0930
epoch 186/200 loss 0.0491 train 1.0000 test 0.0934
epoch 187/200 loss 0.0466 train 1.0000 test 0.0937
epoch 188/200 loss 0.0541 train 1.0000 test 0.0933
epoch 189/200 loss 0.0495 train 1.0000 test 0.0933
epoch 190/200 loss 0.0531 train 1.0000 test 0.0915
epoch 191/200 loss 0.0586 train 1.0000 test 0.0911
epoch 192/200 loss 0.0486 train 1.0000 test 0.0917
epoch 193/200 loss 0.0549 train 1.0000 test 0.0926
epoch 194/200 loss 0.0474 train 1.0000 test 0.0925
epoch 195/200 loss 0.0554 train 1.0000 test 0.0927
epoch 196/200 loss 0.0483 train 1.0000 test 0.0927
epoch 197/200 loss 0.0516 train 1.0000 test 0.0921
epoch 198/200 loss 0.0471 train 1.0000 test 0.0927
epoch 199/200 loss 0.0486 train 1.0000 test 0.0919
epoch 200/200 loss 0.0463 train 1.0000 test 0.0923
done: final 0.0923 best 0.0941 -> ./runs/auxrand_1pct_l30/seed2
AUXRAND_1PCT_DONE
AUXRAND_CTRL_COMPLETE
