[food101] VAL 14140 / FIT 42622 (excluded pcts [5, 10, 25])
  diagfuse_food_aug_10pct seed0: e2e val 46.00 test 50.44 (recorded 50.44)  probe val 49.87 test 54.90
  diagfuse_food_aug_10pct seed1: e2e val 46.54 test 51.34 (recorded 51.32)  probe val 50.71 test 55.65
  diagfuse_food_aug_10pct seed2: e2e val 46.17 test 51.16 (recorded 51.19)  probe val 50.95 test 55.56
  diagfuse_food_aug_5pct seed0: e2e val 28.94 test 31.85 (recorded 31.82)  probe val 37.99 test 42.25
  diagfuse_food_aug_5pct seed1: e2e val 28.03 test 31.54 (recorded 31.55)  probe val 38.06 test 42.40
  diagfuse_food_aug_5pct seed2: e2e val 28.54 test 30.71 (recorded 30.73)  probe val 37.88 test 41.05
  diagfuse_food_prioraug_10pct seed0: e2e val 44.48 test 49.18 (recorded 49.18)  probe val 48.87 test 53.85
  diagfuse_food_prioraug_10pct seed1: e2e val 44.98 test 49.24 (recorded 49.24)  probe val 49.34 test 54.18
  diagfuse_food_prioraug_10pct seed2: e2e val 44.96 test 49.10 (recorded 49.10)  probe val 49.53 test 53.65
  diagfuse_food_prioraug_5pct seed0: e2e val 32.77 test 35.82 (recorded 35.82)  probe val 41.90 test 46.40
  diagfuse_food_prioraug_5pct seed1: e2e val 32.22 test 35.30 (recorded 35.30)  probe val 41.86 test 46.01
  diagfuse_food_prioraug_5pct seed2: e2e val 32.55 test 35.95 (recorded 35.95)  probe val 42.28 test 46.16
  diagfuse_food_priorssl_10pct seed0: e2e val 40.22 test 44.30 (recorded 44.30)  probe val 42.59 test 47.10
  diagfuse_food_priorssl_10pct seed1: e2e val 41.38 test 45.50 (recorded 45.49)  probe val 43.53 test 47.72
  diagfuse_food_priorssl_10pct seed2: e2e val 40.32 test 44.49 (recorded 44.50)  probe val 43.03 test 47.19
  diagfuse_food_priorssl_5pct seed0: e2e val 28.66 test 30.80 (recorded 30.79)  probe val 34.43 test 37.33
  diagfuse_food_priorssl_5pct seed1: e2e val 25.96 test 28.49 (recorded 28.50)  probe val 32.52 test 35.47
  diagfuse_food_priorssl_5pct seed2: e2e val 27.97 test 30.64 (recorded 30.63)  probe val 33.40 test 37.58
  diaggrid_simclr_food_10pct seed0: e2e val 42.31 test 46.99 (recorded 46.98)  probe val 44.97 test 49.20
  diaggrid_simclr_food_10pct seed1: e2e val 43.37 test 48.02 (recorded 48.02)  probe val 46.29 test 50.62
  diaggrid_simclr_food_10pct seed2: e2e val 42.36 test 46.50 (recorded 46.53)  probe val 44.82 test 49.92
  diaggrid_simclr_food_5pct seed0: e2e val 30.88 test 33.19 (recorded 33.20)  probe val 36.48 test 39.96
  diaggrid_simclr_food_5pct seed1: e2e val 27.17 test 29.58 (recorded 29.58)  probe val 33.34 test 36.94
  diaggrid_simclr_food_5pct seed2: e2e val 29.05 test 31.63 (recorded 31.62)  probe val 34.42 test 38.28
  grid_food_r18_9ee7da_10pct seed0: e2e val 39.10 test 42.76 (recorded 42.75)  probe val 42.68 test 47.19
  grid_food_r18_9ee7da_10pct seed1: e2e val 36.46 test 40.05 (recorded 40.06)  probe val 40.29 test 44.23
  grid_food_r18_9ee7da_10pct seed2: e2e val 38.76 test 42.38 (recorded 42.38)  probe val 42.69 test 46.63
  grid_food_r18_9ee7da_5pct seed0: e2e val 20.92 test 22.84 (recorded 22.88)  probe val 28.01 test 31.30
  grid_food_r18_9ee7da_5pct seed1: e2e val 19.96 test 21.49 (recorded 21.48)  probe val 27.42 test 30.13
  grid_food_r18_9ee7da_5pct seed2: e2e val 19.31 test 21.36 (recorded 21.39)  probe val 26.36 test 29.67
  grid_food_r18_axmagnitudeL3_l10to00_hn_8bd74b_10pct seed0: e2e val 40.35 test 44.85 (recorded 44.85)  probe val 44.53 test 48.91
  grid_food_r18_axmagnitudeL3_l10to00_hn_8bd74b_10pct seed1: e2e val 41.01 test 44.68 (recorded 44.69)  probe val 44.68 test 48.57
  grid_food_r18_axmagnitudeL3_l10to00_hn_8bd74b_10pct seed2: e2e val 41.49 test 45.19 (recorded 45.19)  probe val 44.60 test 49.29
  grid_food_r18_axmagnitudeL3_l10to00_hn_8bd74b_5pct seed0: e2e val 25.69 test 28.21 (recorded 28.20)  probe val 33.51 test 36.85
  grid_food_r18_axmagnitudeL3_l10to00_hn_8bd74b_5pct seed1: e2e val 25.15 test 27.20 (recorded 27.20)  probe val 32.66 test 36.27
  grid_food_r18_axmagnitudeL3_l10to00_hn_8bd74b_5pct seed2: e2e val 25.21 test 27.21 (recorded 27.22)  probe val 32.68 test 36.11
