Warning: You are sending unauthenticated requests to the HF Hub. Please set a HF_TOKEN to enable higher rate limits and faster downloads.
moment-aux target calibrated on 1024 images
[diagtransfer2_c100_aux_7pct seed3] {"params_trainable": 11222188, "params_stem_trainable": 0, "params_stem_fixed_filters": 0, "flops_total": 556705792, "flops_stem": 0, "flops_image_size": 32}
epoch 1/200 loss 26.7997 train 0.0072 test 0.0111
epoch 2/200 loss 5.7811 train 0.0136 test 0.0178
epoch 3/200 loss 5.2272 train 0.0177 test 0.0223
epoch 4/200 loss 5.0469 train 0.0214 test 0.0250
epoch 5/200 loss 4.9195 train 0.0246 test 0.0366
epoch 6/200 loss 4.8044 train 0.0301 test 0.0338
epoch 7/200 loss 4.7049 train 0.0414 test 0.0440
epoch 8/200 loss 4.6166 train 0.0547 test 0.0457
epoch 9/200 loss 4.5389 train 0.0599 test 0.0510
epoch 10/200 loss 4.4231 train 0.0723 test 0.0554
epoch 11/200 loss 4.3355 train 0.0775 test 0.0623
epoch 12/200 loss 4.2041 train 0.0885 test 0.0815
epoch 13/200 loss 4.0966 train 0.1010 test 0.0940
epoch 14/200 loss 3.9809 train 0.1204 test 0.0837
epoch 15/200 loss 3.8985 train 0.1325 test 0.0908
epoch 16/200 loss 3.8271 train 0.1447 test 0.1088
epoch 17/200 loss 3.7472 train 0.1505 test 0.1043
epoch 18/200 loss 3.6497 train 0.1684 test 0.1194
epoch 19/200 loss 3.5185 train 0.1892 test 0.1328
epoch 20/200 loss 3.4299 train 0.2020 test 0.1448
epoch 21/200 loss 3.3904 train 0.2046 test 0.1354
epoch 22/200 loss 3.2651 train 0.2312 test 0.1369
epoch 23/200 loss 3.1769 train 0.2439 test 0.1531
epoch 24/200 loss 3.1078 train 0.2520 test 0.1630
epoch 25/200 loss 3.0078 train 0.2708 test 0.1654
epoch 26/200 loss 2.9466 train 0.2827 test 0.1642
epoch 27/200 loss 2.8494 train 0.3044 test 0.1675
epoch 28/200 loss 2.7771 train 0.3070 test 0.1627
epoch 29/200 loss 2.6849 train 0.3325 test 0.1881
epoch 30/200 loss 2.6325 train 0.3524 test 0.1852
epoch 31/200 loss 2.5311 train 0.3614 test 0.1855
epoch 32/200 loss 2.4959 train 0.3785 test 0.1833
epoch 33/200 loss 2.4272 train 0.3866 test 0.1957
epoch 34/200 loss 2.3236 train 0.4138 test 0.2032
epoch 35/200 loss 2.2486 train 0.4248 test 0.2005
epoch 36/200 loss 2.1424 train 0.4476 test 0.2042
epoch 37/200 loss 2.1043 train 0.4534 test 0.1992
epoch 38/200 loss 2.0244 train 0.4754 test 0.2107
epoch 39/200 loss 1.9812 train 0.4931 test 0.1931
epoch 40/200 loss 1.9402 train 0.4980 test 0.2091
epoch 41/200 loss 1.8073 train 0.5341 test 0.2092
epoch 42/200 loss 1.7412 train 0.5457 test 0.2048
epoch 43/200 loss 1.7178 train 0.5451 test 0.2269
epoch 44/200 loss 1.6345 train 0.5738 test 0.2201
epoch 45/200 loss 1.5784 train 0.5830 test 0.2189
epoch 46/200 loss 1.5185 train 0.6045 test 0.2084
epoch 47/200 loss 1.4618 train 0.6192 test 0.2168
epoch 48/200 loss 1.4051 train 0.6386 test 0.2068
epoch 49/200 loss 1.2873 train 0.6620 test 0.2139
epoch 50/200 loss 1.2474 train 0.6788 test 0.2085
epoch 51/200 loss 1.1644 train 0.6994 test 0.2306
epoch 52/200 loss 1.0876 train 0.7072 test 0.2189
epoch 53/200 loss 1.0446 train 0.7410 test 0.2314
epoch 54/200 loss 0.9645 train 0.7619 test 0.2397
epoch 55/200 loss 0.9318 train 0.7758 test 0.2291
epoch 56/200 loss 0.9388 train 0.7598 test 0.2325
epoch 57/200 loss 0.8375 train 0.7951 test 0.2395
epoch 58/200 loss 0.8054 train 0.7995 test 0.2333
epoch 59/200 loss 0.7671 train 0.8108 test 0.2472
epoch 60/200 loss 0.7148 train 0.8336 test 0.2440
epoch 61/200 loss 0.6852 train 0.8452 test 0.2431
epoch 62/200 loss 0.6345 train 0.8571 test 0.2469
epoch 63/200 loss 0.5779 train 0.8756 test 0.2434
epoch 64/200 loss 0.5910 train 0.8631 test 0.2553
epoch 65/200 loss 0.5599 train 0.8808 test 0.2317
epoch 66/200 loss 0.4935 train 0.9028 test 0.2477
epoch 67/200 loss 0.4455 train 0.9115 test 0.2455
epoch 68/200 loss 0.4099 train 0.9259 test 0.2487
epoch 69/200 loss 0.4093 train 0.9201 test 0.2425
epoch 70/200 loss 0.3728 train 0.9314 test 0.2490
epoch 71/200 loss 0.3583 train 0.9334 test 0.2480
epoch 72/200 loss 0.3365 train 0.9436 test 0.2390
epoch 73/200 loss 0.3168 train 0.9470 test 0.2596
epoch 74/200 loss 0.3006 train 0.9488 test 0.2543
epoch 75/200 loss 0.2895 train 0.9534 test 0.2510
epoch 76/200 loss 0.2779 train 0.9601 test 0.2637
epoch 77/200 loss 0.2556 train 0.9633 test 0.2599
epoch 78/200 loss 0.2427 train 0.9676 test 0.2649
epoch 79/200 loss 0.2228 train 0.9716 test 0.2561
epoch 80/200 loss 0.2104 train 0.9769 test 0.2624
epoch 81/200 loss 0.1983 train 0.9795 test 0.2655
epoch 82/200 loss 0.1975 train 0.9774 test 0.2561
epoch 83/200 loss 0.2001 train 0.9748 test 0.2633
epoch 84/200 loss 0.1945 train 0.9757 test 0.2685
epoch 85/200 loss 0.1693 train 0.9858 test 0.2678
epoch 86/200 loss 0.1663 train 0.9823 test 0.2655
epoch 87/200 loss 0.1489 train 0.9887 test 0.2742
epoch 88/200 loss 0.1513 train 0.9870 test 0.2687
epoch 89/200 loss 0.1433 train 0.9890 test 0.2718
epoch 90/200 loss 0.1334 train 0.9916 test 0.2683
epoch 91/200 loss 0.1313 train 0.9905 test 0.2773
epoch 92/200 loss 0.1312 train 0.9887 test 0.2681
epoch 93/200 loss 0.1239 train 0.9913 test 0.2791
epoch 94/200 loss 0.1174 train 0.9951 test 0.2703
epoch 95/200 loss 0.1054 train 0.9957 test 0.2787
epoch 96/200 loss 0.1052 train 0.9954 test 0.2792
epoch 97/200 loss 0.1070 train 0.9933 test 0.2799
epoch 98/200 loss 0.0943 train 0.9983 test 0.2825
epoch 99/200 loss 0.1017 train 0.9962 test 0.2785
epoch 100/200 loss 0.0887 train 0.9983 test 0.2759
epoch 101/200 loss 0.0959 train 0.9959 test 0.2798
epoch 102/200 loss 0.0995 train 0.9942 test 0.2754
epoch 103/200 loss 0.1018 train 0.9936 test 0.2792
epoch 104/200 loss 0.0966 train 0.9933 test 0.2779
epoch 105/200 loss 0.0904 train 0.9957 test 0.2779
epoch 106/200 loss 0.0854 train 0.9959 test 0.2797
epoch 107/200 loss 0.0787 train 0.9983 test 0.2863
epoch 108/200 loss 0.0763 train 0.9991 test 0.2854
epoch 109/200 loss 0.0759 train 0.9988 test 0.2867
epoch 110/200 loss 0.0725 train 0.9991 test 0.2816
epoch 111/200 loss 0.0734 train 0.9977 test 0.2823
epoch 112/200 loss 0.0670 train 0.9994 test 0.2854
epoch 113/200 loss 0.0642 train 0.9994 test 0.2842
epoch 114/200 loss 0.0648 train 0.9997 test 0.2846
epoch 115/200 loss 0.0656 train 0.9994 test 0.2823
epoch 116/200 loss 0.0611 train 0.9994 test 0.2867
epoch 117/200 loss 0.0621 train 0.9988 test 0.2867
epoch 118/200 loss 0.0620 train 0.9994 test 0.2865
epoch 119/200 loss 0.0621 train 0.9988 test 0.2874
epoch 120/200 loss 0.0585 train 0.9988 test 0.2815
epoch 121/200 loss 0.0601 train 0.9974 test 0.2865
epoch 122/200 loss 0.0566 train 0.9997 test 0.2887
epoch 123/200 loss 0.0518 train 1.0000 test 0.2910
epoch 124/200 loss 0.0535 train 1.0000 test 0.2907
epoch 125/200 loss 0.0524 train 0.9994 test 0.2895
epoch 126/200 loss 0.0529 train 0.9997 test 0.2909
epoch 127/200 loss 0.0497 train 0.9994 test 0.2910
epoch 128/200 loss 0.0485 train 0.9997 test 0.2893
epoch 129/200 loss 0.0509 train 1.0000 test 0.2872
epoch 130/200 loss 0.0474 train 1.0000 test 0.2857
epoch 131/200 loss 0.0479 train 1.0000 test 0.2879
epoch 132/200 loss 0.0449 train 1.0000 test 0.2895
epoch 133/200 loss 0.0459 train 1.0000 test 0.2874
epoch 134/200 loss 0.0454 train 1.0000 test 0.2868
epoch 135/200 loss 0.0443 train 1.0000 test 0.2910
epoch 136/200 loss 0.0450 train 1.0000 test 0.2905
epoch 137/200 loss 0.0452 train 0.9997 test 0.2894
epoch 138/200 loss 0.0411 train 1.0000 test 0.2901
epoch 139/200 loss 0.0422 train 0.9991 test 0.2872
epoch 140/200 loss 0.0435 train 1.0000 test 0.2880
epoch 141/200 loss 0.0388 train 1.0000 test 0.2896
epoch 142/200 loss 0.0398 train 0.9997 test 0.2907
epoch 143/200 loss 0.0403 train 1.0000 test 0.2889
epoch 144/200 loss 0.0410 train 1.0000 test 0.2904
epoch 145/200 loss 0.0392 train 0.9994 test 0.2908
epoch 146/200 loss 0.0397 train 1.0000 test 0.2931
epoch 147/200 loss 0.0372 train 0.9991 test 0.2925
epoch 148/200 loss 0.0384 train 0.9997 test 0.2898
epoch 149/200 loss 0.0352 train 1.0000 test 0.2896
epoch 150/200 loss 0.0359 train 1.0000 test 0.2881
epoch 151/200 loss 0.0360 train 1.0000 test 0.2919
epoch 152/200 loss 0.0351 train 0.9994 test 0.2932
epoch 153/200 loss 0.0328 train 1.0000 test 0.2908
epoch 154/200 loss 0.0360 train 0.9997 test 0.2916
epoch 155/200 loss 0.0331 train 1.0000 test 0.2954
epoch 156/200 loss 0.0324 train 1.0000 test 0.2918
epoch 157/200 loss 0.0323 train 0.9997 test 0.2940
epoch 158/200 loss 0.0317 train 1.0000 test 0.2940
epoch 159/200 loss 0.0293 train 1.0000 test 0.2940
epoch 160/200 loss 0.0306 train 1.0000 test 0.2920
epoch 161/200 loss 0.0297 train 1.0000 test 0.2953
epoch 162/200 loss 0.0324 train 0.9997 test 0.2953
epoch 163/200 loss 0.0308 train 0.9997 test 0.2954
epoch 164/200 loss 0.0317 train 0.9997 test 0.2933
epoch 165/200 loss 0.0292 train 1.0000 test 0.2942
epoch 166/200 loss 0.0281 train 1.0000 test 0.2935
epoch 167/200 loss 0.0274 train 1.0000 test 0.2934
epoch 168/200 loss 0.0293 train 1.0000 test 0.2949
epoch 169/200 loss 0.0273 train 1.0000 test 0.2940
epoch 170/200 loss 0.0275 train 0.9994 test 0.2944
epoch 171/200 loss 0.0255 train 1.0000 test 0.2936
epoch 172/200 loss 0.0267 train 1.0000 test 0.2932
epoch 173/200 loss 0.0261 train 1.0000 test 0.2939
epoch 174/200 loss 0.0257 train 1.0000 test 0.2956
epoch 175/200 loss 0.0262 train 0.9997 test 0.2938
epoch 176/200 loss 0.0275 train 1.0000 test 0.2938
epoch 177/200 loss 0.0260 train 0.9997 test 0.2940
epoch 178/200 loss 0.0237 train 1.0000 test 0.2924
epoch 179/200 loss 0.0240 train 1.0000 test 0.2944
epoch 180/200 loss 0.0239 train 1.0000 test 0.2942
epoch 181/200 loss 0.0250 train 1.0000 test 0.2935
epoch 182/200 loss 0.0223 train 1.0000 test 0.2944
epoch 183/200 loss 0.0232 train 1.0000 test 0.2933
epoch 184/200 loss 0.0230 train 1.0000 test 0.2938
epoch 185/200 loss 0.0222 train 1.0000 test 0.2942
epoch 186/200 loss 0.0230 train 1.0000 test 0.2939
epoch 187/200 loss 0.0238 train 1.0000 test 0.2941
epoch 188/200 loss 0.0229 train 1.0000 test 0.2936
epoch 189/200 loss 0.0251 train 0.9994 test 0.2948
epoch 190/200 loss 0.0233 train 1.0000 test 0.2942
epoch 191/200 loss 0.0210 train 1.0000 test 0.2948
epoch 192/200 loss 0.0223 train 1.0000 test 0.2943
epoch 193/200 loss 0.0239 train 1.0000 test 0.2955
epoch 194/200 loss 0.0222 train 1.0000 test 0.2952
epoch 195/200 loss 0.0228 train 1.0000 test 0.2942
epoch 196/200 loss 0.0224 train 1.0000 test 0.2952
epoch 197/200 loss 0.0226 train 1.0000 test 0.2946
epoch 198/200 loss 0.0220 train 0.9997 test 0.2956
epoch 199/200 loss 0.0221 train 0.9997 test 0.2938
epoch 200/200 loss 0.0222 train 1.0000 test 0.2940
done: final 0.2940 best 0.2956 -> ./runs/diagtransfer2_c100_aux_7pct/seed3
