Warning: You are sending unauthenticated requests to the HF Hub. Please set a HF_TOKEN to enable higher rate limits and faster downloads.
moment-aux target calibrated on 1024 images
[diagtransfer2_c100_aux_7pct seed6] {"params_trainable": 11222188, "params_stem_trainable": 0, "params_stem_fixed_filters": 0, "flops_total": 556705792, "flops_stem": 0, "flops_image_size": 32}
epoch 1/200 loss 25.2988 train 0.0095 test 0.0098
epoch 2/200 loss 6.0299 train 0.0127 test 0.0192
epoch 3/200 loss 5.3207 train 0.0116 test 0.0214
epoch 4/200 loss 5.1227 train 0.0205 test 0.0260
epoch 5/200 loss 5.0162 train 0.0220 test 0.0224
epoch 6/200 loss 4.9350 train 0.0237 test 0.0285
epoch 7/200 loss 4.8449 train 0.0321 test 0.0306
epoch 8/200 loss 4.7552 train 0.0382 test 0.0374
epoch 9/200 loss 4.6817 train 0.0425 test 0.0423
epoch 10/200 loss 4.5752 train 0.0544 test 0.0442
epoch 11/200 loss 4.4891 train 0.0582 test 0.0572
epoch 12/200 loss 4.4053 train 0.0738 test 0.0595
epoch 13/200 loss 4.2746 train 0.0854 test 0.0721
epoch 14/200 loss 4.1835 train 0.1045 test 0.0804
epoch 15/200 loss 4.0761 train 0.1221 test 0.0803
epoch 16/200 loss 4.0011 train 0.1317 test 0.0928
epoch 17/200 loss 3.8805 train 0.1386 test 0.1050
epoch 18/200 loss 3.7897 train 0.1678 test 0.1073
epoch 19/200 loss 3.7146 train 0.1606 test 0.1160
epoch 20/200 loss 3.6235 train 0.1808 test 0.1201
epoch 21/200 loss 3.5654 train 0.1910 test 0.1218
epoch 22/200 loss 3.4596 train 0.2135 test 0.1324
epoch 23/200 loss 3.4005 train 0.2127 test 0.1318
epoch 24/200 loss 3.3108 train 0.2396 test 0.1215
epoch 25/200 loss 3.2038 train 0.2581 test 0.1525
epoch 26/200 loss 3.1484 train 0.2494 test 0.1479
epoch 27/200 loss 3.0749 train 0.2656 test 0.1511
epoch 28/200 loss 3.0110 train 0.2766 test 0.1524
epoch 29/200 loss 2.9080 train 0.3015 test 0.1661
epoch 30/200 loss 2.8327 train 0.3119 test 0.1559
epoch 31/200 loss 2.7604 train 0.3249 test 0.1779
epoch 32/200 loss 2.6867 train 0.3348 test 0.1552
epoch 33/200 loss 2.6239 train 0.3481 test 0.1809
epoch 34/200 loss 2.5496 train 0.3643 test 0.1715
epoch 35/200 loss 2.5281 train 0.3724 test 0.1874
epoch 36/200 loss 2.4218 train 0.3938 test 0.1895
epoch 37/200 loss 2.3705 train 0.4025 test 0.1748
epoch 38/200 loss 2.2710 train 0.4300 test 0.1647
epoch 39/200 loss 2.1777 train 0.4450 test 0.1820
epoch 40/200 loss 2.1415 train 0.4470 test 0.1833
epoch 41/200 loss 2.1153 train 0.4630 test 0.1737
epoch 42/200 loss 2.0132 train 0.4809 test 0.1922
epoch 43/200 loss 1.8844 train 0.5165 test 0.2028
epoch 44/200 loss 1.8040 train 0.5272 test 0.1937
epoch 45/200 loss 1.7799 train 0.5475 test 0.1974
epoch 46/200 loss 1.7333 train 0.5576 test 0.1859
epoch 47/200 loss 1.6703 train 0.5715 test 0.1995
epoch 48/200 loss 1.6082 train 0.5880 test 0.2035
epoch 49/200 loss 1.5134 train 0.6056 test 0.2003
epoch 50/200 loss 1.4855 train 0.6181 test 0.1995
epoch 51/200 loss 1.4351 train 0.6334 test 0.1890
epoch 52/200 loss 1.3438 train 0.6554 test 0.1998
epoch 53/200 loss 1.2590 train 0.6777 test 0.2100
epoch 54/200 loss 1.2057 train 0.6933 test 0.1992
epoch 55/200 loss 1.1835 train 0.6979 test 0.2047
epoch 56/200 loss 1.0822 train 0.7271 test 0.2202
epoch 57/200 loss 1.0897 train 0.7170 test 0.2017
epoch 58/200 loss 1.0479 train 0.7384 test 0.2056
epoch 59/200 loss 0.9850 train 0.7598 test 0.2183
epoch 60/200 loss 0.8982 train 0.7769 test 0.2102
epoch 61/200 loss 0.8413 train 0.7989 test 0.2197
epoch 62/200 loss 0.7926 train 0.8125 test 0.2155
epoch 63/200 loss 0.7396 train 0.8322 test 0.2126
epoch 64/200 loss 0.6907 train 0.8394 test 0.2137
epoch 65/200 loss 0.6761 train 0.8455 test 0.2238
epoch 66/200 loss 0.6527 train 0.8510 test 0.2306
epoch 67/200 loss 0.5819 train 0.8712 test 0.2283
epoch 68/200 loss 0.5713 train 0.8724 test 0.2213
epoch 69/200 loss 0.5676 train 0.8791 test 0.2275
epoch 70/200 loss 0.4989 train 0.8967 test 0.2209
epoch 71/200 loss 0.4990 train 0.8958 test 0.2326
epoch 72/200 loss 0.4737 train 0.9022 test 0.2220
epoch 73/200 loss 0.4167 train 0.9251 test 0.2350
epoch 74/200 loss 0.3835 train 0.9277 test 0.2367
epoch 75/200 loss 0.3689 train 0.9361 test 0.2353
epoch 76/200 loss 0.3791 train 0.9349 test 0.2249
epoch 77/200 loss 0.3452 train 0.9488 test 0.2269
epoch 78/200 loss 0.3202 train 0.9494 test 0.2421
epoch 79/200 loss 0.2882 train 0.9549 test 0.2353
epoch 80/200 loss 0.2958 train 0.9580 test 0.2343
epoch 81/200 loss 0.3081 train 0.9473 test 0.2370
epoch 82/200 loss 0.2870 train 0.9543 test 0.2325
epoch 83/200 loss 0.2652 train 0.9557 test 0.2378
epoch 84/200 loss 0.2350 train 0.9728 test 0.2347
epoch 85/200 loss 0.2304 train 0.9716 test 0.2508
epoch 86/200 loss 0.2055 train 0.9734 test 0.2497
epoch 87/200 loss 0.1995 train 0.9823 test 0.2411
epoch 88/200 loss 0.1906 train 0.9815 test 0.2405
epoch 89/200 loss 0.1991 train 0.9766 test 0.2375
epoch 90/200 loss 0.1889 train 0.9812 test 0.2501
epoch 91/200 loss 0.1843 train 0.9777 test 0.2463
epoch 92/200 loss 0.1708 train 0.9818 test 0.2400
epoch 93/200 loss 0.1541 train 0.9861 test 0.2454
epoch 94/200 loss 0.1432 train 0.9907 test 0.2472
epoch 95/200 loss 0.1500 train 0.9861 test 0.2492
epoch 96/200 loss 0.1520 train 0.9867 test 0.2545
epoch 97/200 loss 0.1376 train 0.9899 test 0.2477
epoch 98/200 loss 0.1235 train 0.9919 test 0.2533
epoch 99/200 loss 0.1283 train 0.9899 test 0.2531
epoch 100/200 loss 0.1151 train 0.9936 test 0.2491
epoch 101/200 loss 0.1048 train 0.9968 test 0.2568
epoch 102/200 loss 0.1139 train 0.9936 test 0.2580
epoch 103/200 loss 0.1073 train 0.9939 test 0.2464
epoch 104/200 loss 0.1049 train 0.9959 test 0.2619
epoch 105/200 loss 0.1062 train 0.9939 test 0.2612
epoch 106/200 loss 0.0958 train 0.9977 test 0.2581
epoch 107/200 loss 0.1000 train 0.9951 test 0.2551
epoch 108/200 loss 0.0928 train 0.9971 test 0.2593
epoch 109/200 loss 0.0915 train 0.9977 test 0.2617
epoch 110/200 loss 0.0866 train 0.9959 test 0.2586
epoch 111/200 loss 0.0808 train 0.9988 test 0.2606
epoch 112/200 loss 0.0822 train 0.9971 test 0.2631
epoch 113/200 loss 0.0798 train 0.9986 test 0.2610
epoch 114/200 loss 0.0803 train 0.9968 test 0.2554
epoch 115/200 loss 0.0788 train 0.9983 test 0.2657
epoch 116/200 loss 0.0742 train 0.9980 test 0.2612
epoch 117/200 loss 0.0701 train 0.9986 test 0.2606
epoch 118/200 loss 0.0666 train 0.9991 test 0.2641
epoch 119/200 loss 0.0659 train 0.9991 test 0.2649
epoch 120/200 loss 0.0683 train 0.9980 test 0.2661
epoch 121/200 loss 0.0622 train 0.9997 test 0.2645
epoch 122/200 loss 0.0670 train 0.9988 test 0.2624
epoch 123/200 loss 0.0625 train 0.9988 test 0.2597
epoch 124/200 loss 0.0619 train 0.9980 test 0.2598
epoch 125/200 loss 0.0633 train 0.9988 test 0.2660
epoch 126/200 loss 0.0607 train 0.9986 test 0.2662
epoch 127/200 loss 0.0551 train 0.9991 test 0.2622
epoch 128/200 loss 0.0590 train 0.9997 test 0.2631
epoch 129/200 loss 0.0580 train 0.9991 test 0.2624
epoch 130/200 loss 0.0561 train 0.9991 test 0.2640
epoch 131/200 loss 0.0535 train 0.9994 test 0.2645
epoch 132/200 loss 0.0545 train 0.9991 test 0.2669
epoch 133/200 loss 0.0498 train 0.9997 test 0.2637
epoch 134/200 loss 0.0540 train 0.9991 test 0.2618
epoch 135/200 loss 0.0525 train 0.9991 test 0.2663
epoch 136/200 loss 0.0484 train 0.9994 test 0.2659
epoch 137/200 loss 0.0497 train 1.0000 test 0.2668
epoch 138/200 loss 0.0481 train 1.0000 test 0.2661
epoch 139/200 loss 0.0483 train 0.9991 test 0.2645
epoch 140/200 loss 0.0460 train 0.9994 test 0.2655
epoch 141/200 loss 0.0466 train 1.0000 test 0.2640
epoch 142/200 loss 0.0447 train 0.9997 test 0.2676
epoch 143/200 loss 0.0440 train 0.9991 test 0.2646
epoch 144/200 loss 0.0447 train 0.9994 test 0.2679
epoch 145/200 loss 0.0424 train 1.0000 test 0.2691
epoch 146/200 loss 0.0410 train 0.9994 test 0.2693
epoch 147/200 loss 0.0423 train 1.0000 test 0.2666
epoch 148/200 loss 0.0399 train 1.0000 test 0.2680
epoch 149/200 loss 0.0418 train 0.9997 test 0.2666
epoch 150/200 loss 0.0386 train 1.0000 test 0.2675
epoch 151/200 loss 0.0385 train 1.0000 test 0.2682
epoch 152/200 loss 0.0373 train 1.0000 test 0.2666
epoch 153/200 loss 0.0352 train 1.0000 test 0.2654
epoch 154/200 loss 0.0373 train 1.0000 test 0.2687
epoch 155/200 loss 0.0385 train 0.9997 test 0.2690
epoch 156/200 loss 0.0374 train 1.0000 test 0.2671
epoch 157/200 loss 0.0345 train 1.0000 test 0.2716
epoch 158/200 loss 0.0362 train 1.0000 test 0.2697
epoch 159/200 loss 0.0357 train 1.0000 test 0.2685
epoch 160/200 loss 0.0347 train 0.9997 test 0.2676
epoch 161/200 loss 0.0337 train 1.0000 test 0.2687
epoch 162/200 loss 0.0349 train 1.0000 test 0.2680
epoch 163/200 loss 0.0342 train 0.9991 test 0.2674
epoch 164/200 loss 0.0314 train 1.0000 test 0.2683
epoch 165/200 loss 0.0337 train 1.0000 test 0.2669
epoch 166/200 loss 0.0330 train 0.9997 test 0.2693
epoch 167/200 loss 0.0311 train 1.0000 test 0.2689
epoch 168/200 loss 0.0317 train 0.9994 test 0.2678
epoch 169/200 loss 0.0320 train 1.0000 test 0.2684
epoch 170/200 loss 0.0313 train 1.0000 test 0.2688
epoch 171/200 loss 0.0298 train 0.9997 test 0.2681
epoch 172/200 loss 0.0288 train 1.0000 test 0.2661
epoch 173/200 loss 0.0309 train 1.0000 test 0.2683
epoch 174/200 loss 0.0277 train 1.0000 test 0.2685
epoch 175/200 loss 0.0283 train 1.0000 test 0.2682
epoch 176/200 loss 0.0290 train 1.0000 test 0.2675
epoch 177/200 loss 0.0288 train 1.0000 test 0.2678
epoch 178/200 loss 0.0281 train 0.9994 test 0.2682
epoch 179/200 loss 0.0276 train 1.0000 test 0.2695
epoch 180/200 loss 0.0279 train 1.0000 test 0.2676
epoch 181/200 loss 0.0284 train 0.9997 test 0.2684
epoch 182/200 loss 0.0264 train 1.0000 test 0.2689
epoch 183/200 loss 0.0273 train 0.9994 test 0.2691
epoch 184/200 loss 0.0264 train 1.0000 test 0.2696
epoch 185/200 loss 0.0279 train 0.9997 test 0.2673
epoch 186/200 loss 0.0281 train 0.9994 test 0.2677
epoch 187/200 loss 0.0242 train 1.0000 test 0.2675
epoch 188/200 loss 0.0265 train 1.0000 test 0.2675
epoch 189/200 loss 0.0253 train 0.9994 test 0.2698
epoch 190/200 loss 0.0282 train 0.9994 test 0.2693
epoch 191/200 loss 0.0264 train 1.0000 test 0.2688
epoch 192/200 loss 0.0268 train 0.9997 test 0.2697
epoch 193/200 loss 0.0255 train 0.9997 test 0.2684
epoch 194/200 loss 0.0263 train 1.0000 test 0.2682
epoch 195/200 loss 0.0242 train 1.0000 test 0.2681
epoch 196/200 loss 0.0244 train 1.0000 test 0.2682
epoch 197/200 loss 0.0261 train 1.0000 test 0.2697
epoch 198/200 loss 0.0249 train 0.9997 test 0.2705
epoch 199/200 loss 0.0254 train 1.0000 test 0.2705
epoch 200/200 loss 0.0253 train 1.0000 test 0.2693
done: final 0.2693 best 0.2716 -> ./runs/diagtransfer2_c100_aux_7pct/seed6
