Warning: You are sending unauthenticated requests to the HF Hub. Please set a HF_TOKEN to enable higher rate limits and faster downloads.
moment-aux target calibrated on 1024 images
[diagtransfer2_c10_aux_5pct seed6] {"params_trainable": 11176018, "params_stem_trainable": 0, "params_stem_fixed_filters": 0, "flops_total": 556659712, "flops_stem": 0, "flops_image_size": 32}
epoch 1/200 loss 38.7005 train 0.1024 test 0.0951
epoch 2/200 loss 3.4784 train 0.0966 test 0.1011
epoch 3/200 loss 3.0121 train 0.1287 test 0.1122
epoch 4/200 loss 2.8476 train 0.1562 test 0.1275
epoch 5/200 loss 2.6995 train 0.1986 test 0.1835
epoch 6/200 loss 2.4883 train 0.2455 test 0.2260
epoch 7/200 loss 2.3168 train 0.2821 test 0.2996
epoch 8/200 loss 2.1871 train 0.3236 test 0.3215
epoch 9/200 loss 2.0749 train 0.3577 test 0.3403
epoch 10/200 loss 1.9895 train 0.3721 test 0.3543
epoch 11/200 loss 1.9073 train 0.4001 test 0.3632
epoch 12/200 loss 1.8510 train 0.4058 test 0.3792
epoch 13/200 loss 1.8156 train 0.4223 test 0.3979
epoch 14/200 loss 1.7538 train 0.4494 test 0.3944
epoch 15/200 loss 1.6446 train 0.4877 test 0.4078
epoch 16/200 loss 1.6404 train 0.4889 test 0.4227
epoch 17/200 loss 1.5572 train 0.5127 test 0.4492
epoch 18/200 loss 1.4986 train 0.5317 test 0.4505
epoch 19/200 loss 1.4687 train 0.5440 test 0.4653
epoch 20/200 loss 1.4050 train 0.5646 test 0.4774
epoch 21/200 loss 1.3265 train 0.5761 test 0.4605
epoch 22/200 loss 1.3019 train 0.5975 test 0.4746
epoch 23/200 loss 1.2529 train 0.6160 test 0.4947
epoch 24/200 loss 1.2023 train 0.6205 test 0.5039
epoch 25/200 loss 1.1622 train 0.6406 test 0.5110
epoch 26/200 loss 1.1169 train 0.6571 test 0.5236
epoch 27/200 loss 1.0824 train 0.6719 test 0.4707
epoch 28/200 loss 1.0365 train 0.6830 test 0.5435
epoch 29/200 loss 1.0180 train 0.6887 test 0.5442
epoch 30/200 loss 0.9590 train 0.7076 test 0.5243
epoch 31/200 loss 0.9199 train 0.7257 test 0.5110
epoch 32/200 loss 0.8821 train 0.7344 test 0.5505
epoch 33/200 loss 0.8553 train 0.7479 test 0.5468
epoch 34/200 loss 0.8192 train 0.7632 test 0.5452
epoch 35/200 loss 0.7969 train 0.7681 test 0.5588
epoch 36/200 loss 0.7446 train 0.7882 test 0.5440
epoch 37/200 loss 0.7124 train 0.7928 test 0.5737
epoch 38/200 loss 0.7147 train 0.7899 test 0.5345
epoch 39/200 loss 0.6882 train 0.7989 test 0.5653
epoch 40/200 loss 0.6286 train 0.8285 test 0.5541
epoch 41/200 loss 0.6200 train 0.8257 test 0.5740
epoch 42/200 loss 0.5595 train 0.8503 test 0.5591
epoch 43/200 loss 0.5749 train 0.8405 test 0.5392
epoch 44/200 loss 0.5492 train 0.8438 test 0.5818
epoch 45/200 loss 0.5392 train 0.8524 test 0.5740
epoch 46/200 loss 0.5194 train 0.8577 test 0.5851
epoch 47/200 loss 0.4629 train 0.8935 test 0.5448
epoch 48/200 loss 0.4474 train 0.8853 test 0.5888
epoch 49/200 loss 0.4394 train 0.8845 test 0.5766
epoch 50/200 loss 0.4414 train 0.8877 test 0.5904
epoch 51/200 loss 0.4347 train 0.8869 test 0.5744
epoch 52/200 loss 0.3847 train 0.9112 test 0.6037
epoch 53/200 loss 0.3886 train 0.8997 test 0.5754
epoch 54/200 loss 0.3734 train 0.9050 test 0.5934
epoch 55/200 loss 0.3316 train 0.9223 test 0.6020
epoch 56/200 loss 0.3286 train 0.9260 test 0.5849
epoch 57/200 loss 0.3532 train 0.9182 test 0.5957
epoch 58/200 loss 0.3098 train 0.9268 test 0.5799
epoch 59/200 loss 0.2927 train 0.9391 test 0.5982
epoch 60/200 loss 0.2855 train 0.9350 test 0.6043
epoch 61/200 loss 0.2871 train 0.9363 test 0.5986
epoch 62/200 loss 0.2690 train 0.9400 test 0.6041
epoch 63/200 loss 0.2650 train 0.9420 test 0.5913
epoch 64/200 loss 0.2636 train 0.9453 test 0.5885
epoch 65/200 loss 0.2332 train 0.9511 test 0.5962
epoch 66/200 loss 0.2218 train 0.9544 test 0.6093
epoch 67/200 loss 0.2090 train 0.9605 test 0.5916
epoch 68/200 loss 0.2046 train 0.9609 test 0.6145
epoch 69/200 loss 0.1908 train 0.9646 test 0.5986
epoch 70/200 loss 0.1898 train 0.9655 test 0.6105
epoch 71/200 loss 0.2066 train 0.9593 test 0.6005
epoch 72/200 loss 0.2134 train 0.9581 test 0.6016
epoch 73/200 loss 0.1854 train 0.9696 test 0.6090
epoch 74/200 loss 0.1737 train 0.9696 test 0.6046
epoch 75/200 loss 0.1691 train 0.9696 test 0.5803
epoch 76/200 loss 0.1928 train 0.9613 test 0.6022
epoch 77/200 loss 0.1666 train 0.9708 test 0.5989
epoch 78/200 loss 0.1651 train 0.9712 test 0.6256
epoch 79/200 loss 0.1566 train 0.9753 test 0.6134
epoch 80/200 loss 0.1576 train 0.9733 test 0.6010
epoch 81/200 loss 0.1406 train 0.9786 test 0.6258
epoch 82/200 loss 0.1349 train 0.9778 test 0.6246
epoch 83/200 loss 0.1127 train 0.9889 test 0.6307
epoch 84/200 loss 0.1136 train 0.9868 test 0.6250
epoch 85/200 loss 0.1198 train 0.9860 test 0.6350
epoch 86/200 loss 0.1228 train 0.9794 test 0.6264
epoch 87/200 loss 0.1200 train 0.9868 test 0.6284
epoch 88/200 loss 0.1038 train 0.9889 test 0.6192
epoch 89/200 loss 0.0961 train 0.9893 test 0.6307
epoch 90/200 loss 0.0996 train 0.9877 test 0.6322
epoch 91/200 loss 0.0918 train 0.9901 test 0.6284
epoch 92/200 loss 0.0966 train 0.9873 test 0.6213
epoch 93/200 loss 0.0965 train 0.9873 test 0.6320
epoch 94/200 loss 0.0969 train 0.9889 test 0.6321
epoch 95/200 loss 0.0944 train 0.9889 test 0.6238
epoch 96/200 loss 0.0863 train 0.9918 test 0.6315
epoch 97/200 loss 0.0870 train 0.9905 test 0.6396
epoch 98/200 loss 0.0786 train 0.9938 test 0.6427
epoch 99/200 loss 0.0767 train 0.9934 test 0.6341
epoch 100/200 loss 0.0731 train 0.9934 test 0.6422
epoch 101/200 loss 0.0686 train 0.9942 test 0.6296
epoch 102/200 loss 0.0670 train 0.9963 test 0.6307
epoch 103/200 loss 0.0618 train 0.9967 test 0.6318
epoch 104/200 loss 0.0627 train 0.9963 test 0.6437
epoch 105/200 loss 0.0635 train 0.9947 test 0.6378
epoch 106/200 loss 0.0639 train 0.9959 test 0.6391
epoch 107/200 loss 0.0618 train 0.9942 test 0.6369
epoch 108/200 loss 0.0579 train 0.9951 test 0.6394
epoch 109/200 loss 0.0545 train 0.9971 test 0.6386
epoch 110/200 loss 0.0523 train 0.9984 test 0.6457
epoch 111/200 loss 0.0478 train 0.9984 test 0.6461
epoch 112/200 loss 0.0494 train 0.9984 test 0.6443
epoch 113/200 loss 0.0474 train 0.9984 test 0.6473
epoch 114/200 loss 0.0464 train 0.9988 test 0.6478
epoch 115/200 loss 0.0424 train 0.9996 test 0.6476
epoch 116/200 loss 0.0457 train 0.9979 test 0.6453
epoch 117/200 loss 0.0440 train 0.9984 test 0.6438
epoch 118/200 loss 0.0401 train 0.9992 test 0.6494
epoch 119/200 loss 0.0421 train 0.9984 test 0.6439
epoch 120/200 loss 0.0395 train 0.9984 test 0.6462
epoch 121/200 loss 0.0396 train 0.9984 test 0.6486
epoch 122/200 loss 0.0367 train 0.9996 test 0.6483
epoch 123/200 loss 0.0367 train 0.9988 test 0.6457
epoch 124/200 loss 0.0395 train 0.9984 test 0.6490
epoch 125/200 loss 0.0358 train 0.9988 test 0.6548
epoch 126/200 loss 0.0321 train 1.0000 test 0.6501
epoch 127/200 loss 0.0325 train 0.9996 test 0.6502
epoch 128/200 loss 0.0331 train 0.9984 test 0.6487
epoch 129/200 loss 0.0327 train 0.9992 test 0.6497
epoch 130/200 loss 0.0297 train 1.0000 test 0.6496
epoch 131/200 loss 0.0292 train 1.0000 test 0.6498
epoch 132/200 loss 0.0296 train 0.9992 test 0.6510
epoch 133/200 loss 0.0274 train 0.9996 test 0.6514
epoch 134/200 loss 0.0283 train 0.9996 test 0.6505
epoch 135/200 loss 0.0263 train 0.9996 test 0.6488
epoch 136/200 loss 0.0272 train 0.9992 test 0.6522
epoch 137/200 loss 0.0269 train 0.9984 test 0.6541
epoch 138/200 loss 0.0244 train 1.0000 test 0.6527
epoch 139/200 loss 0.0237 train 1.0000 test 0.6500
epoch 140/200 loss 0.0229 train 0.9996 test 0.6540
epoch 141/200 loss 0.0225 train 0.9996 test 0.6529
epoch 142/200 loss 0.0241 train 0.9992 test 0.6493
epoch 143/200 loss 0.0212 train 0.9996 test 0.6497
epoch 144/200 loss 0.0216 train 0.9996 test 0.6491
epoch 145/200 loss 0.0217 train 0.9984 test 0.6501
epoch 146/200 loss 0.0224 train 0.9992 test 0.6528
epoch 147/200 loss 0.0196 train 0.9996 test 0.6550
epoch 148/200 loss 0.0206 train 0.9996 test 0.6544
epoch 149/200 loss 0.0177 train 1.0000 test 0.6529
epoch 150/200 loss 0.0183 train 1.0000 test 0.6522
epoch 151/200 loss 0.0172 train 0.9996 test 0.6536
epoch 152/200 loss 0.0174 train 1.0000 test 0.6516
epoch 153/200 loss 0.0178 train 0.9996 test 0.6543
epoch 154/200 loss 0.0165 train 0.9988 test 0.6517
epoch 155/200 loss 0.0173 train 0.9984 test 0.6506
epoch 156/200 loss 0.0166 train 0.9996 test 0.6516
epoch 157/200 loss 0.0158 train 1.0000 test 0.6500
epoch 158/200 loss 0.0133 train 1.0000 test 0.6524
epoch 159/200 loss 0.0150 train 0.9996 test 0.6516
epoch 160/200 loss 0.0135 train 0.9996 test 0.6529
epoch 161/200 loss 0.0132 train 1.0000 test 0.6527
epoch 162/200 loss 0.0118 train 1.0000 test 0.6535
epoch 163/200 loss 0.0128 train 0.9992 test 0.6532
epoch 164/200 loss 0.0122 train 1.0000 test 0.6538
epoch 165/200 loss 0.0114 train 0.9996 test 0.6530
epoch 166/200 loss 0.0110 train 1.0000 test 0.6535
epoch 167/200 loss 0.0125 train 0.9992 test 0.6522
epoch 168/200 loss 0.0111 train 0.9996 test 0.6525
epoch 169/200 loss 0.0095 train 1.0000 test 0.6532
epoch 170/200 loss 0.0098 train 0.9996 test 0.6534
epoch 171/200 loss 0.0098 train 1.0000 test 0.6529
epoch 172/200 loss 0.0083 train 1.0000 test 0.6545
epoch 173/200 loss 0.0087 train 1.0000 test 0.6555
epoch 174/200 loss 0.0074 train 1.0000 test 0.6555
epoch 175/200 loss 0.0089 train 0.9996 test 0.6554
epoch 176/200 loss 0.0076 train 1.0000 test 0.6550
epoch 177/200 loss 0.0076 train 0.9996 test 0.6551
epoch 178/200 loss 0.0071 train 0.9996 test 0.6555
epoch 179/200 loss 0.0065 train 1.0000 test 0.6561
epoch 180/200 loss 0.0082 train 0.9996 test 0.6551
epoch 181/200 loss 0.0063 train 1.0000 test 0.6542
epoch 182/200 loss 0.0078 train 0.9996 test 0.6542
epoch 183/200 loss 0.0064 train 0.9996 test 0.6551
epoch 184/200 loss 0.0059 train 1.0000 test 0.6542
epoch 185/200 loss 0.0063 train 1.0000 test 0.6537
epoch 186/200 loss 0.0069 train 1.0000 test 0.6540
epoch 187/200 loss 0.0068 train 1.0000 test 0.6539
epoch 188/200 loss 0.0059 train 1.0000 test 0.6551
epoch 189/200 loss 0.0065 train 1.0000 test 0.6556
epoch 190/200 loss 0.0054 train 0.9996 test 0.6553
epoch 191/200 loss 0.0056 train 1.0000 test 0.6556
epoch 192/200 loss 0.0057 train 0.9996 test 0.6559
epoch 193/200 loss 0.0051 train 1.0000 test 0.6538
epoch 194/200 loss 0.0061 train 1.0000 test 0.6546
epoch 195/200 loss 0.0042 train 1.0000 test 0.6551
epoch 196/200 loss 0.0047 train 1.0000 test 0.6546
epoch 197/200 loss 0.0076 train 0.9988 test 0.6558
epoch 198/200 loss 0.0045 train 1.0000 test 0.6537
epoch 199/200 loss 0.0042 train 1.0000 test 0.6551
epoch 200/200 loss 0.0052 train 1.0000 test 0.6545
done: final 0.6545 best 0.6561 -> ./runs/diagtransfer2_c10_aux_5pct/seed6
