Warning: You are sending unauthenticated requests to the HF Hub. Please set a HF_TOKEN to enable higher rate limits and faster downloads.
moment-aux target calibrated on 1024 images
[diagtransfer2_c10_aux_5pct seed7] {"params_trainable": 11176018, "params_stem_trainable": 0, "params_stem_fixed_filters": 0, "flops_total": 556659712, "flops_stem": 0, "flops_image_size": 32}
epoch 1/200 loss 24.5609 train 0.1036 test 0.1010
epoch 2/200 loss 3.7018 train 0.1069 test 0.0960
epoch 3/200 loss 3.2471 train 0.1098 test 0.1297
epoch 4/200 loss 2.9718 train 0.1674 test 0.1918
epoch 5/200 loss 2.7303 train 0.2196 test 0.2143
epoch 6/200 loss 2.5264 train 0.2582 test 0.2515
epoch 7/200 loss 2.3484 train 0.2993 test 0.2506
epoch 8/200 loss 2.2506 train 0.3088 test 0.3195
epoch 9/200 loss 2.1639 train 0.3236 test 0.3213
epoch 10/200 loss 2.0743 train 0.3475 test 0.3441
epoch 11/200 loss 1.9948 train 0.3762 test 0.3740
epoch 12/200 loss 1.9663 train 0.3828 test 0.3305
epoch 13/200 loss 1.8987 train 0.4120 test 0.3473
epoch 14/200 loss 1.8380 train 0.4309 test 0.3856
epoch 15/200 loss 1.7771 train 0.4379 test 0.4089
epoch 16/200 loss 1.7293 train 0.4630 test 0.4089
epoch 17/200 loss 1.6462 train 0.4959 test 0.4250
epoch 18/200 loss 1.5796 train 0.5148 test 0.4646
epoch 19/200 loss 1.5308 train 0.5197 test 0.4288
epoch 20/200 loss 1.4791 train 0.5448 test 0.4466
epoch 21/200 loss 1.4199 train 0.5518 test 0.4879
epoch 22/200 loss 1.3650 train 0.5794 test 0.4790
epoch 23/200 loss 1.3680 train 0.5666 test 0.4744
epoch 24/200 loss 1.2797 train 0.6143 test 0.4990
epoch 25/200 loss 1.2201 train 0.6295 test 0.4855
epoch 26/200 loss 1.1900 train 0.6221 test 0.5085
epoch 27/200 loss 1.1461 train 0.6443 test 0.4888
epoch 28/200 loss 1.1176 train 0.6558 test 0.4977
epoch 29/200 loss 1.1015 train 0.6521 test 0.5092
epoch 30/200 loss 1.0626 train 0.6752 test 0.4984
epoch 31/200 loss 1.0327 train 0.6842 test 0.5247
epoch 32/200 loss 0.9659 train 0.7146 test 0.5589
epoch 33/200 loss 0.9236 train 0.7270 test 0.4778
epoch 34/200 loss 0.9179 train 0.7299 test 0.5264
epoch 35/200 loss 0.9223 train 0.7138 test 0.5557
epoch 36/200 loss 0.8617 train 0.7393 test 0.5582
epoch 37/200 loss 0.8202 train 0.7607 test 0.5488
epoch 38/200 loss 0.7688 train 0.7804 test 0.5374
epoch 39/200 loss 0.7488 train 0.7829 test 0.5697
epoch 40/200 loss 0.7208 train 0.7936 test 0.5238
epoch 41/200 loss 0.7097 train 0.7985 test 0.5403
epoch 42/200 loss 0.6739 train 0.8129 test 0.5493
epoch 43/200 loss 0.6407 train 0.8100 test 0.5556
epoch 44/200 loss 0.6114 train 0.8302 test 0.5821
epoch 45/200 loss 0.6133 train 0.8191 test 0.5416
epoch 46/200 loss 0.5495 train 0.8524 test 0.5628
epoch 47/200 loss 0.5298 train 0.8602 test 0.5502
epoch 48/200 loss 0.5543 train 0.8438 test 0.5701
epoch 49/200 loss 0.5091 train 0.8627 test 0.5674
epoch 50/200 loss 0.5185 train 0.8623 test 0.5637
epoch 51/200 loss 0.4688 train 0.8791 test 0.5493
epoch 52/200 loss 0.4578 train 0.8824 test 0.5860
epoch 53/200 loss 0.4308 train 0.8914 test 0.5795
epoch 54/200 loss 0.4451 train 0.8832 test 0.5384
epoch 55/200 loss 0.3877 train 0.9062 test 0.5762
epoch 56/200 loss 0.3930 train 0.8993 test 0.5921
epoch 57/200 loss 0.3629 train 0.9137 test 0.5867
epoch 58/200 loss 0.3527 train 0.9120 test 0.5597
epoch 59/200 loss 0.3593 train 0.9124 test 0.5929
epoch 60/200 loss 0.3570 train 0.9108 test 0.5803
epoch 61/200 loss 0.3493 train 0.9145 test 0.5764
epoch 62/200 loss 0.3324 train 0.9178 test 0.5814
epoch 63/200 loss 0.3185 train 0.9276 test 0.5912
epoch 64/200 loss 0.3199 train 0.9211 test 0.5788
epoch 65/200 loss 0.2909 train 0.9391 test 0.6102
epoch 66/200 loss 0.2742 train 0.9400 test 0.6095
epoch 67/200 loss 0.2595 train 0.9453 test 0.5931
epoch 68/200 loss 0.2459 train 0.9461 test 0.5862
epoch 69/200 loss 0.2157 train 0.9585 test 0.6092
epoch 70/200 loss 0.2156 train 0.9589 test 0.6106
epoch 71/200 loss 0.2035 train 0.9613 test 0.6110
epoch 72/200 loss 0.2256 train 0.9613 test 0.6037
epoch 73/200 loss 0.2112 train 0.9585 test 0.6077
epoch 74/200 loss 0.1899 train 0.9679 test 0.6020
epoch 75/200 loss 0.1809 train 0.9667 test 0.6078
epoch 76/200 loss 0.1819 train 0.9663 test 0.6052
epoch 77/200 loss 0.1682 train 0.9733 test 0.6084
epoch 78/200 loss 0.1565 train 0.9774 test 0.6152
epoch 79/200 loss 0.1548 train 0.9778 test 0.6150
epoch 80/200 loss 0.1650 train 0.9729 test 0.6243
epoch 81/200 loss 0.1558 train 0.9745 test 0.6076
epoch 82/200 loss 0.1482 train 0.9766 test 0.6164
epoch 83/200 loss 0.1368 train 0.9790 test 0.6186
epoch 84/200 loss 0.1456 train 0.9733 test 0.5997
epoch 85/200 loss 0.1256 train 0.9848 test 0.6275
epoch 86/200 loss 0.1362 train 0.9782 test 0.6035
epoch 87/200 loss 0.1362 train 0.9790 test 0.6121
epoch 88/200 loss 0.1259 train 0.9794 test 0.6001
epoch 89/200 loss 0.1258 train 0.9836 test 0.6192
epoch 90/200 loss 0.1159 train 0.9852 test 0.6174
epoch 91/200 loss 0.1153 train 0.9844 test 0.6167
epoch 92/200 loss 0.1238 train 0.9803 test 0.6178
epoch 93/200 loss 0.1158 train 0.9852 test 0.6261
epoch 94/200 loss 0.1052 train 0.9889 test 0.6211
epoch 95/200 loss 0.0986 train 0.9889 test 0.6403
epoch 96/200 loss 0.0958 train 0.9881 test 0.6295
epoch 97/200 loss 0.0991 train 0.9868 test 0.6266
epoch 98/200 loss 0.0896 train 0.9897 test 0.6264
epoch 99/200 loss 0.0935 train 0.9893 test 0.6296
epoch 100/200 loss 0.0771 train 0.9955 test 0.6342
epoch 101/200 loss 0.0815 train 0.9934 test 0.6249
epoch 102/200 loss 0.0749 train 0.9938 test 0.6282
epoch 103/200 loss 0.0705 train 0.9942 test 0.6400
epoch 104/200 loss 0.0705 train 0.9934 test 0.6356
epoch 105/200 loss 0.0745 train 0.9930 test 0.6344
epoch 106/200 loss 0.0737 train 0.9938 test 0.6297
epoch 107/200 loss 0.0730 train 0.9934 test 0.6316
epoch 108/200 loss 0.0721 train 0.9914 test 0.6377
epoch 109/200 loss 0.0640 train 0.9955 test 0.6291
epoch 110/200 loss 0.0577 train 0.9979 test 0.6385
epoch 111/200 loss 0.0555 train 0.9975 test 0.6309
epoch 112/200 loss 0.0595 train 0.9959 test 0.6460
epoch 113/200 loss 0.0541 train 0.9959 test 0.6448
epoch 114/200 loss 0.0556 train 0.9963 test 0.6412
epoch 115/200 loss 0.0510 train 0.9971 test 0.6395
epoch 116/200 loss 0.0466 train 0.9992 test 0.6432
epoch 117/200 loss 0.0448 train 0.9984 test 0.6429
epoch 118/200 loss 0.0458 train 0.9996 test 0.6476
epoch 119/200 loss 0.0415 train 0.9988 test 0.6415
epoch 120/200 loss 0.0491 train 0.9963 test 0.6410
epoch 121/200 loss 0.0481 train 0.9963 test 0.6397
epoch 122/200 loss 0.0427 train 0.9988 test 0.6437
epoch 123/200 loss 0.0421 train 0.9984 test 0.6424
epoch 124/200 loss 0.0401 train 0.9992 test 0.6442
epoch 125/200 loss 0.0392 train 0.9971 test 0.6430
epoch 126/200 loss 0.0400 train 0.9988 test 0.6430
epoch 127/200 loss 0.0381 train 0.9979 test 0.6458
epoch 128/200 loss 0.0358 train 0.9996 test 0.6444
epoch 129/200 loss 0.0345 train 0.9988 test 0.6435
epoch 130/200 loss 0.0340 train 0.9988 test 0.6439
epoch 131/200 loss 0.0329 train 0.9992 test 0.6417
epoch 132/200 loss 0.0304 train 1.0000 test 0.6428
epoch 133/200 loss 0.0322 train 0.9996 test 0.6430
epoch 134/200 loss 0.0294 train 1.0000 test 0.6491
epoch 135/200 loss 0.0320 train 0.9992 test 0.6498
epoch 136/200 loss 0.0277 train 0.9996 test 0.6463
epoch 137/200 loss 0.0280 train 0.9992 test 0.6455
epoch 138/200 loss 0.0268 train 1.0000 test 0.6471
epoch 139/200 loss 0.0305 train 0.9975 test 0.6453
epoch 140/200 loss 0.0265 train 0.9996 test 0.6476
epoch 141/200 loss 0.0262 train 0.9992 test 0.6468
epoch 142/200 loss 0.0239 train 1.0000 test 0.6468
epoch 143/200 loss 0.0224 train 1.0000 test 0.6488
epoch 144/200 loss 0.0225 train 1.0000 test 0.6492
epoch 145/200 loss 0.0209 train 1.0000 test 0.6506
epoch 146/200 loss 0.0225 train 0.9984 test 0.6513
epoch 147/200 loss 0.0206 train 1.0000 test 0.6475
epoch 148/200 loss 0.0197 train 1.0000 test 0.6510
epoch 149/200 loss 0.0192 train 1.0000 test 0.6537
epoch 150/200 loss 0.0200 train 0.9996 test 0.6531
epoch 151/200 loss 0.0198 train 0.9992 test 0.6533
epoch 152/200 loss 0.0183 train 1.0000 test 0.6508
epoch 153/200 loss 0.0192 train 0.9992 test 0.6518
epoch 154/200 loss 0.0167 train 0.9996 test 0.6509
epoch 155/200 loss 0.0172 train 0.9992 test 0.6538
epoch 156/200 loss 0.0174 train 0.9996 test 0.6528
epoch 157/200 loss 0.0180 train 0.9992 test 0.6524
epoch 158/200 loss 0.0156 train 1.0000 test 0.6530
epoch 159/200 loss 0.0164 train 0.9996 test 0.6556
epoch 160/200 loss 0.0153 train 0.9992 test 0.6532
epoch 161/200 loss 0.0148 train 0.9996 test 0.6534
epoch 162/200 loss 0.0137 train 0.9996 test 0.6546
epoch 163/200 loss 0.0140 train 1.0000 test 0.6545
epoch 164/200 loss 0.0128 train 1.0000 test 0.6531
epoch 165/200 loss 0.0127 train 0.9996 test 0.6532
epoch 166/200 loss 0.0123 train 1.0000 test 0.6534
epoch 167/200 loss 0.0108 train 1.0000 test 0.6551
epoch 168/200 loss 0.0132 train 0.9996 test 0.6554
epoch 169/200 loss 0.0118 train 0.9996 test 0.6547
epoch 170/200 loss 0.0116 train 0.9996 test 0.6512
epoch 171/200 loss 0.0101 train 0.9996 test 0.6515
epoch 172/200 loss 0.0113 train 0.9996 test 0.6536
epoch 173/200 loss 0.0105 train 1.0000 test 0.6533
epoch 174/200 loss 0.0095 train 0.9992 test 0.6541
epoch 175/200 loss 0.0087 train 1.0000 test 0.6525
epoch 176/200 loss 0.0094 train 1.0000 test 0.6547
epoch 177/200 loss 0.0099 train 0.9996 test 0.6551
epoch 178/200 loss 0.0081 train 0.9996 test 0.6557
epoch 179/200 loss 0.0075 train 1.0000 test 0.6553
epoch 180/200 loss 0.0083 train 1.0000 test 0.6537
epoch 181/200 loss 0.0077 train 1.0000 test 0.6540
epoch 182/200 loss 0.0080 train 0.9996 test 0.6527
epoch 183/200 loss 0.0075 train 1.0000 test 0.6537
epoch 184/200 loss 0.0075 train 1.0000 test 0.6544
epoch 185/200 loss 0.0070 train 1.0000 test 0.6528
epoch 186/200 loss 0.0071 train 0.9996 test 0.6542
epoch 187/200 loss 0.0058 train 1.0000 test 0.6531
epoch 188/200 loss 0.0069 train 1.0000 test 0.6551
epoch 189/200 loss 0.0064 train 1.0000 test 0.6541
epoch 190/200 loss 0.0073 train 0.9996 test 0.6519
epoch 191/200 loss 0.0063 train 1.0000 test 0.6535
epoch 192/200 loss 0.0057 train 1.0000 test 0.6544
epoch 193/200 loss 0.0062 train 1.0000 test 0.6537
epoch 194/200 loss 0.0055 train 1.0000 test 0.6527
epoch 195/200 loss 0.0058 train 1.0000 test 0.6543
epoch 196/200 loss 0.0067 train 0.9996 test 0.6547
epoch 197/200 loss 0.0067 train 0.9996 test 0.6553
epoch 198/200 loss 0.0060 train 0.9996 test 0.6537
epoch 199/200 loss 0.0064 train 0.9996 test 0.6537
epoch 200/200 loss 0.0059 train 0.9996 test 0.6537
done: final 0.6537 best 0.6557 -> ./runs/diagtransfer2_c10_aux_5pct/seed7
