Warning: You are sending unauthenticated requests to the HF Hub. Please set a HF_TOKEN to enable higher rate limits and faster downloads.
moment-aux target calibrated on 1024 images
[diagtransfer2_c10_aux_5pct seed5] {"params_trainable": 11176018, "params_stem_trainable": 0, "params_stem_fixed_filters": 0, "flops_total": 556659712, "flops_stem": 0, "flops_image_size": 32}
epoch 1/200 loss 30.4223 train 0.1028 test 0.0793
epoch 2/200 loss 3.9411 train 0.1003 test 0.1075
epoch 3/200 loss 3.7174 train 0.1057 test 0.1177
epoch 4/200 loss 3.4621 train 0.1036 test 0.1228
epoch 5/200 loss 3.2970 train 0.1053 test 0.1267
epoch 6/200 loss 3.2166 train 0.1234 test 0.1315
epoch 7/200 loss 3.1877 train 0.1312 test 0.1351
epoch 8/200 loss 3.1461 train 0.1472 test 0.1367
epoch 9/200 loss 3.1066 train 0.1480 test 0.1532
epoch 10/200 loss 3.0584 train 0.1637 test 0.1727
epoch 11/200 loss 3.0061 train 0.1891 test 0.1683
epoch 12/200 loss 2.9147 train 0.1928 test 0.1973
epoch 13/200 loss 2.7796 train 0.2196 test 0.2313
epoch 14/200 loss 2.6314 train 0.2521 test 0.2414
epoch 15/200 loss 2.4230 train 0.2648 test 0.2678
epoch 16/200 loss 2.1901 train 0.3080 test 0.2868
epoch 17/200 loss 2.1177 train 0.3191 test 0.3040
epoch 18/200 loss 2.0597 train 0.3351 test 0.3251
epoch 19/200 loss 2.0203 train 0.3368 test 0.3402
epoch 20/200 loss 1.9753 train 0.3709 test 0.3454
epoch 21/200 loss 1.9498 train 0.3923 test 0.3254
epoch 22/200 loss 1.8837 train 0.4009 test 0.3840
epoch 23/200 loss 1.8709 train 0.4050 test 0.3455
epoch 24/200 loss 1.8639 train 0.4137 test 0.3768
epoch 25/200 loss 1.8323 train 0.4317 test 0.3826
epoch 26/200 loss 1.8204 train 0.4194 test 0.4028
epoch 27/200 loss 1.7810 train 0.4465 test 0.4024
epoch 28/200 loss 1.7163 train 0.4581 test 0.4111
epoch 29/200 loss 1.7005 train 0.4576 test 0.4124
epoch 30/200 loss 1.6827 train 0.4811 test 0.3886
epoch 31/200 loss 1.6491 train 0.4914 test 0.3737
epoch 32/200 loss 1.6585 train 0.4729 test 0.4460
epoch 33/200 loss 1.5987 train 0.4967 test 0.4165
epoch 34/200 loss 1.5814 train 0.5140 test 0.4461
epoch 35/200 loss 1.5524 train 0.5247 test 0.4013
epoch 36/200 loss 1.5387 train 0.5292 test 0.4596
epoch 37/200 loss 1.5090 train 0.5230 test 0.4580
epoch 38/200 loss 1.4850 train 0.5465 test 0.4624
epoch 39/200 loss 1.4658 train 0.5493 test 0.4476
epoch 40/200 loss 1.4090 train 0.5715 test 0.4640
epoch 41/200 loss 1.4200 train 0.5604 test 0.4560
epoch 42/200 loss 1.3941 train 0.5785 test 0.4768
epoch 43/200 loss 1.3775 train 0.5909 test 0.4351
epoch 44/200 loss 1.3413 train 0.5958 test 0.4821
epoch 45/200 loss 1.3122 train 0.6147 test 0.4710
epoch 46/200 loss 1.2792 train 0.6172 test 0.4862
epoch 47/200 loss 1.2519 train 0.6340 test 0.5051
epoch 48/200 loss 1.2127 train 0.6349 test 0.4649
epoch 49/200 loss 1.2351 train 0.6419 test 0.4702
epoch 50/200 loss 1.1976 train 0.6443 test 0.5319
epoch 51/200 loss 1.2018 train 0.6439 test 0.5219
epoch 52/200 loss 1.1226 train 0.6698 test 0.4861
epoch 53/200 loss 1.1221 train 0.6731 test 0.5266
epoch 54/200 loss 1.0577 train 0.7056 test 0.5390
epoch 55/200 loss 1.0389 train 0.6982 test 0.5241
epoch 56/200 loss 1.0607 train 0.7007 test 0.5379
epoch 57/200 loss 1.0175 train 0.7027 test 0.4907
epoch 58/200 loss 1.0281 train 0.7130 test 0.5303
epoch 59/200 loss 0.9924 train 0.7204 test 0.4856
epoch 60/200 loss 0.9613 train 0.7274 test 0.4912
epoch 61/200 loss 0.9506 train 0.7323 test 0.5612
epoch 62/200 loss 0.9431 train 0.7303 test 0.5538
epoch 63/200 loss 0.9173 train 0.7463 test 0.4914
epoch 64/200 loss 0.8728 train 0.7582 test 0.5053
epoch 65/200 loss 0.8680 train 0.7549 test 0.5581
epoch 66/200 loss 0.8336 train 0.7714 test 0.5724
epoch 67/200 loss 0.7960 train 0.7866 test 0.5523
epoch 68/200 loss 0.7822 train 0.7948 test 0.5506
epoch 69/200 loss 0.7580 train 0.7940 test 0.5748
epoch 70/200 loss 0.7153 train 0.8072 test 0.5561
epoch 71/200 loss 0.7266 train 0.7944 test 0.5075
epoch 72/200 loss 0.7031 train 0.8158 test 0.5724
epoch 73/200 loss 0.7007 train 0.8030 test 0.5644
epoch 74/200 loss 0.6909 train 0.8063 test 0.5710
epoch 75/200 loss 0.6719 train 0.8109 test 0.5668
epoch 76/200 loss 0.6363 train 0.8359 test 0.5671
epoch 77/200 loss 0.6026 train 0.8462 test 0.5704
epoch 78/200 loss 0.5835 train 0.8466 test 0.5630
epoch 79/200 loss 0.5565 train 0.8544 test 0.5507
epoch 80/200 loss 0.5277 train 0.8668 test 0.5868
epoch 81/200 loss 0.5244 train 0.8536 test 0.5703
epoch 82/200 loss 0.5394 train 0.8606 test 0.5829
epoch 83/200 loss 0.5011 train 0.8631 test 0.5243
epoch 84/200 loss 0.4846 train 0.8729 test 0.5837
epoch 85/200 loss 0.4618 train 0.8820 test 0.5925
epoch 86/200 loss 0.4378 train 0.8914 test 0.5884
epoch 87/200 loss 0.4561 train 0.8783 test 0.5986
epoch 88/200 loss 0.4275 train 0.8898 test 0.5885
epoch 89/200 loss 0.4049 train 0.8993 test 0.5658
epoch 90/200 loss 0.4072 train 0.8980 test 0.5883
epoch 91/200 loss 0.4247 train 0.8849 test 0.5478
epoch 92/200 loss 0.3934 train 0.9038 test 0.5999
epoch 93/200 loss 0.3406 train 0.9161 test 0.6054
epoch 94/200 loss 0.3611 train 0.9137 test 0.5992
epoch 95/200 loss 0.3444 train 0.9149 test 0.5827
epoch 96/200 loss 0.3254 train 0.9202 test 0.5998
epoch 97/200 loss 0.3041 train 0.9243 test 0.5826
epoch 98/200 loss 0.3163 train 0.9256 test 0.5775
epoch 99/200 loss 0.3073 train 0.9248 test 0.6011
epoch 100/200 loss 0.2863 train 0.9313 test 0.6029
epoch 101/200 loss 0.2908 train 0.9276 test 0.5993
epoch 102/200 loss 0.2689 train 0.9404 test 0.6006
epoch 103/200 loss 0.2619 train 0.9363 test 0.6109
epoch 104/200 loss 0.2406 train 0.9449 test 0.6106
epoch 105/200 loss 0.2246 train 0.9531 test 0.6106
epoch 106/200 loss 0.2041 train 0.9605 test 0.6250
epoch 107/200 loss 0.1882 train 0.9613 test 0.6243
epoch 108/200 loss 0.1887 train 0.9634 test 0.6212
epoch 109/200 loss 0.1973 train 0.9564 test 0.5900
epoch 110/200 loss 0.1883 train 0.9630 test 0.6157
epoch 111/200 loss 0.1680 train 0.9638 test 0.6129
epoch 112/200 loss 0.1664 train 0.9646 test 0.6007
epoch 113/200 loss 0.1771 train 0.9597 test 0.6258
epoch 114/200 loss 0.1526 train 0.9708 test 0.6264
epoch 115/200 loss 0.1472 train 0.9762 test 0.6143
epoch 116/200 loss 0.1560 train 0.9646 test 0.6123
epoch 117/200 loss 0.1513 train 0.9720 test 0.6227
epoch 118/200 loss 0.1290 train 0.9819 test 0.6246
epoch 119/200 loss 0.1105 train 0.9840 test 0.6184
epoch 120/200 loss 0.1048 train 0.9836 test 0.6238
epoch 121/200 loss 0.1151 train 0.9807 test 0.6151
epoch 122/200 loss 0.1211 train 0.9786 test 0.6096
epoch 123/200 loss 0.1118 train 0.9823 test 0.6271
epoch 124/200 loss 0.1123 train 0.9803 test 0.6268
epoch 125/200 loss 0.1053 train 0.9848 test 0.6272
epoch 126/200 loss 0.0950 train 0.9856 test 0.6398
epoch 127/200 loss 0.0947 train 0.9873 test 0.6290
epoch 128/200 loss 0.0901 train 0.9893 test 0.6243
epoch 129/200 loss 0.0829 train 0.9868 test 0.6293
epoch 130/200 loss 0.0888 train 0.9852 test 0.6371
epoch 131/200 loss 0.0742 train 0.9918 test 0.6304
epoch 132/200 loss 0.0708 train 0.9951 test 0.6364
epoch 133/200 loss 0.0719 train 0.9918 test 0.6377
epoch 134/200 loss 0.0642 train 0.9934 test 0.6335
epoch 135/200 loss 0.0610 train 0.9926 test 0.6395
epoch 136/200 loss 0.0640 train 0.9930 test 0.6358
epoch 137/200 loss 0.0607 train 0.9934 test 0.6347
epoch 138/200 loss 0.0550 train 0.9955 test 0.6371
epoch 139/200 loss 0.0547 train 0.9942 test 0.6387
epoch 140/200 loss 0.0508 train 0.9947 test 0.6388
epoch 141/200 loss 0.0623 train 0.9930 test 0.6409
epoch 142/200 loss 0.0529 train 0.9942 test 0.6436
epoch 143/200 loss 0.0502 train 0.9947 test 0.6412
epoch 144/200 loss 0.0490 train 0.9938 test 0.6373
epoch 145/200 loss 0.0465 train 0.9959 test 0.6384
epoch 146/200 loss 0.0436 train 0.9963 test 0.6439
epoch 147/200 loss 0.0411 train 0.9975 test 0.6409
epoch 148/200 loss 0.0410 train 0.9963 test 0.6424
epoch 149/200 loss 0.0354 train 0.9979 test 0.6372
epoch 150/200 loss 0.0399 train 0.9971 test 0.6407
epoch 151/200 loss 0.0393 train 0.9955 test 0.6411
epoch 152/200 loss 0.0335 train 0.9971 test 0.6358
epoch 153/200 loss 0.0360 train 0.9979 test 0.6372
epoch 154/200 loss 0.0327 train 0.9984 test 0.6393
epoch 155/200 loss 0.0299 train 0.9984 test 0.6413
epoch 156/200 loss 0.0338 train 0.9963 test 0.6430
epoch 157/200 loss 0.0290 train 0.9979 test 0.6406
epoch 158/200 loss 0.0275 train 0.9988 test 0.6426
epoch 159/200 loss 0.0264 train 0.9992 test 0.6459
epoch 160/200 loss 0.0288 train 0.9971 test 0.6433
epoch 161/200 loss 0.0272 train 0.9979 test 0.6423
epoch 162/200 loss 0.0243 train 0.9979 test 0.6426
epoch 163/200 loss 0.0246 train 0.9975 test 0.6425
epoch 164/200 loss 0.0273 train 0.9979 test 0.6444
epoch 165/200 loss 0.0207 train 0.9984 test 0.6433
epoch 166/200 loss 0.0213 train 0.9984 test 0.6432
epoch 167/200 loss 0.0228 train 0.9988 test 0.6429
epoch 168/200 loss 0.0241 train 0.9979 test 0.6433
epoch 169/200 loss 0.0182 train 0.9992 test 0.6430
epoch 170/200 loss 0.0157 train 1.0000 test 0.6455
epoch 171/200 loss 0.0186 train 0.9984 test 0.6451
epoch 172/200 loss 0.0203 train 0.9984 test 0.6454
epoch 173/200 loss 0.0183 train 0.9996 test 0.6456
epoch 174/200 loss 0.0173 train 0.9988 test 0.6437
epoch 175/200 loss 0.0170 train 0.9984 test 0.6445
epoch 176/200 loss 0.0183 train 0.9975 test 0.6442
epoch 177/200 loss 0.0144 train 0.9996 test 0.6432
epoch 178/200 loss 0.0150 train 0.9992 test 0.6426
epoch 179/200 loss 0.0136 train 0.9992 test 0.6443
epoch 180/200 loss 0.0142 train 0.9988 test 0.6435
epoch 181/200 loss 0.0159 train 0.9975 test 0.6427
epoch 182/200 loss 0.0146 train 0.9979 test 0.6425
epoch 183/200 loss 0.0150 train 0.9988 test 0.6423
epoch 184/200 loss 0.0116 train 0.9996 test 0.6437
epoch 185/200 loss 0.0108 train 0.9992 test 0.6448
epoch 186/200 loss 0.0111 train 0.9992 test 0.6442
epoch 187/200 loss 0.0150 train 0.9975 test 0.6434
epoch 188/200 loss 0.0118 train 1.0000 test 0.6431
epoch 189/200 loss 0.0104 train 0.9992 test 0.6421
epoch 190/200 loss 0.0133 train 0.9996 test 0.6437
epoch 191/200 loss 0.0112 train 0.9992 test 0.6424
epoch 192/200 loss 0.0110 train 0.9984 test 0.6423
epoch 193/200 loss 0.0093 train 1.0000 test 0.6441
epoch 194/200 loss 0.0101 train 0.9992 test 0.6446
epoch 195/200 loss 0.0123 train 0.9984 test 0.6437
epoch 196/200 loss 0.0096 train 0.9996 test 0.6445
epoch 197/200 loss 0.0087 train 0.9996 test 0.6444
epoch 198/200 loss 0.0076 train 0.9996 test 0.6445
epoch 199/200 loss 0.0105 train 0.9992 test 0.6431
epoch 200/200 loss 0.0125 train 0.9992 test 0.6451
done: final 0.6451 best 0.6459 -> ./runs/diagtransfer2_c10_aux_5pct/seed5
