Warning: You are sending unauthenticated requests to the HF Hub. Please set a HF_TOKEN to enable higher rate limits and faster downloads.
moment-aux target calibrated on 1024 images
[diagtransfer2_c10_aux_5pct seed9] {"params_trainable": 11176018, "params_stem_trainable": 0, "params_stem_fixed_filters": 0, "flops_total": 556659712, "flops_stem": 0, "flops_image_size": 32}
epoch 1/200 loss 25.5071 train 0.1110 test 0.1166
epoch 2/200 loss 3.6072 train 0.1127 test 0.1601
epoch 3/200 loss 2.9902 train 0.1661 test 0.2113
epoch 4/200 loss 2.7487 train 0.2089 test 0.2126
epoch 5/200 loss 2.5518 train 0.2504 test 0.2568
epoch 6/200 loss 2.3766 train 0.2845 test 0.2791
epoch 7/200 loss 2.2225 train 0.3063 test 0.3421
epoch 8/200 loss 2.1104 train 0.3483 test 0.2980
epoch 9/200 loss 2.0399 train 0.3577 test 0.3693
epoch 10/200 loss 1.9814 train 0.3795 test 0.3888
epoch 11/200 loss 1.8819 train 0.4095 test 0.3970
epoch 12/200 loss 1.8448 train 0.4243 test 0.4007
epoch 13/200 loss 1.7554 train 0.4556 test 0.4170
epoch 14/200 loss 1.7048 train 0.4725 test 0.4374
epoch 15/200 loss 1.6190 train 0.4901 test 0.4547
epoch 16/200 loss 1.5911 train 0.5045 test 0.4146
epoch 17/200 loss 1.5618 train 0.5095 test 0.4364
epoch 18/200 loss 1.4891 train 0.5284 test 0.4436
epoch 19/200 loss 1.4590 train 0.5436 test 0.4436
epoch 20/200 loss 1.3807 train 0.5691 test 0.4605
epoch 21/200 loss 1.3762 train 0.5715 test 0.4430
epoch 22/200 loss 1.2808 train 0.5999 test 0.4733
epoch 23/200 loss 1.2597 train 0.6049 test 0.4628
epoch 24/200 loss 1.1999 train 0.6258 test 0.5110
epoch 25/200 loss 1.1679 train 0.6365 test 0.5300
epoch 26/200 loss 1.1184 train 0.6542 test 0.5118
epoch 27/200 loss 1.0590 train 0.6752 test 0.5345
epoch 28/200 loss 1.0246 train 0.6937 test 0.5392
epoch 29/200 loss 0.9816 train 0.7044 test 0.5469
epoch 30/200 loss 0.9588 train 0.7175 test 0.5472
epoch 31/200 loss 0.9102 train 0.7336 test 0.5229
epoch 32/200 loss 0.8950 train 0.7319 test 0.5658
epoch 33/200 loss 0.8372 train 0.7434 test 0.5538
epoch 34/200 loss 0.8174 train 0.7562 test 0.4926
epoch 35/200 loss 0.7893 train 0.7718 test 0.5495
epoch 36/200 loss 0.7736 train 0.7780 test 0.5811
epoch 37/200 loss 0.7548 train 0.7804 test 0.5586
epoch 38/200 loss 0.7506 train 0.7775 test 0.5727
epoch 39/200 loss 0.6794 train 0.7993 test 0.5755
epoch 40/200 loss 0.6519 train 0.8211 test 0.5765
epoch 41/200 loss 0.6084 train 0.8302 test 0.5590
epoch 42/200 loss 0.6060 train 0.8335 test 0.5867
epoch 43/200 loss 0.5829 train 0.8302 test 0.5851
epoch 44/200 loss 0.5695 train 0.8454 test 0.5814
epoch 45/200 loss 0.5563 train 0.8470 test 0.5799
epoch 46/200 loss 0.5008 train 0.8729 test 0.5854
epoch 47/200 loss 0.4921 train 0.8676 test 0.5835
epoch 48/200 loss 0.4694 train 0.8808 test 0.5636
epoch 49/200 loss 0.4631 train 0.8853 test 0.6080
epoch 50/200 loss 0.4264 train 0.8964 test 0.5919
epoch 51/200 loss 0.3872 train 0.9017 test 0.6143
epoch 52/200 loss 0.3754 train 0.9174 test 0.5937
epoch 53/200 loss 0.4061 train 0.8980 test 0.5873
epoch 54/200 loss 0.3478 train 0.9198 test 0.6034
epoch 55/200 loss 0.3785 train 0.9001 test 0.6028
epoch 56/200 loss 0.3585 train 0.9145 test 0.6112
epoch 57/200 loss 0.3759 train 0.9067 test 0.6024
epoch 58/200 loss 0.3159 train 0.9313 test 0.6182
epoch 59/200 loss 0.3121 train 0.9285 test 0.5939
epoch 60/200 loss 0.2947 train 0.9338 test 0.6236
epoch 61/200 loss 0.2793 train 0.9404 test 0.6120
epoch 62/200 loss 0.2643 train 0.9412 test 0.6332
epoch 63/200 loss 0.2390 train 0.9523 test 0.6226
epoch 64/200 loss 0.2403 train 0.9502 test 0.6271
epoch 65/200 loss 0.2493 train 0.9482 test 0.6112
epoch 66/200 loss 0.2398 train 0.9486 test 0.5932
epoch 67/200 loss 0.2415 train 0.9478 test 0.6064
epoch 68/200 loss 0.2271 train 0.9564 test 0.6038
epoch 69/200 loss 0.2280 train 0.9572 test 0.6026
epoch 70/200 loss 0.2254 train 0.9531 test 0.6299
epoch 71/200 loss 0.2094 train 0.9593 test 0.6044
epoch 72/200 loss 0.1756 train 0.9671 test 0.6299
epoch 73/200 loss 0.1938 train 0.9675 test 0.6085
epoch 74/200 loss 0.1779 train 0.9708 test 0.6460
epoch 75/200 loss 0.1748 train 0.9704 test 0.6401
epoch 76/200 loss 0.1718 train 0.9708 test 0.6274
epoch 77/200 loss 0.1680 train 0.9712 test 0.6281
epoch 78/200 loss 0.1676 train 0.9704 test 0.6181
epoch 79/200 loss 0.1501 train 0.9762 test 0.6206
epoch 80/200 loss 0.1438 train 0.9799 test 0.6419
epoch 81/200 loss 0.1415 train 0.9794 test 0.6324
epoch 82/200 loss 0.1345 train 0.9807 test 0.6434
epoch 83/200 loss 0.1269 train 0.9831 test 0.6388
epoch 84/200 loss 0.1335 train 0.9782 test 0.6085
epoch 85/200 loss 0.1125 train 0.9860 test 0.6542
epoch 86/200 loss 0.1087 train 0.9860 test 0.6440
epoch 87/200 loss 0.1034 train 0.9901 test 0.6428
epoch 88/200 loss 0.1030 train 0.9889 test 0.6548
epoch 89/200 loss 0.1017 train 0.9873 test 0.6462
epoch 90/200 loss 0.1087 train 0.9864 test 0.6472
epoch 91/200 loss 0.1029 train 0.9856 test 0.6512
epoch 92/200 loss 0.0978 train 0.9881 test 0.6430
epoch 93/200 loss 0.0951 train 0.9893 test 0.6422
epoch 94/200 loss 0.0903 train 0.9905 test 0.6456
epoch 95/200 loss 0.0847 train 0.9918 test 0.6440
epoch 96/200 loss 0.0866 train 0.9914 test 0.6469
epoch 97/200 loss 0.0750 train 0.9938 test 0.6471
epoch 98/200 loss 0.0799 train 0.9918 test 0.6484
epoch 99/200 loss 0.0785 train 0.9930 test 0.6531
epoch 100/200 loss 0.0676 train 0.9975 test 0.6576
epoch 101/200 loss 0.0636 train 0.9979 test 0.6582
epoch 102/200 loss 0.0622 train 0.9971 test 0.6530
epoch 103/200 loss 0.0618 train 0.9955 test 0.6580
epoch 104/200 loss 0.0626 train 0.9959 test 0.6516
epoch 105/200 loss 0.0622 train 0.9971 test 0.6549
epoch 106/200 loss 0.0609 train 0.9959 test 0.6581
epoch 107/200 loss 0.0580 train 0.9971 test 0.6600
epoch 108/200 loss 0.0590 train 0.9951 test 0.6537
epoch 109/200 loss 0.0553 train 0.9967 test 0.6618
epoch 110/200 loss 0.0521 train 0.9975 test 0.6583
epoch 111/200 loss 0.0528 train 0.9975 test 0.6609
epoch 112/200 loss 0.0511 train 0.9992 test 0.6559
epoch 113/200 loss 0.0519 train 0.9967 test 0.6589
epoch 114/200 loss 0.0504 train 0.9988 test 0.6613
epoch 115/200 loss 0.0478 train 0.9988 test 0.6603
epoch 116/200 loss 0.0445 train 0.9979 test 0.6651
epoch 117/200 loss 0.0426 train 0.9988 test 0.6667
epoch 118/200 loss 0.0384 train 1.0000 test 0.6661
epoch 119/200 loss 0.0392 train 0.9996 test 0.6686
epoch 120/200 loss 0.0373 train 1.0000 test 0.6654
epoch 121/200 loss 0.0384 train 0.9988 test 0.6643
epoch 122/200 loss 0.0399 train 0.9975 test 0.6661
epoch 123/200 loss 0.0376 train 0.9992 test 0.6704
epoch 124/200 loss 0.0338 train 0.9996 test 0.6662
epoch 125/200 loss 0.0333 train 0.9988 test 0.6698
epoch 126/200 loss 0.0375 train 0.9984 test 0.6588
epoch 127/200 loss 0.0346 train 0.9988 test 0.6610
epoch 128/200 loss 0.0343 train 0.9979 test 0.6666
epoch 129/200 loss 0.0328 train 0.9992 test 0.6669
epoch 130/200 loss 0.0293 train 1.0000 test 0.6670
epoch 131/200 loss 0.0309 train 0.9992 test 0.6663
epoch 132/200 loss 0.0286 train 0.9996 test 0.6665
epoch 133/200 loss 0.0285 train 0.9992 test 0.6678
epoch 134/200 loss 0.0289 train 0.9988 test 0.6663
epoch 135/200 loss 0.0280 train 0.9992 test 0.6662
epoch 136/200 loss 0.0256 train 1.0000 test 0.6710
epoch 137/200 loss 0.0246 train 1.0000 test 0.6699
epoch 138/200 loss 0.0249 train 0.9988 test 0.6712
epoch 139/200 loss 0.0234 train 1.0000 test 0.6687
epoch 140/200 loss 0.0230 train 0.9996 test 0.6672
epoch 141/200 loss 0.0216 train 1.0000 test 0.6715
epoch 142/200 loss 0.0228 train 0.9996 test 0.6699
epoch 143/200 loss 0.0202 train 1.0000 test 0.6714
epoch 144/200 loss 0.0203 train 1.0000 test 0.6711
epoch 145/200 loss 0.0212 train 0.9996 test 0.6730
epoch 146/200 loss 0.0194 train 1.0000 test 0.6729
epoch 147/200 loss 0.0184 train 1.0000 test 0.6716
epoch 148/200 loss 0.0172 train 1.0000 test 0.6721
epoch 149/200 loss 0.0180 train 0.9996 test 0.6724
epoch 150/200 loss 0.0183 train 0.9996 test 0.6738
epoch 151/200 loss 0.0194 train 0.9984 test 0.6682
epoch 152/200 loss 0.0190 train 0.9996 test 0.6690
epoch 153/200 loss 0.0186 train 0.9988 test 0.6717
epoch 154/200 loss 0.0148 train 1.0000 test 0.6733
epoch 155/200 loss 0.0152 train 1.0000 test 0.6724
epoch 156/200 loss 0.0161 train 0.9996 test 0.6731
epoch 157/200 loss 0.0141 train 1.0000 test 0.6723
epoch 158/200 loss 0.0137 train 1.0000 test 0.6729
epoch 159/200 loss 0.0137 train 0.9996 test 0.6749
epoch 160/200 loss 0.0128 train 1.0000 test 0.6729
epoch 161/200 loss 0.0126 train 0.9996 test 0.6737
epoch 162/200 loss 0.0126 train 0.9996 test 0.6758
epoch 163/200 loss 0.0115 train 1.0000 test 0.6747
epoch 164/200 loss 0.0110 train 1.0000 test 0.6728
epoch 165/200 loss 0.0123 train 0.9996 test 0.6745
epoch 166/200 loss 0.0107 train 0.9996 test 0.6761
epoch 167/200 loss 0.0113 train 0.9996 test 0.6763
epoch 168/200 loss 0.0102 train 0.9996 test 0.6756
epoch 169/200 loss 0.0092 train 1.0000 test 0.6746
epoch 170/200 loss 0.0092 train 1.0000 test 0.6759
epoch 171/200 loss 0.0093 train 0.9996 test 0.6756
epoch 172/200 loss 0.0092 train 0.9996 test 0.6770
epoch 173/200 loss 0.0094 train 1.0000 test 0.6756
epoch 174/200 loss 0.0074 train 1.0000 test 0.6764
epoch 175/200 loss 0.0080 train 1.0000 test 0.6764
epoch 176/200 loss 0.0076 train 1.0000 test 0.6748
epoch 177/200 loss 0.0085 train 0.9992 test 0.6765
epoch 178/200 loss 0.0067 train 1.0000 test 0.6760
epoch 179/200 loss 0.0069 train 1.0000 test 0.6762
epoch 180/200 loss 0.0089 train 0.9996 test 0.6758
epoch 181/200 loss 0.0064 train 1.0000 test 0.6744
epoch 182/200 loss 0.0061 train 1.0000 test 0.6751
epoch 183/200 loss 0.0065 train 0.9992 test 0.6760
epoch 184/200 loss 0.0051 train 1.0000 test 0.6749
epoch 185/200 loss 0.0058 train 0.9996 test 0.6741
epoch 186/200 loss 0.0053 train 1.0000 test 0.6759
epoch 187/200 loss 0.0053 train 1.0000 test 0.6758
epoch 188/200 loss 0.0055 train 1.0000 test 0.6736
epoch 189/200 loss 0.0053 train 0.9996 test 0.6768
epoch 190/200 loss 0.0059 train 1.0000 test 0.6741
epoch 191/200 loss 0.0048 train 1.0000 test 0.6758
epoch 192/200 loss 0.0043 train 1.0000 test 0.6751
epoch 193/200 loss 0.0052 train 1.0000 test 0.6744
epoch 194/200 loss 0.0046 train 1.0000 test 0.6741
epoch 195/200 loss 0.0055 train 1.0000 test 0.6749
epoch 196/200 loss 0.0042 train 1.0000 test 0.6762
epoch 197/200 loss 0.0049 train 1.0000 test 0.6752
epoch 198/200 loss 0.0041 train 1.0000 test 0.6759
epoch 199/200 loss 0.0039 train 1.0000 test 0.6746
epoch 200/200 loss 0.0041 train 1.0000 test 0.6757
done: final 0.6757 best 0.6770 -> ./runs/diagtransfer2_c10_aux_5pct/seed9
