Warning: You are sending unauthenticated requests to the HF Hub. Please set a HF_TOKEN to enable higher rate limits and faster downloads.
moment-aux target calibrated on 1024 images
[diagtransfer2_c100_aux_7pct seed7] {"params_trainable": 11222188, "params_stem_trainable": 0, "params_stem_fixed_filters": 0, "flops_total": 556705792, "flops_stem": 0, "flops_image_size": 32}
epoch 1/200 loss 20.8925 train 0.0107 test 0.0086
epoch 2/200 loss 5.5948 train 0.0078 test 0.0098
epoch 3/200 loss 5.2325 train 0.0124 test 0.0170
epoch 4/200 loss 5.0726 train 0.0185 test 0.0196
epoch 5/200 loss 4.9639 train 0.0200 test 0.0260
epoch 6/200 loss 4.8477 train 0.0318 test 0.0305
epoch 7/200 loss 4.6948 train 0.0391 test 0.0382
epoch 8/200 loss 4.5586 train 0.0541 test 0.0542
epoch 9/200 loss 4.4107 train 0.0706 test 0.0613
epoch 10/200 loss 4.2712 train 0.0842 test 0.0733
epoch 11/200 loss 4.1412 train 0.0978 test 0.0865
epoch 12/200 loss 3.9617 train 0.1238 test 0.1031
epoch 13/200 loss 3.8268 train 0.1522 test 0.1056
epoch 14/200 loss 3.7055 train 0.1658 test 0.1242
epoch 15/200 loss 3.5781 train 0.1823 test 0.1324
epoch 16/200 loss 3.4713 train 0.2072 test 0.1379
epoch 17/200 loss 3.3148 train 0.2271 test 0.1505
epoch 18/200 loss 3.1712 train 0.2648 test 0.1456
epoch 19/200 loss 3.0596 train 0.2679 test 0.1635
epoch 20/200 loss 2.9674 train 0.2856 test 0.1705
epoch 21/200 loss 2.8186 train 0.3287 test 0.1697
epoch 22/200 loss 2.7142 train 0.3446 test 0.1569
epoch 23/200 loss 2.6656 train 0.3530 test 0.1734
epoch 24/200 loss 2.5215 train 0.3747 test 0.1870
epoch 25/200 loss 2.4109 train 0.3944 test 0.1940
epoch 26/200 loss 2.3129 train 0.4253 test 0.1989
epoch 27/200 loss 2.2156 train 0.4450 test 0.2033
epoch 28/200 loss 2.0879 train 0.4800 test 0.2046
epoch 29/200 loss 2.0386 train 0.4884 test 0.2134
epoch 30/200 loss 1.9097 train 0.5098 test 0.2208
epoch 31/200 loss 1.8110 train 0.5428 test 0.2081
epoch 32/200 loss 1.7081 train 0.5686 test 0.2124
epoch 33/200 loss 1.5838 train 0.5964 test 0.2211
epoch 34/200 loss 1.4859 train 0.6207 test 0.2218
epoch 35/200 loss 1.4324 train 0.6383 test 0.2235
epoch 36/200 loss 1.3809 train 0.6473 test 0.2028
epoch 37/200 loss 1.2629 train 0.6742 test 0.2275
epoch 38/200 loss 1.1794 train 0.6965 test 0.2203
epoch 39/200 loss 1.0954 train 0.7280 test 0.2303
epoch 40/200 loss 1.0664 train 0.7326 test 0.2177
epoch 41/200 loss 0.9667 train 0.7642 test 0.2283
epoch 42/200 loss 0.8697 train 0.7972 test 0.2340
epoch 43/200 loss 0.8580 train 0.7920 test 0.2454
epoch 44/200 loss 0.7980 train 0.8102 test 0.2281
epoch 45/200 loss 0.6762 train 0.8469 test 0.2307
epoch 46/200 loss 0.6772 train 0.8449 test 0.2427
epoch 47/200 loss 0.6055 train 0.8660 test 0.2364
epoch 48/200 loss 0.6107 train 0.8669 test 0.2316
epoch 49/200 loss 0.5442 train 0.8874 test 0.2494
epoch 50/200 loss 0.5130 train 0.8958 test 0.2404
epoch 51/200 loss 0.4878 train 0.9022 test 0.2507
epoch 52/200 loss 0.4417 train 0.9167 test 0.2471
epoch 53/200 loss 0.4314 train 0.9210 test 0.2506
epoch 54/200 loss 0.3744 train 0.9343 test 0.2592
epoch 55/200 loss 0.3413 train 0.9459 test 0.2452
epoch 56/200 loss 0.3263 train 0.9459 test 0.2517
epoch 57/200 loss 0.3094 train 0.9569 test 0.2515
epoch 58/200 loss 0.3085 train 0.9505 test 0.2563
epoch 59/200 loss 0.2787 train 0.9578 test 0.2473
epoch 60/200 loss 0.2652 train 0.9627 test 0.2521
epoch 61/200 loss 0.2490 train 0.9664 test 0.2628
epoch 62/200 loss 0.2298 train 0.9748 test 0.2621
epoch 63/200 loss 0.2302 train 0.9705 test 0.2639
epoch 64/200 loss 0.2033 train 0.9800 test 0.2643
epoch 65/200 loss 0.2019 train 0.9832 test 0.2589
epoch 66/200 loss 0.1845 train 0.9855 test 0.2605
epoch 67/200 loss 0.1873 train 0.9806 test 0.2519
epoch 68/200 loss 0.1887 train 0.9855 test 0.2650
epoch 69/200 loss 0.1684 train 0.9844 test 0.2687
epoch 70/200 loss 0.1668 train 0.9838 test 0.2627
epoch 71/200 loss 0.1546 train 0.9873 test 0.2684
epoch 72/200 loss 0.1551 train 0.9876 test 0.2701
epoch 73/200 loss 0.1494 train 0.9902 test 0.2687
epoch 74/200 loss 0.1240 train 0.9951 test 0.2749
epoch 75/200 loss 0.1394 train 0.9876 test 0.2717
epoch 76/200 loss 0.1297 train 0.9922 test 0.2726
epoch 77/200 loss 0.1232 train 0.9942 test 0.2731
epoch 78/200 loss 0.1098 train 0.9954 test 0.2746
epoch 79/200 loss 0.1066 train 0.9971 test 0.2775
epoch 80/200 loss 0.1066 train 0.9954 test 0.2733
epoch 81/200 loss 0.1007 train 0.9980 test 0.2798
epoch 82/200 loss 0.0954 train 0.9980 test 0.2764
epoch 83/200 loss 0.0956 train 0.9971 test 0.2750
epoch 84/200 loss 0.0938 train 0.9983 test 0.2798
epoch 85/200 loss 0.0900 train 0.9988 test 0.2779
epoch 86/200 loss 0.0886 train 0.9977 test 0.2765
epoch 87/200 loss 0.0890 train 0.9980 test 0.2775
epoch 88/200 loss 0.0920 train 0.9965 test 0.2794
epoch 89/200 loss 0.0903 train 0.9974 test 0.2788
epoch 90/200 loss 0.0944 train 0.9957 test 0.2775
epoch 91/200 loss 0.0868 train 0.9965 test 0.2731
epoch 92/200 loss 0.0843 train 0.9986 test 0.2767
epoch 93/200 loss 0.0761 train 0.9988 test 0.2830
epoch 94/200 loss 0.0743 train 0.9997 test 0.2792
epoch 95/200 loss 0.0702 train 0.9994 test 0.2844
epoch 96/200 loss 0.0734 train 0.9991 test 0.2784
epoch 97/200 loss 0.0695 train 0.9994 test 0.2835
epoch 98/200 loss 0.0679 train 0.9991 test 0.2817
epoch 99/200 loss 0.0654 train 0.9994 test 0.2840
epoch 100/200 loss 0.0689 train 0.9988 test 0.2831
epoch 101/200 loss 0.0706 train 0.9988 test 0.2870
epoch 102/200 loss 0.0632 train 0.9997 test 0.2774
epoch 103/200 loss 0.0648 train 0.9994 test 0.2857
epoch 104/200 loss 0.0611 train 0.9997 test 0.2830
epoch 105/200 loss 0.0589 train 1.0000 test 0.2833
epoch 106/200 loss 0.0615 train 0.9997 test 0.2828
epoch 107/200 loss 0.0590 train 0.9994 test 0.2857
epoch 108/200 loss 0.0556 train 1.0000 test 0.2834
epoch 109/200 loss 0.0565 train 0.9997 test 0.2855
epoch 110/200 loss 0.0545 train 0.9994 test 0.2846
epoch 111/200 loss 0.0550 train 0.9997 test 0.2836
epoch 112/200 loss 0.0540 train 1.0000 test 0.2851
epoch 113/200 loss 0.0509 train 1.0000 test 0.2853
epoch 114/200 loss 0.0527 train 0.9994 test 0.2883
epoch 115/200 loss 0.0520 train 0.9994 test 0.2859
epoch 116/200 loss 0.0494 train 1.0000 test 0.2863
epoch 117/200 loss 0.0485 train 1.0000 test 0.2838
epoch 118/200 loss 0.0466 train 1.0000 test 0.2854
epoch 119/200 loss 0.0495 train 0.9994 test 0.2833
epoch 120/200 loss 0.0484 train 1.0000 test 0.2833
epoch 121/200 loss 0.0481 train 0.9994 test 0.2839
epoch 122/200 loss 0.0481 train 0.9997 test 0.2816
epoch 123/200 loss 0.0449 train 0.9997 test 0.2859
epoch 124/200 loss 0.0434 train 0.9997 test 0.2850
epoch 125/200 loss 0.0453 train 0.9997 test 0.2872
epoch 126/200 loss 0.0453 train 1.0000 test 0.2880
epoch 127/200 loss 0.0413 train 0.9997 test 0.2874
epoch 128/200 loss 0.0433 train 0.9997 test 0.2861
epoch 129/200 loss 0.0395 train 1.0000 test 0.2880
epoch 130/200 loss 0.0402 train 1.0000 test 0.2876
epoch 131/200 loss 0.0411 train 1.0000 test 0.2882
epoch 132/200 loss 0.0420 train 1.0000 test 0.2916
epoch 133/200 loss 0.0386 train 1.0000 test 0.2863
epoch 134/200 loss 0.0385 train 1.0000 test 0.2866
epoch 135/200 loss 0.0380 train 1.0000 test 0.2898
epoch 136/200 loss 0.0357 train 1.0000 test 0.2877
epoch 137/200 loss 0.0359 train 1.0000 test 0.2878
epoch 138/200 loss 0.0341 train 1.0000 test 0.2900
epoch 139/200 loss 0.0350 train 1.0000 test 0.2896
epoch 140/200 loss 0.0343 train 1.0000 test 0.2867
epoch 141/200 loss 0.0331 train 1.0000 test 0.2892
epoch 142/200 loss 0.0338 train 1.0000 test 0.2880
epoch 143/200 loss 0.0355 train 0.9997 test 0.2903
epoch 144/200 loss 0.0342 train 1.0000 test 0.2889
epoch 145/200 loss 0.0316 train 1.0000 test 0.2928
epoch 146/200 loss 0.0312 train 1.0000 test 0.2915
epoch 147/200 loss 0.0327 train 1.0000 test 0.2897
epoch 148/200 loss 0.0306 train 1.0000 test 0.2907
epoch 149/200 loss 0.0318 train 1.0000 test 0.2901
epoch 150/200 loss 0.0301 train 1.0000 test 0.2912
epoch 151/200 loss 0.0304 train 0.9997 test 0.2892
epoch 152/200 loss 0.0318 train 1.0000 test 0.2893
epoch 153/200 loss 0.0307 train 1.0000 test 0.2886
epoch 154/200 loss 0.0286 train 1.0000 test 0.2910
epoch 155/200 loss 0.0279 train 1.0000 test 0.2921
epoch 156/200 loss 0.0273 train 1.0000 test 0.2885
epoch 157/200 loss 0.0273 train 1.0000 test 0.2906
epoch 158/200 loss 0.0263 train 1.0000 test 0.2903
epoch 159/200 loss 0.0258 train 1.0000 test 0.2926
epoch 160/200 loss 0.0268 train 1.0000 test 0.2923
epoch 161/200 loss 0.0249 train 1.0000 test 0.2943
epoch 162/200 loss 0.0249 train 1.0000 test 0.2926
epoch 163/200 loss 0.0253 train 1.0000 test 0.2918
epoch 164/200 loss 0.0254 train 0.9997 test 0.2920
epoch 165/200 loss 0.0243 train 1.0000 test 0.2921
epoch 166/200 loss 0.0239 train 1.0000 test 0.2930
epoch 167/200 loss 0.0240 train 1.0000 test 0.2935
epoch 168/200 loss 0.0257 train 1.0000 test 0.2916
epoch 169/200 loss 0.0229 train 1.0000 test 0.2915
epoch 170/200 loss 0.0235 train 1.0000 test 0.2932
epoch 171/200 loss 0.0250 train 1.0000 test 0.2916
epoch 172/200 loss 0.0226 train 0.9997 test 0.2917
epoch 173/200 loss 0.0229 train 1.0000 test 0.2922
epoch 174/200 loss 0.0225 train 1.0000 test 0.2910
epoch 175/200 loss 0.0223 train 1.0000 test 0.2916
epoch 176/200 loss 0.0207 train 1.0000 test 0.2929
epoch 177/200 loss 0.0221 train 1.0000 test 0.2921
epoch 178/200 loss 0.0205 train 1.0000 test 0.2928
epoch 179/200 loss 0.0204 train 1.0000 test 0.2909
epoch 180/200 loss 0.0215 train 0.9997 test 0.2916
epoch 181/200 loss 0.0201 train 1.0000 test 0.2920
epoch 182/200 loss 0.0199 train 1.0000 test 0.2913
epoch 183/200 loss 0.0204 train 1.0000 test 0.2903
epoch 184/200 loss 0.0197 train 1.0000 test 0.2914
epoch 185/200 loss 0.0188 train 1.0000 test 0.2905
epoch 186/200 loss 0.0193 train 1.0000 test 0.2921
epoch 187/200 loss 0.0193 train 1.0000 test 0.2914
epoch 188/200 loss 0.0190 train 1.0000 test 0.2919
epoch 189/200 loss 0.0186 train 1.0000 test 0.2915
epoch 190/200 loss 0.0195 train 1.0000 test 0.2913
epoch 191/200 loss 0.0178 train 1.0000 test 0.2903
epoch 192/200 loss 0.0190 train 1.0000 test 0.2917
epoch 193/200 loss 0.0186 train 1.0000 test 0.2930
epoch 194/200 loss 0.0179 train 1.0000 test 0.2924
epoch 195/200 loss 0.0182 train 1.0000 test 0.2940
epoch 196/200 loss 0.0191 train 1.0000 test 0.2921
epoch 197/200 loss 0.0192 train 1.0000 test 0.2923
epoch 198/200 loss 0.0193 train 1.0000 test 0.2920
epoch 199/200 loss 0.0183 train 1.0000 test 0.2915
epoch 200/200 loss 0.0189 train 1.0000 test 0.2907
done: final 0.2907 best 0.2943 -> ./runs/diagtransfer2_c100_aux_7pct/seed7
