Warning: You are sending unauthenticated requests to the HF Hub. Please set a HF_TOKEN to enable higher rate limits and faster downloads.
moment-aux target calibrated on 1024 images
[diagtransfer2_c100_aux_7pct seed5] {"params_trainable": 11222188, "params_stem_trainable": 0, "params_stem_fixed_filters": 0, "flops_total": 556705792, "flops_stem": 0, "flops_image_size": 32}
epoch 1/200 loss 21.2105 train 0.0122 test 0.0101
epoch 2/200 loss 5.3215 train 0.0139 test 0.0126
epoch 3/200 loss 5.0539 train 0.0113 test 0.0189
epoch 4/200 loss 4.9171 train 0.0188 test 0.0228
epoch 5/200 loss 4.8284 train 0.0229 test 0.0231
epoch 6/200 loss 4.7379 train 0.0252 test 0.0307
epoch 7/200 loss 4.6475 train 0.0312 test 0.0418
epoch 8/200 loss 4.5392 train 0.0527 test 0.0454
epoch 9/200 loss 4.4379 train 0.0590 test 0.0543
epoch 10/200 loss 4.2677 train 0.0790 test 0.0726
epoch 11/200 loss 4.0940 train 0.1004 test 0.0948
epoch 12/200 loss 3.9012 train 0.1360 test 0.1069
epoch 13/200 loss 3.7673 train 0.1429 test 0.1193
epoch 14/200 loss 3.6225 train 0.1646 test 0.1327
epoch 15/200 loss 3.4538 train 0.1921 test 0.1407
epoch 16/200 loss 3.3142 train 0.2289 test 0.1459
epoch 17/200 loss 3.2103 train 0.2364 test 0.1614
epoch 18/200 loss 3.0623 train 0.2694 test 0.1744
epoch 19/200 loss 2.9569 train 0.2801 test 0.1879
epoch 20/200 loss 2.8298 train 0.3174 test 0.1748
epoch 21/200 loss 2.7164 train 0.3270 test 0.2033
epoch 22/200 loss 2.5967 train 0.3475 test 0.1900
epoch 23/200 loss 2.5007 train 0.3834 test 0.2061
epoch 24/200 loss 2.3634 train 0.4103 test 0.2109
epoch 25/200 loss 2.2653 train 0.4308 test 0.2224
epoch 26/200 loss 2.1632 train 0.4592 test 0.2238
epoch 27/200 loss 2.0689 train 0.4800 test 0.2389
epoch 28/200 loss 1.9657 train 0.5072 test 0.2248
epoch 29/200 loss 1.8686 train 0.5165 test 0.2227
epoch 30/200 loss 1.7779 train 0.5492 test 0.2285
epoch 31/200 loss 1.6643 train 0.5660 test 0.2399
epoch 32/200 loss 1.5252 train 0.6157 test 0.2482
epoch 33/200 loss 1.4519 train 0.6253 test 0.2476
epoch 34/200 loss 1.3616 train 0.6580 test 0.2472
epoch 35/200 loss 1.3255 train 0.6606 test 0.2498
epoch 36/200 loss 1.2141 train 0.6916 test 0.2520
epoch 37/200 loss 1.1283 train 0.7234 test 0.2681
epoch 38/200 loss 1.0388 train 0.7454 test 0.2661
epoch 39/200 loss 0.9621 train 0.7677 test 0.2709
epoch 40/200 loss 0.9521 train 0.7659 test 0.2655
epoch 41/200 loss 0.8469 train 0.7925 test 0.2658
epoch 42/200 loss 0.7753 train 0.8151 test 0.2461
epoch 43/200 loss 0.7262 train 0.8322 test 0.2807
epoch 44/200 loss 0.6871 train 0.8397 test 0.2244
epoch 45/200 loss 0.6547 train 0.8553 test 0.2825
epoch 46/200 loss 0.5926 train 0.8744 test 0.2741
epoch 47/200 loss 0.5262 train 0.8967 test 0.2781
epoch 48/200 loss 0.5092 train 0.8987 test 0.2640
epoch 49/200 loss 0.4457 train 0.9190 test 0.2833
epoch 50/200 loss 0.4174 train 0.9233 test 0.2767
epoch 51/200 loss 0.3892 train 0.9334 test 0.2846
epoch 52/200 loss 0.3458 train 0.9491 test 0.2912
epoch 53/200 loss 0.3444 train 0.9433 test 0.2850
epoch 54/200 loss 0.3199 train 0.9525 test 0.2840
epoch 55/200 loss 0.2872 train 0.9618 test 0.2936
epoch 56/200 loss 0.2717 train 0.9647 test 0.2993
epoch 57/200 loss 0.2584 train 0.9708 test 0.3046
epoch 58/200 loss 0.2387 train 0.9722 test 0.3025
epoch 59/200 loss 0.2148 train 0.9815 test 0.2988
epoch 60/200 loss 0.2098 train 0.9797 test 0.3059
epoch 61/200 loss 0.2070 train 0.9774 test 0.3040
epoch 62/200 loss 0.1961 train 0.9821 test 0.3062
epoch 63/200 loss 0.1892 train 0.9855 test 0.3131
epoch 64/200 loss 0.1731 train 0.9858 test 0.3168
epoch 65/200 loss 0.1592 train 0.9887 test 0.3165
epoch 66/200 loss 0.1499 train 0.9916 test 0.3107
epoch 67/200 loss 0.1382 train 0.9951 test 0.3162
epoch 68/200 loss 0.1348 train 0.9948 test 0.3191
epoch 69/200 loss 0.1305 train 0.9951 test 0.3115
epoch 70/200 loss 0.1299 train 0.9945 test 0.3184
epoch 71/200 loss 0.1328 train 0.9922 test 0.3169
epoch 72/200 loss 0.1284 train 0.9936 test 0.3215
epoch 73/200 loss 0.1254 train 0.9951 test 0.3286
epoch 74/200 loss 0.1179 train 0.9957 test 0.3197
epoch 75/200 loss 0.1111 train 0.9959 test 0.3273
epoch 76/200 loss 0.1130 train 0.9957 test 0.3184
epoch 77/200 loss 0.1077 train 0.9965 test 0.3171
epoch 78/200 loss 0.1045 train 0.9974 test 0.3214
epoch 79/200 loss 0.0983 train 0.9983 test 0.3208
epoch 80/200 loss 0.0975 train 0.9986 test 0.3253
epoch 81/200 loss 0.1009 train 0.9971 test 0.3214
epoch 82/200 loss 0.0923 train 0.9994 test 0.3225
epoch 83/200 loss 0.0877 train 0.9994 test 0.3264
epoch 84/200 loss 0.0874 train 0.9988 test 0.3268
epoch 85/200 loss 0.0841 train 0.9994 test 0.3309
epoch 86/200 loss 0.0806 train 0.9988 test 0.3313
epoch 87/200 loss 0.0806 train 0.9988 test 0.3278
epoch 88/200 loss 0.0811 train 0.9991 test 0.3317
epoch 89/200 loss 0.0742 train 1.0000 test 0.3257
epoch 90/200 loss 0.0756 train 0.9988 test 0.3335
epoch 91/200 loss 0.0812 train 0.9980 test 0.3305
epoch 92/200 loss 0.0791 train 0.9986 test 0.3263
epoch 93/200 loss 0.0785 train 0.9986 test 0.3288
epoch 94/200 loss 0.0771 train 0.9986 test 0.3291
epoch 95/200 loss 0.0722 train 0.9997 test 0.3258
epoch 96/200 loss 0.0711 train 0.9997 test 0.3321
epoch 97/200 loss 0.0676 train 0.9997 test 0.3316
epoch 98/200 loss 0.0658 train 0.9997 test 0.3300
epoch 99/200 loss 0.0640 train 1.0000 test 0.3316
epoch 100/200 loss 0.0638 train 1.0000 test 0.3334
epoch 101/200 loss 0.0635 train 0.9994 test 0.3338
epoch 102/200 loss 0.0610 train 0.9997 test 0.3286
epoch 103/200 loss 0.0610 train 0.9997 test 0.3339
epoch 104/200 loss 0.0603 train 1.0000 test 0.3342
epoch 105/200 loss 0.0596 train 0.9994 test 0.3319
epoch 106/200 loss 0.0598 train 0.9994 test 0.3350
epoch 107/200 loss 0.0584 train 0.9994 test 0.3359
epoch 108/200 loss 0.0564 train 1.0000 test 0.3302
epoch 109/200 loss 0.0548 train 0.9997 test 0.3380
epoch 110/200 loss 0.0540 train 0.9994 test 0.3359
epoch 111/200 loss 0.0595 train 0.9980 test 0.3305
epoch 112/200 loss 0.0588 train 0.9997 test 0.3390
epoch 113/200 loss 0.0554 train 0.9997 test 0.3395
epoch 114/200 loss 0.0535 train 1.0000 test 0.3402
epoch 115/200 loss 0.0524 train 1.0000 test 0.3388
epoch 116/200 loss 0.0496 train 0.9997 test 0.3360
epoch 117/200 loss 0.0495 train 1.0000 test 0.3375
epoch 118/200 loss 0.0472 train 1.0000 test 0.3373
epoch 119/200 loss 0.0465 train 1.0000 test 0.3357
epoch 120/200 loss 0.0480 train 1.0000 test 0.3373
epoch 121/200 loss 0.0454 train 1.0000 test 0.3380
epoch 122/200 loss 0.0437 train 1.0000 test 0.3394
epoch 123/200 loss 0.0439 train 1.0000 test 0.3395
epoch 124/200 loss 0.0429 train 1.0000 test 0.3402
epoch 125/200 loss 0.0428 train 1.0000 test 0.3389
epoch 126/200 loss 0.0419 train 1.0000 test 0.3410
epoch 127/200 loss 0.0409 train 1.0000 test 0.3385
epoch 128/200 loss 0.0403 train 1.0000 test 0.3375
epoch 129/200 loss 0.0405 train 0.9997 test 0.3405
epoch 130/200 loss 0.0401 train 0.9997 test 0.3393
epoch 131/200 loss 0.0396 train 0.9997 test 0.3371
epoch 132/200 loss 0.0384 train 1.0000 test 0.3383
epoch 133/200 loss 0.0390 train 1.0000 test 0.3400
epoch 134/200 loss 0.0373 train 1.0000 test 0.3413
epoch 135/200 loss 0.0379 train 0.9997 test 0.3414
epoch 136/200 loss 0.0372 train 1.0000 test 0.3410
epoch 137/200 loss 0.0364 train 1.0000 test 0.3408
epoch 138/200 loss 0.0349 train 1.0000 test 0.3399
epoch 139/200 loss 0.0341 train 1.0000 test 0.3406
epoch 140/200 loss 0.0337 train 1.0000 test 0.3422
epoch 141/200 loss 0.0333 train 1.0000 test 0.3429
epoch 142/200 loss 0.0323 train 1.0000 test 0.3425
epoch 143/200 loss 0.0324 train 1.0000 test 0.3407
epoch 144/200 loss 0.0321 train 1.0000 test 0.3422
epoch 145/200 loss 0.0303 train 1.0000 test 0.3429
epoch 146/200 loss 0.0318 train 1.0000 test 0.3426
epoch 147/200 loss 0.0292 train 1.0000 test 0.3405
epoch 148/200 loss 0.0307 train 1.0000 test 0.3432
epoch 149/200 loss 0.0303 train 1.0000 test 0.3431
epoch 150/200 loss 0.0288 train 1.0000 test 0.3445
epoch 151/200 loss 0.0289 train 1.0000 test 0.3427
epoch 152/200 loss 0.0277 train 1.0000 test 0.3434
epoch 153/200 loss 0.0289 train 1.0000 test 0.3426
epoch 154/200 loss 0.0274 train 1.0000 test 0.3431
epoch 155/200 loss 0.0284 train 1.0000 test 0.3431
epoch 156/200 loss 0.0273 train 1.0000 test 0.3417
epoch 157/200 loss 0.0267 train 1.0000 test 0.3418
epoch 158/200 loss 0.0256 train 1.0000 test 0.3422
epoch 159/200 loss 0.0262 train 0.9997 test 0.3429
epoch 160/200 loss 0.0250 train 1.0000 test 0.3415
epoch 161/200 loss 0.0243 train 1.0000 test 0.3442
epoch 162/200 loss 0.0241 train 1.0000 test 0.3433
epoch 163/200 loss 0.0251 train 1.0000 test 0.3447
epoch 164/200 loss 0.0234 train 1.0000 test 0.3458
epoch 165/200 loss 0.0236 train 1.0000 test 0.3443
epoch 166/200 loss 0.0231 train 1.0000 test 0.3450
epoch 167/200 loss 0.0236 train 0.9997 test 0.3459
epoch 168/200 loss 0.0230 train 1.0000 test 0.3432
epoch 169/200 loss 0.0230 train 1.0000 test 0.3447
epoch 170/200 loss 0.0218 train 1.0000 test 0.3448
epoch 171/200 loss 0.0218 train 1.0000 test 0.3453
epoch 172/200 loss 0.0216 train 1.0000 test 0.3456
epoch 173/200 loss 0.0207 train 1.0000 test 0.3445
epoch 174/200 loss 0.0213 train 1.0000 test 0.3443
epoch 175/200 loss 0.0203 train 1.0000 test 0.3427
epoch 176/200 loss 0.0206 train 1.0000 test 0.3439
epoch 177/200 loss 0.0214 train 1.0000 test 0.3441
epoch 178/200 loss 0.0209 train 1.0000 test 0.3443
epoch 179/200 loss 0.0196 train 1.0000 test 0.3434
epoch 180/200 loss 0.0187 train 1.0000 test 0.3446
epoch 181/200 loss 0.0202 train 1.0000 test 0.3440
epoch 182/200 loss 0.0190 train 1.0000 test 0.3439
epoch 183/200 loss 0.0207 train 1.0000 test 0.3439
epoch 184/200 loss 0.0193 train 1.0000 test 0.3450
epoch 185/200 loss 0.0193 train 1.0000 test 0.3453
epoch 186/200 loss 0.0187 train 1.0000 test 0.3438
epoch 187/200 loss 0.0189 train 1.0000 test 0.3433
epoch 188/200 loss 0.0185 train 1.0000 test 0.3440
epoch 189/200 loss 0.0191 train 1.0000 test 0.3440
epoch 190/200 loss 0.0179 train 1.0000 test 0.3435
epoch 191/200 loss 0.0180 train 1.0000 test 0.3436
epoch 192/200 loss 0.0191 train 1.0000 test 0.3437
epoch 193/200 loss 0.0176 train 1.0000 test 0.3442
epoch 194/200 loss 0.0176 train 1.0000 test 0.3439
epoch 195/200 loss 0.0185 train 1.0000 test 0.3447
epoch 196/200 loss 0.0185 train 1.0000 test 0.3435
epoch 197/200 loss 0.0179 train 1.0000 test 0.3436
epoch 198/200 loss 0.0178 train 1.0000 test 0.3439
epoch 199/200 loss 0.0190 train 0.9997 test 0.3434
epoch 200/200 loss 0.0181 train 1.0000 test 0.3455
done: final 0.3455 best 0.3459 -> ./runs/diagtransfer2_c100_aux_7pct/seed5
