Warning: You are sending unauthenticated requests to the HF Hub. Please set a HF_TOKEN to enable higher rate limits and faster downloads.
moment-aux target calibrated on 1024 images
[diagtransfer2_c10_aux_5pct seed4] {"params_trainable": 11176018, "params_stem_trainable": 0, "params_stem_fixed_filters": 0, "flops_total": 556659712, "flops_stem": 0, "flops_image_size": 32}
epoch 1/200 loss 38.2678 train 0.1012 test 0.0978
epoch 2/200 loss 3.3017 train 0.1369 test 0.1087
epoch 3/200 loss 2.8414 train 0.1924 test 0.2156
epoch 4/200 loss 2.5171 train 0.2574 test 0.2587
epoch 5/200 loss 2.2829 train 0.3141 test 0.3179
epoch 6/200 loss 2.1549 train 0.3409 test 0.3205
epoch 7/200 loss 2.0716 train 0.3635 test 0.3547
epoch 8/200 loss 1.9652 train 0.3894 test 0.3568
epoch 9/200 loss 1.8772 train 0.4157 test 0.3664
epoch 10/200 loss 1.7987 train 0.4383 test 0.3919
epoch 11/200 loss 1.7223 train 0.4720 test 0.3971
epoch 12/200 loss 1.6527 train 0.4905 test 0.4333
epoch 13/200 loss 1.5699 train 0.5370 test 0.4033
epoch 14/200 loss 1.5354 train 0.5288 test 0.4586
epoch 15/200 loss 1.4246 train 0.5715 test 0.4527
epoch 16/200 loss 1.4177 train 0.5720 test 0.4774
epoch 17/200 loss 1.3312 train 0.5995 test 0.4957
epoch 18/200 loss 1.2898 train 0.6090 test 0.5010
epoch 19/200 loss 1.2395 train 0.6271 test 0.4859
epoch 20/200 loss 1.1928 train 0.6460 test 0.5070
epoch 21/200 loss 1.1167 train 0.6632 test 0.5040
epoch 22/200 loss 1.0597 train 0.6854 test 0.5347
epoch 23/200 loss 1.0225 train 0.6970 test 0.4936
epoch 24/200 loss 1.0150 train 0.7052 test 0.5157
epoch 25/200 loss 0.9655 train 0.7220 test 0.5199
epoch 26/200 loss 0.9122 train 0.7315 test 0.5585
epoch 27/200 loss 0.8608 train 0.7512 test 0.5223
epoch 28/200 loss 0.8198 train 0.7681 test 0.5209
epoch 29/200 loss 0.8205 train 0.7710 test 0.5633
epoch 30/200 loss 0.7461 train 0.7845 test 0.4885
epoch 31/200 loss 0.7531 train 0.7924 test 0.5501
epoch 32/200 loss 0.7159 train 0.8022 test 0.5451
epoch 33/200 loss 0.6791 train 0.8166 test 0.5550
epoch 34/200 loss 0.5995 train 0.8450 test 0.5653
epoch 35/200 loss 0.5724 train 0.8565 test 0.5768
epoch 36/200 loss 0.5342 train 0.8610 test 0.5672
epoch 37/200 loss 0.5193 train 0.8692 test 0.5664
epoch 38/200 loss 0.5039 train 0.8688 test 0.5393
epoch 39/200 loss 0.5186 train 0.8664 test 0.5700
epoch 40/200 loss 0.4445 train 0.8894 test 0.5793
epoch 41/200 loss 0.4609 train 0.8931 test 0.5816
epoch 42/200 loss 0.4500 train 0.8906 test 0.5520
epoch 43/200 loss 0.4221 train 0.9021 test 0.5757
epoch 44/200 loss 0.3664 train 0.9182 test 0.5864
epoch 45/200 loss 0.3572 train 0.9227 test 0.5822
epoch 46/200 loss 0.3505 train 0.9248 test 0.5931
epoch 47/200 loss 0.3631 train 0.9145 test 0.5706
epoch 48/200 loss 0.3576 train 0.9211 test 0.5950
epoch 49/200 loss 0.3370 train 0.9194 test 0.5852
epoch 50/200 loss 0.2921 train 0.9449 test 0.5871
epoch 51/200 loss 0.2811 train 0.9470 test 0.5904
epoch 52/200 loss 0.2656 train 0.9507 test 0.5953
epoch 53/200 loss 0.2404 train 0.9576 test 0.5940
epoch 54/200 loss 0.2459 train 0.9498 test 0.5907
epoch 55/200 loss 0.2263 train 0.9597 test 0.6092
epoch 56/200 loss 0.2359 train 0.9560 test 0.5915
epoch 57/200 loss 0.2320 train 0.9552 test 0.5924
epoch 58/200 loss 0.2199 train 0.9585 test 0.6119
epoch 59/200 loss 0.1949 train 0.9700 test 0.5989
epoch 60/200 loss 0.1993 train 0.9667 test 0.5945
epoch 61/200 loss 0.1954 train 0.9634 test 0.6077
epoch 62/200 loss 0.2054 train 0.9650 test 0.6054
epoch 63/200 loss 0.1879 train 0.9696 test 0.6164
epoch 64/200 loss 0.1880 train 0.9679 test 0.5902
epoch 65/200 loss 0.1783 train 0.9737 test 0.6146
epoch 66/200 loss 0.1709 train 0.9712 test 0.6086
epoch 67/200 loss 0.1692 train 0.9733 test 0.6022
epoch 68/200 loss 0.1889 train 0.9642 test 0.6076
epoch 69/200 loss 0.1728 train 0.9725 test 0.5915
epoch 70/200 loss 0.1677 train 0.9720 test 0.6064
epoch 71/200 loss 0.1546 train 0.9757 test 0.6065
epoch 72/200 loss 0.1508 train 0.9794 test 0.6192
epoch 73/200 loss 0.1391 train 0.9823 test 0.6260
epoch 74/200 loss 0.1321 train 0.9811 test 0.6039
epoch 75/200 loss 0.1247 train 0.9844 test 0.6048
epoch 76/200 loss 0.1233 train 0.9852 test 0.6186
epoch 77/200 loss 0.1056 train 0.9922 test 0.6259
epoch 78/200 loss 0.1019 train 0.9918 test 0.6345
epoch 79/200 loss 0.1069 train 0.9889 test 0.6194
epoch 80/200 loss 0.1149 train 0.9877 test 0.6077
epoch 81/200 loss 0.0945 train 0.9951 test 0.6309
epoch 82/200 loss 0.0927 train 0.9934 test 0.6404
epoch 83/200 loss 0.0897 train 0.9942 test 0.6359
epoch 84/200 loss 0.0886 train 0.9922 test 0.6350
epoch 85/200 loss 0.0906 train 0.9905 test 0.6398
epoch 86/200 loss 0.0857 train 0.9934 test 0.6341
epoch 87/200 loss 0.0828 train 0.9947 test 0.6368
epoch 88/200 loss 0.0912 train 0.9901 test 0.6168
epoch 89/200 loss 0.0787 train 0.9947 test 0.6433
epoch 90/200 loss 0.0840 train 0.9918 test 0.6405
epoch 91/200 loss 0.0883 train 0.9893 test 0.6286
epoch 92/200 loss 0.0851 train 0.9905 test 0.6238
epoch 93/200 loss 0.0793 train 0.9922 test 0.6354
epoch 94/200 loss 0.0816 train 0.9910 test 0.6343
epoch 95/200 loss 0.0845 train 0.9897 test 0.6382
epoch 96/200 loss 0.0727 train 0.9947 test 0.6343
epoch 97/200 loss 0.0700 train 0.9959 test 0.6416
epoch 98/200 loss 0.0655 train 0.9963 test 0.6444
epoch 99/200 loss 0.0625 train 0.9955 test 0.6472
epoch 100/200 loss 0.0613 train 0.9959 test 0.6423
epoch 101/200 loss 0.0611 train 0.9959 test 0.6475
epoch 102/200 loss 0.0578 train 0.9975 test 0.6535
epoch 103/200 loss 0.0574 train 0.9971 test 0.6517
epoch 104/200 loss 0.0540 train 0.9979 test 0.6406
epoch 105/200 loss 0.0527 train 0.9971 test 0.6497
epoch 106/200 loss 0.0524 train 0.9975 test 0.6479
epoch 107/200 loss 0.0507 train 0.9984 test 0.6470
epoch 108/200 loss 0.0506 train 0.9979 test 0.6481
epoch 109/200 loss 0.0486 train 0.9988 test 0.6509
epoch 110/200 loss 0.0464 train 0.9988 test 0.6474
epoch 111/200 loss 0.0420 train 1.0000 test 0.6526
epoch 112/200 loss 0.0444 train 0.9979 test 0.6475
epoch 113/200 loss 0.0442 train 0.9992 test 0.6524
epoch 114/200 loss 0.0397 train 0.9996 test 0.6522
epoch 115/200 loss 0.0411 train 0.9988 test 0.6521
epoch 116/200 loss 0.0399 train 0.9992 test 0.6530
epoch 117/200 loss 0.0379 train 0.9988 test 0.6528
epoch 118/200 loss 0.0377 train 0.9996 test 0.6544
epoch 119/200 loss 0.0384 train 0.9992 test 0.6518
epoch 120/200 loss 0.0342 train 0.9996 test 0.6530
epoch 121/200 loss 0.0343 train 0.9992 test 0.6580
epoch 122/200 loss 0.0330 train 0.9996 test 0.6569
epoch 123/200 loss 0.0321 train 0.9992 test 0.6539
epoch 124/200 loss 0.0321 train 0.9996 test 0.6569
epoch 125/200 loss 0.0318 train 0.9992 test 0.6574
epoch 126/200 loss 0.0309 train 0.9996 test 0.6577
epoch 127/200 loss 0.0289 train 1.0000 test 0.6549
epoch 128/200 loss 0.0293 train 0.9996 test 0.6571
epoch 129/200 loss 0.0282 train 1.0000 test 0.6551
epoch 130/200 loss 0.0282 train 0.9996 test 0.6577
epoch 131/200 loss 0.0268 train 1.0000 test 0.6584
epoch 132/200 loss 0.0268 train 1.0000 test 0.6550
epoch 133/200 loss 0.0265 train 0.9992 test 0.6582
epoch 134/200 loss 0.0263 train 1.0000 test 0.6602
epoch 135/200 loss 0.0241 train 1.0000 test 0.6602
epoch 136/200 loss 0.0240 train 0.9996 test 0.6612
epoch 137/200 loss 0.0218 train 1.0000 test 0.6612
epoch 138/200 loss 0.0217 train 0.9996 test 0.6580
epoch 139/200 loss 0.0221 train 1.0000 test 0.6596
epoch 140/200 loss 0.0215 train 1.0000 test 0.6595
epoch 141/200 loss 0.0217 train 0.9996 test 0.6591
epoch 142/200 loss 0.0207 train 1.0000 test 0.6567
epoch 143/200 loss 0.0209 train 0.9996 test 0.6551
epoch 144/200 loss 0.0190 train 1.0000 test 0.6576
epoch 145/200 loss 0.0187 train 0.9996 test 0.6611
epoch 146/200 loss 0.0180 train 1.0000 test 0.6629
epoch 147/200 loss 0.0177 train 1.0000 test 0.6576
epoch 148/200 loss 0.0167 train 1.0000 test 0.6585
epoch 149/200 loss 0.0161 train 1.0000 test 0.6590
epoch 150/200 loss 0.0161 train 0.9996 test 0.6586
epoch 151/200 loss 0.0172 train 0.9992 test 0.6608
epoch 152/200 loss 0.0160 train 0.9996 test 0.6597
epoch 153/200 loss 0.0148 train 1.0000 test 0.6592
epoch 154/200 loss 0.0140 train 1.0000 test 0.6586
epoch 155/200 loss 0.0146 train 1.0000 test 0.6594
epoch 156/200 loss 0.0147 train 1.0000 test 0.6605
epoch 157/200 loss 0.0126 train 1.0000 test 0.6620
epoch 158/200 loss 0.0130 train 1.0000 test 0.6599
epoch 159/200 loss 0.0121 train 1.0000 test 0.6599
epoch 160/200 loss 0.0133 train 0.9996 test 0.6608
epoch 161/200 loss 0.0131 train 0.9996 test 0.6606
epoch 162/200 loss 0.0108 train 1.0000 test 0.6599
epoch 163/200 loss 0.0105 train 1.0000 test 0.6584
epoch 164/200 loss 0.0113 train 1.0000 test 0.6583
epoch 165/200 loss 0.0106 train 1.0000 test 0.6601
epoch 166/200 loss 0.0110 train 0.9996 test 0.6607
epoch 167/200 loss 0.0102 train 1.0000 test 0.6608
epoch 168/200 loss 0.0096 train 0.9996 test 0.6584
epoch 169/200 loss 0.0099 train 0.9996 test 0.6602
epoch 170/200 loss 0.0084 train 1.0000 test 0.6616
epoch 171/200 loss 0.0078 train 1.0000 test 0.6598
epoch 172/200 loss 0.0075 train 1.0000 test 0.6598
epoch 173/200 loss 0.0079 train 0.9996 test 0.6596
epoch 174/200 loss 0.0090 train 0.9996 test 0.6580
epoch 175/200 loss 0.0068 train 1.0000 test 0.6586
epoch 176/200 loss 0.0075 train 1.0000 test 0.6599
epoch 177/200 loss 0.0074 train 1.0000 test 0.6599
epoch 178/200 loss 0.0062 train 1.0000 test 0.6605
epoch 179/200 loss 0.0059 train 1.0000 test 0.6606
epoch 180/200 loss 0.0063 train 1.0000 test 0.6609
epoch 181/200 loss 0.0059 train 1.0000 test 0.6603
epoch 182/200 loss 0.0056 train 1.0000 test 0.6588
epoch 183/200 loss 0.0051 train 1.0000 test 0.6601
epoch 184/200 loss 0.0051 train 1.0000 test 0.6608
epoch 185/200 loss 0.0055 train 1.0000 test 0.6597
epoch 186/200 loss 0.0054 train 1.0000 test 0.6601
epoch 187/200 loss 0.0045 train 1.0000 test 0.6613
epoch 188/200 loss 0.0048 train 0.9996 test 0.6607
epoch 189/200 loss 0.0049 train 1.0000 test 0.6596
epoch 190/200 loss 0.0045 train 0.9996 test 0.6589
epoch 191/200 loss 0.0042 train 1.0000 test 0.6607
epoch 192/200 loss 0.0044 train 1.0000 test 0.6601
epoch 193/200 loss 0.0061 train 0.9992 test 0.6606
epoch 194/200 loss 0.0047 train 1.0000 test 0.6609
epoch 195/200 loss 0.0051 train 0.9996 test 0.6598
epoch 196/200 loss 0.0042 train 1.0000 test 0.6607
epoch 197/200 loss 0.0046 train 0.9996 test 0.6619
epoch 198/200 loss 0.0043 train 1.0000 test 0.6602
epoch 199/200 loss 0.0046 train 1.0000 test 0.6611
epoch 200/200 loss 0.0039 train 1.0000 test 0.6609
done: final 0.6609 best 0.6629 -> ./runs/diagtransfer2_c10_aux_5pct/seed4
