Warning: You are sending unauthenticated requests to the HF Hub. Please set a HF_TOKEN to enable higher rate limits and faster downloads.
moment-aux target calibrated on 1024 images
[diagtransfer2_c100_aux_7pct seed8] {"params_trainable": 11222188, "params_stem_trainable": 0, "params_stem_fixed_filters": 0, "flops_total": 556705792, "flops_stem": 0, "flops_image_size": 32}
epoch 1/200 loss 23.6062 train 0.0084 test 0.0151
epoch 2/200 loss 5.4107 train 0.0116 test 0.0155
epoch 3/200 loss 5.1207 train 0.0150 test 0.0165
epoch 4/200 loss 4.9778 train 0.0171 test 0.0264
epoch 5/200 loss 4.8466 train 0.0278 test 0.0303
epoch 6/200 loss 4.7039 train 0.0350 test 0.0395
epoch 7/200 loss 4.5941 train 0.0492 test 0.0438
epoch 8/200 loss 4.4707 train 0.0637 test 0.0600
epoch 9/200 loss 4.3263 train 0.0773 test 0.0706
epoch 10/200 loss 4.1639 train 0.0955 test 0.0855
epoch 11/200 loss 4.0436 train 0.1195 test 0.0967
epoch 12/200 loss 3.9171 train 0.1314 test 0.1110
epoch 13/200 loss 3.7753 train 0.1522 test 0.1207
epoch 14/200 loss 3.6793 train 0.1522 test 0.1295
epoch 15/200 loss 3.5335 train 0.1901 test 0.1379
epoch 16/200 loss 3.4131 train 0.2170 test 0.1376
epoch 17/200 loss 3.3150 train 0.2309 test 0.1591
epoch 18/200 loss 3.1903 train 0.2477 test 0.1584
epoch 19/200 loss 3.0922 train 0.2691 test 0.1741
epoch 20/200 loss 2.9409 train 0.2980 test 0.1841
epoch 21/200 loss 2.8547 train 0.3087 test 0.1828
epoch 22/200 loss 2.7290 train 0.3336 test 0.1933
epoch 23/200 loss 2.6143 train 0.3643 test 0.2002
epoch 24/200 loss 2.5435 train 0.3692 test 0.2050
epoch 25/200 loss 2.4358 train 0.3964 test 0.2029
epoch 26/200 loss 2.3188 train 0.4152 test 0.2150
epoch 27/200 loss 2.2122 train 0.4456 test 0.2101
epoch 28/200 loss 2.1175 train 0.4705 test 0.2093
epoch 29/200 loss 2.0440 train 0.4734 test 0.2312
epoch 30/200 loss 1.8860 train 0.5229 test 0.2344
epoch 31/200 loss 1.7965 train 0.5422 test 0.2160
epoch 32/200 loss 1.7197 train 0.5587 test 0.2217
epoch 33/200 loss 1.6134 train 0.5836 test 0.2378
epoch 34/200 loss 1.5319 train 0.6045 test 0.2328
epoch 35/200 loss 1.4205 train 0.6392 test 0.2369
epoch 36/200 loss 1.3794 train 0.6406 test 0.2421
epoch 37/200 loss 1.2751 train 0.6840 test 0.2405
epoch 38/200 loss 1.1822 train 0.7017 test 0.2394
epoch 39/200 loss 1.1322 train 0.7133 test 0.2428
epoch 40/200 loss 1.0473 train 0.7350 test 0.2395
epoch 41/200 loss 0.9650 train 0.7636 test 0.2523
epoch 42/200 loss 0.8922 train 0.7902 test 0.2452
epoch 43/200 loss 0.7932 train 0.8194 test 0.2522
epoch 44/200 loss 0.7609 train 0.8192 test 0.2564
epoch 45/200 loss 0.7369 train 0.8296 test 0.2537
epoch 46/200 loss 0.7004 train 0.8406 test 0.2550
epoch 47/200 loss 0.6242 train 0.8585 test 0.2546
epoch 48/200 loss 0.5937 train 0.8744 test 0.2515
epoch 49/200 loss 0.5387 train 0.8854 test 0.2669
epoch 50/200 loss 0.4862 train 0.9034 test 0.2552
epoch 51/200 loss 0.4809 train 0.9051 test 0.2571
epoch 52/200 loss 0.4247 train 0.9239 test 0.2564
epoch 53/200 loss 0.3950 train 0.9297 test 0.2657
epoch 54/200 loss 0.3645 train 0.9387 test 0.2664
epoch 55/200 loss 0.3577 train 0.9340 test 0.2689
epoch 56/200 loss 0.3085 train 0.9563 test 0.2601
epoch 57/200 loss 0.2907 train 0.9586 test 0.2782
epoch 58/200 loss 0.2768 train 0.9630 test 0.2733
epoch 59/200 loss 0.2513 train 0.9714 test 0.2760
epoch 60/200 loss 0.2521 train 0.9693 test 0.2703
epoch 61/200 loss 0.2415 train 0.9705 test 0.2722
epoch 62/200 loss 0.2346 train 0.9722 test 0.2711
epoch 63/200 loss 0.2169 train 0.9786 test 0.2843
epoch 64/200 loss 0.1974 train 0.9780 test 0.2797
epoch 65/200 loss 0.1890 train 0.9835 test 0.2807
epoch 66/200 loss 0.1746 train 0.9847 test 0.2836
epoch 67/200 loss 0.1636 train 0.9878 test 0.2817
epoch 68/200 loss 0.1496 train 0.9905 test 0.2805
epoch 69/200 loss 0.1589 train 0.9878 test 0.2788
epoch 70/200 loss 0.1566 train 0.9893 test 0.2755
epoch 71/200 loss 0.1518 train 0.9890 test 0.2902
epoch 72/200 loss 0.1421 train 0.9884 test 0.2874
epoch 73/200 loss 0.1406 train 0.9910 test 0.2877
epoch 74/200 loss 0.1266 train 0.9951 test 0.2814
epoch 75/200 loss 0.1248 train 0.9948 test 0.2911
epoch 76/200 loss 0.1192 train 0.9962 test 0.2805
epoch 77/200 loss 0.1128 train 0.9962 test 0.2877
epoch 78/200 loss 0.1089 train 0.9971 test 0.2857
epoch 79/200 loss 0.1069 train 0.9974 test 0.2955
epoch 80/200 loss 0.1059 train 0.9959 test 0.2880
epoch 81/200 loss 0.1015 train 0.9971 test 0.2934
epoch 82/200 loss 0.0987 train 0.9965 test 0.2853
epoch 83/200 loss 0.0972 train 0.9968 test 0.2933
epoch 84/200 loss 0.0941 train 0.9977 test 0.2978
epoch 85/200 loss 0.0890 train 0.9977 test 0.2942
epoch 86/200 loss 0.0897 train 0.9986 test 0.2898
epoch 87/200 loss 0.0881 train 0.9971 test 0.2924
epoch 88/200 loss 0.0856 train 0.9986 test 0.2997
epoch 89/200 loss 0.0911 train 0.9980 test 0.2962
epoch 90/200 loss 0.0808 train 0.9994 test 0.3035
epoch 91/200 loss 0.0769 train 0.9994 test 0.3015
epoch 92/200 loss 0.0772 train 0.9994 test 0.2986
epoch 93/200 loss 0.0780 train 0.9988 test 0.2916
epoch 94/200 loss 0.0759 train 0.9991 test 0.3008
epoch 95/200 loss 0.0746 train 0.9986 test 0.2990
epoch 96/200 loss 0.0696 train 0.9994 test 0.2979
epoch 97/200 loss 0.0733 train 0.9986 test 0.2985
epoch 98/200 loss 0.0688 train 1.0000 test 0.3000
epoch 99/200 loss 0.0677 train 1.0000 test 0.2989
epoch 100/200 loss 0.0642 train 0.9994 test 0.3031
epoch 101/200 loss 0.0651 train 0.9994 test 0.3009
epoch 102/200 loss 0.0608 train 0.9997 test 0.3006
epoch 103/200 loss 0.0598 train 0.9997 test 0.3037
epoch 104/200 loss 0.0577 train 1.0000 test 0.3013
epoch 105/200 loss 0.0568 train 1.0000 test 0.3031
epoch 106/200 loss 0.0551 train 1.0000 test 0.3053
epoch 107/200 loss 0.0540 train 1.0000 test 0.3022
epoch 108/200 loss 0.0553 train 0.9997 test 0.3008
epoch 109/200 loss 0.0572 train 0.9997 test 0.3026
epoch 110/200 loss 0.0551 train 1.0000 test 0.3043
epoch 111/200 loss 0.0556 train 1.0000 test 0.3037
epoch 112/200 loss 0.0549 train 0.9997 test 0.2979
epoch 113/200 loss 0.0586 train 0.9988 test 0.3017
epoch 114/200 loss 0.0538 train 1.0000 test 0.3056
epoch 115/200 loss 0.0521 train 1.0000 test 0.3038
epoch 116/200 loss 0.0493 train 1.0000 test 0.3104
epoch 117/200 loss 0.0482 train 1.0000 test 0.3052
epoch 118/200 loss 0.0473 train 1.0000 test 0.3064
epoch 119/200 loss 0.0465 train 1.0000 test 0.3081
epoch 120/200 loss 0.0490 train 1.0000 test 0.3037
epoch 121/200 loss 0.0455 train 1.0000 test 0.3064
epoch 122/200 loss 0.0444 train 1.0000 test 0.3055
epoch 123/200 loss 0.0472 train 0.9994 test 0.3066
epoch 124/200 loss 0.0466 train 1.0000 test 0.3035
epoch 125/200 loss 0.0448 train 1.0000 test 0.3089
epoch 126/200 loss 0.0427 train 1.0000 test 0.3067
epoch 127/200 loss 0.0423 train 0.9997 test 0.3090
epoch 128/200 loss 0.0419 train 1.0000 test 0.3088
epoch 129/200 loss 0.0416 train 1.0000 test 0.3083
epoch 130/200 loss 0.0401 train 1.0000 test 0.3083
epoch 131/200 loss 0.0390 train 1.0000 test 0.3085
epoch 132/200 loss 0.0374 train 1.0000 test 0.3099
epoch 133/200 loss 0.0377 train 1.0000 test 0.3111
epoch 134/200 loss 0.0376 train 1.0000 test 0.3090
epoch 135/200 loss 0.0385 train 0.9997 test 0.3094
epoch 136/200 loss 0.0363 train 1.0000 test 0.3076
epoch 137/200 loss 0.0343 train 1.0000 test 0.3106
epoch 138/200 loss 0.0347 train 1.0000 test 0.3086
epoch 139/200 loss 0.0346 train 1.0000 test 0.3086
epoch 140/200 loss 0.0347 train 1.0000 test 0.3090
epoch 141/200 loss 0.0337 train 1.0000 test 0.3113
epoch 142/200 loss 0.0344 train 0.9997 test 0.3110
epoch 143/200 loss 0.0339 train 1.0000 test 0.3102
epoch 144/200 loss 0.0331 train 1.0000 test 0.3102
epoch 145/200 loss 0.0325 train 1.0000 test 0.3110
epoch 146/200 loss 0.0310 train 1.0000 test 0.3108
epoch 147/200 loss 0.0304 train 1.0000 test 0.3134
epoch 148/200 loss 0.0307 train 1.0000 test 0.3104
epoch 149/200 loss 0.0287 train 1.0000 test 0.3130
epoch 150/200 loss 0.0296 train 1.0000 test 0.3112
epoch 151/200 loss 0.0300 train 1.0000 test 0.3133
epoch 152/200 loss 0.0284 train 1.0000 test 0.3122
epoch 153/200 loss 0.0289 train 1.0000 test 0.3120
epoch 154/200 loss 0.0284 train 1.0000 test 0.3111
epoch 155/200 loss 0.0273 train 1.0000 test 0.3116
epoch 156/200 loss 0.0283 train 1.0000 test 0.3131
epoch 157/200 loss 0.0266 train 1.0000 test 0.3148
epoch 158/200 loss 0.0269 train 1.0000 test 0.3109
epoch 159/200 loss 0.0256 train 1.0000 test 0.3138
epoch 160/200 loss 0.0259 train 1.0000 test 0.3117
epoch 161/200 loss 0.0255 train 1.0000 test 0.3112
epoch 162/200 loss 0.0257 train 1.0000 test 0.3091
epoch 163/200 loss 0.0247 train 1.0000 test 0.3128
epoch 164/200 loss 0.0250 train 1.0000 test 0.3116
epoch 165/200 loss 0.0231 train 1.0000 test 0.3131
epoch 166/200 loss 0.0246 train 1.0000 test 0.3105
epoch 167/200 loss 0.0243 train 1.0000 test 0.3129
epoch 168/200 loss 0.0229 train 1.0000 test 0.3113
epoch 169/200 loss 0.0234 train 1.0000 test 0.3111
epoch 170/200 loss 0.0221 train 1.0000 test 0.3111
epoch 171/200 loss 0.0223 train 1.0000 test 0.3117
epoch 172/200 loss 0.0212 train 1.0000 test 0.3130
epoch 173/200 loss 0.0216 train 1.0000 test 0.3113
epoch 174/200 loss 0.0218 train 1.0000 test 0.3134
epoch 175/200 loss 0.0214 train 1.0000 test 0.3132
epoch 176/200 loss 0.0205 train 1.0000 test 0.3127
epoch 177/200 loss 0.0195 train 1.0000 test 0.3121
epoch 178/200 loss 0.0201 train 0.9997 test 0.3148
epoch 179/200 loss 0.0203 train 1.0000 test 0.3113
epoch 180/200 loss 0.0204 train 1.0000 test 0.3120
epoch 181/200 loss 0.0189 train 1.0000 test 0.3111
epoch 182/200 loss 0.0203 train 1.0000 test 0.3118
epoch 183/200 loss 0.0206 train 1.0000 test 0.3120
epoch 184/200 loss 0.0188 train 1.0000 test 0.3132
epoch 185/200 loss 0.0187 train 1.0000 test 0.3115
epoch 186/200 loss 0.0192 train 1.0000 test 0.3111
epoch 187/200 loss 0.0193 train 1.0000 test 0.3120
epoch 188/200 loss 0.0195 train 1.0000 test 0.3142
epoch 189/200 loss 0.0191 train 1.0000 test 0.3116
epoch 190/200 loss 0.0192 train 1.0000 test 0.3134
epoch 191/200 loss 0.0184 train 1.0000 test 0.3142
epoch 192/200 loss 0.0189 train 1.0000 test 0.3128
epoch 193/200 loss 0.0191 train 1.0000 test 0.3118
epoch 194/200 loss 0.0195 train 1.0000 test 0.3112
epoch 195/200 loss 0.0188 train 1.0000 test 0.3118
epoch 196/200 loss 0.0183 train 1.0000 test 0.3133
epoch 197/200 loss 0.0187 train 1.0000 test 0.3146
epoch 198/200 loss 0.0196 train 1.0000 test 0.3133
epoch 199/200 loss 0.0181 train 1.0000 test 0.3121
epoch 200/200 loss 0.0186 train 1.0000 test 0.3127
done: final 0.3127 best 0.3148 -> ./runs/diagtransfer2_c100_aux_7pct/seed8
