CNXCOMBO_START cnx_none_10pct_seed0 (free 9845 MiB)
           ^^^^^^^^^^^^^
torch.OutOfMemoryError: CUDA out of memory. Tried to allocate 768.00 MiB. GPU 0 has a total capacity of 23.56 GiB of which 731.19 MiB is free. Process 424499 has 1.49 GiB memory in use. Process 424606 has 1.47 GiB memory in use. Process 427310 has 4.54 GiB memory in use. Process 433270 has 1.49 GiB memory in use. Process 437490 has 1.48 GiB memory in use. Process 442032 has 1.48 GiB memory in use. Process 467316 has 1.38 GiB memory in use. Process 470389 has 6.69 GiB memory in use. Including non-PyTorch memory, this process has 2.73 GiB memory in use. Of the allocated memory 1.68 GiB is allocated by PyTorch, and 747.58 MiB is reserved by PyTorch but unallocated. If reserved but unallocated memory is large try setting PYTORCH_CUDA_ALLOC_CONF=expandable_segments:True to avoid fragmentation.  See documentation for Memory Management  (https://pytorch.org/docs/stable/notes/cuda.html#environment-variables)
CNXCOMBO_DONE cnx_none_10pct_seed0
CNXCOMBO_START cnx_none_10pct_seed1 (free 6482 MiB)
epoch 200/200 loss 3.3129 train 0.1925 test 0.1540
done: final 0.1540 best 0.1568 -> ./runs/cnx_none_10pct/seed1
CNXCOMBO_DONE cnx_none_10pct_seed1
CNXCOMBO_START cnx_none_10pct_seed2 (free 6851 MiB)
epoch 200/200 loss 3.2094 train 0.2145 test 0.1681
done: final 0.1681 best 0.1705 -> ./runs/cnx_none_10pct/seed2
CNXCOMBO_DONE cnx_none_10pct_seed2
CNXCOMBO_CELL_DONE cnx_none_10pct
CNXCOMBO_START cnx_aux_10pct_seed0 (free 6724 MiB)
epoch 200/200 loss nan train 0.0100 test 0.0100
done: final 0.0100 best 0.0100 -> ./runs/cnx_aux_10pct/seed0
CNXCOMBO_DONE cnx_aux_10pct_seed0
CNXCOMBO_START cnx_aux_10pct_seed1 (free 8233 MiB)
epoch 200/200 loss nan train 0.0100 test 0.0100
done: final 0.0100 best 0.0100 -> ./runs/cnx_aux_10pct/seed1
CNXCOMBO_DONE cnx_aux_10pct_seed1
CNXCOMBO_START cnx_aux_10pct_seed2 (free 8228 MiB)
epoch 200/200 loss nan train 0.0100 test 0.0075
done: final 0.0075 best 0.0075 -> ./runs/cnx_aux_10pct/seed2
CNXCOMBO_DONE cnx_aux_10pct_seed2
CNXCOMBO_CELL_DONE cnx_aux_10pct
CNXCOMBO_START combo_1pct_seed0 (free 7678 MiB)
epoch 200/200 loss 0.0172 train 1.0000 test 0.1029
done: final 0.1029 best 0.1057 -> ./runs/combo_1pct/seed0
CNXCOMBO_DONE combo_1pct_seed0
CNXCOMBO_START combo_1pct_seed1 (free 7678 MiB)
epoch 200/200 loss 0.0205 train 1.0000 test 0.1104
done: final 0.1104 best 0.1117 -> ./runs/combo_1pct/seed1
CNXCOMBO_DONE combo_1pct_seed1
CNXCOMBO_START combo_1pct_seed2 (free 7678 MiB)
epoch 200/200 loss 0.0175 train 1.0000 test 0.1058
done: final 0.1058 best 0.1092 -> ./runs/combo_1pct/seed2
CNXCOMBO_DONE combo_1pct_seed2
CNXCOMBO_CELL_DONE combo_1pct
CNXCOMBO_START combo_2pct_seed0 (free 7678 MiB)
epoch 200/200 loss 0.0089 train 1.0000 test 0.1694
done: final 0.1694 best 0.1720 -> ./runs/combo_2pct/seed0
CNXCOMBO_DONE combo_2pct_seed0
CNXCOMBO_START combo_2pct_seed1 (free 7678 MiB)
epoch 200/200 loss 0.0088 train 1.0000 test 0.1737
done: final 0.1737 best 0.1763 -> ./runs/combo_2pct/seed1
CNXCOMBO_DONE combo_2pct_seed1
CNXCOMBO_START combo_2pct_seed2 (free 10268 MiB)
epoch 200/200 loss 0.0110 train 1.0000 test 0.1714
done: final 0.1714 best 0.1725 -> ./runs/combo_2pct/seed2
CNXCOMBO_DONE combo_2pct_seed2
CNXCOMBO_CELL_DONE combo_2pct
CNXCOMBO_COMPLETE
