load bsc/1.0 (PATH, MANPATH)
2026-08-12T11:45:03Z STATE draining: counter 11/16, 15 missing
2026-08-12T11:45:03Z STATE live=4 used=5/10 missing=15 submitting=0
load bsc/1.0 (PATH, MANPATH)
2026-08-12T12:00:01Z STATE draining: counter 14/16, 13 missing
2026-08-12T12:00:01Z STATE live=4 used=5/10 missing=13 submitting=0
2026-08-12T12:15:07Z STATE refilled: 10 missing, counter reset (was 19)
load bsc/1.0 (PATH, MANPATH)
2026-08-12T12:15:07Z STATE live=4 used=5/10 missing=10 submitting=0
load bsc/1.0 (PATH, MANPATH)
2026-08-12T12:30:02Z STATE refilled: 9 missing, counter reset (was 13)
2026-08-12T12:30:02Z STATE live=4 used=5/10 missing=9 submitting=0
load bsc/1.0 (PATH, MANPATH)
2026-08-12T12:45:18Z STATE draining: counter 0/9, 9 missing
2026-08-12T12:45:18Z STATE live=4 used=5/10 missing=9 submitting=0
load bsc/1.0 (PATH, MANPATH)
2026-08-12T13:00:04Z STATE refilled: 7 missing, counter reset (was 11)
2026-08-12T13:00:04Z STATE live=4 used=5/10 missing=7 submitting=0
2026-08-12T13:15:03Z STATE draining: counter 0/7, 5 missing
load bsc/1.0 (PATH, MANPATH)
2026-08-12T13:15:03Z STATE live=4 used=5/10 missing=5 submitting=0
load bsc/1.0 (PATH, MANPATH)
2026-08-12T13:30:07Z STATE refilled: 3 missing, counter reset (was 8)
2026-08-12T13:30:07Z STATE live=4 used=6/10 missing=3 submitting=0
2026-08-12T13:45:13Z STATE draining: counter 0/3, 3 missing
load bsc/1.0 (PATH, MANPATH)
2026-08-12T13:45:13Z STATE live=4 used=6/10 missing=3 submitting=0
load bsc/1.0 (PATH, MANPATH)
2026-08-12T14:00:02Z STATE refilled: 3 missing, counter reset (was 4)
2026-08-12T14:00:03Z STATE live=4 used=6/10 missing=3 submitting=0
load bsc/1.0 (PATH, MANPATH)
2026-08-12T14:15:07Z STATE refilled: 1 missing, counter reset (was 14)
2026-08-12T14:15:07Z STATE live=3 used=5/10 missing=1 submitting=1
load bsc/1.0 (PATH, MANPATH)
2026-08-12T14:30:13Z STATE refilled: 1 missing, counter reset (was 130)
2026-08-12T14:30:13Z STATE live=4 used=5/10 missing=1 submitting=0
load bsc/1.0 (PATH, MANPATH)
2026-08-12T14:45:02Z STATE draining: counter 0/1, 1 missing
2026-08-12T14:45:02Z STATE live=4 used=6/10 missing=1 submitting=0
load bsc/1.0 (PATH, MANPATH)
2026-08-12T15:00:03Z STATE dense grid COMPLETE (0 missing)
load bsc/1.0 (PATH, MANPATH)
2026-08-12T15:15:18Z STATE dense grid COMPLETE (0 missing)
load bsc/1.0 (PATH, MANPATH)
2026-08-12T15:30:04Z STATE dense grid COMPLETE (0 missing)
load bsc/1.0 (PATH, MANPATH)
2026-08-12T15:45:07Z STATE dense grid COMPLETE (0 missing)
load bsc/1.0 (PATH, MANPATH)
2026-08-12T16:00:07Z STATE dense grid COMPLETE (0 missing)
load bsc/1.0 (PATH, MANPATH)
2026-08-12T16:15:48Z STATE dense grid COMPLETE (0 missing)
load bsc/1.0 (PATH, MANPATH)
2026-08-12T16:30:07Z STATE dense grid COMPLETE (0 missing)
load bsc/1.0 (PATH, MANPATH)
2026-08-12T16:45:23Z STATE dense grid COMPLETE (0 missing)
load bsc/1.0 (PATH, MANPATH)
2026-08-12T17:00:17Z STATE dense grid COMPLETE (0 missing)
load bsc/1.0 (PATH, MANPATH)
2026-08-12T17:15:04Z STATE dense grid COMPLETE (0 missing)
load bsc/1.0 (PATH, MANPATH)
2026-08-12T17:30:07Z STATE dense grid COMPLETE (0 missing)
load bsc/1.0 (PATH, MANPATH)
2026-08-12T17:45:08Z STATE dense grid COMPLETE (0 missing)
load bsc/1.0 (PATH, MANPATH)
2026-08-12T18:00:27Z STATE dense grid COMPLETE (0 missing)
load bsc/1.0 (PATH, MANPATH)
2026-08-12T18:15:13Z STATE dense grid COMPLETE (0 missing)
load bsc/1.0 (PATH, MANPATH)
2026-08-12T18:30:03Z STATE dense grid COMPLETE (0 missing)
load bsc/1.0 (PATH, MANPATH)
2026-08-12T18:45:02Z STATE dense grid COMPLETE (0 missing)
load bsc/1.0 (PATH, MANPATH)
2026-08-12T19:00:17Z STATE dense grid COMPLETE (0 missing)
load bsc/1.0 (PATH, MANPATH)
2026-08-12T19:15:05Z STATE dense grid COMPLETE (0 missing)
load bsc/1.0 (PATH, MANPATH)
2026-08-12T19:30:03Z STATE dense grid COMPLETE (0 missing)
load bsc/1.0 (PATH, MANPATH)
2026-08-12T19:45:02Z STATE dense grid COMPLETE (0 missing)
load bsc/1.0 (PATH, MANPATH)
2026-08-12T20:00:02Z STATE dense grid COMPLETE (0 missing)
load bsc/1.0 (PATH, MANPATH)
2026-08-12T20:15:08Z STATE dense grid COMPLETE (0 missing)
2026-08-12T20:30:05Z STATE dense grid COMPLETE (0 missing)
load bsc/1.0 (PATH, MANPATH)
2026-08-12T20:45:05Z STATE dense grid COMPLETE (0 missing)
load bsc/1.0 (PATH, MANPATH)
load bsc/1.0 (PATH, MANPATH)
2026-08-12T21:00:02Z STATE dense grid COMPLETE (0 missing)
load bsc/1.0 (PATH, MANPATH)
2026-08-12T21:15:10Z STATE dense grid COMPLETE (0 missing)
load bsc/1.0 (PATH, MANPATH)
2026-08-12T21:30:03Z STATE dense grid COMPLETE (0 missing)
load bsc/1.0 (PATH, MANPATH)
2026-08-12T21:45:07Z STATE dense grid COMPLETE (0 missing)
load bsc/1.0 (PATH, MANPATH)
2026-08-12T22:00:03Z STATE dense grid COMPLETE (0 missing)
load bsc/1.0 (PATH, MANPATH)
2026-08-12T22:15:07Z STATE dense grid COMPLETE (0 missing)
load bsc/1.0 (PATH, MANPATH)
2026-08-12T22:30:05Z STATE dense grid COMPLETE (0 missing)
2026-08-12T22:45:12Z STATE dense grid COMPLETE (0 missing)
load bsc/1.0 (PATH, MANPATH)
load bsc/1.0 (PATH, MANPATH)
2026-08-12T23:00:03Z STATE dense grid COMPLETE (0 missing)
load bsc/1.0 (PATH, MANPATH)
2026-08-12T23:15:02Z STATE dense grid COMPLETE (0 missing)
load bsc/1.0 (PATH, MANPATH)
2026-08-12T23:30:08Z STATE dense grid COMPLETE (0 missing)
load bsc/1.0 (PATH, MANPATH)
2026-08-12T23:45:06Z STATE dense grid COMPLETE (0 missing)
2026-08-13T00:00:07Z STATE dense grid COMPLETE (0 missing)
load bsc/1.0 (PATH, MANPATH)
load bsc/1.0 (PATH, MANPATH)
2026-08-13T00:15:12Z STATE dense grid COMPLETE (0 missing)
load bsc/1.0 (PATH, MANPATH)
2026-08-13T00:30:02Z STATE dense grid COMPLETE (0 missing)
load bsc/1.0 (PATH, MANPATH)
2026-08-13T00:45:10Z STATE dense grid COMPLETE (0 missing)
load bsc/1.0 (PATH, MANPATH)
2026-08-13T01:00:03Z STATE dense grid COMPLETE (0 missing)
load bsc/1.0 (PATH, MANPATH)
2026-08-13T01:15:14Z STATE dense grid COMPLETE (0 missing)
load bsc/1.0 (PATH, MANPATH)
2026-08-13T01:30:02Z STATE dense grid COMPLETE (0 missing)
load bsc/1.0 (PATH, MANPATH)
2026-08-13T01:45:12Z STATE dense grid COMPLETE (0 missing)
load bsc/1.0 (PATH, MANPATH)
2026-08-13T02:00:07Z STATE dense grid COMPLETE (0 missing)
load bsc/1.0 (PATH, MANPATH)
2026-08-13T02:15:03Z STATE dense grid COMPLETE (0 missing)
load bsc/1.0 (PATH, MANPATH)
2026-08-13T02:30:13Z STATE dense grid COMPLETE (0 missing)
2026-08-13T02:45:07Z STATE dense grid COMPLETE (0 missing)
load bsc/1.0 (PATH, MANPATH)
load bsc/1.0 (PATH, MANPATH)
2026-08-13T03:00:08Z STATE dense grid COMPLETE (0 missing)
load bsc/1.0 (PATH, MANPATH)
2026-08-13T03:15:17Z STATE dense grid COMPLETE (0 missing)
load bsc/1.0 (PATH, MANPATH)
2026-08-13T03:30:13Z STATE dense grid COMPLETE (0 missing)
load bsc/1.0 (PATH, MANPATH)
2026-08-13T03:45:09Z STATE dense grid COMPLETE (0 missing)
load bsc/1.0 (PATH, MANPATH)
2026-08-13T04:00:22Z STATE dense grid COMPLETE (0 missing)
load bsc/1.0 (PATH, MANPATH)
2026-08-13T04:15:02Z STATE dense grid COMPLETE (0 missing)
load bsc/1.0 (PATH, MANPATH)
2026-08-13T04:30:03Z STATE dense grid COMPLETE (0 missing)
load bsc/1.0 (PATH, MANPATH)
2026-08-13T04:45:28Z STATE dense grid COMPLETE (0 missing)
load bsc/1.0 (PATH, MANPATH)
2026-08-13T05:00:15Z STATE dense grid COMPLETE (0 missing)
load bsc/1.0 (PATH, MANPATH)
2026-08-13T05:15:07Z STATE dense grid COMPLETE (0 missing)
load bsc/1.0 (PATH, MANPATH)
2026-08-13T05:30:04Z STATE dense grid COMPLETE (0 missing)
2026-08-13T05:45:03Z STATE dense grid COMPLETE (0 missing)
load bsc/1.0 (PATH, MANPATH)
load bsc/1.0 (PATH, MANPATH)
2026-08-13T06:00:12Z STATE dense grid COMPLETE (0 missing)
load bsc/1.0 (PATH, MANPATH)
2026-08-13T06:15:11Z STATE dense grid COMPLETE (0 missing)
load bsc/1.0 (PATH, MANPATH)
2026-08-13T06:30:22Z STATE dense grid COMPLETE (0 missing)
load bsc/1.0 (PATH, MANPATH)
2026-08-13T06:45:02Z STATE dense grid COMPLETE (0 missing)
load bsc/1.0 (PATH, MANPATH)
2026-08-13T07:00:16Z STATE dense grid COMPLETE (0 missing)
load bsc/1.0 (PATH, MANPATH)
2026-08-13T07:15:12Z STATE dense grid COMPLETE (0 missing)
load bsc/1.0 (PATH, MANPATH)
2026-08-13T07:30:13Z STATE dense grid COMPLETE (0 missing)
load bsc/1.0 (PATH, MANPATH)
2026-08-13T07:45:22Z STATE dense grid COMPLETE (0 missing)
load bsc/1.0 (PATH, MANPATH)
2026-08-13T08:00:02Z STATE dense grid COMPLETE (0 missing)
load bsc/1.0 (PATH, MANPATH)
2026-08-13T08:15:17Z STATE dense grid COMPLETE (0 missing)
load bsc/1.0 (PATH, MANPATH)
2026-08-13T08:30:09Z STATE dense grid COMPLETE (0 missing)
load bsc/1.0 (PATH, MANPATH)
2026-08-13T08:45:07Z STATE dense grid COMPLETE (0 missing)
load bsc/1.0 (PATH, MANPATH)
2026-08-13T09:00:03Z STATE dense grid COMPLETE (0 missing)
load bsc/1.0 (PATH, MANPATH)
2026-08-13T09:15:02Z STATE dense grid COMPLETE (0 missing)
load bsc/1.0 (PATH, MANPATH)
2026-08-13T09:30:08Z STATE dense grid COMPLETE (0 missing)
load bsc/1.0 (PATH, MANPATH)
2026-08-13T09:45:18Z STATE dense grid COMPLETE (0 missing)
load bsc/1.0 (PATH, MANPATH)
2026-08-13T10:00:02Z STATE dense grid COMPLETE (0 missing)
load bsc/1.0 (PATH, MANPATH)
2026-08-13T10:15:12Z STATE dense grid COMPLETE (0 missing)
load bsc/1.0 (PATH, MANPATH)
2026-08-13T10:30:08Z STATE dense grid COMPLETE (0 missing)
load bsc/1.0 (PATH, MANPATH)
2026-08-13T10:45:02Z STATE dense grid COMPLETE (0 missing)
load bsc/1.0 (PATH, MANPATH)
2026-08-13T11:00:02Z STATE dense grid COMPLETE (0 missing)
load bsc/1.0 (PATH, MANPATH)
2026-08-13T11:15:03Z STATE dense grid COMPLETE (0 missing)
load bsc/1.0 (PATH, MANPATH)
2026-08-13T11:30:01Z STATE dense grid COMPLETE (0 missing)
load bsc/1.0 (PATH, MANPATH)
2026-08-13T11:45:01Z STATE dense grid COMPLETE (0 missing)
load bsc/1.0 (PATH, MANPATH)
2026-08-13T12:00:02Z STATE dense grid COMPLETE (0 missing)
load bsc/1.0 (PATH, MANPATH)
2026-08-13T12:15:02Z STATE dense grid COMPLETE (0 missing)
load bsc/1.0 (PATH, MANPATH)
2026-08-13T12:30:02Z STATE dense grid COMPLETE (0 missing)
load bsc/1.0 (PATH, MANPATH)
2026-08-13T12:45:02Z STATE dense grid COMPLETE (0 missing)
load bsc/1.0 (PATH, MANPATH)
2026-08-13T13:00:02Z STATE dense grid COMPLETE (0 missing)
load bsc/1.0 (PATH, MANPATH)
2026-08-13T13:15:02Z STATE dense grid COMPLETE (0 missing)
load bsc/1.0 (PATH, MANPATH)
2026-08-13T13:30:02Z STATE dense grid COMPLETE (0 missing)
load bsc/1.0 (PATH, MANPATH)
2026-08-13T13:45:02Z STATE dense grid COMPLETE (0 missing)
load bsc/1.0 (PATH, MANPATH)
2026-08-13T14:00:02Z STATE dense grid COMPLETE (0 missing)
load bsc/1.0 (PATH, MANPATH)
2026-08-13T14:15:02Z STATE dense grid COMPLETE (0 missing)
load bsc/1.0 (PATH, MANPATH)
2026-08-13T14:30:02Z STATE dense grid COMPLETE (0 missing)
load bsc/1.0 (PATH, MANPATH)
2026-08-13T14:45:02Z STATE dense grid COMPLETE (0 missing)
load bsc/1.0 (PATH, MANPATH)
2026-08-13T15:00:01Z STATE dense grid COMPLETE (0 missing)
load bsc/1.0 (PATH, MANPATH)
2026-08-13T15:15:02Z STATE dense grid COMPLETE (0 missing)
load bsc/1.0 (PATH, MANPATH)
2026-08-13T15:30:02Z STATE dense grid COMPLETE (0 missing)
load bsc/1.0 (PATH, MANPATH)
2026-08-13T15:45:02Z STATE dense grid COMPLETE (0 missing)
load bsc/1.0 (PATH, MANPATH)
2026-08-13T16:00:01Z STATE dense grid COMPLETE (0 missing)
load bsc/1.0 (PATH, MANPATH)
2026-08-13T16:15:01Z STATE dense grid COMPLETE (0 missing)
load bsc/1.0 (PATH, MANPATH)
2026-08-13T16:30:02Z STATE dense grid COMPLETE (0 missing)
load bsc/1.0 (PATH, MANPATH)
2026-08-13T16:45:02Z STATE dense grid COMPLETE (0 missing)
load bsc/1.0 (PATH, MANPATH)
2026-08-13T17:00:02Z STATE dense grid COMPLETE (0 missing)
load bsc/1.0 (PATH, MANPATH)
2026-08-13T17:15:02Z STATE dense grid COMPLETE (0 missing)
load bsc/1.0 (PATH, MANPATH)
2026-08-13T17:30:02Z STATE dense grid COMPLETE (0 missing)
load bsc/1.0 (PATH, MANPATH)
2026-08-13T17:45:02Z STATE dense grid COMPLETE (0 missing)
load bsc/1.0 (PATH, MANPATH)
2026-08-13T18:00:01Z STATE dense grid COMPLETE (0 missing)
load bsc/1.0 (PATH, MANPATH)
2026-08-13T18:15:02Z STATE dense grid COMPLETE (0 missing)
load bsc/1.0 (PATH, MANPATH)
2026-08-13T18:30:02Z STATE dense grid COMPLETE (0 missing)
load bsc/1.0 (PATH, MANPATH)
2026-08-13T18:45:02Z STATE dense grid COMPLETE (0 missing)
load bsc/1.0 (PATH, MANPATH)
2026-08-13T19:00:02Z STATE dense grid COMPLETE (0 missing)
load bsc/1.0 (PATH, MANPATH)
2026-08-13T19:15:02Z STATE dense grid COMPLETE (0 missing)
load bsc/1.0 (PATH, MANPATH)
2026-08-13T19:30:02Z STATE dense grid COMPLETE (0 missing)
load bsc/1.0 (PATH, MANPATH)
2026-08-13T19:45:02Z STATE dense grid COMPLETE (0 missing)
load bsc/1.0 (PATH, MANPATH)
2026-08-13T20:00:02Z STATE dense grid COMPLETE (0 missing)
load bsc/1.0 (PATH, MANPATH)
2026-08-13T20:15:02Z STATE dense grid COMPLETE (0 missing)
load bsc/1.0 (PATH, MANPATH)
2026-08-13T20:30:01Z STATE dense grid COMPLETE (0 missing)
load bsc/1.0 (PATH, MANPATH)
2026-08-13T20:45:02Z STATE dense grid COMPLETE (0 missing)
load bsc/1.0 (PATH, MANPATH)
2026-08-13T21:00:01Z STATE dense grid COMPLETE (0 missing)
load bsc/1.0 (PATH, MANPATH)
2026-08-13T21:15:02Z STATE dense grid COMPLETE (0 missing)
load bsc/1.0 (PATH, MANPATH)
2026-08-13T21:30:02Z STATE dense grid COMPLETE (0 missing)
load bsc/1.0 (PATH, MANPATH)
2026-08-13T21:45:01Z STATE dense grid COMPLETE (0 missing)
load bsc/1.0 (PATH, MANPATH)
2026-08-13T22:00:02Z STATE dense grid COMPLETE (0 missing)
load bsc/1.0 (PATH, MANPATH)
2026-08-13T22:15:02Z STATE dense grid COMPLETE (0 missing)
load bsc/1.0 (PATH, MANPATH)
2026-08-13T22:30:02Z STATE dense grid COMPLETE (0 missing)
load bsc/1.0 (PATH, MANPATH)
2026-08-13T22:45:02Z STATE dense grid COMPLETE (0 missing)
load bsc/1.0 (PATH, MANPATH)
2026-08-13T23:00:01Z STATE dense grid COMPLETE (0 missing)
load bsc/1.0 (PATH, MANPATH)
2026-08-13T23:15:02Z STATE dense grid COMPLETE (0 missing)
load bsc/1.0 (PATH, MANPATH)
2026-08-13T23:30:02Z STATE dense grid COMPLETE (0 missing)
load bsc/1.0 (PATH, MANPATH)
2026-08-13T23:45:02Z STATE dense grid COMPLETE (0 missing)
load bsc/1.0 (PATH, MANPATH)
2026-08-14T00:00:01Z STATE dense grid COMPLETE (0 missing)
load bsc/1.0 (PATH, MANPATH)
2026-08-14T00:15:02Z STATE dense grid COMPLETE (0 missing)
load bsc/1.0 (PATH, MANPATH)
2026-08-14T00:30:02Z STATE dense grid COMPLETE (0 missing)
load bsc/1.0 (PATH, MANPATH)
2026-08-14T00:45:01Z STATE dense grid COMPLETE (0 missing)
load bsc/1.0 (PATH, MANPATH)
2026-08-14T01:00:02Z STATE dense grid COMPLETE (0 missing)
load bsc/1.0 (PATH, MANPATH)
2026-08-14T01:15:02Z STATE dense grid COMPLETE (0 missing)
load bsc/1.0 (PATH, MANPATH)
2026-08-14T01:30:01Z STATE dense grid COMPLETE (0 missing)
load bsc/1.0 (PATH, MANPATH)
2026-08-14T01:45:02Z STATE dense grid COMPLETE (0 missing)
load bsc/1.0 (PATH, MANPATH)
2026-08-14T02:00:02Z STATE dense grid COMPLETE (0 missing)
load bsc/1.0 (PATH, MANPATH)
2026-08-14T02:15:01Z STATE dense grid COMPLETE (0 missing)
load bsc/1.0 (PATH, MANPATH)
2026-08-14T02:30:02Z STATE dense grid COMPLETE (0 missing)
load bsc/1.0 (PATH, MANPATH)
2026-08-14T02:45:02Z STATE dense grid COMPLETE (0 missing)
load bsc/1.0 (PATH, MANPATH)
2026-08-14T03:00:01Z STATE dense grid COMPLETE (0 missing)
load bsc/1.0 (PATH, MANPATH)
2026-08-14T03:15:02Z STATE dense grid COMPLETE (0 missing)
load bsc/1.0 (PATH, MANPATH)
2026-08-14T03:30:02Z STATE dense grid COMPLETE (0 missing)
load bsc/1.0 (PATH, MANPATH)
2026-08-14T03:45:02Z STATE dense grid COMPLETE (0 missing)
load bsc/1.0 (PATH, MANPATH)
2026-08-14T04:00:01Z STATE dense grid COMPLETE (0 missing)
load bsc/1.0 (PATH, MANPATH)
2026-08-14T04:15:02Z STATE dense grid COMPLETE (0 missing)
load bsc/1.0 (PATH, MANPATH)
2026-08-14T04:30:02Z STATE dense grid COMPLETE (0 missing)
load bsc/1.0 (PATH, MANPATH)
2026-08-14T04:45:01Z STATE dense grid COMPLETE (0 missing)
load bsc/1.0 (PATH, MANPATH)
2026-08-14T05:00:08Z STATE dense grid COMPLETE (0 missing)
load bsc/1.0 (PATH, MANPATH)
2026-08-14T05:15:02Z STATE dense grid COMPLETE (0 missing)
load bsc/1.0 (PATH, MANPATH)
2026-08-14T05:30:01Z STATE dense grid COMPLETE (0 missing)
load bsc/1.0 (PATH, MANPATH)
2026-08-14T05:45:02Z STATE dense grid COMPLETE (0 missing)
load bsc/1.0 (PATH, MANPATH)
2026-08-14T06:00:02Z STATE dense grid COMPLETE (0 missing)
load bsc/1.0 (PATH, MANPATH)
2026-08-14T06:15:02Z STATE dense grid COMPLETE (0 missing)
load bsc/1.0 (PATH, MANPATH)
2026-08-14T06:30:02Z STATE dense grid COMPLETE (0 missing)
load bsc/1.0 (PATH, MANPATH)
2026-08-14T06:45:02Z STATE dense grid COMPLETE (0 missing)
load bsc/1.0 (PATH, MANPATH)
2026-08-14T07:00:02Z STATE dense grid COMPLETE (0 missing)
load bsc/1.0 (PATH, MANPATH)
2026-08-14T07:15:02Z STATE dense grid COMPLETE (0 missing)
load bsc/1.0 (PATH, MANPATH)
2026-08-14T07:30:02Z STATE dense grid COMPLETE (0 missing)
load bsc/1.0 (PATH, MANPATH)
2026-08-14T07:45:02Z STATE dense grid COMPLETE (0 missing)
load bsc/1.0 (PATH, MANPATH)
2026-08-14T08:00:01Z STATE dense grid COMPLETE (0 missing)
load bsc/1.0 (PATH, MANPATH)
2026-08-14T08:15:02Z STATE dense grid COMPLETE (0 missing)
load bsc/1.0 (PATH, MANPATH)
2026-08-14T08:30:02Z STATE dense grid COMPLETE (0 missing)
load bsc/1.0 (PATH, MANPATH)
2026-08-14T08:45:02Z STATE dense grid COMPLETE (0 missing)
load bsc/1.0 (PATH, MANPATH)
2026-08-14T09:00:01Z STATE dense grid COMPLETE (0 missing)
load bsc/1.0 (PATH, MANPATH)
2026-08-14T09:15:01Z STATE dense grid COMPLETE (0 missing)
load bsc/1.0 (PATH, MANPATH)
2026-08-14T09:30:02Z STATE dense grid COMPLETE (0 missing)
load bsc/1.0 (PATH, MANPATH)
2026-08-14T09:45:02Z STATE dense grid COMPLETE (0 missing)
load bsc/1.0 (PATH, MANPATH)
2026-08-14T10:00:02Z STATE dense grid COMPLETE (0 missing)
load bsc/1.0 (PATH, MANPATH)
2026-08-14T10:15:02Z STATE dense grid COMPLETE (0 missing)
load bsc/1.0 (PATH, MANPATH)
2026-08-14T10:30:01Z STATE dense grid COMPLETE (0 missing)
load bsc/1.0 (PATH, MANPATH)
2026-08-14T10:45:02Z STATE dense grid COMPLETE (0 missing)
load bsc/1.0 (PATH, MANPATH)
2026-08-14T11:00:02Z STATE dense grid COMPLETE (0 missing)
load bsc/1.0 (PATH, MANPATH)
2026-08-14T11:15:01Z STATE dense grid COMPLETE (0 missing)
load bsc/1.0 (PATH, MANPATH)
2026-08-14T11:30:02Z STATE dense grid COMPLETE (0 missing)
load bsc/1.0 (PATH, MANPATH)
2026-08-14T11:45:02Z STATE dense grid COMPLETE (0 missing)
load bsc/1.0 (PATH, MANPATH)
2026-08-14T12:00:02Z STATE dense grid COMPLETE (0 missing)
load bsc/1.0 (PATH, MANPATH)
2026-08-14T12:15:01Z STATE dense grid COMPLETE (0 missing)
load bsc/1.0 (PATH, MANPATH)
2026-08-14T12:30:02Z STATE dense grid COMPLETE (0 missing)
load bsc/1.0 (PATH, MANPATH)
2026-08-14T12:45:02Z STATE dense grid COMPLETE (0 missing)
load bsc/1.0 (PATH, MANPATH)
2026-08-14T13:00:02Z STATE dense grid COMPLETE (0 missing)
load bsc/1.0 (PATH, MANPATH)
2026-08-14T13:15:01Z STATE dense grid COMPLETE (0 missing)
load bsc/1.0 (PATH, MANPATH)
2026-08-14T13:30:02Z STATE dense grid COMPLETE (0 missing)
load bsc/1.0 (PATH, MANPATH)
2026-08-14T13:45:02Z STATE dense grid COMPLETE (0 missing)
load bsc/1.0 (PATH, MANPATH)
2026-08-14T14:00:02Z STATE dense grid COMPLETE (0 missing)
load bsc/1.0 (PATH, MANPATH)
2026-08-14T14:15:01Z STATE dense grid COMPLETE (0 missing)
load bsc/1.0 (PATH, MANPATH)
2026-08-14T14:30:01Z STATE dense grid COMPLETE (0 missing)
load bsc/1.0 (PATH, MANPATH)
2026-08-14T14:45:02Z STATE dense grid COMPLETE (0 missing)
load bsc/1.0 (PATH, MANPATH)
2026-08-14T15:00:02Z STATE dense grid COMPLETE (0 missing)
load bsc/1.0 (PATH, MANPATH)
2026-08-14T15:15:02Z STATE dense grid COMPLETE (0 missing)
load bsc/1.0 (PATH, MANPATH)
2026-08-14T15:30:02Z STATE dense grid COMPLETE (0 missing)
load bsc/1.0 (PATH, MANPATH)
2026-08-14T15:45:02Z STATE dense grid COMPLETE (0 missing)
load bsc/1.0 (PATH, MANPATH)
2026-08-14T16:00:01Z STATE dense grid COMPLETE (0 missing)
load bsc/1.0 (PATH, MANPATH)
2026-08-14T16:15:02Z STATE dense grid COMPLETE (0 missing)
load bsc/1.0 (PATH, MANPATH)
2026-08-14T16:30:02Z STATE dense grid COMPLETE (0 missing)
load bsc/1.0 (PATH, MANPATH)
2026-08-14T16:45:02Z STATE dense grid COMPLETE (0 missing)
load bsc/1.0 (PATH, MANPATH)
2026-08-14T17:00:01Z STATE dense grid COMPLETE (0 missing)
load bsc/1.0 (PATH, MANPATH)
2026-08-14T17:15:01Z STATE dense grid COMPLETE (0 missing)
load bsc/1.0 (PATH, MANPATH)
2026-08-14T17:30:02Z STATE dense grid COMPLETE (0 missing)
load bsc/1.0 (PATH, MANPATH)
2026-08-14T17:45:02Z STATE dense grid COMPLETE (0 missing)
load bsc/1.0 (PATH, MANPATH)
2026-08-14T18:00:02Z STATE dense grid COMPLETE (0 missing)
load bsc/1.0 (PATH, MANPATH)
2026-08-14T18:15:01Z STATE dense grid COMPLETE (0 missing)
load bsc/1.0 (PATH, MANPATH)
2026-08-14T18:30:02Z STATE dense grid COMPLETE (0 missing)
load bsc/1.0 (PATH, MANPATH)
2026-08-14T18:45:02Z STATE dense grid COMPLETE (0 missing)
load bsc/1.0 (PATH, MANPATH)
2026-08-14T19:00:02Z STATE dense grid COMPLETE (0 missing)
load bsc/1.0 (PATH, MANPATH)
2026-08-14T19:15:02Z STATE dense grid COMPLETE (0 missing)
load bsc/1.0 (PATH, MANPATH)
2026-08-14T19:30:02Z STATE dense grid COMPLETE (0 missing)
load bsc/1.0 (PATH, MANPATH)
2026-08-14T19:45:08Z STATE dense grid COMPLETE (0 missing)
load bsc/1.0 (PATH, MANPATH)
2026-08-14T20:00:07Z STATE dense grid COMPLETE (0 missing)
load bsc/1.0 (PATH, MANPATH)
2026-08-14T20:15:08Z STATE dense grid COMPLETE (0 missing)
load bsc/1.0 (PATH, MANPATH)
2026-08-14T20:30:07Z STATE dense grid COMPLETE (0 missing)
load bsc/1.0 (PATH, MANPATH)
2026-08-14T20:45:02Z STATE dense grid COMPLETE (0 missing)
load bsc/1.0 (PATH, MANPATH)
2026-08-14T21:00:02Z STATE dense grid COMPLETE (0 missing)
load bsc/1.0 (PATH, MANPATH)
2026-08-14T21:15:02Z STATE dense grid COMPLETE (0 missing)
load bsc/1.0 (PATH, MANPATH)
2026-08-14T21:30:02Z STATE dense grid COMPLETE (0 missing)
load bsc/1.0 (PATH, MANPATH)
2026-08-14T21:45:02Z STATE dense grid COMPLETE (0 missing)
load bsc/1.0 (PATH, MANPATH)
2026-08-14T22:00:01Z STATE dense grid COMPLETE (0 missing)
load bsc/1.0 (PATH, MANPATH)
2026-08-14T22:15:02Z STATE dense grid COMPLETE (0 missing)
load bsc/1.0 (PATH, MANPATH)
2026-08-14T22:30:02Z STATE dense grid COMPLETE (0 missing)
load bsc/1.0 (PATH, MANPATH)
2026-08-14T22:45:02Z STATE dense grid COMPLETE (0 missing)
load bsc/1.0 (PATH, MANPATH)
2026-08-14T23:00:02Z STATE dense grid COMPLETE (0 missing)
load bsc/1.0 (PATH, MANPATH)
2026-08-14T23:15:02Z STATE dense grid COMPLETE (0 missing)
load bsc/1.0 (PATH, MANPATH)
2026-08-14T23:30:02Z STATE dense grid COMPLETE (0 missing)
load bsc/1.0 (PATH, MANPATH)
2026-08-14T23:45:02Z STATE dense grid COMPLETE (0 missing)
load bsc/1.0 (PATH, MANPATH)
2026-08-15T00:00:02Z STATE dense grid COMPLETE (0 missing)
load bsc/1.0 (PATH, MANPATH)
2026-08-15T00:15:01Z STATE dense grid COMPLETE (0 missing)
load bsc/1.0 (PATH, MANPATH)
2026-08-15T00:30:02Z STATE dense grid COMPLETE (0 missing)
load bsc/1.0 (PATH, MANPATH)
2026-08-15T00:45:02Z STATE dense grid COMPLETE (0 missing)
load bsc/1.0 (PATH, MANPATH)
2026-08-15T01:00:02Z STATE dense grid COMPLETE (0 missing)
load bsc/1.0 (PATH, MANPATH)
2026-08-15T01:15:03Z STATE dense grid COMPLETE (0 missing)
load bsc/1.0 (PATH, MANPATH)
2026-08-15T01:30:01Z STATE dense grid COMPLETE (0 missing)
load bsc/1.0 (PATH, MANPATH)
2026-08-15T01:45:02Z STATE dense grid COMPLETE (0 missing)
load bsc/1.0 (PATH, MANPATH)
2026-08-15T02:00:02Z STATE dense grid COMPLETE (0 missing)
load bsc/1.0 (PATH, MANPATH)
2026-08-15T02:15:01Z STATE dense grid COMPLETE (0 missing)
load bsc/1.0 (PATH, MANPATH)
2026-08-15T02:30:02Z STATE dense grid COMPLETE (0 missing)
load bsc/1.0 (PATH, MANPATH)
2026-08-15T02:45:02Z STATE dense grid COMPLETE (0 missing)
load bsc/1.0 (PATH, MANPATH)
2026-08-15T03:00:02Z STATE dense grid COMPLETE (0 missing)
load bsc/1.0 (PATH, MANPATH)
2026-08-15T03:15:01Z STATE dense grid COMPLETE (0 missing)
load bsc/1.0 (PATH, MANPATH)
2026-08-15T03:30:02Z STATE dense grid COMPLETE (0 missing)
load bsc/1.0 (PATH, MANPATH)
2026-08-15T03:45:02Z STATE dense grid COMPLETE (0 missing)
load bsc/1.0 (PATH, MANPATH)
2026-08-15T04:00:02Z STATE dense grid COMPLETE (0 missing)
load bsc/1.0 (PATH, MANPATH)
2026-08-15T04:15:01Z STATE dense grid COMPLETE (0 missing)
load bsc/1.0 (PATH, MANPATH)
2026-08-15T04:30:02Z STATE dense grid COMPLETE (0 missing)
load bsc/1.0 (PATH, MANPATH)
2026-08-15T04:45:02Z STATE dense grid COMPLETE (0 missing)
load bsc/1.0 (PATH, MANPATH)
2026-08-15T05:00:15Z STATE dense grid COMPLETE (0 missing)
load bsc/1.0 (PATH, MANPATH)
2026-08-15T05:15:01Z STATE dense grid COMPLETE (0 missing)
load bsc/1.0 (PATH, MANPATH)
2026-08-15T05:30:02Z STATE dense grid COMPLETE (0 missing)
load bsc/1.0 (PATH, MANPATH)
2026-08-15T05:45:02Z STATE dense grid COMPLETE (0 missing)
load bsc/1.0 (PATH, MANPATH)
2026-08-15T06:00:02Z STATE dense grid COMPLETE (0 missing)
load bsc/1.0 (PATH, MANPATH)
2026-08-15T06:15:02Z STATE dense grid COMPLETE (0 missing)
load bsc/1.0 (PATH, MANPATH)
2026-08-15T06:30:01Z STATE dense grid COMPLETE (0 missing)
load bsc/1.0 (PATH, MANPATH)
2026-08-15T06:45:02Z STATE dense grid COMPLETE (0 missing)
load bsc/1.0 (PATH, MANPATH)
2026-08-15T07:00:02Z STATE dense grid COMPLETE (0 missing)
load bsc/1.0 (PATH, MANPATH)
2026-08-15T07:15:02Z STATE dense grid COMPLETE (0 missing)
load bsc/1.0 (PATH, MANPATH)
2026-08-15T07:30:02Z STATE dense grid COMPLETE (0 missing)
load bsc/1.0 (PATH, MANPATH)
2026-08-15T07:45:02Z STATE dense grid COMPLETE (0 missing)
load bsc/1.0 (PATH, MANPATH)
2026-08-15T08:00:01Z STATE dense grid COMPLETE (0 missing)
load bsc/1.0 (PATH, MANPATH)
2026-08-15T08:15:01Z STATE dense grid COMPLETE (0 missing)
load bsc/1.0 (PATH, MANPATH)
2026-08-15T08:30:02Z STATE dense grid COMPLETE (0 missing)
load bsc/1.0 (PATH, MANPATH)
2026-08-15T08:45:01Z STATE dense grid COMPLETE (0 missing)
load bsc/1.0 (PATH, MANPATH)
2026-08-15T09:00:01Z STATE dense grid COMPLETE (0 missing)
load bsc/1.0 (PATH, MANPATH)
2026-08-15T09:15:01Z STATE dense grid COMPLETE (0 missing)
load bsc/1.0 (PATH, MANPATH)
2026-08-15T09:30:02Z STATE dense grid COMPLETE (0 missing)
load bsc/1.0 (PATH, MANPATH)
2026-08-15T09:45:02Z STATE dense grid COMPLETE (0 missing)
load bsc/1.0 (PATH, MANPATH)
2026-08-15T10:00:02Z STATE dense grid COMPLETE (0 missing)
load bsc/1.0 (PATH, MANPATH)
2026-08-15T10:15:01Z STATE dense grid COMPLETE (0 missing)
load bsc/1.0 (PATH, MANPATH)
2026-08-15T10:30:02Z STATE dense grid COMPLETE (0 missing)
load bsc/1.0 (PATH, MANPATH)
2026-08-15T10:45:02Z STATE dense grid COMPLETE (0 missing)
load bsc/1.0 (PATH, MANPATH)
2026-08-15T11:00:02Z STATE dense grid COMPLETE (0 missing)
load bsc/1.0 (PATH, MANPATH)
2026-08-15T11:15:01Z STATE dense grid COMPLETE (0 missing)
load bsc/1.0 (PATH, MANPATH)
2026-08-15T11:30:02Z STATE dense grid COMPLETE (0 missing)
load bsc/1.0 (PATH, MANPATH)
2026-08-15T11:45:02Z STATE dense grid COMPLETE (0 missing)
load bsc/1.0 (PATH, MANPATH)
2026-08-15T12:00:02Z STATE dense grid COMPLETE (0 missing)
load bsc/1.0 (PATH, MANPATH)
2026-08-15T12:15:01Z STATE dense grid COMPLETE (0 missing)
load bsc/1.0 (PATH, MANPATH)
2026-08-15T12:30:02Z STATE dense grid COMPLETE (0 missing)
load bsc/1.0 (PATH, MANPATH)
2026-08-15T12:45:02Z STATE dense grid COMPLETE (0 missing)
load bsc/1.0 (PATH, MANPATH)
2026-08-15T13:00:02Z STATE dense grid COMPLETE (0 missing)
load bsc/1.0 (PATH, MANPATH)
2026-08-15T13:15:02Z STATE dense grid COMPLETE (0 missing)
load bsc/1.0 (PATH, MANPATH)
2026-08-15T13:30:02Z STATE dense grid COMPLETE (0 missing)
load bsc/1.0 (PATH, MANPATH)
2026-08-15T13:45:02Z STATE dense grid COMPLETE (0 missing)
load bsc/1.0 (PATH, MANPATH)
2026-08-15T14:00:01Z STATE dense grid COMPLETE (0 missing)
load bsc/1.0 (PATH, MANPATH)
2026-08-15T14:15:02Z STATE dense grid COMPLETE (0 missing)
load bsc/1.0 (PATH, MANPATH)
2026-08-15T14:30:02Z STATE dense grid COMPLETE (0 missing)
load bsc/1.0 (PATH, MANPATH)
2026-08-15T14:45:02Z STATE dense grid COMPLETE (0 missing)
load bsc/1.0 (PATH, MANPATH)
2026-08-15T15:00:02Z STATE dense grid COMPLETE (0 missing)
load bsc/1.0 (PATH, MANPATH)
2026-08-15T15:15:01Z STATE dense grid COMPLETE (0 missing)
load bsc/1.0 (PATH, MANPATH)
2026-08-15T15:30:02Z STATE dense grid COMPLETE (0 missing)
load bsc/1.0 (PATH, MANPATH)
2026-08-15T15:45:02Z STATE dense grid COMPLETE (0 missing)
load bsc/1.0 (PATH, MANPATH)
2026-08-15T16:00:01Z STATE dense grid COMPLETE (0 missing)
load bsc/1.0 (PATH, MANPATH)
2026-08-15T16:15:02Z STATE dense grid COMPLETE (0 missing)
load bsc/1.0 (PATH, MANPATH)
2026-08-15T16:30:02Z STATE dense grid COMPLETE (0 missing)
load bsc/1.0 (PATH, MANPATH)
2026-08-15T16:45:01Z STATE dense grid COMPLETE (0 missing)
load bsc/1.0 (PATH, MANPATH)
2026-08-15T17:00:02Z STATE dense grid COMPLETE (0 missing)
load bsc/1.0 (PATH, MANPATH)
2026-08-15T17:15:02Z STATE dense grid COMPLETE (0 missing)
load bsc/1.0 (PATH, MANPATH)
2026-08-15T17:30:02Z STATE dense grid COMPLETE (0 missing)
load bsc/1.0 (PATH, MANPATH)
2026-08-15T17:45:01Z STATE dense grid COMPLETE (0 missing)
load bsc/1.0 (PATH, MANPATH)
2026-08-15T18:00:02Z STATE dense grid COMPLETE (0 missing)
load bsc/1.0 (PATH, MANPATH)
2026-08-15T18:15:02Z STATE dense grid COMPLETE (0 missing)
load bsc/1.0 (PATH, MANPATH)
2026-08-15T18:30:01Z STATE dense grid COMPLETE (0 missing)
load bsc/1.0 (PATH, MANPATH)
2026-08-15T18:45:02Z STATE dense grid COMPLETE (0 missing)
load bsc/1.0 (PATH, MANPATH)
2026-08-15T19:00:02Z STATE dense grid COMPLETE (0 missing)
load bsc/1.0 (PATH, MANPATH)
2026-08-15T19:15:02Z STATE dense grid COMPLETE (0 missing)
load bsc/1.0 (PATH, MANPATH)
2026-08-15T19:30:01Z STATE dense grid COMPLETE (0 missing)
load bsc/1.0 (PATH, MANPATH)
2026-08-15T19:45:02Z STATE dense grid COMPLETE (0 missing)
load bsc/1.0 (PATH, MANPATH)
2026-08-15T20:00:02Z STATE dense grid COMPLETE (0 missing)
load bsc/1.0 (PATH, MANPATH)
2026-08-15T20:15:02Z STATE dense grid COMPLETE (0 missing)
load bsc/1.0 (PATH, MANPATH)
2026-08-15T20:30:02Z STATE dense grid COMPLETE (0 missing)
load bsc/1.0 (PATH, MANPATH)
2026-08-15T20:45:01Z STATE dense grid COMPLETE (0 missing)
load bsc/1.0 (PATH, MANPATH)
2026-08-15T21:00:02Z STATE dense grid COMPLETE (0 missing)
load bsc/1.0 (PATH, MANPATH)
2026-08-15T21:15:02Z STATE dense grid COMPLETE (0 missing)
load bsc/1.0 (PATH, MANPATH)
2026-08-15T21:30:02Z STATE dense grid COMPLETE (0 missing)
load bsc/1.0 (PATH, MANPATH)
2026-08-15T21:45:01Z STATE dense grid COMPLETE (0 missing)
load bsc/1.0 (PATH, MANPATH)
2026-08-15T22:00:02Z STATE dense grid COMPLETE (0 missing)
load bsc/1.0 (PATH, MANPATH)
2026-08-15T22:15:02Z STATE dense grid COMPLETE (0 missing)
load bsc/1.0 (PATH, MANPATH)
2026-08-15T22:30:02Z STATE dense grid COMPLETE (0 missing)
load bsc/1.0 (PATH, MANPATH)
2026-08-15T22:45:02Z STATE dense grid COMPLETE (0 missing)
load bsc/1.0 (PATH, MANPATH)
2026-08-15T23:00:01Z STATE dense grid COMPLETE (0 missing)
load bsc/1.0 (PATH, MANPATH)
2026-08-15T23:15:02Z STATE dense grid COMPLETE (0 missing)
load bsc/1.0 (PATH, MANPATH)
2026-08-15T23:30:02Z STATE dense grid COMPLETE (0 missing)
load bsc/1.0 (PATH, MANPATH)
2026-08-15T23:45:02Z STATE dense grid COMPLETE (0 missing)
load bsc/1.0 (PATH, MANPATH)
2026-08-16T00:00:01Z STATE dense grid COMPLETE (0 missing)
load bsc/1.0 (PATH, MANPATH)
2026-08-16T00:15:02Z STATE dense grid COMPLETE (0 missing)
load bsc/1.0 (PATH, MANPATH)
2026-08-16T00:30:02Z STATE dense grid COMPLETE (0 missing)
load bsc/1.0 (PATH, MANPATH)
2026-08-16T00:45:02Z STATE dense grid COMPLETE (0 missing)
load bsc/1.0 (PATH, MANPATH)
2026-08-16T01:00:01Z STATE dense grid COMPLETE (0 missing)
load bsc/1.0 (PATH, MANPATH)
2026-08-16T01:15:02Z STATE dense grid COMPLETE (0 missing)
load bsc/1.0 (PATH, MANPATH)
2026-08-16T01:30:02Z STATE dense grid COMPLETE (0 missing)
load bsc/1.0 (PATH, MANPATH)
2026-08-16T01:45:01Z STATE dense grid COMPLETE (0 missing)
load bsc/1.0 (PATH, MANPATH)
2026-08-16T02:00:02Z STATE dense grid COMPLETE (0 missing)
load bsc/1.0 (PATH, MANPATH)
2026-08-16T02:15:02Z STATE dense grid COMPLETE (0 missing)
load bsc/1.0 (PATH, MANPATH)
2026-08-16T02:30:02Z STATE dense grid COMPLETE (0 missing)
load bsc/1.0 (PATH, MANPATH)
2026-08-16T02:45:01Z STATE dense grid COMPLETE (0 missing)
load bsc/1.0 (PATH, MANPATH)
2026-08-16T03:00:01Z STATE dense grid COMPLETE (0 missing)
load bsc/1.0 (PATH, MANPATH)
2026-08-16T03:15:02Z STATE dense grid COMPLETE (0 missing)
load bsc/1.0 (PATH, MANPATH)
2026-08-16T03:30:02Z STATE dense grid COMPLETE (0 missing)
load bsc/1.0 (PATH, MANPATH)
2026-08-16T03:45:01Z STATE dense grid COMPLETE (0 missing)
load bsc/1.0 (PATH, MANPATH)
2026-08-16T04:00:01Z STATE dense grid COMPLETE (0 missing)
load bsc/1.0 (PATH, MANPATH)
2026-08-16T04:15:02Z STATE dense grid COMPLETE (0 missing)
load bsc/1.0 (PATH, MANPATH)
2026-08-16T04:30:02Z STATE dense grid COMPLETE (0 missing)
load bsc/1.0 (PATH, MANPATH)
2026-08-16T04:45:01Z STATE dense grid COMPLETE (0 missing)
load bsc/1.0 (PATH, MANPATH)
2026-08-16T05:00:09Z STATE dense grid COMPLETE (0 missing)
load bsc/1.0 (PATH, MANPATH)
2026-08-16T05:15:02Z STATE dense grid COMPLETE (0 missing)
load bsc/1.0 (PATH, MANPATH)
2026-08-16T05:30:01Z STATE dense grid COMPLETE (0 missing)
load bsc/1.0 (PATH, MANPATH)
2026-08-16T05:45:02Z STATE dense grid COMPLETE (0 missing)
load bsc/1.0 (PATH, MANPATH)
2026-08-16T06:00:02Z STATE dense grid COMPLETE (0 missing)
load bsc/1.0 (PATH, MANPATH)
2026-08-16T06:15:02Z STATE dense grid COMPLETE (0 missing)
load bsc/1.0 (PATH, MANPATH)
2026-08-16T06:30:02Z STATE dense grid COMPLETE (0 missing)
load bsc/1.0 (PATH, MANPATH)
2026-08-16T06:45:02Z STATE dense grid COMPLETE (0 missing)
load bsc/1.0 (PATH, MANPATH)
2026-08-16T07:00:01Z STATE dense grid COMPLETE (0 missing)
load bsc/1.0 (PATH, MANPATH)
2026-08-16T07:15:01Z STATE dense grid COMPLETE (0 missing)
load bsc/1.0 (PATH, MANPATH)
2026-08-16T07:30:02Z STATE dense grid COMPLETE (0 missing)
load bsc/1.0 (PATH, MANPATH)
2026-08-16T07:45:02Z STATE dense grid COMPLETE (0 missing)
load bsc/1.0 (PATH, MANPATH)
2026-08-16T08:00:02Z STATE dense grid COMPLETE (0 missing)
load bsc/1.0 (PATH, MANPATH)
2026-08-16T08:15:01Z STATE dense grid COMPLETE (0 missing)
load bsc/1.0 (PATH, MANPATH)
2026-08-16T08:30:02Z STATE dense grid COMPLETE (0 missing)
load bsc/1.0 (PATH, MANPATH)
2026-08-16T08:45:02Z STATE dense grid COMPLETE (0 missing)
load bsc/1.0 (PATH, MANPATH)
2026-08-16T09:00:02Z STATE dense grid COMPLETE (0 missing)
load bsc/1.0 (PATH, MANPATH)
2026-08-16T09:15:02Z STATE dense grid COMPLETE (0 missing)
load bsc/1.0 (PATH, MANPATH)
2026-08-16T09:30:02Z STATE dense grid COMPLETE (0 missing)
load bsc/1.0 (PATH, MANPATH)
2026-08-16T09:45:02Z STATE dense grid COMPLETE (0 missing)
load bsc/1.0 (PATH, MANPATH)
2026-08-16T10:00:01Z STATE dense grid COMPLETE (0 missing)
load bsc/1.0 (PATH, MANPATH)
2026-08-16T10:15:02Z STATE dense grid COMPLETE (0 missing)
load bsc/1.0 (PATH, MANPATH)
2026-08-16T10:30:02Z STATE dense grid COMPLETE (0 missing)
load bsc/1.0 (PATH, MANPATH)
2026-08-16T10:45:01Z STATE dense grid COMPLETE (0 missing)
load bsc/1.0 (PATH, MANPATH)
2026-08-16T11:00:02Z STATE dense grid COMPLETE (0 missing)
load bsc/1.0 (PATH, MANPATH)
2026-08-16T11:15:01Z STATE dense grid COMPLETE (0 missing)
load bsc/1.0 (PATH, MANPATH)
2026-08-16T11:30:02Z STATE dense grid COMPLETE (0 missing)
load bsc/1.0 (PATH, MANPATH)
2026-08-16T11:45:02Z STATE dense grid COMPLETE (0 missing)
load bsc/1.0 (PATH, MANPATH)
2026-08-16T12:00:02Z STATE dense grid COMPLETE (0 missing)
load bsc/1.0 (PATH, MANPATH)
2026-08-16T12:15:01Z STATE dense grid COMPLETE (0 missing)
load bsc/1.0 (PATH, MANPATH)
2026-08-16T12:30:02Z STATE dense grid COMPLETE (0 missing)
load bsc/1.0 (PATH, MANPATH)
2026-08-16T12:45:02Z STATE dense grid COMPLETE (0 missing)
load bsc/1.0 (PATH, MANPATH)
2026-08-16T13:00:02Z STATE dense grid COMPLETE (0 missing)
load bsc/1.0 (PATH, MANPATH)
2026-08-16T13:15:02Z STATE dense grid COMPLETE (0 missing)
load bsc/1.0 (PATH, MANPATH)
2026-08-16T13:30:02Z STATE dense grid COMPLETE (0 missing)
load bsc/1.0 (PATH, MANPATH)
2026-08-16T13:45:01Z STATE dense grid COMPLETE (0 missing)
load bsc/1.0 (PATH, MANPATH)
2026-08-16T14:00:02Z STATE dense grid COMPLETE (0 missing)
load bsc/1.0 (PATH, MANPATH)
2026-08-16T14:15:02Z STATE dense grid COMPLETE (0 missing)
load bsc/1.0 (PATH, MANPATH)
2026-08-16T14:30:02Z STATE dense grid COMPLETE (0 missing)
load bsc/1.0 (PATH, MANPATH)
2026-08-16T14:45:01Z STATE dense grid COMPLETE (0 missing)
load bsc/1.0 (PATH, MANPATH)
2026-08-16T15:00:02Z STATE dense grid COMPLETE (0 missing)
load bsc/1.0 (PATH, MANPATH)
2026-08-16T15:15:01Z STATE dense grid COMPLETE (0 missing)
load bsc/1.0 (PATH, MANPATH)
2026-08-16T15:30:02Z STATE dense grid COMPLETE (0 missing)
load bsc/1.0 (PATH, MANPATH)
2026-08-16T15:45:02Z STATE dense grid COMPLETE (0 missing)
load bsc/1.0 (PATH, MANPATH)
2026-08-16T16:00:02Z STATE dense grid COMPLETE (0 missing)
load bsc/1.0 (PATH, MANPATH)
2026-08-16T16:15:01Z STATE dense grid COMPLETE (0 missing)
load bsc/1.0 (PATH, MANPATH)
2026-08-16T16:30:01Z STATE dense grid COMPLETE (0 missing)
load bsc/1.0 (PATH, MANPATH)
2026-08-16T16:45:02Z STATE dense grid COMPLETE (0 missing)
load bsc/1.0 (PATH, MANPATH)
2026-08-16T17:00:02Z STATE dense grid COMPLETE (0 missing)
load bsc/1.0 (PATH, MANPATH)
2026-08-16T17:15:01Z STATE dense grid COMPLETE (0 missing)
load bsc/1.0 (PATH, MANPATH)
2026-08-16T17:30:02Z STATE dense grid COMPLETE (0 missing)
load bsc/1.0 (PATH, MANPATH)
2026-08-16T17:45:02Z STATE dense grid COMPLETE (0 missing)
load bsc/1.0 (PATH, MANPATH)
2026-08-16T18:00:02Z STATE dense grid COMPLETE (0 missing)
load bsc/1.0 (PATH, MANPATH)
2026-08-16T18:15:01Z STATE dense grid COMPLETE (0 missing)
load bsc/1.0 (PATH, MANPATH)
2026-08-16T18:30:02Z STATE dense grid COMPLETE (0 missing)
load bsc/1.0 (PATH, MANPATH)
2026-08-16T18:45:02Z STATE dense grid COMPLETE (0 missing)
load bsc/1.0 (PATH, MANPATH)
2026-08-16T19:00:02Z STATE dense grid COMPLETE (0 missing)
load bsc/1.0 (PATH, MANPATH)
2026-08-16T19:15:01Z STATE dense grid COMPLETE (0 missing)
load bsc/1.0 (PATH, MANPATH)
2026-08-16T19:30:02Z STATE dense grid COMPLETE (0 missing)
load bsc/1.0 (PATH, MANPATH)
2026-08-16T19:45:02Z STATE dense grid COMPLETE (0 missing)
load bsc/1.0 (PATH, MANPATH)
2026-08-16T20:00:02Z STATE dense grid COMPLETE (0 missing)
load bsc/1.0 (PATH, MANPATH)
2026-08-16T20:15:01Z STATE dense grid COMPLETE (0 missing)
load bsc/1.0 (PATH, MANPATH)
2026-08-16T20:30:02Z STATE dense grid COMPLETE (0 missing)
load bsc/1.0 (PATH, MANPATH)
2026-08-16T20:45:02Z STATE dense grid COMPLETE (0 missing)
load bsc/1.0 (PATH, MANPATH)
2026-08-16T21:00:02Z STATE dense grid COMPLETE (0 missing)
load bsc/1.0 (PATH, MANPATH)
2026-08-16T21:15:02Z STATE dense grid COMPLETE (0 missing)
load bsc/1.0 (PATH, MANPATH)
2026-08-16T21:30:01Z STATE dense grid COMPLETE (0 missing)
load bsc/1.0 (PATH, MANPATH)
2026-08-16T21:45:02Z STATE dense grid COMPLETE (0 missing)
load bsc/1.0 (PATH, MANPATH)
2026-08-16T22:00:02Z STATE dense grid COMPLETE (0 missing)
load bsc/1.0 (PATH, MANPATH)
2026-08-16T22:15:02Z STATE dense grid COMPLETE (0 missing)
load bsc/1.0 (PATH, MANPATH)
2026-08-16T22:30:01Z STATE dense grid COMPLETE (0 missing)
load bsc/1.0 (PATH, MANPATH)
2026-08-16T22:45:02Z STATE dense grid COMPLETE (0 missing)
load bsc/1.0 (PATH, MANPATH)
2026-08-16T23:00:02Z STATE dense grid COMPLETE (0 missing)
load bsc/1.0 (PATH, MANPATH)
2026-08-16T23:15:02Z STATE dense grid COMPLETE (0 missing)
load bsc/1.0 (PATH, MANPATH)
2026-08-16T23:30:01Z STATE dense grid COMPLETE (0 missing)
load bsc/1.0 (PATH, MANPATH)
2026-08-16T23:45:02Z STATE dense grid COMPLETE (0 missing)
load bsc/1.0 (PATH, MANPATH)
2026-08-17T00:00:02Z STATE dense grid COMPLETE (0 missing)
Connection timed out during banner exchange
Connection to ${CLUSTER_LOGIN_HOST} port 22 timed out
load bsc/1.0 (PATH, MANPATH)
2026-08-17T00:15:32Z STATE dense grid COMPLETE (0 missing)
load bsc/1.0 (PATH, MANPATH)
2026-08-17T00:30:01Z STATE dense grid COMPLETE (0 missing)
load bsc/1.0 (PATH, MANPATH)
2026-08-17T00:45:02Z STATE dense grid COMPLETE (0 missing)
load bsc/1.0 (PATH, MANPATH)
2026-08-17T01:00:02Z STATE dense grid COMPLETE (0 missing)
load bsc/1.0 (PATH, MANPATH)
2026-08-17T01:15:01Z STATE dense grid COMPLETE (0 missing)
load bsc/1.0 (PATH, MANPATH)
2026-08-17T01:30:02Z STATE dense grid COMPLETE (0 missing)
load bsc/1.0 (PATH, MANPATH)
2026-08-17T01:45:01Z STATE dense grid COMPLETE (0 missing)
load bsc/1.0 (PATH, MANPATH)
2026-08-17T02:00:02Z STATE dense grid COMPLETE (0 missing)
load bsc/1.0 (PATH, MANPATH)
2026-08-17T02:15:02Z STATE dense grid COMPLETE (0 missing)
load bsc/1.0 (PATH, MANPATH)
2026-08-17T02:30:02Z STATE dense grid COMPLETE (0 missing)
load bsc/1.0 (PATH, MANPATH)
2026-08-17T02:45:01Z STATE dense grid COMPLETE (0 missing)
load bsc/1.0 (PATH, MANPATH)
2026-08-17T03:00:02Z STATE dense grid COMPLETE (0 missing)
load bsc/1.0 (PATH, MANPATH)
2026-08-17T03:15:02Z STATE dense grid COMPLETE (0 missing)
load bsc/1.0 (PATH, MANPATH)
2026-08-17T03:30:02Z STATE dense grid COMPLETE (0 missing)
load bsc/1.0 (PATH, MANPATH)
2026-08-17T03:45:02Z STATE dense grid COMPLETE (0 missing)
load bsc/1.0 (PATH, MANPATH)
2026-08-17T04:00:01Z STATE dense grid COMPLETE (0 missing)
load bsc/1.0 (PATH, MANPATH)
2026-08-17T04:15:02Z STATE dense grid COMPLETE (0 missing)
load bsc/1.0 (PATH, MANPATH)
2026-08-17T04:30:02Z STATE dense grid COMPLETE (0 missing)
load bsc/1.0 (PATH, MANPATH)
2026-08-17T04:45:01Z STATE dense grid COMPLETE (0 missing)
load bsc/1.0 (PATH, MANPATH)
2026-08-17T05:00:08Z STATE dense grid COMPLETE (0 missing)
load bsc/1.0 (PATH, MANPATH)
2026-08-17T05:15:01Z STATE dense grid COMPLETE (0 missing)
load bsc/1.0 (PATH, MANPATH)
2026-08-17T05:30:02Z STATE dense grid COMPLETE (0 missing)
load bsc/1.0 (PATH, MANPATH)
2026-08-17T05:45:02Z STATE dense grid COMPLETE (0 missing)
load bsc/1.0 (PATH, MANPATH)
2026-08-17T06:00:02Z STATE dense grid COMPLETE (0 missing)
load bsc/1.0 (PATH, MANPATH)
2026-08-17T06:15:02Z STATE dense grid COMPLETE (0 missing)
load bsc/1.0 (PATH, MANPATH)
2026-08-17T06:30:01Z STATE dense grid COMPLETE (0 missing)
load bsc/1.0 (PATH, MANPATH)
2026-08-17T06:45:02Z STATE dense grid COMPLETE (0 missing)
load bsc/1.0 (PATH, MANPATH)
2026-08-17T07:00:02Z STATE dense grid COMPLETE (0 missing)
load bsc/1.0 (PATH, MANPATH)
2026-08-17T07:15:02Z STATE dense grid COMPLETE (0 missing)
load bsc/1.0 (PATH, MANPATH)
2026-08-17T07:30:02Z STATE dense grid COMPLETE (0 missing)
load bsc/1.0 (PATH, MANPATH)
2026-08-17T07:45:02Z STATE dense grid COMPLETE (0 missing)
load bsc/1.0 (PATH, MANPATH)
2026-08-17T08:00:01Z STATE dense grid COMPLETE (0 missing)
load bsc/1.0 (PATH, MANPATH)
2026-08-17T08:15:02Z STATE dense grid COMPLETE (0 missing)
load bsc/1.0 (PATH, MANPATH)
2026-08-17T08:30:02Z STATE dense grid COMPLETE (0 missing)
load bsc/1.0 (PATH, MANPATH)
2026-08-17T08:45:02Z STATE dense grid COMPLETE (0 missing)
load bsc/1.0 (PATH, MANPATH)
2026-08-17T09:00:02Z STATE dense grid COMPLETE (0 missing)
load bsc/1.0 (PATH, MANPATH)
2026-08-17T09:15:02Z STATE dense grid COMPLETE (0 missing)
load bsc/1.0 (PATH, MANPATH)
2026-08-17T09:30:02Z STATE dense grid COMPLETE (0 missing)
load bsc/1.0 (PATH, MANPATH)
2026-08-17T09:45:02Z STATE dense grid COMPLETE (0 missing)
load bsc/1.0 (PATH, MANPATH)
2026-08-17T10:00:01Z STATE dense grid COMPLETE (0 missing)
load bsc/1.0 (PATH, MANPATH)
2026-08-17T10:15:02Z STATE dense grid COMPLETE (0 missing)
load bsc/1.0 (PATH, MANPATH)
2026-08-17T10:30:02Z STATE dense grid COMPLETE (0 missing)
load bsc/1.0 (PATH, MANPATH)
2026-08-17T10:45:02Z STATE dense grid COMPLETE (0 missing)
load bsc/1.0 (PATH, MANPATH)
2026-08-17T11:00:02Z STATE dense grid COMPLETE (0 missing)
load bsc/1.0 (PATH, MANPATH)
2026-08-17T11:15:02Z STATE dense grid COMPLETE (0 missing)
load bsc/1.0 (PATH, MANPATH)
2026-08-17T11:30:03Z STATE dense grid COMPLETE (0 missing)
load bsc/1.0 (PATH, MANPATH)
2026-08-17T11:45:01Z STATE dense grid COMPLETE (0 missing)
load bsc/1.0 (PATH, MANPATH)
2026-08-17T12:00:02Z STATE dense grid COMPLETE (0 missing)
load bsc/1.0 (PATH, MANPATH)
2026-08-17T12:15:02Z STATE dense grid COMPLETE (0 missing)
load bsc/1.0 (PATH, MANPATH)
2026-08-17T12:30:01Z STATE dense grid COMPLETE (0 missing)
load bsc/1.0 (PATH, MANPATH)
2026-08-17T12:45:02Z STATE dense grid COMPLETE (0 missing)
load bsc/1.0 (PATH, MANPATH)
2026-08-17T13:00:02Z STATE dense grid COMPLETE (0 missing)
load bsc/1.0 (PATH, MANPATH)
2026-08-17T13:15:02Z STATE dense grid COMPLETE (0 missing)
load bsc/1.0 (PATH, MANPATH)
2026-08-17T13:30:02Z STATE dense grid COMPLETE (0 missing)
load bsc/1.0 (PATH, MANPATH)
2026-08-17T13:45:01Z STATE dense grid COMPLETE (0 missing)
load bsc/1.0 (PATH, MANPATH)
2026-08-17T14:00:02Z STATE dense grid COMPLETE (0 missing)
load bsc/1.0 (PATH, MANPATH)
2026-08-17T14:15:02Z STATE dense grid COMPLETE (0 missing)
load bsc/1.0 (PATH, MANPATH)
2026-08-17T14:30:01Z STATE dense grid COMPLETE (0 missing)
load bsc/1.0 (PATH, MANPATH)
2026-08-17T14:45:02Z STATE dense grid COMPLETE (0 missing)
load bsc/1.0 (PATH, MANPATH)
2026-08-17T15:00:02Z STATE dense grid COMPLETE (0 missing)
load bsc/1.0 (PATH, MANPATH)
2026-08-17T15:15:02Z STATE dense grid COMPLETE (0 missing)
load bsc/1.0 (PATH, MANPATH)
2026-08-17T15:30:01Z STATE dense grid COMPLETE (0 missing)
load bsc/1.0 (PATH, MANPATH)
2026-08-17T15:45:02Z STATE dense grid COMPLETE (0 missing)
load bsc/1.0 (PATH, MANPATH)
2026-08-17T16:00:02Z STATE dense grid COMPLETE (0 missing)
load bsc/1.0 (PATH, MANPATH)
2026-08-17T16:15:01Z STATE dense grid COMPLETE (0 missing)
load bsc/1.0 (PATH, MANPATH)
2026-08-17T16:30:02Z STATE dense grid COMPLETE (0 missing)
load bsc/1.0 (PATH, MANPATH)
2026-08-17T16:45:02Z STATE dense grid COMPLETE (0 missing)
load bsc/1.0 (PATH, MANPATH)
2026-08-17T17:00:02Z STATE dense grid COMPLETE (0 missing)
load bsc/1.0 (PATH, MANPATH)
2026-08-17T17:15:01Z STATE dense grid COMPLETE (0 missing)
load bsc/1.0 (PATH, MANPATH)
2026-08-17T17:30:02Z STATE dense grid COMPLETE (0 missing)
load bsc/1.0 (PATH, MANPATH)
2026-08-17T17:45:02Z STATE dense grid COMPLETE (0 missing)
load bsc/1.0 (PATH, MANPATH)
2026-08-17T18:00:02Z STATE dense grid COMPLETE (0 missing)
load bsc/1.0 (PATH, MANPATH)
2026-08-17T18:15:01Z STATE dense grid COMPLETE (0 missing)
load bsc/1.0 (PATH, MANPATH)
2026-08-17T18:30:02Z STATE dense grid COMPLETE (0 missing)
load bsc/1.0 (PATH, MANPATH)
2026-08-17T18:45:02Z STATE dense grid COMPLETE (0 missing)
load bsc/1.0 (PATH, MANPATH)
2026-08-17T19:00:02Z STATE dense grid COMPLETE (0 missing)
load bsc/1.0 (PATH, MANPATH)
2026-08-17T19:15:01Z STATE dense grid COMPLETE (0 missing)
load bsc/1.0 (PATH, MANPATH)
2026-08-17T19:30:02Z STATE dense grid COMPLETE (0 missing)
load bsc/1.0 (PATH, MANPATH)
2026-08-17T19:45:02Z STATE dense grid COMPLETE (0 missing)
load bsc/1.0 (PATH, MANPATH)
2026-08-17T20:00:02Z STATE dense grid COMPLETE (0 missing)
load bsc/1.0 (PATH, MANPATH)
2026-08-17T20:15:02Z STATE dense grid COMPLETE (0 missing)
load bsc/1.0 (PATH, MANPATH)
2026-08-17T20:30:01Z STATE dense grid COMPLETE (0 missing)
load bsc/1.0 (PATH, MANPATH)
2026-08-17T20:45:02Z STATE dense grid COMPLETE (0 missing)
load bsc/1.0 (PATH, MANPATH)
2026-08-17T21:00:02Z STATE dense grid COMPLETE (0 missing)
load bsc/1.0 (PATH, MANPATH)
2026-08-17T21:15:02Z STATE dense grid COMPLETE (0 missing)
load bsc/1.0 (PATH, MANPATH)
2026-08-17T21:30:02Z STATE dense grid COMPLETE (0 missing)
load bsc/1.0 (PATH, MANPATH)
2026-08-17T21:45:03Z STATE dense grid COMPLETE (0 missing)
load bsc/1.0 (PATH, MANPATH)
2026-08-17T22:00:02Z STATE dense grid COMPLETE (0 missing)
load bsc/1.0 (PATH, MANPATH)
2026-08-17T22:15:02Z STATE dense grid COMPLETE (0 missing)
load bsc/1.0 (PATH, MANPATH)
2026-08-17T22:30:01Z STATE dense grid COMPLETE (0 missing)
load bsc/1.0 (PATH, MANPATH)
2026-08-17T22:45:02Z STATE dense grid COMPLETE (0 missing)
load bsc/1.0 (PATH, MANPATH)
2026-08-17T23:00:02Z STATE dense grid COMPLETE (0 missing)
load bsc/1.0 (PATH, MANPATH)
2026-08-17T23:15:01Z STATE dense grid COMPLETE (0 missing)
load bsc/1.0 (PATH, MANPATH)
2026-08-17T23:30:02Z STATE dense grid COMPLETE (0 missing)
load bsc/1.0 (PATH, MANPATH)
2026-08-17T23:45:02Z STATE dense grid COMPLETE (0 missing)
load bsc/1.0 (PATH, MANPATH)
2026-08-18T00:00:01Z STATE dense grid COMPLETE (0 missing)
load bsc/1.0 (PATH, MANPATH)
2026-08-18T00:15:02Z STATE dense grid COMPLETE (0 missing)
load bsc/1.0 (PATH, MANPATH)
2026-08-18T00:30:02Z STATE dense grid COMPLETE (0 missing)
load bsc/1.0 (PATH, MANPATH)
2026-08-18T00:45:02Z STATE dense grid COMPLETE (0 missing)
load bsc/1.0 (PATH, MANPATH)
2026-08-18T01:00:01Z STATE dense grid COMPLETE (0 missing)
load bsc/1.0 (PATH, MANPATH)
2026-08-18T01:15:02Z STATE dense grid COMPLETE (0 missing)
load bsc/1.0 (PATH, MANPATH)
2026-08-18T01:30:01Z STATE dense grid COMPLETE (0 missing)
load bsc/1.0 (PATH, MANPATH)
2026-08-18T01:45:02Z STATE dense grid COMPLETE (0 missing)
load bsc/1.0 (PATH, MANPATH)
2026-08-18T02:00:02Z STATE dense grid COMPLETE (0 missing)
load bsc/1.0 (PATH, MANPATH)
2026-08-18T02:15:02Z STATE dense grid COMPLETE (0 missing)
load bsc/1.0 (PATH, MANPATH)
2026-08-18T02:30:01Z STATE dense grid COMPLETE (0 missing)
load bsc/1.0 (PATH, MANPATH)
2026-08-18T02:45:02Z STATE dense grid COMPLETE (0 missing)
load bsc/1.0 (PATH, MANPATH)
2026-08-18T03:00:02Z STATE dense grid COMPLETE (0 missing)
load bsc/1.0 (PATH, MANPATH)
2026-08-18T03:15:02Z STATE dense grid COMPLETE (0 missing)
load bsc/1.0 (PATH, MANPATH)
2026-08-18T03:30:01Z STATE dense grid COMPLETE (0 missing)
load bsc/1.0 (PATH, MANPATH)
2026-08-18T03:45:02Z STATE dense grid COMPLETE (0 missing)
load bsc/1.0 (PATH, MANPATH)
2026-08-18T04:00:02Z STATE dense grid COMPLETE (0 missing)
load bsc/1.0 (PATH, MANPATH)
2026-08-18T04:15:02Z STATE dense grid COMPLETE (0 missing)
load bsc/1.0 (PATH, MANPATH)
2026-08-18T04:30:01Z STATE dense grid COMPLETE (0 missing)
load bsc/1.0 (PATH, MANPATH)
2026-08-18T04:45:02Z STATE dense grid COMPLETE (0 missing)
load bsc/1.0 (PATH, MANPATH)
2026-08-18T05:00:08Z STATE dense grid COMPLETE (0 missing)
load bsc/1.0 (PATH, MANPATH)
2026-08-18T05:15:02Z STATE dense grid COMPLETE (0 missing)
load bsc/1.0 (PATH, MANPATH)
2026-08-18T05:30:02Z STATE dense grid COMPLETE (0 missing)
load bsc/1.0 (PATH, MANPATH)
2026-08-18T05:45:02Z STATE dense grid COMPLETE (0 missing)
load bsc/1.0 (PATH, MANPATH)
2026-08-18T06:00:02Z STATE dense grid COMPLETE (0 missing)
load bsc/1.0 (PATH, MANPATH)
2026-08-18T06:15:02Z STATE dense grid COMPLETE (0 missing)
load bsc/1.0 (PATH, MANPATH)
2026-08-18T06:30:01Z STATE dense grid COMPLETE (0 missing)
load bsc/1.0 (PATH, MANPATH)
2026-08-18T06:45:02Z STATE dense grid COMPLETE (0 missing)
load bsc/1.0 (PATH, MANPATH)
2026-08-18T07:00:02Z STATE dense grid COMPLETE (0 missing)
load bsc/1.0 (PATH, MANPATH)
2026-08-18T07:15:02Z STATE dense grid COMPLETE (0 missing)
load bsc/1.0 (PATH, MANPATH)
2026-08-18T07:30:02Z STATE dense grid COMPLETE (0 missing)
load bsc/1.0 (PATH, MANPATH)
2026-08-18T07:45:02Z STATE dense grid COMPLETE (0 missing)
load bsc/1.0 (PATH, MANPATH)
2026-08-18T08:00:02Z STATE dense grid COMPLETE (0 missing)
load bsc/1.0 (PATH, MANPATH)
2026-08-18T08:15:01Z STATE dense grid COMPLETE (0 missing)
load bsc/1.0 (PATH, MANPATH)
2026-08-18T08:30:02Z STATE dense grid COMPLETE (0 missing)
load bsc/1.0 (PATH, MANPATH)
2026-08-18T08:45:02Z STATE dense grid COMPLETE (0 missing)
load bsc/1.0 (PATH, MANPATH)
2026-08-18T09:00:02Z STATE dense grid COMPLETE (0 missing)
load bsc/1.0 (PATH, MANPATH)
2026-08-18T09:15:02Z STATE dense grid COMPLETE (0 missing)
load bsc/1.0 (PATH, MANPATH)
2026-08-18T09:30:02Z STATE dense grid COMPLETE (0 missing)
load bsc/1.0 (PATH, MANPATH)
2026-08-18T09:45:01Z STATE dense grid COMPLETE (0 missing)
load bsc/1.0 (PATH, MANPATH)
2026-08-18T10:00:02Z STATE dense grid COMPLETE (0 missing)
load bsc/1.0 (PATH, MANPATH)
2026-08-18T10:15:02Z STATE dense grid COMPLETE (0 missing)
