--- SKIP diagfuse_esat_aug_5pct (already probed)
--- SKIP diagfuse_esat_aug_10pct (already probed)
--- SKIP diagfuse_esat_aug_25pct (already probed)
--- SKIP diagfuse_esat_prioraug_5pct (already probed)
--- SKIP diagfuse_esat_prioraug_10pct (already probed)
--- diagfuse_esat_prioraug_25pct 2026-08-16T10:11:05+02:00
diagfuse_esat_prioraug_25pct seed0: probe train 99.40  test 97.91
diagfuse_esat_prioraug_25pct seed1: probe train 99.36  test 98.06
diagfuse_esat_prioraug_25pct seed2: probe train 99.26  test 97.96
PROBE_RESULT diagfuse_esat_prioraug_25pct test 97.98+/-0.07 over 3 seeds -> runs/diagfuse_esat_prioraug_25pct/linear_probe.json
--- diagfuse_esat_priorssl_5pct 2026-08-16T10:11:22+02:00
diagfuse_esat_priorssl_5pct seed0: probe train 96.19  test 94.04
diagfuse_esat_priorssl_5pct seed1: probe train 96.23  test 93.93
diagfuse_esat_priorssl_5pct seed2: probe train 96.07  test 93.91
PROBE_RESULT diagfuse_esat_priorssl_5pct test 93.96+/-0.07 over 3 seeds -> runs/diagfuse_esat_priorssl_5pct/linear_probe.json
--- diagfuse_esat_priorssl_10pct 2026-08-16T10:11:38+02:00
diagfuse_esat_priorssl_10pct seed0: probe train 97.81  test 96.13
diagfuse_esat_priorssl_10pct seed1: probe train 97.74  test 96.15
diagfuse_esat_priorssl_10pct seed2: probe train 97.44  test 95.83
PROBE_RESULT diagfuse_esat_priorssl_10pct test 96.04+/-0.18 over 3 seeds -> runs/diagfuse_esat_priorssl_10pct/linear_probe.json
--- diagfuse_esat_priorssl_25pct 2026-08-16T10:11:55+02:00
diagfuse_esat_priorssl_25pct seed0: probe train 98.97  test 97.61
diagfuse_esat_priorssl_25pct seed1: probe train 98.97  test 97.48
diagfuse_esat_priorssl_25pct seed2: probe train 99.02  test 97.83
PROBE_RESULT diagfuse_esat_priorssl_25pct test 97.64+/-0.18 over 3 seeds -> runs/diagfuse_esat_priorssl_25pct/linear_probe.json
--- SKIP diagfuse_food_aug_5pct (already probed)
--- SKIP diagfuse_food_aug_10pct (already probed)
--- diagfuse_food_aug_25pct 2026-08-16T10:12:12+02:00
diagfuse_food_aug_25pct seed0: probe train 78.56  test 68.31
diagfuse_food_aug_25pct seed1: probe train 78.68  test 68.65
diagfuse_food_aug_25pct seed2: probe train 78.57  test 68.44
PROBE_RESULT diagfuse_food_aug_25pct test 68.47+/-0.17 over 3 seeds -> runs/diagfuse_food_aug_25pct/linear_probe.json
--- SKIP diagfuse_food_prioraug_5pct (already probed)
--- SKIP diagfuse_food_prioraug_10pct (already probed)
--- diagfuse_food_prioraug_25pct 2026-08-16T10:15:27+02:00
diagfuse_food_prioraug_25pct seed0: probe train 78.14  test 66.97
diagfuse_food_prioraug_25pct seed1: probe train 78.13  test 67.20
diagfuse_food_prioraug_25pct seed2: probe train 77.97  test 66.69
PROBE_RESULT diagfuse_food_prioraug_25pct test 66.96+/-0.26 over 3 seeds -> runs/diagfuse_food_prioraug_25pct/linear_probe.json
--- SKIP diagfuse_food_priorssl_5pct (already probed)
--- SKIP diagfuse_food_priorssl_10pct (already probed)
--- SKIP diagfuse_food_priorssl_25pct (already probed)
--- SKIP grid_esat_r18_e99fb4_5pct (already probed)
--- SKIP grid_esat_r18_e99fb4_10pct (already probed)
--- SKIP grid_esat_r18_e99fb4_25pct (already probed)
--- SKIP grid_esat_r18_axmagnitudeL3_l10to00_hn_dd367d_5pct (already probed)
--- SKIP grid_esat_r18_axmagnitudeL3_l10to00_hn_dd367d_10pct (already probed)
--- SKIP grid_esat_r18_axmagnitudeL3_l10to00_hn_dd367d_25pct (already probed)
--- SKIP diaggrid_simclr_esat_5pct (already probed)
--- SKIP diaggrid_simclr_esat_10pct (already probed)
--- SKIP diaggrid_simclr_esat_25pct (already probed)
--- SKIP grid_food_r18_9ee7da_5pct (already probed)
--- SKIP grid_food_r18_9ee7da_10pct (already probed)
--- SKIP grid_food_r18_9ee7da_25pct (already probed)
--- SKIP grid_food_r18_axmagnitudeL3_l10to00_hn_8bd74b_5pct (already probed)
--- SKIP grid_food_r18_axmagnitudeL3_l10to00_hn_8bd74b_10pct (already probed)
--- SKIP grid_food_r18_axmagnitudeL3_l10to00_hn_8bd74b_25pct (already probed)
--- SKIP diaggrid_simclr_food_5pct (already probed)
--- SKIP diaggrid_simclr_food_10pct (already probed)
--- SKIP diaggrid_simclr_food_25pct (already probed)
E2PROBE_COMPLETE 2026-08-16T10:19:42+02:00
