--- diagfuse_esat_aug_5pct 2026-08-16T00:49:47+02:00
diagfuse_esat_aug_5pct seed0: probe train 95.07  test 92.46
diagfuse_esat_aug_5pct seed1: probe train 94.31  test 91.80
diagfuse_esat_aug_5pct seed2: probe train 94.82  test 92.69
PROBE_RESULT diagfuse_esat_aug_5pct test 92.31+/-0.46 over 3 seeds -> runs/diagfuse_esat_aug_5pct/linear_probe.json
--- diagfuse_esat_aug_10pct 2026-08-16T00:50:04+02:00
diagfuse_esat_aug_10pct seed0: probe train 98.29  test 96.19
diagfuse_esat_aug_10pct seed1: probe train 98.21  test 95.87
diagfuse_esat_aug_10pct seed2: probe train 98.26  test 96.04
PROBE_RESULT diagfuse_esat_aug_10pct test 96.03+/-0.16 over 3 seeds -> runs/diagfuse_esat_aug_10pct/linear_probe.json
--- diagfuse_esat_aug_25pct 2026-08-16T00:50:21+02:00
diagfuse_esat_aug_25pct seed0: probe train 99.39  test 98.11
diagfuse_esat_aug_25pct seed1: probe train 99.48  test 98.00
diagfuse_esat_aug_25pct seed2: probe train 99.40  test 98.09
PROBE_RESULT diagfuse_esat_aug_25pct test 98.07+/-0.06 over 3 seeds -> runs/diagfuse_esat_aug_25pct/linear_probe.json
--- diagfuse_esat_prioraug_5pct 2026-08-16T00:50:38+02:00
diagfuse_esat_prioraug_5pct seed0: probe train 96.28  test 94.07
diagfuse_esat_prioraug_5pct seed1: probe train 96.90  test 94.46
diagfuse_esat_prioraug_5pct seed2: probe train 96.93  test 94.67
PROBE_RESULT diagfuse_esat_prioraug_5pct test 94.40+/-0.30 over 3 seeds -> runs/diagfuse_esat_prioraug_5pct/linear_probe.json
--- diagfuse_esat_prioraug_10pct 2026-08-16T00:50:55+02:00
diagfuse_esat_prioraug_10pct seed0: probe train 98.36  test 96.43
diagfuse_esat_prioraug_10pct seed1: probe train 98.60  test 96.56
diagfuse_esat_prioraug_10pct seed2: probe train 98.35  test 96.54
PROBE_RESULT diagfuse_esat_prioraug_10pct test 96.51+/-0.07 over 3 seeds -> runs/diagfuse_esat_prioraug_10pct/linear_probe.json
--- NO CHECKPOINT diagfuse_esat_prioraug_25pct
--- NO CHECKPOINT diagfuse_esat_priorssl_5pct
--- NO CHECKPOINT diagfuse_esat_priorssl_10pct
--- NO CHECKPOINT diagfuse_esat_priorssl_25pct
--- SKIP diagfuse_food_aug_5pct (already probed)
--- diagfuse_food_aug_10pct 2026-08-16T00:51:12+02:00
diagfuse_food_aug_10pct seed0: probe train 63.85  test 57.00
diagfuse_food_aug_10pct seed1: probe train 63.94  test 57.59
diagfuse_food_aug_10pct seed2: probe train 63.86  test 57.35
PROBE_RESULT diagfuse_food_aug_10pct test 57.31+/-0.30 over 3 seeds -> runs/diagfuse_food_aug_10pct/linear_probe.json
--- NO CHECKPOINT diagfuse_food_aug_25pct
--- diagfuse_food_prioraug_5pct 2026-08-16T00:54:18+02:00
diagfuse_food_prioraug_5pct seed0: probe train 53.31  test 48.45
diagfuse_food_prioraug_5pct seed1: probe train 52.96  test 48.20
diagfuse_food_prioraug_5pct seed2: probe train 53.06  test 48.08
PROBE_RESULT diagfuse_food_prioraug_5pct test 48.24+/-0.19 over 3 seeds -> runs/diagfuse_food_prioraug_5pct/linear_probe.json
--- diagfuse_food_prioraug_10pct 2026-08-16T00:57:24+02:00
diagfuse_food_prioraug_10pct seed0: probe train 63.98  test 56.01
diagfuse_food_prioraug_10pct seed1: probe train 63.96  test 56.13
diagfuse_food_prioraug_10pct seed2: probe train 64.12  test 56.13
PROBE_RESULT diagfuse_food_prioraug_10pct test 56.09+/-0.07 over 3 seeds -> runs/diagfuse_food_prioraug_10pct/linear_probe.json
--- NO CHECKPOINT diagfuse_food_prioraug_25pct
--- diagfuse_food_priorssl_5pct 2026-08-16T01:00:30+02:00
diagfuse_food_priorssl_5pct seed0: probe train 46.83  test 39.56
diagfuse_food_priorssl_5pct seed1: probe train 45.18  test 37.38
diagfuse_food_priorssl_5pct seed2: probe train 46.28  test 39.33
PROBE_RESULT diagfuse_food_priorssl_5pct test 38.76+/-1.20 over 3 seeds -> runs/diagfuse_food_priorssl_5pct/linear_probe.json
--- diagfuse_food_priorssl_10pct 2026-08-16T01:03:35+02:00
diagfuse_food_priorssl_10pct seed0: probe train 56.25  test 48.77
diagfuse_food_priorssl_10pct seed1: probe train 56.64  test 49.56
diagfuse_food_priorssl_10pct seed2: probe train 56.04  test 48.72
PROBE_RESULT diagfuse_food_priorssl_10pct test 49.02+/-0.47 over 3 seeds -> runs/diagfuse_food_priorssl_10pct/linear_probe.json
--- diagfuse_food_priorssl_25pct 2026-08-16T01:06:41+02:00
diagfuse_food_priorssl_25pct seed0: probe train 72.01  test 62.61
diagfuse_food_priorssl_25pct seed1: probe train 72.45  test 62.46
diagfuse_food_priorssl_25pct seed2: probe train 72.38  test 62.29
PROBE_RESULT diagfuse_food_priorssl_25pct test 62.46+/-0.16 over 3 seeds -> runs/diagfuse_food_priorssl_25pct/linear_probe.json
--- SKIP grid_esat_r18_e99fb4_5pct (already probed)
--- SKIP grid_esat_r18_e99fb4_10pct (already probed)
--- SKIP grid_esat_r18_e99fb4_25pct (already probed)
--- SKIP grid_esat_r18_axmagnitudeL3_l10to00_hn_dd367d_5pct (already probed)
--- SKIP grid_esat_r18_axmagnitudeL3_l10to00_hn_dd367d_10pct (already probed)
--- SKIP grid_esat_r18_axmagnitudeL3_l10to00_hn_dd367d_25pct (already probed)
--- SKIP diaggrid_simclr_esat_5pct (already probed)
--- SKIP diaggrid_simclr_esat_10pct (already probed)
--- SKIP diaggrid_simclr_esat_25pct (already probed)
--- SKIP grid_food_r18_9ee7da_5pct (already probed)
--- SKIP grid_food_r18_9ee7da_10pct (already probed)
--- SKIP grid_food_r18_9ee7da_25pct (already probed)
--- SKIP grid_food_r18_axmagnitudeL3_l10to00_hn_8bd74b_5pct (already probed)
--- SKIP grid_food_r18_axmagnitudeL3_l10to00_hn_8bd74b_10pct (already probed)
--- SKIP grid_food_r18_axmagnitudeL3_l10to00_hn_8bd74b_25pct (already probed)
--- SKIP diaggrid_simclr_food_5pct (already probed)
--- SKIP diaggrid_simclr_food_10pct (already probed)
--- SKIP diaggrid_simclr_food_25pct (already probed)
E2PROBE_COMPLETE 2026-08-16T01:09:46+02:00
