e4 wave: 3 task(s), 1 stream (compute-bound)
--- diagin100e200_vitb_aux seed0 2026-08-15T17:18:01+02:00
deit augmentation: randaug m9 + erasing .25 + mixup .8/cutmix 1.0 + label smoothing .1
moment-aux target calibrated on 1024 images
[diagin100e200_vitb_aux seed0] {"params_trainable": 85881708, "params_stem_trainable": 0, "params_stem_fixed_filters": 0, "flops_total": 16866721536, "flops_stem": 0, "flops_image_size": 224}
epoch 1/200 loss 230.8261 train 0.0159 test 0.0104
epoch 2/200 loss 7.5934 train 0.0118 test 0.0228
epoch 3/200 loss 5.7442 train 0.0167 test 0.0308
epoch 4/200 loss 5.4601 train 0.0196 test 0.0428
epoch 5/200 loss 5.3623 train 0.0223 test 0.0466
epoch 6/200 loss 5.2147 train 0.0234 test 0.0544
epoch 7/200 loss 5.1237 train 0.0266 test 0.0544
epoch 8/200 loss 129.3055 train 0.0247 test 0.0256
epoch 9/200 loss 5.7572 train 0.0221 test 0.0556
epoch 10/200 loss 5.1564 train 0.0272 test 0.0532
epoch 11/200 loss 5.0541 train 0.0283 test 0.0616
epoch 12/200 loss 5.0238 train 0.0286 test 0.0664
epoch 13/200 loss 4.9898 train 0.0306 test 0.0594
epoch 14/200 loss 4.9747 train 0.0308 test 0.0628
epoch 15/200 loss 4.9634 train 0.0296 test 0.0546
epoch 16/200 loss 4.9259 train 0.0307 test 0.0690
epoch 17/200 loss 4.9132 train 0.0316 test 0.0640
epoch 18/200 loss 418.8246 train 0.0279 test 0.0602
epoch 19/200 loss 5.1808 train 0.0318 test 0.0684
epoch 20/200 loss 5.1016 train 0.0359 test 0.0780
epoch 21/200 loss 5.0414 train 0.0394 test 0.0920
epoch 22/200 loss 4.9604 train 0.0404 test 0.0892
epoch 23/200 loss 4.9119 train 0.0424 test 0.1002
epoch 24/200 loss 4.8667 train 0.0418 test 0.0958
epoch 25/200 loss 109.6346 train 0.0410 test 0.0334
epoch 26/200 loss 5.7932 train 0.0343 test 0.0814
epoch 27/200 loss 5.0731 train 0.0413 test 0.0990
epoch 28/200 loss 4.9992 train 0.0463 test 0.1188
epoch 29/200 loss 4.9777 train 0.0504 test 0.1150
epoch 30/200 loss 4.9525 train 0.0535 test 0.1388
epoch 31/200 loss 4.8928 train 0.0534 test 0.1444
epoch 32/200 loss 4.8250 train 0.0579 test 0.1438
epoch 33/200 loss 4.7239 train 0.0613 test 0.1486
epoch 34/200 loss 4.6278 train 0.0646 test 0.1740
epoch 35/200 loss 4.5492 train 0.0702 test 0.1996
epoch 36/200 loss 60.4897 train 0.0553 test 0.1298
epoch 37/200 loss 4.8921 train 0.0574 test 0.1450
epoch 38/200 loss 4.8188 train 0.0608 test 0.1658
epoch 39/200 loss 4.7648 train 0.0668 test 0.1842
epoch 40/200 loss 4.6977 train 0.0720 test 0.2034
epoch 41/200 loss 4.6051 train 0.0763 test 0.2086
epoch 42/200 loss 4.4892 train 0.0811 test 0.2322
epoch 43/200 loss 4.4190 train 0.0854 test 0.2284
epoch 44/200 loss 4.3626 train 0.0902 test 0.2508
epoch 45/200 loss 4.3256 train 0.0890 test 0.2504
epoch 46/200 loss 4.2736 train 0.0986 test 0.2630
epoch 47/200 loss 4.2293 train 0.1073 test 0.2724
epoch 48/200 loss 4.1901 train 0.1074 test 0.2880
epoch 49/200 loss 4.1616 train 0.1065 test 0.2870
epoch 50/200 loss 4.1216 train 0.1147 test 0.3204
epoch 51/200 loss 4.0846 train 0.1221 test 0.3284
epoch 52/200 loss 4.0560 train 0.1227 test 0.3172
epoch 53/200 loss 4.0334 train 0.1299 test 0.3194
epoch 54/200 loss 3.9913 train 0.1365 test 0.3484
epoch 55/200 loss 3.9627 train 0.1440 test 0.3580
epoch 56/200 loss 3.9218 train 0.1485 test 0.3950
epoch 57/200 loss 3.9065 train 0.1483 test 0.3890
epoch 58/200 loss 3.8799 train 0.1558 test 0.4114
epoch 59/200 loss 3.8495 train 0.1648 test 0.4038
epoch 60/200 loss 3.8202 train 0.1702 test 0.4294
epoch 61/200 loss 3.8146 train 0.1679 test 0.4290
epoch 62/200 loss 3.7850 train 0.1705 test 0.4490
epoch 63/200 loss 3.7490 train 0.1787 test 0.4456
epoch 64/200 loss 3.7449 train 0.1837 test 0.4592
epoch 65/200 loss 3.7280 train 0.1943 test 0.4758
