stem calibrated (True) on 1024 images
[enmag_10pct seed0] {"params_trainable": 11224740, "params_stem_trainable": 0, "params_stem_fixed_filters": 1936, "flops_total": 563406848, "flops_stem": 1982464, "flops_image_size": 32}
epoch 1/200 loss 4.4959 train 0.0327 test 0.0496
epoch 2/200 loss 4.0562 train 0.0829 test 0.1013
epoch 3/200 loss 3.8071 train 0.1108 test 0.1112
epoch 4/200 loss 3.6306 train 0.1378 test 0.1342
epoch 5/200 loss 3.5103 train 0.1546 test 0.1445
epoch 6/200 loss 3.3939 train 0.1677 test 0.1591
epoch 7/200 loss 3.2964 train 0.1889 test 0.1721
epoch 8/200 loss 3.1666 train 0.2246 test 0.1679
epoch 9/200 loss 3.0810 train 0.2264 test 0.1723
epoch 10/200 loss 2.9991 train 0.2486 test 0.1792
epoch 11/200 loss 2.9387 train 0.2510 test 0.1698
epoch 12/200 loss 2.8409 train 0.2654 test 0.1993
epoch 13/200 loss 2.7793 train 0.2857 test 0.2072
epoch 14/200 loss 2.7212 train 0.2917 test 0.2077
epoch 15/200 loss 2.5906 train 0.3281 test 0.2180
epoch 16/200 loss 2.5340 train 0.3329 test 0.2236
epoch 17/200 loss 2.4521 train 0.3508 test 0.2386
epoch 18/200 loss 2.3771 train 0.3584 test 0.2543
epoch 19/200 loss 2.3096 train 0.3848 test 0.2512
epoch 20/200 loss 2.2047 train 0.4022 test 0.2484
epoch 21/200 loss 2.1352 train 0.4149 test 0.2672
epoch 22/200 loss 2.0534 train 0.4371 test 0.2704
epoch 23/200 loss 2.0148 train 0.4395 test 0.2738
epoch 24/200 loss 1.8992 train 0.4671 test 0.2708
epoch 25/200 loss 1.8242 train 0.4828 test 0.2882
epoch 26/200 loss 1.6961 train 0.5128 test 0.2704
epoch 27/200 loss 1.6342 train 0.5345 test 0.2693
epoch 28/200 loss 1.5773 train 0.5493 test 0.2506
epoch 29/200 loss 1.4950 train 0.5655 test 0.2818
epoch 30/200 loss 1.4157 train 0.5867 test 0.2924
epoch 31/200 loss 1.3393 train 0.6112 test 0.2684
epoch 32/200 loss 1.2700 train 0.6232 test 0.2714
epoch 33/200 loss 1.1969 train 0.6444 test 0.2777
epoch 34/200 loss 1.1188 train 0.6593 test 0.2474
epoch 35/200 loss 1.0201 train 0.6951 test 0.2605
epoch 36/200 loss 0.9355 train 0.7234 test 0.2785
epoch 37/200 loss 0.8866 train 0.7300 test 0.2888
epoch 38/200 loss 0.8117 train 0.7488 test 0.2737
epoch 39/200 loss 0.7490 train 0.7656 test 0.2990
epoch 40/200 loss 0.6603 train 0.7921 test 0.2833
epoch 41/200 loss 0.6696 train 0.7929 test 0.2689
epoch 42/200 loss 0.6474 train 0.7955 test 0.2750
epoch 43/200 loss 0.5899 train 0.8167 test 0.2734
epoch 44/200 loss 0.5117 train 0.8431 test 0.3034
epoch 45/200 loss 0.4358 train 0.8684 test 0.2836
epoch 46/200 loss 0.3811 train 0.8846 test 0.3041
epoch 47/200 loss 0.3987 train 0.8768 test 0.2830
epoch 48/200 loss 0.4136 train 0.8740 test 0.2824
epoch 49/200 loss 0.3698 train 0.8918 test 0.2891
epoch 50/200 loss 0.3502 train 0.8904 test 0.2986
epoch 51/200 loss 0.3168 train 0.9036 test 0.2956
epoch 52/200 loss 0.3101 train 0.9069 test 0.2839
epoch 53/200 loss 0.3233 train 0.9008 test 0.3020
epoch 54/200 loss 0.2894 train 0.9127 test 0.3045
epoch 55/200 loss 0.2264 train 0.9351 test 0.3150
epoch 56/200 loss 0.2033 train 0.9425 test 0.3111
epoch 57/200 loss 0.1598 train 0.9575 test 0.3180
epoch 58/200 loss 0.1256 train 0.9712 test 0.3251
epoch 59/200 loss 0.1217 train 0.9692 test 0.3253
epoch 60/200 loss 0.1079 train 0.9760 test 0.3262
epoch 61/200 loss 0.0986 train 0.9774 test 0.3232
epoch 62/200 loss 0.0878 train 0.9802 test 0.3425
epoch 63/200 loss 0.0694 train 0.9864 test 0.3296
epoch 64/200 loss 0.0557 train 0.9898 test 0.3436
epoch 65/200 loss 0.0473 train 0.9920 test 0.3506
epoch 66/200 loss 0.0369 train 0.9954 test 0.3401
epoch 67/200 loss 0.0420 train 0.9928 test 0.3545
epoch 68/200 loss 0.0317 train 0.9962 test 0.3546
epoch 69/200 loss 0.0349 train 0.9942 test 0.3505
epoch 70/200 loss 0.0262 train 0.9972 test 0.3555
epoch 71/200 loss 0.0183 train 0.9980 test 0.3586
epoch 72/200 loss 0.0215 train 0.9970 test 0.3559
epoch 73/200 loss 0.0248 train 0.9970 test 0.3505
epoch 74/200 loss 0.0199 train 0.9976 test 0.3629
epoch 75/200 loss 0.0164 train 0.9976 test 0.3621
epoch 76/200 loss 0.0154 train 0.9982 test 0.3634
epoch 77/200 loss 0.0107 train 0.9996 test 0.3658
epoch 78/200 loss 0.0081 train 0.9998 test 0.3735
epoch 79/200 loss 0.0065 train 0.9998 test 0.3730
epoch 80/200 loss 0.0062 train 0.9996 test 0.3740
epoch 81/200 loss 0.0066 train 0.9998 test 0.3729
epoch 82/200 loss 0.0063 train 1.0000 test 0.3753
epoch 83/200 loss 0.0066 train 0.9998 test 0.3745
epoch 84/200 loss 0.0064 train 0.9998 test 0.3753
epoch 85/200 loss 0.0068 train 0.9996 test 0.3770
epoch 86/200 loss 0.0071 train 0.9996 test 0.3761
epoch 87/200 loss 0.0067 train 0.9998 test 0.3758
epoch 88/200 loss 0.0077 train 0.9996 test 0.3774
epoch 89/200 loss 0.0080 train 0.9998 test 0.3748
epoch 90/200 loss 0.0089 train 0.9994 test 0.3728
epoch 91/200 loss 0.0078 train 0.9996 test 0.3753
epoch 92/200 loss 0.0070 train 1.0000 test 0.3760
epoch 93/200 loss 0.0072 train 0.9998 test 0.3773
epoch 94/200 loss 0.0071 train 1.0000 test 0.3782
epoch 95/200 loss 0.0076 train 0.9996 test 0.3793
epoch 96/200 loss 0.0072 train 0.9998 test 0.3797
epoch 97/200 loss 0.0071 train 0.9998 test 0.3784
epoch 98/200 loss 0.0088 train 0.9994 test 0.3765
epoch 99/200 loss 0.0080 train 0.9998 test 0.3774
epoch 100/200 loss 0.0074 train 0.9996 test 0.3780
epoch 101/200 loss 0.0071 train 0.9998 test 0.3789
epoch 102/200 loss 0.0073 train 0.9998 test 0.3784
epoch 103/200 loss 0.0075 train 0.9996 test 0.3803
epoch 104/200 loss 0.0072 train 0.9996 test 0.3778
epoch 105/200 loss 0.0077 train 0.9998 test 0.3813
epoch 106/200 loss 0.0069 train 0.9998 test 0.3808
epoch 107/200 loss 0.0070 train 1.0000 test 0.3803
epoch 108/200 loss 0.0071 train 0.9998 test 0.3808
epoch 109/200 loss 0.0073 train 0.9996 test 0.3793
epoch 110/200 loss 0.0068 train 0.9996 test 0.3787
epoch 111/200 loss 0.0073 train 0.9998 test 0.3805
epoch 112/200 loss 0.0073 train 0.9998 test 0.3814
epoch 113/200 loss 0.0071 train 0.9998 test 0.3815
epoch 114/200 loss 0.0069 train 0.9996 test 0.3797
epoch 115/200 loss 0.0071 train 0.9998 test 0.3810
epoch 116/200 loss 0.0067 train 0.9998 test 0.3804
epoch 117/200 loss 0.0066 train 1.0000 test 0.3798
epoch 118/200 loss 0.0070 train 0.9998 test 0.3781
epoch 119/200 loss 0.0066 train 0.9998 test 0.3777
epoch 120/200 loss 0.0070 train 1.0000 test 0.3763
epoch 121/200 loss 0.0071 train 0.9996 test 0.3788
epoch 122/200 loss 0.0066 train 0.9998 test 0.3783
epoch 123/200 loss 0.0064 train 0.9998 test 0.3789
epoch 124/200 loss 0.0065 train 0.9998 test 0.3775
epoch 125/200 loss 0.0068 train 0.9996 test 0.3800
epoch 126/200 loss 0.0070 train 0.9998 test 0.3763
epoch 127/200 loss 0.0067 train 0.9998 test 0.3775
epoch 128/200 loss 0.0063 train 1.0000 test 0.3798
epoch 129/200 loss 0.0063 train 0.9998 test 0.3793
epoch 130/200 loss 0.0061 train 1.0000 test 0.3787
epoch 131/200 loss 0.0065 train 0.9998 test 0.3804
epoch 132/200 loss 0.0068 train 0.9998 test 0.3805
epoch 133/200 loss 0.0061 train 0.9998 test 0.3801
epoch 134/200 loss 0.0060 train 0.9998 test 0.3792
epoch 135/200 loss 0.0064 train 0.9996 test 0.3787
epoch 136/200 loss 0.0061 train 1.0000 test 0.3784
epoch 137/200 loss 0.0060 train 0.9996 test 0.3787
epoch 138/200 loss 0.0061 train 0.9998 test 0.3791
epoch 139/200 loss 0.0060 train 0.9998 test 0.3790
epoch 140/200 loss 0.0063 train 0.9998 test 0.3782
epoch 141/200 loss 0.0064 train 0.9998 test 0.3777
epoch 142/200 loss 0.0060 train 0.9996 test 0.3796
epoch 143/200 loss 0.0060 train 0.9998 test 0.3775
epoch 144/200 loss 0.0062 train 0.9998 test 0.3784
epoch 145/200 loss 0.0061 train 0.9998 test 0.3800
epoch 146/200 loss 0.0058 train 1.0000 test 0.3788
epoch 147/200 loss 0.0056 train 1.0000 test 0.3792
epoch 148/200 loss 0.0059 train 0.9998 test 0.3800
epoch 149/200 loss 0.0058 train 1.0000 test 0.3799
epoch 150/200 loss 0.0056 train 1.0000 test 0.3787
epoch 151/200 loss 0.0057 train 1.0000 test 0.3793
epoch 152/200 loss 0.0059 train 0.9998 test 0.3804
epoch 153/200 loss 0.0055 train 0.9998 test 0.3810
epoch 154/200 loss 0.0059 train 0.9998 test 0.3789
epoch 155/200 loss 0.0057 train 1.0000 test 0.3796
epoch 156/200 loss 0.0057 train 1.0000 test 0.3787
epoch 157/200 loss 0.0056 train 0.9998 test 0.3793
epoch 158/200 loss 0.0054 train 1.0000 test 0.3813
epoch 159/200 loss 0.0056 train 1.0000 test 0.3781
epoch 160/200 loss 0.0060 train 0.9998 test 0.3786
epoch 161/200 loss 0.0056 train 1.0000 test 0.3779
epoch 162/200 loss 0.0057 train 1.0000 test 0.3775
epoch 163/200 loss 0.0058 train 0.9998 test 0.3799
epoch 164/200 loss 0.0057 train 0.9998 test 0.3785
epoch 165/200 loss 0.0057 train 0.9998 test 0.3808
epoch 166/200 loss 0.0058 train 0.9998 test 0.3786
epoch 167/200 loss 0.0055 train 1.0000 test 0.3785
epoch 168/200 loss 0.0058 train 1.0000 test 0.3817
epoch 169/200 loss 0.0056 train 1.0000 test 0.3789
epoch 170/200 loss 0.0057 train 0.9998 test 0.3788
epoch 171/200 loss 0.0059 train 0.9998 test 0.3792
epoch 172/200 loss 0.0058 train 1.0000 test 0.3791
epoch 173/200 loss 0.0056 train 1.0000 test 0.3777
epoch 174/200 loss 0.0055 train 0.9998 test 0.3782
epoch 175/200 loss 0.0055 train 1.0000 test 0.3782
epoch 176/200 loss 0.0055 train 1.0000 test 0.3776
epoch 177/200 loss 0.0056 train 0.9998 test 0.3791
epoch 178/200 loss 0.0055 train 0.9998 test 0.3783
epoch 179/200 loss 0.0056 train 0.9998 test 0.3790
epoch 180/200 loss 0.0055 train 1.0000 test 0.3782
epoch 181/200 loss 0.0056 train 1.0000 test 0.3797
epoch 182/200 loss 0.0054 train 1.0000 test 0.3792
epoch 183/200 loss 0.0054 train 1.0000 test 0.3783
epoch 184/200 loss 0.0053 train 1.0000 test 0.3787
epoch 185/200 loss 0.0054 train 1.0000 test 0.3788
epoch 186/200 loss 0.0056 train 0.9996 test 0.3799
epoch 187/200 loss 0.0054 train 1.0000 test 0.3799
epoch 188/200 loss 0.0054 train 1.0000 test 0.3789
epoch 189/200 loss 0.0054 train 0.9998 test 0.3774
epoch 190/200 loss 0.0055 train 0.9998 test 0.3793
epoch 191/200 loss 0.0051 train 1.0000 test 0.3784
epoch 192/200 loss 0.0053 train 1.0000 test 0.3783
epoch 193/200 loss 0.0055 train 1.0000 test 0.3790
epoch 194/200 loss 0.0055 train 1.0000 test 0.3785
epoch 195/200 loss 0.0054 train 0.9998 test 0.3776
epoch 196/200 loss 0.0055 train 0.9998 test 0.3796
epoch 197/200 loss 0.0054 train 1.0000 test 0.3771
epoch 198/200 loss 0.0053 train 1.0000 test 0.3796
epoch 199/200 loss 0.0054 train 0.9998 test 0.3785
epoch 200/200 loss 0.0055 train 1.0000 test 0.3793
done: final 0.3793 best 0.3817 -> ./runs/enmag_10pct/seed0
stem calibrated (True) on 1024 images
[enmag_10pct seed1] {"params_trainable": 11224740, "params_stem_trainable": 0, "params_stem_fixed_filters": 1936, "flops_total": 563406848, "flops_stem": 1982464, "flops_image_size": 32}
epoch 1/200 loss 4.4702 train 0.0337 test 0.0550
epoch 2/200 loss 4.0956 train 0.0695 test 0.0930
epoch 3/200 loss 3.8384 train 0.1094 test 0.1101
epoch 4/200 loss 3.6589 train 0.1408 test 0.1247
epoch 5/200 loss 3.5324 train 0.1476 test 0.1273
epoch 6/200 loss 3.4037 train 0.1711 test 0.1510
epoch 7/200 loss 3.2782 train 0.1917 test 0.1761
epoch 8/200 loss 3.1881 train 0.2149 test 0.1646
epoch 9/200 loss 3.0985 train 0.2240 test 0.1771
epoch 10/200 loss 3.0241 train 0.2338 test 0.1758
epoch 11/200 loss 2.9298 train 0.2530 test 0.1809
epoch 12/200 loss 2.8409 train 0.2686 test 0.2045
epoch 13/200 loss 2.7764 train 0.2823 test 0.2024
epoch 14/200 loss 2.6608 train 0.3005 test 0.2196
epoch 15/200 loss 2.6140 train 0.3145 test 0.1965
epoch 16/200 loss 2.5178 train 0.3419 test 0.2417
epoch 17/200 loss 2.4213 train 0.3548 test 0.2419
epoch 18/200 loss 2.3611 train 0.3682 test 0.2441
epoch 19/200 loss 2.2615 train 0.3906 test 0.2752
epoch 20/200 loss 2.2036 train 0.4014 test 0.2432
epoch 21/200 loss 2.1154 train 0.4167 test 0.2579
epoch 22/200 loss 2.0367 train 0.4391 test 0.2376
epoch 23/200 loss 1.9389 train 0.4659 test 0.2442
epoch 24/200 loss 1.8343 train 0.4868 test 0.2702
epoch 25/200 loss 1.7865 train 0.4958 test 0.2781
epoch 26/200 loss 1.7062 train 0.5152 test 0.2777
epoch 27/200 loss 1.5851 train 0.5445 test 0.2942
epoch 28/200 loss 1.5769 train 0.5511 test 0.2682
epoch 29/200 loss 1.4612 train 0.5729 test 0.2826
epoch 30/200 loss 1.3620 train 0.6022 test 0.2651
epoch 31/200 loss 1.3288 train 0.6120 test 0.2857
epoch 32/200 loss 1.2395 train 0.6294 test 0.2740
epoch 33/200 loss 1.1808 train 0.6492 test 0.2509
epoch 34/200 loss 1.0685 train 0.6747 test 0.2391
epoch 35/200 loss 1.0116 train 0.6949 test 0.2978
epoch 36/200 loss 0.9172 train 0.7268 test 0.2708
epoch 37/200 loss 0.8726 train 0.7338 test 0.2854
epoch 38/200 loss 0.7922 train 0.7534 test 0.2635
epoch 39/200 loss 0.7770 train 0.7570 test 0.2575
epoch 40/200 loss 0.6909 train 0.7875 test 0.2769
epoch 41/200 loss 0.6860 train 0.7937 test 0.2934
epoch 42/200 loss 0.6356 train 0.8103 test 0.3021
epoch 43/200 loss 0.5005 train 0.8510 test 0.2938
epoch 44/200 loss 0.4717 train 0.8606 test 0.2794
epoch 45/200 loss 0.4883 train 0.8544 test 0.3023
epoch 46/200 loss 0.4087 train 0.8810 test 0.2838
epoch 47/200 loss 0.4052 train 0.8776 test 0.2999
epoch 48/200 loss 0.3450 train 0.9024 test 0.3152
epoch 49/200 loss 0.3138 train 0.9105 test 0.2938
epoch 50/200 loss 0.3132 train 0.9093 test 0.3086
epoch 51/200 loss 0.2885 train 0.9117 test 0.3105
epoch 52/200 loss 0.2870 train 0.9133 test 0.2975
epoch 53/200 loss 0.2755 train 0.9177 test 0.3063
epoch 54/200 loss 0.2382 train 0.9313 test 0.2973
epoch 55/200 loss 0.2251 train 0.9369 test 0.2961
epoch 56/200 loss 0.2561 train 0.9223 test 0.3109
epoch 57/200 loss 0.1959 train 0.9443 test 0.3125
epoch 58/200 loss 0.1922 train 0.9447 test 0.3114
epoch 59/200 loss 0.1615 train 0.9551 test 0.3155
epoch 60/200 loss 0.1619 train 0.9537 test 0.3133
epoch 61/200 loss 0.1578 train 0.9569 test 0.3176
epoch 62/200 loss 0.1147 train 0.9722 test 0.3241
epoch 63/200 loss 0.1140 train 0.9730 test 0.3091
epoch 64/200 loss 0.1073 train 0.9740 test 0.3308
epoch 65/200 loss 0.0940 train 0.9764 test 0.3195
epoch 66/200 loss 0.1016 train 0.9758 test 0.3280
epoch 67/200 loss 0.0944 train 0.9780 test 0.3200
epoch 68/200 loss 0.0850 train 0.9810 test 0.3166
epoch 69/200 loss 0.0743 train 0.9828 test 0.3254
epoch 70/200 loss 0.0783 train 0.9836 test 0.3168
epoch 71/200 loss 0.0722 train 0.9860 test 0.3350
epoch 72/200 loss 0.0562 train 0.9876 test 0.3379
epoch 73/200 loss 0.0547 train 0.9876 test 0.3347
epoch 74/200 loss 0.0463 train 0.9918 test 0.3400
epoch 75/200 loss 0.0266 train 0.9966 test 0.3543
epoch 76/200 loss 0.0204 train 0.9976 test 0.3518
epoch 77/200 loss 0.0173 train 0.9984 test 0.3569
epoch 78/200 loss 0.0129 train 0.9990 test 0.3606
epoch 79/200 loss 0.0104 train 0.9990 test 0.3661
epoch 80/200 loss 0.0085 train 0.9998 test 0.3680
epoch 81/200 loss 0.0068 train 0.9996 test 0.3730
epoch 82/200 loss 0.0058 train 0.9998 test 0.3734
epoch 83/200 loss 0.0055 train 1.0000 test 0.3761
epoch 84/200 loss 0.0060 train 0.9996 test 0.3753
epoch 85/200 loss 0.0058 train 0.9998 test 0.3758
epoch 86/200 loss 0.0063 train 0.9996 test 0.3730
epoch 87/200 loss 0.0063 train 0.9998 test 0.3774
epoch 88/200 loss 0.0060 train 0.9998 test 0.3737
epoch 89/200 loss 0.0062 train 0.9996 test 0.3796
epoch 90/200 loss 0.0064 train 0.9998 test 0.3781
epoch 91/200 loss 0.0062 train 0.9996 test 0.3785
epoch 92/200 loss 0.0065 train 0.9998 test 0.3752
epoch 93/200 loss 0.0064 train 0.9998 test 0.3792
epoch 94/200 loss 0.0065 train 0.9998 test 0.3789
epoch 95/200 loss 0.0068 train 0.9998 test 0.3798
epoch 96/200 loss 0.0073 train 0.9996 test 0.3793
epoch 97/200 loss 0.0072 train 0.9998 test 0.3811
epoch 98/200 loss 0.0071 train 0.9996 test 0.3811
epoch 99/200 loss 0.0071 train 1.0000 test 0.3830
epoch 100/200 loss 0.0071 train 0.9998 test 0.3815
epoch 101/200 loss 0.0072 train 0.9998 test 0.3789
epoch 102/200 loss 0.0067 train 0.9998 test 0.3781
epoch 103/200 loss 0.0072 train 0.9998 test 0.3813
epoch 104/200 loss 0.0072 train 0.9998 test 0.3804
epoch 105/200 loss 0.0067 train 0.9998 test 0.3798
epoch 106/200 loss 0.0073 train 0.9998 test 0.3803
epoch 107/200 loss 0.0069 train 0.9998 test 0.3823
epoch 108/200 loss 0.0072 train 0.9998 test 0.3831
epoch 109/200 loss 0.0071 train 0.9996 test 0.3821
epoch 110/200 loss 0.0072 train 0.9996 test 0.3819
epoch 111/200 loss 0.0078 train 0.9996 test 0.3823
epoch 112/200 loss 0.0071 train 0.9996 test 0.3813
epoch 113/200 loss 0.0073 train 0.9998 test 0.3824
epoch 114/200 loss 0.0073 train 1.0000 test 0.3815
epoch 115/200 loss 0.0074 train 0.9998 test 0.3804
epoch 116/200 loss 0.0074 train 0.9998 test 0.3843
epoch 117/200 loss 0.0072 train 0.9998 test 0.3836
epoch 118/200 loss 0.0069 train 0.9998 test 0.3836
epoch 119/200 loss 0.0072 train 0.9998 test 0.3829
epoch 120/200 loss 0.0069 train 0.9998 test 0.3858
epoch 121/200 loss 0.0069 train 0.9998 test 0.3825
epoch 122/200 loss 0.0069 train 0.9996 test 0.3816
epoch 123/200 loss 0.0067 train 0.9998 test 0.3823
epoch 124/200 loss 0.0068 train 0.9998 test 0.3833
epoch 125/200 loss 0.0065 train 0.9998 test 0.3832
epoch 126/200 loss 0.0066 train 1.0000 test 0.3835
epoch 127/200 loss 0.0065 train 0.9998 test 0.3838
epoch 128/200 loss 0.0067 train 0.9998 test 0.3828
epoch 129/200 loss 0.0066 train 0.9998 test 0.3826
epoch 130/200 loss 0.0064 train 0.9998 test 0.3828
epoch 131/200 loss 0.0064 train 0.9998 test 0.3814
epoch 132/200 loss 0.0065 train 0.9998 test 0.3833
epoch 133/200 loss 0.0064 train 1.0000 test 0.3832
epoch 134/200 loss 0.0065 train 1.0000 test 0.3829
epoch 135/200 loss 0.0065 train 0.9998 test 0.3821
epoch 136/200 loss 0.0064 train 0.9998 test 0.3805
epoch 137/200 loss 0.0064 train 1.0000 test 0.3847
epoch 138/200 loss 0.0063 train 0.9998 test 0.3849
epoch 139/200 loss 0.0066 train 0.9996 test 0.3850
epoch 140/200 loss 0.0066 train 0.9998 test 0.3833
epoch 141/200 loss 0.0063 train 0.9998 test 0.3846
epoch 142/200 loss 0.0064 train 0.9998 test 0.3829
epoch 143/200 loss 0.0062 train 0.9998 test 0.3833
epoch 144/200 loss 0.0061 train 0.9998 test 0.3848
epoch 145/200 loss 0.0061 train 1.0000 test 0.3819
epoch 146/200 loss 0.0061 train 1.0000 test 0.3819
epoch 147/200 loss 0.0064 train 0.9996 test 0.3844
epoch 148/200 loss 0.0063 train 0.9998 test 0.3833
epoch 149/200 loss 0.0060 train 1.0000 test 0.3824
epoch 150/200 loss 0.0060 train 0.9998 test 0.3810
epoch 151/200 loss 0.0060 train 1.0000 test 0.3842
epoch 152/200 loss 0.0066 train 0.9996 test 0.3829
epoch 153/200 loss 0.0063 train 0.9998 test 0.3836
epoch 154/200 loss 0.0061 train 1.0000 test 0.3820
epoch 155/200 loss 0.0064 train 0.9996 test 0.3824
epoch 156/200 loss 0.0061 train 0.9998 test 0.3828
epoch 157/200 loss 0.0060 train 1.0000 test 0.3826
epoch 158/200 loss 0.0058 train 0.9998 test 0.3821
epoch 159/200 loss 0.0058 train 1.0000 test 0.3802
epoch 160/200 loss 0.0058 train 1.0000 test 0.3829
epoch 161/200 loss 0.0058 train 1.0000 test 0.3809
epoch 162/200 loss 0.0060 train 0.9998 test 0.3815
epoch 163/200 loss 0.0059 train 0.9996 test 0.3824
epoch 164/200 loss 0.0059 train 0.9996 test 0.3826
epoch 165/200 loss 0.0059 train 0.9998 test 0.3831
epoch 166/200 loss 0.0059 train 1.0000 test 0.3824
epoch 167/200 loss 0.0060 train 0.9998 test 0.3837
epoch 168/200 loss 0.0060 train 0.9998 test 0.3836
epoch 169/200 loss 0.0059 train 0.9998 test 0.3826
epoch 170/200 loss 0.0060 train 0.9996 test 0.3836
epoch 171/200 loss 0.0056 train 1.0000 test 0.3829
epoch 172/200 loss 0.0055 train 1.0000 test 0.3837
epoch 173/200 loss 0.0060 train 1.0000 test 0.3828
epoch 174/200 loss 0.0056 train 1.0000 test 0.3834
epoch 175/200 loss 0.0058 train 0.9998 test 0.3835
epoch 176/200 loss 0.0056 train 1.0000 test 0.3829
epoch 177/200 loss 0.0058 train 0.9998 test 0.3825
epoch 178/200 loss 0.0059 train 1.0000 test 0.3824
epoch 179/200 loss 0.0062 train 0.9998 test 0.3835
epoch 180/200 loss 0.0056 train 1.0000 test 0.3824
epoch 181/200 loss 0.0056 train 1.0000 test 0.3827
epoch 182/200 loss 0.0058 train 1.0000 test 0.3827
epoch 183/200 loss 0.0057 train 1.0000 test 0.3849
epoch 184/200 loss 0.0057 train 0.9998 test 0.3814
epoch 185/200 loss 0.0057 train 1.0000 test 0.3849
epoch 186/200 loss 0.0057 train 0.9998 test 0.3839
epoch 187/200 loss 0.0055 train 1.0000 test 0.3834
epoch 188/200 loss 0.0058 train 0.9996 test 0.3829
epoch 189/200 loss 0.0058 train 0.9998 test 0.3823
epoch 190/200 loss 0.0058 train 0.9998 test 0.3840
epoch 191/200 loss 0.0056 train 1.0000 test 0.3835
epoch 192/200 loss 0.0056 train 0.9998 test 0.3839
epoch 193/200 loss 0.0058 train 1.0000 test 0.3833
epoch 194/200 loss 0.0056 train 1.0000 test 0.3832
epoch 195/200 loss 0.0058 train 0.9998 test 0.3819
epoch 196/200 loss 0.0056 train 0.9998 test 0.3836
epoch 197/200 loss 0.0059 train 1.0000 test 0.3835
epoch 198/200 loss 0.0057 train 1.0000 test 0.3838
epoch 199/200 loss 0.0058 train 0.9998 test 0.3828
epoch 200/200 loss 0.0056 train 1.0000 test 0.3845
done: final 0.3845 best 0.3858 -> ./runs/enmag_10pct/seed1
stem calibrated (True) on 1024 images
[enmag_10pct seed2] {"params_trainable": 11224740, "params_stem_trainable": 0, "params_stem_fixed_filters": 1936, "flops_total": 563406848, "flops_stem": 1982464, "flops_image_size": 32}
epoch 1/200 loss 4.4896 train 0.0339 test 0.0544
epoch 2/200 loss 4.0687 train 0.0785 test 0.0997
epoch 3/200 loss 3.8197 train 0.1118 test 0.1154
epoch 4/200 loss 3.6399 train 0.1362 test 0.1332
epoch 5/200 loss 3.4852 train 0.1607 test 0.1508
epoch 6/200 loss 3.3576 train 0.1785 test 0.1571
epoch 7/200 loss 3.2901 train 0.1837 test 0.1408
epoch 8/200 loss 3.1885 train 0.2159 test 0.1958
epoch 9/200 loss 3.0907 train 0.2230 test 0.1612
epoch 10/200 loss 3.0296 train 0.2374 test 0.1731
epoch 11/200 loss 2.9341 train 0.2584 test 0.2037
epoch 12/200 loss 2.8388 train 0.2708 test 0.2040
epoch 13/200 loss 2.7814 train 0.2742 test 0.2068
epoch 14/200 loss 2.7050 train 0.2989 test 0.2149
epoch 15/200 loss 2.6236 train 0.3141 test 0.2124
epoch 16/200 loss 2.5395 train 0.3347 test 0.2277
epoch 17/200 loss 2.4476 train 0.3538 test 0.2333
epoch 18/200 loss 2.3764 train 0.3680 test 0.2520
epoch 19/200 loss 2.2938 train 0.3806 test 0.2432
epoch 20/200 loss 2.2152 train 0.4012 test 0.2620
epoch 21/200 loss 2.1527 train 0.4058 test 0.2705
epoch 22/200 loss 2.0400 train 0.4399 test 0.2396
epoch 23/200 loss 1.9612 train 0.4611 test 0.2412
epoch 24/200 loss 1.9316 train 0.4619 test 0.2558
epoch 25/200 loss 1.7873 train 0.5002 test 0.2594
epoch 26/200 loss 1.7602 train 0.5044 test 0.2550
epoch 27/200 loss 1.6680 train 0.5196 test 0.2387
epoch 28/200 loss 1.5392 train 0.5561 test 0.2872
epoch 29/200 loss 1.5013 train 0.5595 test 0.2740
epoch 30/200 loss 1.4129 train 0.5899 test 0.2977
epoch 31/200 loss 1.3477 train 0.6016 test 0.2668
epoch 32/200 loss 1.2768 train 0.6248 test 0.2726
epoch 33/200 loss 1.1911 train 0.6452 test 0.2827
epoch 34/200 loss 1.0713 train 0.6759 test 0.2603
epoch 35/200 loss 1.0057 train 0.6935 test 0.2583
epoch 36/200 loss 0.9335 train 0.7175 test 0.2617
epoch 37/200 loss 0.9401 train 0.7041 test 0.2957
epoch 38/200 loss 0.8498 train 0.7384 test 0.2760
epoch 39/200 loss 0.8031 train 0.7558 test 0.2674
epoch 40/200 loss 0.6861 train 0.7945 test 0.2787
epoch 41/200 loss 0.6991 train 0.7831 test 0.2679
epoch 42/200 loss 0.6849 train 0.7911 test 0.2931
epoch 43/200 loss 0.5237 train 0.8381 test 0.3089
epoch 44/200 loss 0.5108 train 0.8490 test 0.2837
epoch 45/200 loss 0.4879 train 0.8508 test 0.3022
epoch 46/200 loss 0.4429 train 0.8656 test 0.3226
epoch 47/200 loss 0.4321 train 0.8692 test 0.3071
epoch 48/200 loss 0.3853 train 0.8860 test 0.2978
epoch 49/200 loss 0.3237 train 0.9075 test 0.3087
epoch 50/200 loss 0.2893 train 0.9147 test 0.3118
epoch 51/200 loss 0.3152 train 0.9135 test 0.3083
epoch 52/200 loss 0.3077 train 0.9117 test 0.3027
epoch 53/200 loss 0.2503 train 0.9257 test 0.3195
epoch 54/200 loss 0.2229 train 0.9365 test 0.3008
epoch 55/200 loss 0.2348 train 0.9303 test 0.3110
epoch 56/200 loss 0.2022 train 0.9425 test 0.3035
epoch 57/200 loss 0.1922 train 0.9445 test 0.3095
epoch 58/200 loss 0.1601 train 0.9573 test 0.3087
epoch 59/200 loss 0.1630 train 0.9545 test 0.3143
epoch 60/200 loss 0.1499 train 0.9603 test 0.3188
epoch 61/200 loss 0.1401 train 0.9641 test 0.3165
epoch 62/200 loss 0.1435 train 0.9609 test 0.3207
epoch 63/200 loss 0.1162 train 0.9714 test 0.3240
epoch 64/200 loss 0.0905 train 0.9766 test 0.3306
epoch 65/200 loss 0.1016 train 0.9742 test 0.3311
epoch 66/200 loss 0.0853 train 0.9792 test 0.3350
epoch 67/200 loss 0.0845 train 0.9810 test 0.3234
epoch 68/200 loss 0.0879 train 0.9804 test 0.3304
epoch 69/200 loss 0.1186 train 0.9688 test 0.3287
epoch 70/200 loss 0.1160 train 0.9706 test 0.3326
epoch 71/200 loss 0.1087 train 0.9710 test 0.3258
epoch 72/200 loss 0.0817 train 0.9834 test 0.3409
epoch 73/200 loss 0.0620 train 0.9882 test 0.3435
epoch 74/200 loss 0.0423 train 0.9922 test 0.3427
epoch 75/200 loss 0.0418 train 0.9928 test 0.3498
epoch 76/200 loss 0.0334 train 0.9942 test 0.3518
epoch 77/200 loss 0.0254 train 0.9974 test 0.3636
epoch 78/200 loss 0.0167 train 0.9978 test 0.3675
epoch 79/200 loss 0.0253 train 0.9964 test 0.3572
epoch 80/200 loss 0.0265 train 0.9958 test 0.3545
epoch 81/200 loss 0.0298 train 0.9954 test 0.3460
epoch 82/200 loss 0.0398 train 0.9918 test 0.3530
epoch 83/200 loss 0.0218 train 0.9976 test 0.3588
epoch 84/200 loss 0.0174 train 0.9974 test 0.3624
epoch 85/200 loss 0.0172 train 0.9984 test 0.3637
epoch 86/200 loss 0.0147 train 0.9984 test 0.3703
epoch 87/200 loss 0.0130 train 0.9984 test 0.3749
epoch 88/200 loss 0.0112 train 0.9994 test 0.3714
epoch 89/200 loss 0.0074 train 0.9996 test 0.3745
epoch 90/200 loss 0.0072 train 0.9994 test 0.3759
epoch 91/200 loss 0.0061 train 0.9998 test 0.3804
epoch 92/200 loss 0.0053 train 0.9998 test 0.3819
epoch 93/200 loss 0.0058 train 0.9996 test 0.3799
epoch 94/200 loss 0.0060 train 0.9998 test 0.3833
epoch 95/200 loss 0.0056 train 0.9998 test 0.3831
epoch 96/200 loss 0.0054 train 0.9998 test 0.3848
epoch 97/200 loss 0.0058 train 0.9998 test 0.3834
epoch 98/200 loss 0.0059 train 0.9998 test 0.3839
epoch 99/200 loss 0.0060 train 0.9996 test 0.3854
epoch 100/200 loss 0.0056 train 0.9996 test 0.3849
epoch 101/200 loss 0.0061 train 0.9996 test 0.3846
epoch 102/200 loss 0.0064 train 0.9996 test 0.3831
epoch 103/200 loss 0.0066 train 0.9996 test 0.3857
epoch 104/200 loss 0.0063 train 1.0000 test 0.3865
epoch 105/200 loss 0.0066 train 0.9998 test 0.3863
epoch 106/200 loss 0.0067 train 0.9998 test 0.3854
epoch 107/200 loss 0.0065 train 0.9998 test 0.3857
epoch 108/200 loss 0.0066 train 0.9996 test 0.3872
epoch 109/200 loss 0.0065 train 1.0000 test 0.3862
epoch 110/200 loss 0.0066 train 0.9998 test 0.3877
epoch 111/200 loss 0.0068 train 0.9998 test 0.3876
epoch 112/200 loss 0.0066 train 1.0000 test 0.3865
epoch 113/200 loss 0.0067 train 0.9998 test 0.3834
epoch 114/200 loss 0.0068 train 0.9998 test 0.3839
epoch 115/200 loss 0.0068 train 0.9996 test 0.3862
epoch 116/200 loss 0.0066 train 0.9998 test 0.3839
epoch 117/200 loss 0.0066 train 0.9998 test 0.3860
epoch 118/200 loss 0.0071 train 0.9996 test 0.3862
epoch 119/200 loss 0.0067 train 0.9998 test 0.3856
epoch 120/200 loss 0.0068 train 0.9998 test 0.3879
epoch 121/200 loss 0.0065 train 1.0000 test 0.3876
epoch 122/200 loss 0.0068 train 0.9998 test 0.3856
epoch 123/200 loss 0.0065 train 0.9998 test 0.3871
epoch 124/200 loss 0.0071 train 0.9998 test 0.3880
epoch 125/200 loss 0.0069 train 0.9996 test 0.3862
epoch 126/200 loss 0.0068 train 0.9996 test 0.3886
epoch 127/200 loss 0.0066 train 0.9998 test 0.3870
epoch 128/200 loss 0.0068 train 1.0000 test 0.3865
epoch 129/200 loss 0.0067 train 0.9998 test 0.3873
epoch 130/200 loss 0.0066 train 0.9998 test 0.3878
epoch 131/200 loss 0.0065 train 1.0000 test 0.3884
epoch 132/200 loss 0.0064 train 1.0000 test 0.3878
epoch 133/200 loss 0.0071 train 0.9996 test 0.3884
epoch 134/200 loss 0.0066 train 0.9998 test 0.3858
epoch 135/200 loss 0.0065 train 0.9998 test 0.3887
epoch 136/200 loss 0.0065 train 0.9998 test 0.3902
epoch 137/200 loss 0.0066 train 0.9996 test 0.3886
epoch 138/200 loss 0.0064 train 0.9998 test 0.3879
epoch 139/200 loss 0.0065 train 0.9998 test 0.3875
epoch 140/200 loss 0.0066 train 0.9998 test 0.3884
epoch 141/200 loss 0.0063 train 1.0000 test 0.3902
epoch 142/200 loss 0.0062 train 1.0000 test 0.3868
epoch 143/200 loss 0.0062 train 1.0000 test 0.3880
epoch 144/200 loss 0.0063 train 0.9998 test 0.3875
epoch 145/200 loss 0.0062 train 0.9998 test 0.3863
epoch 146/200 loss 0.0060 train 0.9998 test 0.3882
epoch 147/200 loss 0.0061 train 1.0000 test 0.3851
epoch 148/200 loss 0.0063 train 0.9996 test 0.3880
epoch 149/200 loss 0.0061 train 1.0000 test 0.3874
epoch 150/200 loss 0.0061 train 1.0000 test 0.3873
epoch 151/200 loss 0.0063 train 0.9998 test 0.3869
epoch 152/200 loss 0.0063 train 1.0000 test 0.3870
epoch 153/200 loss 0.0062 train 0.9998 test 0.3870
epoch 154/200 loss 0.0061 train 1.0000 test 0.3888
epoch 155/200 loss 0.0062 train 0.9998 test 0.3883
epoch 156/200 loss 0.0062 train 0.9998 test 0.3877
epoch 157/200 loss 0.0059 train 1.0000 test 0.3875
epoch 158/200 loss 0.0060 train 0.9998 test 0.3883
epoch 159/200 loss 0.0058 train 1.0000 test 0.3875
epoch 160/200 loss 0.0061 train 0.9998 test 0.3867
epoch 161/200 loss 0.0058 train 1.0000 test 0.3892
epoch 162/200 loss 0.0061 train 1.0000 test 0.3880
epoch 163/200 loss 0.0057 train 1.0000 test 0.3891
epoch 164/200 loss 0.0060 train 0.9998 test 0.3878
epoch 165/200 loss 0.0061 train 1.0000 test 0.3894
epoch 166/200 loss 0.0059 train 1.0000 test 0.3888
epoch 167/200 loss 0.0062 train 0.9998 test 0.3881
epoch 168/200 loss 0.0057 train 1.0000 test 0.3887
epoch 169/200 loss 0.0057 train 1.0000 test 0.3876
epoch 170/200 loss 0.0060 train 1.0000 test 0.3877
epoch 171/200 loss 0.0058 train 1.0000 test 0.3883
epoch 172/200 loss 0.0060 train 0.9998 test 0.3878
epoch 173/200 loss 0.0059 train 0.9998 test 0.3876
epoch 174/200 loss 0.0059 train 1.0000 test 0.3888
epoch 175/200 loss 0.0057 train 1.0000 test 0.3881
epoch 176/200 loss 0.0057 train 1.0000 test 0.3878
epoch 177/200 loss 0.0061 train 0.9998 test 0.3876
epoch 178/200 loss 0.0059 train 0.9998 test 0.3877
epoch 179/200 loss 0.0058 train 1.0000 test 0.3893
epoch 180/200 loss 0.0060 train 0.9998 test 0.3867
epoch 181/200 loss 0.0061 train 0.9998 test 0.3879
epoch 182/200 loss 0.0058 train 1.0000 test 0.3866
epoch 183/200 loss 0.0055 train 1.0000 test 0.3888
epoch 184/200 loss 0.0056 train 1.0000 test 0.3882
epoch 185/200 loss 0.0058 train 1.0000 test 0.3880
epoch 186/200 loss 0.0058 train 1.0000 test 0.3886
epoch 187/200 loss 0.0058 train 1.0000 test 0.3873
epoch 188/200 loss 0.0057 train 1.0000 test 0.3874
epoch 189/200 loss 0.0055 train 1.0000 test 0.3877
epoch 190/200 loss 0.0057 train 1.0000 test 0.3864
epoch 191/200 loss 0.0059 train 1.0000 test 0.3880
epoch 192/200 loss 0.0059 train 0.9998 test 0.3899
epoch 193/200 loss 0.0060 train 1.0000 test 0.3873
epoch 194/200 loss 0.0057 train 1.0000 test 0.3874
epoch 195/200 loss 0.0057 train 1.0000 test 0.3889
epoch 196/200 loss 0.0058 train 1.0000 test 0.3879
epoch 197/200 loss 0.0056 train 1.0000 test 0.3876
epoch 198/200 loss 0.0058 train 1.0000 test 0.3886
epoch 199/200 loss 0.0059 train 0.9998 test 0.3881
epoch 200/200 loss 0.0056 train 1.0000 test 0.3895
done: final 0.3895 best 0.3902 -> ./runs/enmag_10pct/seed2
stem calibrated (True) on 1024 images
[enrot_10pct seed0] {"params_trainable": 11224740, "params_stem_trainable": 0, "params_stem_fixed_filters": 5808, "flops_total": 567371776, "flops_stem": 5947392, "flops_image_size": 32}
epoch 1/200 loss 4.5045 train 0.0310 test 0.0456
epoch 2/200 loss 4.1412 train 0.0701 test 0.0665
epoch 3/200 loss 3.9223 train 0.1000 test 0.0969
epoch 4/200 loss 3.7547 train 0.1258 test 0.1086
epoch 5/200 loss 3.6450 train 0.1348 test 0.1219
epoch 6/200 loss 3.5401 train 0.1536 test 0.1222
epoch 7/200 loss 3.4563 train 0.1693 test 0.1429
epoch 8/200 loss 3.3447 train 0.1849 test 0.1410
epoch 9/200 loss 3.2757 train 0.1945 test 0.1333
epoch 10/200 loss 3.1731 train 0.2214 test 0.1606
epoch 11/200 loss 3.0975 train 0.2276 test 0.1321
epoch 12/200 loss 3.0262 train 0.2420 test 0.1567
epoch 13/200 loss 2.9505 train 0.2502 test 0.1430
epoch 14/200 loss 2.8688 train 0.2656 test 0.1673
epoch 15/200 loss 2.7896 train 0.2812 test 0.2131
epoch 16/200 loss 2.7033 train 0.3055 test 0.2010
epoch 17/200 loss 2.6313 train 0.3099 test 0.1987
epoch 18/200 loss 2.5864 train 0.3263 test 0.2121
epoch 19/200 loss 2.5019 train 0.3403 test 0.1980
epoch 20/200 loss 2.4263 train 0.3624 test 0.2193
epoch 21/200 loss 2.3394 train 0.3790 test 0.2142
epoch 22/200 loss 2.2425 train 0.3968 test 0.2462
epoch 23/200 loss 2.1904 train 0.4020 test 0.2112
epoch 24/200 loss 2.0902 train 0.4285 test 0.2431
epoch 25/200 loss 2.0473 train 0.4335 test 0.2099
epoch 26/200 loss 1.9146 train 0.4635 test 0.2125
epoch 27/200 loss 1.8213 train 0.4824 test 0.2282
epoch 28/200 loss 1.7841 train 0.4988 test 0.2502
epoch 29/200 loss 1.6645 train 0.5325 test 0.2388
epoch 30/200 loss 1.5822 train 0.5475 test 0.2297
epoch 31/200 loss 1.5412 train 0.5539 test 0.2436
epoch 32/200 loss 1.4779 train 0.5757 test 0.2231
epoch 33/200 loss 1.3595 train 0.5998 test 0.2527
epoch 34/200 loss 1.2909 train 0.6166 test 0.2415
epoch 35/200 loss 1.2061 train 0.6470 test 0.2341
epoch 36/200 loss 1.1036 train 0.6669 test 0.2431
epoch 37/200 loss 1.0263 train 0.6971 test 0.2400
epoch 38/200 loss 0.9586 train 0.7053 test 0.2412
epoch 39/200 loss 0.8476 train 0.7436 test 0.2443
epoch 40/200 loss 0.8262 train 0.7492 test 0.2503
epoch 41/200 loss 0.7612 train 0.7626 test 0.2660
epoch 42/200 loss 0.6816 train 0.7939 test 0.2182
epoch 43/200 loss 0.6350 train 0.8039 test 0.2654
epoch 44/200 loss 0.5810 train 0.8227 test 0.2598
epoch 45/200 loss 0.5383 train 0.8367 test 0.2577
epoch 46/200 loss 0.4799 train 0.8546 test 0.2525
epoch 47/200 loss 0.4098 train 0.8750 test 0.2367
epoch 48/200 loss 0.4771 train 0.8518 test 0.2375
epoch 49/200 loss 0.4193 train 0.8750 test 0.2480
epoch 50/200 loss 0.3888 train 0.8816 test 0.2561
epoch 51/200 loss 0.3539 train 0.8934 test 0.2685
epoch 52/200 loss 0.2955 train 0.9139 test 0.2676
epoch 53/200 loss 0.2453 train 0.9335 test 0.2817
epoch 54/200 loss 0.2305 train 0.9313 test 0.2472
epoch 55/200 loss 0.2530 train 0.9289 test 0.2725
epoch 56/200 loss 0.2312 train 0.9319 test 0.2698
epoch 57/200 loss 0.2284 train 0.9341 test 0.2658
epoch 58/200 loss 0.2034 train 0.9453 test 0.2655
epoch 59/200 loss 0.2219 train 0.9393 test 0.2276
epoch 60/200 loss 0.2274 train 0.9351 test 0.2669
epoch 61/200 loss 0.1956 train 0.9433 test 0.2595
epoch 62/200 loss 0.1637 train 0.9571 test 0.2820
epoch 63/200 loss 0.1403 train 0.9633 test 0.2861
epoch 64/200 loss 0.1150 train 0.9720 test 0.2820
epoch 65/200 loss 0.0920 train 0.9784 test 0.2974
epoch 66/200 loss 0.0772 train 0.9822 test 0.2868
epoch 67/200 loss 0.0648 train 0.9876 test 0.3037
epoch 68/200 loss 0.0545 train 0.9892 test 0.2977
epoch 69/200 loss 0.0483 train 0.9908 test 0.3015
epoch 70/200 loss 0.0493 train 0.9900 test 0.2988
epoch 71/200 loss 0.0560 train 0.9912 test 0.3042
epoch 72/200 loss 0.0441 train 0.9940 test 0.3130
epoch 73/200 loss 0.0300 train 0.9960 test 0.3174
epoch 74/200 loss 0.0191 train 0.9986 test 0.3154
epoch 75/200 loss 0.0193 train 0.9974 test 0.3283
epoch 76/200 loss 0.0119 train 0.9994 test 0.3263
epoch 77/200 loss 0.0098 train 0.9992 test 0.3293
epoch 78/200 loss 0.0114 train 0.9988 test 0.3310
epoch 79/200 loss 0.0134 train 0.9986 test 0.3281
epoch 80/200 loss 0.0154 train 0.9986 test 0.3322
epoch 81/200 loss 0.0100 train 0.9998 test 0.3341
epoch 82/200 loss 0.0106 train 0.9992 test 0.3360
epoch 83/200 loss 0.0236 train 0.9960 test 0.3247
epoch 84/200 loss 0.0261 train 0.9958 test 0.3210
epoch 85/200 loss 0.0194 train 0.9988 test 0.3254
epoch 86/200 loss 0.0148 train 0.9990 test 0.3262
epoch 87/200 loss 0.0099 train 0.9996 test 0.3364
epoch 88/200 loss 0.0113 train 0.9994 test 0.3365
epoch 89/200 loss 0.0086 train 1.0000 test 0.3406
epoch 90/200 loss 0.0079 train 0.9996 test 0.3391
epoch 91/200 loss 0.0073 train 0.9996 test 0.3391
epoch 92/200 loss 0.0065 train 0.9998 test 0.3415
epoch 93/200 loss 0.0072 train 0.9996 test 0.3420
epoch 94/200 loss 0.0070 train 0.9998 test 0.3422
epoch 95/200 loss 0.0075 train 0.9996 test 0.3420
epoch 96/200 loss 0.0070 train 0.9998 test 0.3437
epoch 97/200 loss 0.0073 train 0.9998 test 0.3441
epoch 98/200 loss 0.0073 train 0.9996 test 0.3439
epoch 99/200 loss 0.0072 train 0.9998 test 0.3443
epoch 100/200 loss 0.0074 train 0.9996 test 0.3440
epoch 101/200 loss 0.0074 train 0.9998 test 0.3418
epoch 102/200 loss 0.0071 train 1.0000 test 0.3461
epoch 103/200 loss 0.0075 train 0.9996 test 0.3438
epoch 104/200 loss 0.0076 train 0.9996 test 0.3414
epoch 105/200 loss 0.0077 train 0.9998 test 0.3452
epoch 106/200 loss 0.0074 train 0.9998 test 0.3455
epoch 107/200 loss 0.0069 train 1.0000 test 0.3471
epoch 108/200 loss 0.0074 train 0.9998 test 0.3458
epoch 109/200 loss 0.0079 train 0.9996 test 0.3459
epoch 110/200 loss 0.0074 train 0.9996 test 0.3446
epoch 111/200 loss 0.0075 train 1.0000 test 0.3433
epoch 112/200 loss 0.0079 train 0.9998 test 0.3453
epoch 113/200 loss 0.0074 train 0.9998 test 0.3450
epoch 114/200 loss 0.0071 train 0.9998 test 0.3457
epoch 115/200 loss 0.0074 train 0.9998 test 0.3419
epoch 116/200 loss 0.0073 train 0.9998 test 0.3450
epoch 117/200 loss 0.0071 train 1.0000 test 0.3457
epoch 118/200 loss 0.0075 train 0.9998 test 0.3455
epoch 119/200 loss 0.0070 train 0.9998 test 0.3425
epoch 120/200 loss 0.0077 train 1.0000 test 0.3438
epoch 121/200 loss 0.0076 train 0.9996 test 0.3456
epoch 122/200 loss 0.0076 train 0.9998 test 0.3423
epoch 123/200 loss 0.0072 train 0.9998 test 0.3438
epoch 124/200 loss 0.0072 train 0.9998 test 0.3460
epoch 125/200 loss 0.0072 train 0.9996 test 0.3468
epoch 126/200 loss 0.0074 train 0.9996 test 0.3407
epoch 127/200 loss 0.0069 train 0.9998 test 0.3440
epoch 128/200 loss 0.0068 train 1.0000 test 0.3463
epoch 129/200 loss 0.0068 train 0.9998 test 0.3459
epoch 130/200 loss 0.0067 train 1.0000 test 0.3431
epoch 131/200 loss 0.0067 train 0.9998 test 0.3445
epoch 132/200 loss 0.0071 train 0.9998 test 0.3458
epoch 133/200 loss 0.0069 train 0.9996 test 0.3443
epoch 134/200 loss 0.0066 train 0.9998 test 0.3433
epoch 135/200 loss 0.0069 train 0.9998 test 0.3432
epoch 136/200 loss 0.0069 train 1.0000 test 0.3455
epoch 137/200 loss 0.0067 train 0.9996 test 0.3436
epoch 138/200 loss 0.0066 train 0.9998 test 0.3436
epoch 139/200 loss 0.0064 train 0.9998 test 0.3447
epoch 140/200 loss 0.0067 train 0.9998 test 0.3465
epoch 141/200 loss 0.0070 train 0.9998 test 0.3446
epoch 142/200 loss 0.0066 train 0.9996 test 0.3430
epoch 143/200 loss 0.0065 train 0.9998 test 0.3464
epoch 144/200 loss 0.0103 train 0.9992 test 0.3425
epoch 145/200 loss 0.0085 train 0.9994 test 0.3433
epoch 146/200 loss 0.0071 train 1.0000 test 0.3446
epoch 147/200 loss 0.0066 train 1.0000 test 0.3444
epoch 148/200 loss 0.0068 train 0.9998 test 0.3439
epoch 149/200 loss 0.0064 train 1.0000 test 0.3456
epoch 150/200 loss 0.0060 train 1.0000 test 0.3450
epoch 151/200 loss 0.0063 train 1.0000 test 0.3451
epoch 152/200 loss 0.0064 train 0.9998 test 0.3435
epoch 153/200 loss 0.0062 train 0.9998 test 0.3443
epoch 154/200 loss 0.0064 train 0.9998 test 0.3441
epoch 155/200 loss 0.0062 train 1.0000 test 0.3455
epoch 156/200 loss 0.0061 train 1.0000 test 0.3441
epoch 157/200 loss 0.0059 train 1.0000 test 0.3451
epoch 158/200 loss 0.0060 train 1.0000 test 0.3458
epoch 159/200 loss 0.0060 train 1.0000 test 0.3453
epoch 160/200 loss 0.0065 train 0.9998 test 0.3455
epoch 161/200 loss 0.0063 train 1.0000 test 0.3456
epoch 162/200 loss 0.0062 train 1.0000 test 0.3433
epoch 163/200 loss 0.0061 train 0.9998 test 0.3446
epoch 164/200 loss 0.0060 train 0.9998 test 0.3463
epoch 165/200 loss 0.0060 train 0.9998 test 0.3454
epoch 166/200 loss 0.0061 train 0.9996 test 0.3472
epoch 167/200 loss 0.0062 train 1.0000 test 0.3451
epoch 168/200 loss 0.0062 train 0.9996 test 0.3466
epoch 169/200 loss 0.0060 train 1.0000 test 0.3457
epoch 170/200 loss 0.0062 train 0.9998 test 0.3445
epoch 171/200 loss 0.0062 train 0.9998 test 0.3460
epoch 172/200 loss 0.0061 train 1.0000 test 0.3451
epoch 173/200 loss 0.0059 train 1.0000 test 0.3469
epoch 174/200 loss 0.0060 train 1.0000 test 0.3459
epoch 175/200 loss 0.0058 train 1.0000 test 0.3449
epoch 176/200 loss 0.0059 train 1.0000 test 0.3446
epoch 177/200 loss 0.0061 train 0.9998 test 0.3461
epoch 178/200 loss 0.0059 train 1.0000 test 0.3472
epoch 179/200 loss 0.0060 train 0.9998 test 0.3459
epoch 180/200 loss 0.0060 train 0.9998 test 0.3448
epoch 181/200 loss 0.0061 train 1.0000 test 0.3467
epoch 182/200 loss 0.0059 train 1.0000 test 0.3437
epoch 183/200 loss 0.0058 train 1.0000 test 0.3454
epoch 184/200 loss 0.0057 train 1.0000 test 0.3451
epoch 185/200 loss 0.0058 train 1.0000 test 0.3460
epoch 186/200 loss 0.0061 train 0.9996 test 0.3437
epoch 187/200 loss 0.0059 train 1.0000 test 0.3448
epoch 188/200 loss 0.0057 train 1.0000 test 0.3460
epoch 189/200 loss 0.0059 train 0.9998 test 0.3460
epoch 190/200 loss 0.0058 train 1.0000 test 0.3448
epoch 191/200 loss 0.0055 train 1.0000 test 0.3449
epoch 192/200 loss 0.0057 train 1.0000 test 0.3450
epoch 193/200 loss 0.0058 train 1.0000 test 0.3455
epoch 194/200 loss 0.0059 train 1.0000 test 0.3448
epoch 195/200 loss 0.0059 train 0.9998 test 0.3449
epoch 196/200 loss 0.0059 train 1.0000 test 0.3450
epoch 197/200 loss 0.0058 train 1.0000 test 0.3456
epoch 198/200 loss 0.0059 train 1.0000 test 0.3455
epoch 199/200 loss 0.0057 train 0.9998 test 0.3452
epoch 200/200 loss 0.0058 train 1.0000 test 0.3461
done: final 0.3461 best 0.3472 -> ./runs/enrot_10pct/seed0
stem calibrated (True) on 1024 images
[enrot_10pct seed1] {"params_trainable": 11224740, "params_stem_trainable": 0, "params_stem_fixed_filters": 5808, "flops_total": 567371776, "flops_stem": 5947392, "flops_image_size": 32}
epoch 1/200 loss 4.4779 train 0.0341 test 0.0502
epoch 2/200 loss 4.1439 train 0.0633 test 0.0813
epoch 3/200 loss 3.9204 train 0.0946 test 0.0982
epoch 4/200 loss 3.7591 train 0.1166 test 0.1019
epoch 5/200 loss 3.6606 train 0.1292 test 0.1143
epoch 6/200 loss 3.5386 train 0.1534 test 0.1113
epoch 7/200 loss 3.4300 train 0.1749 test 0.1471
epoch 8/200 loss 3.3401 train 0.1875 test 0.1507
epoch 9/200 loss 3.2766 train 0.1943 test 0.1461
epoch 10/200 loss 3.1781 train 0.2125 test 0.1295
epoch 11/200 loss 3.1332 train 0.2204 test 0.1744
epoch 12/200 loss 3.0253 train 0.2454 test 0.1669
epoch 13/200 loss 2.9608 train 0.2494 test 0.1766
epoch 14/200 loss 2.8503 train 0.2790 test 0.1762
epoch 15/200 loss 2.7865 train 0.2885 test 0.1967
epoch 16/200 loss 2.7100 train 0.2991 test 0.2028
epoch 17/200 loss 2.6344 train 0.3173 test 0.1874
epoch 18/200 loss 2.5417 train 0.3375 test 0.2047
epoch 19/200 loss 2.4983 train 0.3440 test 0.2289
epoch 20/200 loss 2.4272 train 0.3514 test 0.1961
epoch 21/200 loss 2.3229 train 0.3746 test 0.2245
epoch 22/200 loss 2.2457 train 0.3932 test 0.2009
epoch 23/200 loss 2.1718 train 0.4173 test 0.2193
epoch 24/200 loss 2.0527 train 0.4349 test 0.2362
epoch 25/200 loss 2.0061 train 0.4469 test 0.2449
epoch 26/200 loss 1.9342 train 0.4629 test 0.2217
epoch 27/200 loss 1.8554 train 0.4756 test 0.2406
epoch 28/200 loss 1.7946 train 0.4892 test 0.2327
epoch 29/200 loss 1.6451 train 0.5254 test 0.2410
epoch 30/200 loss 1.6034 train 0.5397 test 0.2410
epoch 31/200 loss 1.5358 train 0.5519 test 0.2302
epoch 32/200 loss 1.4562 train 0.5805 test 0.2394
epoch 33/200 loss 1.3349 train 0.6106 test 0.2376
epoch 34/200 loss 1.2634 train 0.6178 test 0.2312
epoch 35/200 loss 1.1468 train 0.6611 test 0.2586
epoch 36/200 loss 1.1395 train 0.6546 test 0.2697
epoch 37/200 loss 0.9924 train 0.7017 test 0.2623
epoch 38/200 loss 0.9216 train 0.7204 test 0.2527
epoch 39/200 loss 0.8749 train 0.7276 test 0.2347
epoch 40/200 loss 0.8588 train 0.7398 test 0.2389
epoch 41/200 loss 0.8543 train 0.7344 test 0.2546
epoch 42/200 loss 0.7134 train 0.7823 test 0.2121
epoch 43/200 loss 0.5848 train 0.8205 test 0.2601
epoch 44/200 loss 0.6273 train 0.8081 test 0.2567
epoch 45/200 loss 0.6049 train 0.8113 test 0.2592
epoch 46/200 loss 0.4724 train 0.8564 test 0.2698
epoch 47/200 loss 0.4413 train 0.8704 test 0.2658
epoch 48/200 loss 0.3817 train 0.8838 test 0.2401
epoch 49/200 loss 0.4027 train 0.8748 test 0.2505
epoch 50/200 loss 0.3781 train 0.8826 test 0.2680
epoch 51/200 loss 0.3416 train 0.8984 test 0.2559
epoch 52/200 loss 0.3113 train 0.9058 test 0.2717
epoch 53/200 loss 0.3014 train 0.9127 test 0.2782
epoch 54/200 loss 0.3059 train 0.9067 test 0.2401
epoch 55/200 loss 0.2604 train 0.9239 test 0.2543
epoch 56/200 loss 0.2465 train 0.9307 test 0.2765
epoch 57/200 loss 0.1873 train 0.9511 test 0.2766
epoch 58/200 loss 0.1876 train 0.9475 test 0.2647
epoch 59/200 loss 0.1530 train 0.9583 test 0.2822
epoch 60/200 loss 0.1197 train 0.9712 test 0.2979
epoch 61/200 loss 0.1089 train 0.9736 test 0.2879
epoch 62/200 loss 0.0969 train 0.9758 test 0.2737
epoch 63/200 loss 0.1012 train 0.9766 test 0.2872
epoch 64/200 loss 0.0957 train 0.9784 test 0.2959
epoch 65/200 loss 0.0924 train 0.9774 test 0.2844
epoch 66/200 loss 0.0983 train 0.9746 test 0.2617
epoch 67/200 loss 0.0902 train 0.9798 test 0.2851
epoch 68/200 loss 0.0979 train 0.9788 test 0.2905
epoch 69/200 loss 0.0922 train 0.9810 test 0.2596
epoch 70/200 loss 0.1032 train 0.9762 test 0.2721
epoch 71/200 loss 0.0844 train 0.9812 test 0.2901
epoch 72/200 loss 0.0691 train 0.9860 test 0.2859
epoch 73/200 loss 0.0524 train 0.9904 test 0.2926
epoch 74/200 loss 0.0583 train 0.9878 test 0.3020
epoch 75/200 loss 0.0679 train 0.9848 test 0.2819
epoch 76/200 loss 0.0747 train 0.9838 test 0.2872
epoch 77/200 loss 0.0691 train 0.9870 test 0.2948
epoch 78/200 loss 0.0861 train 0.9818 test 0.2844
epoch 79/200 loss 0.0837 train 0.9804 test 0.2774
epoch 80/200 loss 0.0789 train 0.9834 test 0.2844
epoch 81/200 loss 0.0608 train 0.9878 test 0.2838
epoch 82/200 loss 0.0734 train 0.9852 test 0.2911
epoch 83/200 loss 0.0719 train 0.9840 test 0.2822
epoch 84/200 loss 0.0578 train 0.9894 test 0.2900
epoch 85/200 loss 0.0468 train 0.9916 test 0.2969
epoch 86/200 loss 0.0503 train 0.9888 test 0.2910
epoch 87/200 loss 0.0419 train 0.9936 test 0.3079
epoch 88/200 loss 0.0433 train 0.9912 test 0.3029
epoch 89/200 loss 0.0388 train 0.9944 test 0.3054
epoch 90/200 loss 0.0299 train 0.9960 test 0.3103
epoch 91/200 loss 0.0204 train 0.9980 test 0.3226
epoch 92/200 loss 0.0234 train 0.9968 test 0.3031
epoch 93/200 loss 0.0421 train 0.9926 test 0.2992
epoch 94/200 loss 0.0283 train 0.9956 test 0.3105
epoch 95/200 loss 0.0168 train 0.9982 test 0.3285
epoch 96/200 loss 0.0121 train 0.9984 test 0.3336
epoch 97/200 loss 0.0121 train 0.9990 test 0.3258
epoch 98/200 loss 0.0095 train 0.9992 test 0.3329
epoch 99/200 loss 0.0065 train 0.9998 test 0.3404
epoch 100/200 loss 0.0055 train 0.9998 test 0.3403
epoch 101/200 loss 0.0054 train 0.9998 test 0.3404
epoch 102/200 loss 0.0047 train 0.9998 test 0.3433
epoch 103/200 loss 0.0048 train 0.9998 test 0.3450
epoch 104/200 loss 0.0051 train 0.9998 test 0.3456
epoch 105/200 loss 0.0051 train 0.9998 test 0.3434
epoch 106/200 loss 0.0051 train 0.9998 test 0.3426
epoch 107/200 loss 0.0049 train 1.0000 test 0.3441
epoch 108/200 loss 0.0053 train 0.9998 test 0.3457
epoch 109/200 loss 0.0051 train 1.0000 test 0.3447
epoch 110/200 loss 0.0055 train 0.9998 test 0.3439
epoch 111/200 loss 0.0060 train 0.9998 test 0.3460
epoch 112/200 loss 0.0056 train 1.0000 test 0.3484
epoch 113/200 loss 0.0058 train 1.0000 test 0.3454
epoch 114/200 loss 0.0056 train 1.0000 test 0.3447
epoch 115/200 loss 0.0058 train 0.9998 test 0.3488
epoch 116/200 loss 0.0063 train 0.9998 test 0.3474
epoch 117/200 loss 0.0059 train 0.9998 test 0.3468
epoch 118/200 loss 0.0065 train 0.9996 test 0.3484
epoch 119/200 loss 0.0064 train 0.9998 test 0.3472
epoch 120/200 loss 0.0063 train 0.9998 test 0.3478
epoch 121/200 loss 0.0064 train 0.9998 test 0.3456
epoch 122/200 loss 0.0065 train 0.9996 test 0.3492
epoch 123/200 loss 0.0063 train 0.9998 test 0.3465
epoch 124/200 loss 0.0067 train 0.9998 test 0.3461
epoch 125/200 loss 0.0061 train 1.0000 test 0.3472
epoch 126/200 loss 0.0063 train 0.9998 test 0.3486
epoch 127/200 loss 0.0063 train 1.0000 test 0.3466
epoch 128/200 loss 0.0065 train 1.0000 test 0.3472
epoch 129/200 loss 0.0064 train 0.9998 test 0.3482
epoch 130/200 loss 0.0063 train 1.0000 test 0.3485
epoch 131/200 loss 0.0065 train 0.9998 test 0.3485
epoch 132/200 loss 0.0064 train 0.9998 test 0.3490
epoch 133/200 loss 0.0064 train 1.0000 test 0.3476
epoch 134/200 loss 0.0064 train 1.0000 test 0.3494
epoch 135/200 loss 0.0066 train 1.0000 test 0.3461
epoch 136/200 loss 0.0066 train 0.9998 test 0.3485
epoch 137/200 loss 0.0066 train 1.0000 test 0.3476
epoch 138/200 loss 0.0066 train 0.9998 test 0.3454
epoch 139/200 loss 0.0064 train 1.0000 test 0.3484
epoch 140/200 loss 0.0063 train 0.9998 test 0.3467
epoch 141/200 loss 0.0065 train 0.9998 test 0.3467
epoch 142/200 loss 0.0067 train 0.9998 test 0.3482
epoch 143/200 loss 0.0062 train 1.0000 test 0.3489
epoch 144/200 loss 0.0063 train 1.0000 test 0.3476
epoch 145/200 loss 0.0062 train 1.0000 test 0.3503
epoch 146/200 loss 0.0061 train 1.0000 test 0.3477
epoch 147/200 loss 0.0068 train 0.9998 test 0.3472
epoch 148/200 loss 0.0063 train 1.0000 test 0.3469
epoch 149/200 loss 0.0062 train 1.0000 test 0.3484
epoch 150/200 loss 0.0062 train 1.0000 test 0.3468
epoch 151/200 loss 0.0064 train 1.0000 test 0.3486
epoch 152/200 loss 0.0063 train 1.0000 test 0.3483
epoch 153/200 loss 0.0064 train 1.0000 test 0.3465
epoch 154/200 loss 0.0061 train 1.0000 test 0.3487
epoch 155/200 loss 0.0068 train 0.9998 test 0.3480
epoch 156/200 loss 0.0062 train 1.0000 test 0.3478
epoch 157/200 loss 0.0064 train 0.9998 test 0.3477
epoch 158/200 loss 0.0062 train 0.9998 test 0.3459
epoch 159/200 loss 0.0061 train 1.0000 test 0.3458
epoch 160/200 loss 0.0061 train 1.0000 test 0.3484
epoch 161/200 loss 0.0062 train 1.0000 test 0.3468
epoch 162/200 loss 0.0063 train 1.0000 test 0.3457
epoch 163/200 loss 0.0064 train 0.9998 test 0.3483
epoch 164/200 loss 0.0063 train 1.0000 test 0.3468
epoch 165/200 loss 0.0063 train 1.0000 test 0.3464
epoch 166/200 loss 0.0063 train 1.0000 test 0.3473
epoch 167/200 loss 0.0063 train 0.9998 test 0.3466
epoch 168/200 loss 0.0064 train 1.0000 test 0.3470
epoch 169/200 loss 0.0065 train 0.9996 test 0.3475
epoch 170/200 loss 0.0063 train 0.9998 test 0.3469
epoch 171/200 loss 0.0059 train 1.0000 test 0.3467
epoch 172/200 loss 0.0059 train 1.0000 test 0.3463
epoch 173/200 loss 0.0066 train 0.9998 test 0.3476
epoch 174/200 loss 0.0061 train 0.9998 test 0.3460
epoch 175/200 loss 0.0061 train 0.9998 test 0.3470
epoch 176/200 loss 0.0059 train 1.0000 test 0.3472
epoch 177/200 loss 0.0062 train 0.9998 test 0.3476
epoch 178/200 loss 0.0063 train 1.0000 test 0.3453
epoch 179/200 loss 0.0065 train 0.9998 test 0.3476
epoch 180/200 loss 0.0061 train 1.0000 test 0.3461
epoch 181/200 loss 0.0060 train 1.0000 test 0.3460
epoch 182/200 loss 0.0061 train 1.0000 test 0.3462
epoch 183/200 loss 0.0060 train 1.0000 test 0.3472
epoch 184/200 loss 0.0060 train 0.9998 test 0.3470
epoch 185/200 loss 0.0060 train 1.0000 test 0.3468
epoch 186/200 loss 0.0060 train 1.0000 test 0.3483
epoch 187/200 loss 0.0058 train 1.0000 test 0.3464
epoch 188/200 loss 0.0062 train 0.9996 test 0.3456
epoch 189/200 loss 0.0061 train 0.9998 test 0.3461
epoch 190/200 loss 0.0061 train 1.0000 test 0.3458
epoch 191/200 loss 0.0061 train 1.0000 test 0.3467
epoch 192/200 loss 0.0060 train 0.9998 test 0.3475
epoch 193/200 loss 0.0062 train 1.0000 test 0.3453
epoch 194/200 loss 0.0059 train 0.9998 test 0.3465
epoch 195/200 loss 0.0061 train 0.9998 test 0.3446
epoch 196/200 loss 0.0062 train 0.9998 test 0.3456
epoch 197/200 loss 0.0062 train 1.0000 test 0.3473
epoch 198/200 loss 0.0062 train 1.0000 test 0.3457
epoch 199/200 loss 0.0061 train 1.0000 test 0.3472
epoch 200/200 loss 0.0060 train 1.0000 test 0.3473
done: final 0.3473 best 0.3503 -> ./runs/enrot_10pct/seed1
stem calibrated (True) on 1024 images
[enrot_10pct seed2] {"params_trainable": 11224740, "params_stem_trainable": 0, "params_stem_fixed_filters": 5808, "flops_total": 567371776, "flops_stem": 5947392, "flops_image_size": 32}
epoch 1/200 loss 4.4923 train 0.0304 test 0.0505
epoch 2/200 loss 4.1458 train 0.0681 test 0.0778
epoch 3/200 loss 3.9300 train 0.1020 test 0.1012
epoch 4/200 loss 3.7778 train 0.1212 test 0.1075
epoch 5/200 loss 3.6367 train 0.1450 test 0.1327
epoch 6/200 loss 3.5348 train 0.1607 test 0.1377
epoch 7/200 loss 3.4643 train 0.1629 test 0.1250
epoch 8/200 loss 3.3614 train 0.1865 test 0.1486
epoch 9/200 loss 3.2864 train 0.1943 test 0.1513
epoch 10/200 loss 3.1993 train 0.2091 test 0.1424
epoch 11/200 loss 3.0830 train 0.2328 test 0.1784
epoch 12/200 loss 3.0290 train 0.2396 test 0.1788
epoch 13/200 loss 2.9601 train 0.2486 test 0.1434
epoch 14/200 loss 2.9053 train 0.2600 test 0.1719
epoch 15/200 loss 2.7964 train 0.2823 test 0.1899
epoch 16/200 loss 2.7325 train 0.2971 test 0.1857
epoch 17/200 loss 2.6191 train 0.3197 test 0.2052
epoch 18/200 loss 2.5704 train 0.3205 test 0.1877
epoch 19/200 loss 2.5021 train 0.3387 test 0.2149
epoch 20/200 loss 2.4197 train 0.3596 test 0.2081
epoch 21/200 loss 2.3369 train 0.3728 test 0.2236
epoch 22/200 loss 2.2874 train 0.3842 test 0.2105
epoch 23/200 loss 2.1738 train 0.4181 test 0.2301
epoch 24/200 loss 2.1002 train 0.4209 test 0.2455
epoch 25/200 loss 2.0095 train 0.4507 test 0.2159
epoch 26/200 loss 1.9376 train 0.4563 test 0.2076
epoch 27/200 loss 1.8645 train 0.4762 test 0.1928
epoch 28/200 loss 1.7655 train 0.5018 test 0.2404
epoch 29/200 loss 1.6899 train 0.5246 test 0.2162
epoch 30/200 loss 1.5755 train 0.5505 test 0.2554
epoch 31/200 loss 1.5371 train 0.5631 test 0.2325
epoch 32/200 loss 1.4145 train 0.5909 test 0.2511
epoch 33/200 loss 1.3063 train 0.6214 test 0.2169
epoch 34/200 loss 1.2477 train 0.6284 test 0.2489
epoch 35/200 loss 1.1917 train 0.6516 test 0.2434
epoch 36/200 loss 1.1346 train 0.6617 test 0.2449
epoch 37/200 loss 1.0717 train 0.6773 test 0.2550
epoch 38/200 loss 0.9853 train 0.7043 test 0.2551
epoch 39/200 loss 0.9286 train 0.7216 test 0.2635
epoch 40/200 loss 0.7980 train 0.7642 test 0.2422
epoch 41/200 loss 0.7849 train 0.7600 test 0.2485
epoch 42/200 loss 0.7085 train 0.7857 test 0.2459
epoch 43/200 loss 0.6780 train 0.7921 test 0.2396
epoch 44/200 loss 0.6930 train 0.7849 test 0.2402
epoch 45/200 loss 0.5974 train 0.8209 test 0.2630
epoch 46/200 loss 0.4647 train 0.8618 test 0.2623
epoch 47/200 loss 0.3980 train 0.8830 test 0.2671
epoch 48/200 loss 0.3781 train 0.8876 test 0.2637
epoch 49/200 loss 0.3812 train 0.8872 test 0.2663
epoch 50/200 loss 0.3598 train 0.8944 test 0.2475
epoch 51/200 loss 0.3553 train 0.8926 test 0.2644
epoch 52/200 loss 0.3210 train 0.9048 test 0.2763
epoch 53/200 loss 0.2929 train 0.9125 test 0.2654
epoch 54/200 loss 0.2382 train 0.9267 test 0.2725
epoch 55/200 loss 0.2301 train 0.9363 test 0.2773
epoch 56/200 loss 0.2067 train 0.9413 test 0.2493
epoch 57/200 loss 0.2262 train 0.9365 test 0.2794
epoch 58/200 loss 0.2113 train 0.9425 test 0.2759
epoch 59/200 loss 0.2380 train 0.9311 test 0.2355
epoch 60/200 loss 0.2458 train 0.9291 test 0.2479
epoch 61/200 loss 0.2201 train 0.9369 test 0.2534
epoch 62/200 loss 0.1712 train 0.9521 test 0.2812
epoch 63/200 loss 0.1545 train 0.9593 test 0.2736
epoch 64/200 loss 0.1425 train 0.9601 test 0.2828
epoch 65/200 loss 0.1183 train 0.9730 test 0.2682
epoch 66/200 loss 0.1007 train 0.9780 test 0.2719
epoch 67/200 loss 0.0875 train 0.9812 test 0.2972
epoch 68/200 loss 0.0675 train 0.9870 test 0.3055
epoch 69/200 loss 0.0523 train 0.9900 test 0.2864
epoch 70/200 loss 0.0648 train 0.9854 test 0.2841
epoch 71/200 loss 0.0657 train 0.9858 test 0.2989
epoch 72/200 loss 0.0532 train 0.9876 test 0.3015
epoch 73/200 loss 0.0471 train 0.9914 test 0.3118
epoch 74/200 loss 0.0446 train 0.9906 test 0.3051
epoch 75/200 loss 0.0261 train 0.9974 test 0.3215
epoch 76/200 loss 0.0145 train 0.9994 test 0.3295
epoch 77/200 loss 0.0105 train 0.9994 test 0.3334
epoch 78/200 loss 0.0100 train 0.9996 test 0.3333
epoch 79/200 loss 0.0075 train 0.9996 test 0.3339
epoch 80/200 loss 0.0073 train 0.9996 test 0.3354
epoch 81/200 loss 0.0062 train 1.0000 test 0.3392
epoch 82/200 loss 0.0064 train 0.9996 test 0.3385
epoch 83/200 loss 0.0063 train 0.9998 test 0.3359
epoch 84/200 loss 0.0065 train 0.9998 test 0.3377
epoch 85/200 loss 0.0072 train 0.9996 test 0.3404
epoch 86/200 loss 0.0068 train 0.9998 test 0.3423
epoch 87/200 loss 0.0063 train 0.9998 test 0.3420
epoch 88/200 loss 0.0070 train 0.9998 test 0.3408
epoch 89/200 loss 0.0070 train 0.9998 test 0.3426
epoch 90/200 loss 0.0074 train 0.9996 test 0.3405
epoch 91/200 loss 0.0075 train 0.9998 test 0.3412
epoch 92/200 loss 0.0075 train 0.9998 test 0.3441
epoch 93/200 loss 0.0074 train 0.9998 test 0.3440
epoch 94/200 loss 0.0077 train 0.9998 test 0.3447
epoch 95/200 loss 0.0077 train 0.9998 test 0.3411
epoch 96/200 loss 0.0071 train 1.0000 test 0.3435
epoch 97/200 loss 0.0079 train 0.9998 test 0.3443
epoch 98/200 loss 0.0081 train 0.9998 test 0.3412
epoch 99/200 loss 0.0079 train 0.9996 test 0.3432
epoch 100/200 loss 0.0074 train 1.0000 test 0.3414
epoch 101/200 loss 0.0078 train 0.9998 test 0.3424
epoch 102/200 loss 0.0081 train 0.9996 test 0.3429
epoch 103/200 loss 0.0080 train 0.9996 test 0.3422
epoch 104/200 loss 0.0075 train 1.0000 test 0.3430
epoch 105/200 loss 0.0079 train 0.9998 test 0.3443
epoch 106/200 loss 0.0080 train 0.9998 test 0.3444
epoch 107/200 loss 0.0076 train 0.9998 test 0.3434
epoch 108/200 loss 0.0078 train 0.9996 test 0.3435
epoch 109/200 loss 0.0073 train 1.0000 test 0.3434
epoch 110/200 loss 0.0074 train 0.9998 test 0.3409
epoch 111/200 loss 0.0082 train 0.9998 test 0.3422
epoch 112/200 loss 0.0077 train 1.0000 test 0.3453
epoch 113/200 loss 0.0074 train 0.9998 test 0.3417
epoch 114/200 loss 0.0078 train 0.9998 test 0.3446
epoch 115/200 loss 0.0077 train 0.9996 test 0.3420
epoch 116/200 loss 0.0073 train 0.9998 test 0.3432
epoch 117/200 loss 0.0073 train 1.0000 test 0.3431
epoch 118/200 loss 0.0078 train 0.9996 test 0.3431
epoch 119/200 loss 0.0075 train 0.9998 test 0.3390
epoch 120/200 loss 0.0072 train 1.0000 test 0.3445
epoch 121/200 loss 0.0071 train 1.0000 test 0.3453
epoch 122/200 loss 0.0075 train 0.9998 test 0.3416
epoch 123/200 loss 0.0071 train 0.9998 test 0.3438
epoch 124/200 loss 0.0075 train 0.9998 test 0.3422
epoch 125/200 loss 0.0072 train 0.9998 test 0.3416
epoch 126/200 loss 0.0074 train 0.9996 test 0.3437
epoch 127/200 loss 0.0070 train 0.9998 test 0.3427
epoch 128/200 loss 0.0071 train 1.0000 test 0.3438
epoch 129/200 loss 0.0069 train 0.9996 test 0.3426
epoch 130/200 loss 0.0070 train 0.9998 test 0.3453
epoch 131/200 loss 0.0067 train 1.0000 test 0.3420
epoch 132/200 loss 0.0068 train 1.0000 test 0.3427
epoch 133/200 loss 0.0069 train 0.9998 test 0.3415
epoch 134/200 loss 0.0065 train 0.9998 test 0.3420
epoch 135/200 loss 0.0073 train 0.9998 test 0.3406
epoch 136/200 loss 0.0069 train 0.9998 test 0.3435
epoch 137/200 loss 0.0069 train 0.9996 test 0.3442
epoch 138/200 loss 0.0067 train 0.9998 test 0.3423
epoch 139/200 loss 0.0066 train 0.9998 test 0.3437
epoch 140/200 loss 0.0067 train 0.9998 test 0.3413
epoch 141/200 loss 0.0065 train 1.0000 test 0.3424
epoch 142/200 loss 0.0063 train 1.0000 test 0.3417
epoch 143/200 loss 0.0063 train 1.0000 test 0.3417
epoch 144/200 loss 0.0066 train 0.9998 test 0.3423
epoch 145/200 loss 0.0066 train 1.0000 test 0.3416
epoch 146/200 loss 0.0061 train 1.0000 test 0.3404
epoch 147/200 loss 0.0065 train 1.0000 test 0.3420
epoch 148/200 loss 0.0065 train 0.9998 test 0.3417
epoch 149/200 loss 0.0062 train 1.0000 test 0.3420
epoch 150/200 loss 0.0063 train 1.0000 test 0.3401
epoch 151/200 loss 0.0066 train 0.9998 test 0.3407
epoch 152/200 loss 0.0064 train 1.0000 test 0.3383
epoch 153/200 loss 0.0063 train 0.9998 test 0.3411
epoch 154/200 loss 0.0062 train 1.0000 test 0.3401
epoch 155/200 loss 0.0067 train 0.9998 test 0.3427
epoch 156/200 loss 0.0065 train 0.9998 test 0.3409
epoch 157/200 loss 0.0060 train 1.0000 test 0.3434
epoch 158/200 loss 0.0063 train 0.9996 test 0.3429
epoch 159/200 loss 0.0059 train 1.0000 test 0.3427
epoch 160/200 loss 0.0065 train 0.9998 test 0.3439
epoch 161/200 loss 0.0059 train 1.0000 test 0.3427
epoch 162/200 loss 0.0064 train 1.0000 test 0.3423
epoch 163/200 loss 0.0057 train 1.0000 test 0.3438
epoch 164/200 loss 0.0061 train 0.9998 test 0.3425
epoch 165/200 loss 0.0059 train 1.0000 test 0.3425
epoch 166/200 loss 0.0059 train 1.0000 test 0.3408
epoch 167/200 loss 0.0063 train 0.9998 test 0.3436
epoch 168/200 loss 0.0058 train 1.0000 test 0.3446
epoch 169/200 loss 0.0059 train 1.0000 test 0.3428
epoch 170/200 loss 0.0062 train 0.9998 test 0.3419
epoch 171/200 loss 0.0059 train 1.0000 test 0.3417
epoch 172/200 loss 0.0061 train 0.9998 test 0.3417
epoch 173/200 loss 0.0060 train 0.9998 test 0.3391
epoch 174/200 loss 0.0057 train 1.0000 test 0.3421
epoch 175/200 loss 0.0057 train 1.0000 test 0.3398
epoch 176/200 loss 0.0058 train 1.0000 test 0.3424
epoch 177/200 loss 0.0063 train 0.9998 test 0.3411
epoch 178/200 loss 0.0059 train 0.9998 test 0.3423
epoch 179/200 loss 0.0056 train 1.0000 test 0.3427
epoch 180/200 loss 0.0061 train 0.9998 test 0.3422
epoch 181/200 loss 0.0061 train 0.9998 test 0.3414
epoch 182/200 loss 0.0057 train 1.0000 test 0.3438
epoch 183/200 loss 0.0057 train 1.0000 test 0.3428
epoch 184/200 loss 0.0056 train 1.0000 test 0.3425
epoch 185/200 loss 0.0057 train 1.0000 test 0.3411
epoch 186/200 loss 0.0060 train 1.0000 test 0.3419
epoch 187/200 loss 0.0060 train 1.0000 test 0.3410
epoch 188/200 loss 0.0060 train 0.9998 test 0.3434
epoch 189/200 loss 0.0058 train 1.0000 test 0.3415
epoch 190/200 loss 0.0058 train 1.0000 test 0.3422
epoch 191/200 loss 0.0060 train 0.9998 test 0.3426
epoch 192/200 loss 0.0059 train 0.9998 test 0.3426
epoch 193/200 loss 0.0060 train 0.9998 test 0.3417
epoch 194/200 loss 0.0057 train 1.0000 test 0.3426
epoch 195/200 loss 0.0059 train 1.0000 test 0.3422
epoch 196/200 loss 0.0058 train 1.0000 test 0.3424
epoch 197/200 loss 0.0058 train 1.0000 test 0.3437
epoch 198/200 loss 0.0061 train 0.9998 test 0.3407
epoch 199/200 loss 0.0060 train 0.9998 test 0.3411
epoch 200/200 loss 0.0057 train 1.0000 test 0.3429
done: final 0.3429 best 0.3453 -> ./runs/enrot_10pct/seed2
stem calibrated (True) on 1024 images
[enstr_10pct seed0] {"params_trainable": 11225316, "params_stem_trainable": 0, "params_stem_fixed_filters": 1089, "flops_total": 563872768, "flops_stem": 1858560, "flops_image_size": 32}
epoch 1/200 loss 4.5139 train 0.0312 test 0.0464
epoch 2/200 loss 4.1500 train 0.0661 test 0.0716
epoch 3/200 loss 3.9566 train 0.0972 test 0.1026
epoch 4/200 loss 3.8023 train 0.1146 test 0.1084
epoch 5/200 loss 3.7072 train 0.1248 test 0.1163
epoch 6/200 loss 3.6335 train 0.1400 test 0.1288
epoch 7/200 loss 3.5268 train 0.1508 test 0.1372
epoch 8/200 loss 3.4238 train 0.1809 test 0.1384
epoch 9/200 loss 3.3441 train 0.1863 test 0.1431
epoch 10/200 loss 3.2622 train 0.1983 test 0.1660
epoch 11/200 loss 3.2014 train 0.2055 test 0.1666
epoch 12/200 loss 3.1383 train 0.2268 test 0.1774
epoch 13/200 loss 3.0417 train 0.2406 test 0.1785
epoch 14/200 loss 2.9957 train 0.2462 test 0.1730
epoch 15/200 loss 2.9037 train 0.2630 test 0.1905
epoch 16/200 loss 2.8169 train 0.2792 test 0.1903
epoch 17/200 loss 2.7788 train 0.2843 test 0.1801
epoch 18/200 loss 2.6984 train 0.3077 test 0.2203
epoch 19/200 loss 2.6196 train 0.3223 test 0.2162
epoch 20/200 loss 2.5582 train 0.3315 test 0.2273
epoch 21/200 loss 2.4787 train 0.3385 test 0.2322
epoch 22/200 loss 2.3975 train 0.3660 test 0.2239
epoch 23/200 loss 2.3624 train 0.3654 test 0.2318
epoch 24/200 loss 2.2306 train 0.3962 test 0.2278
epoch 25/200 loss 2.1905 train 0.4038 test 0.2419
epoch 26/200 loss 2.0669 train 0.4361 test 0.2447
epoch 27/200 loss 1.9768 train 0.4591 test 0.2472
epoch 28/200 loss 1.9442 train 0.4601 test 0.2584
epoch 29/200 loss 1.8621 train 0.4818 test 0.2435
epoch 30/200 loss 1.7607 train 0.5014 test 0.2573
epoch 31/200 loss 1.6800 train 0.5112 test 0.2456
epoch 32/200 loss 1.6102 train 0.5363 test 0.2530
epoch 33/200 loss 1.5292 train 0.5571 test 0.2318
epoch 34/200 loss 1.4626 train 0.5727 test 0.2500
epoch 35/200 loss 1.3768 train 0.5950 test 0.2537
epoch 36/200 loss 1.2407 train 0.6436 test 0.2535
epoch 37/200 loss 1.1592 train 0.6518 test 0.2377
epoch 38/200 loss 1.0978 train 0.6719 test 0.2367
epoch 39/200 loss 1.0272 train 0.6909 test 0.2369
epoch 40/200 loss 0.9943 train 0.7015 test 0.2533
epoch 41/200 loss 0.9029 train 0.7352 test 0.2626
epoch 42/200 loss 0.8411 train 0.7466 test 0.2526
epoch 43/200 loss 0.7530 train 0.7678 test 0.2662
epoch 44/200 loss 0.7081 train 0.7855 test 0.2617
epoch 45/200 loss 0.6448 train 0.7999 test 0.2503
epoch 46/200 loss 0.6144 train 0.8197 test 0.2623
epoch 47/200 loss 0.5559 train 0.8359 test 0.2502
epoch 48/200 loss 0.5167 train 0.8405 test 0.2749
epoch 49/200 loss 0.4324 train 0.8750 test 0.2716
epoch 50/200 loss 0.4057 train 0.8824 test 0.2622
epoch 51/200 loss 0.3550 train 0.8926 test 0.2809
epoch 52/200 loss 0.3812 train 0.8854 test 0.2627
epoch 53/200 loss 0.4177 train 0.8702 test 0.2579
epoch 54/200 loss 0.3532 train 0.9000 test 0.2680
epoch 55/200 loss 0.2904 train 0.9189 test 0.2748
epoch 56/200 loss 0.2607 train 0.9249 test 0.2667
epoch 57/200 loss 0.2339 train 0.9347 test 0.2796
epoch 58/200 loss 0.1783 train 0.9583 test 0.2715
epoch 59/200 loss 0.1800 train 0.9541 test 0.2797
epoch 60/200 loss 0.1809 train 0.9465 test 0.2756
epoch 61/200 loss 0.1900 train 0.9487 test 0.2889
epoch 62/200 loss 0.1863 train 0.9467 test 0.2830
epoch 63/200 loss 0.1779 train 0.9519 test 0.2840
epoch 64/200 loss 0.1560 train 0.9621 test 0.3018
epoch 65/200 loss 0.1129 train 0.9734 test 0.2886
epoch 66/200 loss 0.1012 train 0.9768 test 0.2818
epoch 67/200 loss 0.1001 train 0.9756 test 0.2905
epoch 68/200 loss 0.0929 train 0.9782 test 0.2886
epoch 69/200 loss 0.0848 train 0.9810 test 0.2850
epoch 70/200 loss 0.0901 train 0.9810 test 0.2994
epoch 71/200 loss 0.0723 train 0.9866 test 0.2972
epoch 72/200 loss 0.0499 train 0.9902 test 0.3035
epoch 73/200 loss 0.0396 train 0.9932 test 0.3094
epoch 74/200 loss 0.0378 train 0.9934 test 0.3088
epoch 75/200 loss 0.0299 train 0.9964 test 0.3118
epoch 76/200 loss 0.0314 train 0.9950 test 0.3108
epoch 77/200 loss 0.0360 train 0.9930 test 0.3182
epoch 78/200 loss 0.0316 train 0.9954 test 0.3196
epoch 79/200 loss 0.0303 train 0.9948 test 0.3168
epoch 80/200 loss 0.0218 train 0.9972 test 0.3192
epoch 81/200 loss 0.0224 train 0.9970 test 0.3255
epoch 82/200 loss 0.0234 train 0.9968 test 0.3226
epoch 83/200 loss 0.0230 train 0.9976 test 0.3196
epoch 84/200 loss 0.0237 train 0.9972 test 0.3291
epoch 85/200 loss 0.0192 train 0.9982 test 0.3241
epoch 86/200 loss 0.0242 train 0.9964 test 0.3151
epoch 87/200 loss 0.0340 train 0.9940 test 0.3151
epoch 88/200 loss 0.0267 train 0.9968 test 0.3159
epoch 89/200 loss 0.0170 train 0.9988 test 0.3289
epoch 90/200 loss 0.0183 train 0.9984 test 0.3263
epoch 91/200 loss 0.0170 train 0.9980 test 0.3287
epoch 92/200 loss 0.0138 train 0.9988 test 0.3339
epoch 93/200 loss 0.0132 train 0.9986 test 0.3399
epoch 94/200 loss 0.0088 train 0.9994 test 0.3399
epoch 95/200 loss 0.0119 train 0.9984 test 0.3359
epoch 96/200 loss 0.0113 train 0.9992 test 0.3359
epoch 97/200 loss 0.0087 train 0.9994 test 0.3387
epoch 98/200 loss 0.0083 train 0.9998 test 0.3391
epoch 99/200 loss 0.0070 train 0.9998 test 0.3456
epoch 100/200 loss 0.0065 train 0.9996 test 0.3443
epoch 101/200 loss 0.0064 train 0.9998 test 0.3425
epoch 102/200 loss 0.0061 train 0.9998 test 0.3450
epoch 103/200 loss 0.0066 train 0.9996 test 0.3440
epoch 104/200 loss 0.0070 train 0.9994 test 0.3390
epoch 105/200 loss 0.0077 train 0.9994 test 0.3415
epoch 106/200 loss 0.0070 train 0.9998 test 0.3418
epoch 107/200 loss 0.0071 train 0.9996 test 0.3434
epoch 108/200 loss 0.0071 train 0.9998 test 0.3447
epoch 109/200 loss 0.0071 train 0.9996 test 0.3405
epoch 110/200 loss 0.0071 train 0.9998 test 0.3440
epoch 111/200 loss 0.0070 train 0.9998 test 0.3452
epoch 112/200 loss 0.0074 train 0.9996 test 0.3457
epoch 113/200 loss 0.0074 train 0.9998 test 0.3442
epoch 114/200 loss 0.0070 train 0.9996 test 0.3435
epoch 115/200 loss 0.0070 train 0.9998 test 0.3454
epoch 116/200 loss 0.0070 train 0.9998 test 0.3468
epoch 117/200 loss 0.0069 train 0.9998 test 0.3478
epoch 118/200 loss 0.0072 train 0.9998 test 0.3444
epoch 119/200 loss 0.0074 train 0.9998 test 0.3447
epoch 120/200 loss 0.0076 train 0.9998 test 0.3459
epoch 121/200 loss 0.0074 train 0.9996 test 0.3473
epoch 122/200 loss 0.0072 train 0.9998 test 0.3466
epoch 123/200 loss 0.0071 train 0.9998 test 0.3454
epoch 124/200 loss 0.0072 train 0.9998 test 0.3464
epoch 125/200 loss 0.0073 train 0.9996 test 0.3460
epoch 126/200 loss 0.0072 train 0.9998 test 0.3445
epoch 127/200 loss 0.0074 train 0.9998 test 0.3467
epoch 128/200 loss 0.0069 train 1.0000 test 0.3461
epoch 129/200 loss 0.0072 train 0.9998 test 0.3481
epoch 130/200 loss 0.0071 train 0.9998 test 0.3472
epoch 131/200 loss 0.0073 train 0.9996 test 0.3472
epoch 132/200 loss 0.0072 train 0.9998 test 0.3498
epoch 133/200 loss 0.0070 train 0.9996 test 0.3487
epoch 134/200 loss 0.0069 train 0.9998 test 0.3463
epoch 135/200 loss 0.0071 train 0.9996 test 0.3472
epoch 136/200 loss 0.0071 train 0.9998 test 0.3469
epoch 137/200 loss 0.0070 train 0.9996 test 0.3475
epoch 138/200 loss 0.0069 train 0.9998 test 0.3468
epoch 139/200 loss 0.0068 train 0.9998 test 0.3489
epoch 140/200 loss 0.0069 train 0.9998 test 0.3475
epoch 141/200 loss 0.0071 train 0.9998 test 0.3493
epoch 142/200 loss 0.0069 train 0.9996 test 0.3473
epoch 143/200 loss 0.0069 train 0.9998 test 0.3503
epoch 144/200 loss 0.0072 train 0.9996 test 0.3475
epoch 145/200 loss 0.0070 train 0.9998 test 0.3480
epoch 146/200 loss 0.0067 train 0.9998 test 0.3489
epoch 147/200 loss 0.0066 train 1.0000 test 0.3493
epoch 148/200 loss 0.0067 train 0.9996 test 0.3462
epoch 149/200 loss 0.0067 train 0.9998 test 0.3496
epoch 150/200 loss 0.0065 train 0.9998 test 0.3470
epoch 151/200 loss 0.0067 train 0.9996 test 0.3474
epoch 152/200 loss 0.0066 train 0.9998 test 0.3503
epoch 153/200 loss 0.0066 train 0.9998 test 0.3494
epoch 154/200 loss 0.0067 train 0.9996 test 0.3484
epoch 155/200 loss 0.0065 train 0.9996 test 0.3491
epoch 156/200 loss 0.0064 train 0.9998 test 0.3478
epoch 157/200 loss 0.0064 train 0.9998 test 0.3494
epoch 158/200 loss 0.0065 train 0.9998 test 0.3490
epoch 159/200 loss 0.0063 train 1.0000 test 0.3481
epoch 160/200 loss 0.0069 train 0.9996 test 0.3496
epoch 161/200 loss 0.0065 train 0.9998 test 0.3486
epoch 162/200 loss 0.0067 train 0.9996 test 0.3454
epoch 163/200 loss 0.0066 train 0.9996 test 0.3484
epoch 164/200 loss 0.0063 train 0.9998 test 0.3491
epoch 165/200 loss 0.0065 train 0.9998 test 0.3486
epoch 166/200 loss 0.0065 train 0.9996 test 0.3495
epoch 167/200 loss 0.0066 train 0.9998 test 0.3489
epoch 168/200 loss 0.0067 train 0.9996 test 0.3495
epoch 169/200 loss 0.0066 train 0.9998 test 0.3481
epoch 170/200 loss 0.0065 train 0.9996 test 0.3491
epoch 171/200 loss 0.0066 train 0.9996 test 0.3474
epoch 172/200 loss 0.0066 train 0.9998 test 0.3481
epoch 173/200 loss 0.0065 train 0.9998 test 0.3481
epoch 174/200 loss 0.0063 train 0.9996 test 0.3482
epoch 175/200 loss 0.0065 train 0.9996 test 0.3476
epoch 176/200 loss 0.0065 train 0.9998 test 0.3489
epoch 177/200 loss 0.0064 train 1.0000 test 0.3493
epoch 178/200 loss 0.0064 train 0.9996 test 0.3486
epoch 179/200 loss 0.0065 train 1.0000 test 0.3491
epoch 180/200 loss 0.0065 train 0.9996 test 0.3498
epoch 181/200 loss 0.0066 train 0.9998 test 0.3514
epoch 182/200 loss 0.0066 train 1.0000 test 0.3489
epoch 183/200 loss 0.0062 train 1.0000 test 0.3494
epoch 184/200 loss 0.0062 train 1.0000 test 0.3498
epoch 185/200 loss 0.0064 train 1.0000 test 0.3492
epoch 186/200 loss 0.0064 train 1.0000 test 0.3482
epoch 187/200 loss 0.0065 train 1.0000 test 0.3501
epoch 188/200 loss 0.0063 train 0.9998 test 0.3484
epoch 189/200 loss 0.0065 train 0.9998 test 0.3496
epoch 190/200 loss 0.0063 train 0.9998 test 0.3485
epoch 191/200 loss 0.0059 train 1.0000 test 0.3501
epoch 192/200 loss 0.0062 train 1.0000 test 0.3492
epoch 193/200 loss 0.0064 train 1.0000 test 0.3490
epoch 194/200 loss 0.0065 train 1.0000 test 0.3463
epoch 195/200 loss 0.0064 train 0.9998 test 0.3493
epoch 196/200 loss 0.0063 train 0.9998 test 0.3491
epoch 197/200 loss 0.0061 train 1.0000 test 0.3491
epoch 198/200 loss 0.0060 train 0.9998 test 0.3498
epoch 199/200 loss 0.0063 train 1.0000 test 0.3492
epoch 200/200 loss 0.0062 train 1.0000 test 0.3500
done: final 0.3500 best 0.3514 -> ./runs/enstr_10pct/seed0
stem calibrated (True) on 1024 images
[enstr_10pct seed1] {"params_trainable": 11225316, "params_stem_trainable": 0, "params_stem_fixed_filters": 1089, "flops_total": 563872768, "flops_stem": 1858560, "flops_image_size": 32}
epoch 1/200 loss 4.5136 train 0.0302 test 0.0457
epoch 2/200 loss 4.2074 train 0.0547 test 0.0664
epoch 3/200 loss 3.9935 train 0.0817 test 0.0827
epoch 4/200 loss 3.8511 train 0.1106 test 0.1096
epoch 5/200 loss 3.7617 train 0.1174 test 0.1114
epoch 6/200 loss 3.6281 train 0.1356 test 0.1235
epoch 7/200 loss 3.5255 train 0.1558 test 0.1486
epoch 8/200 loss 3.4419 train 0.1691 test 0.1408
epoch 9/200 loss 3.3664 train 0.1765 test 0.1512
epoch 10/200 loss 3.2993 train 0.1919 test 0.1603
epoch 11/200 loss 3.2239 train 0.2057 test 0.1684
epoch 12/200 loss 3.1474 train 0.2234 test 0.1780
epoch 13/200 loss 3.0810 train 0.2300 test 0.1847
epoch 14/200 loss 2.9852 train 0.2492 test 0.1642
epoch 15/200 loss 2.9209 train 0.2666 test 0.1856
epoch 16/200 loss 2.8329 train 0.2764 test 0.2043
epoch 17/200 loss 2.7546 train 0.2987 test 0.2036
epoch 18/200 loss 2.6870 train 0.3055 test 0.2224
epoch 19/200 loss 2.6090 train 0.3213 test 0.2220
epoch 20/200 loss 2.5639 train 0.3247 test 0.2154
epoch 21/200 loss 2.4745 train 0.3480 test 0.2269
epoch 22/200 loss 2.3639 train 0.3642 test 0.2305
epoch 23/200 loss 2.2945 train 0.3850 test 0.2443
epoch 24/200 loss 2.2209 train 0.3980 test 0.2234
epoch 25/200 loss 2.1586 train 0.4175 test 0.2490
epoch 26/200 loss 2.0694 train 0.4309 test 0.2531
epoch 27/200 loss 2.0031 train 0.4447 test 0.2342
epoch 28/200 loss 1.9113 train 0.4661 test 0.2372
epoch 29/200 loss 1.8435 train 0.4796 test 0.2497
epoch 30/200 loss 1.7081 train 0.5162 test 0.2466
epoch 31/200 loss 1.6735 train 0.5276 test 0.2465
epoch 32/200 loss 1.5969 train 0.5337 test 0.2478
epoch 33/200 loss 1.4869 train 0.5735 test 0.2613
epoch 34/200 loss 1.3793 train 0.6086 test 0.2591
epoch 35/200 loss 1.3326 train 0.6078 test 0.2524
epoch 36/200 loss 1.2898 train 0.6186 test 0.2496
epoch 37/200 loss 1.1794 train 0.6466 test 0.2705
epoch 38/200 loss 1.0645 train 0.6827 test 0.2483
epoch 39/200 loss 1.0234 train 0.6905 test 0.2592
epoch 40/200 loss 0.9764 train 0.7063 test 0.2560
epoch 41/200 loss 0.9185 train 0.7246 test 0.2480
epoch 42/200 loss 0.8177 train 0.7538 test 0.2490
epoch 43/200 loss 0.7348 train 0.7821 test 0.2517
epoch 44/200 loss 0.6712 train 0.7987 test 0.2700
epoch 45/200 loss 0.6306 train 0.8149 test 0.2628
epoch 46/200 loss 0.6261 train 0.8117 test 0.2585
epoch 47/200 loss 0.5540 train 0.8323 test 0.2770
epoch 48/200 loss 0.5190 train 0.8482 test 0.2629
epoch 49/200 loss 0.5121 train 0.8375 test 0.2639
epoch 50/200 loss 0.4699 train 0.8580 test 0.2558
epoch 51/200 loss 0.4255 train 0.8782 test 0.2580
epoch 52/200 loss 0.3393 train 0.9000 test 0.2840
epoch 53/200 loss 0.3457 train 0.9036 test 0.2655
epoch 54/200 loss 0.2719 train 0.9233 test 0.2746
epoch 55/200 loss 0.2425 train 0.9331 test 0.2745
epoch 56/200 loss 0.2357 train 0.9345 test 0.2831
epoch 57/200 loss 0.2245 train 0.9373 test 0.2811
epoch 58/200 loss 0.2244 train 0.9341 test 0.2893
epoch 59/200 loss 0.2017 train 0.9429 test 0.2709
epoch 60/200 loss 0.2246 train 0.9349 test 0.2832
epoch 61/200 loss 0.2079 train 0.9411 test 0.2769
epoch 62/200 loss 0.1812 train 0.9503 test 0.2829
epoch 63/200 loss 0.1445 train 0.9643 test 0.2899
epoch 64/200 loss 0.1342 train 0.9671 test 0.2860
epoch 65/200 loss 0.1112 train 0.9738 test 0.2936
epoch 66/200 loss 0.1214 train 0.9663 test 0.2841
epoch 67/200 loss 0.1109 train 0.9750 test 0.3003
epoch 68/200 loss 0.0942 train 0.9782 test 0.2971
epoch 69/200 loss 0.1262 train 0.9696 test 0.2694
epoch 70/200 loss 0.1302 train 0.9696 test 0.2807
epoch 71/200 loss 0.1249 train 0.9683 test 0.2896
epoch 72/200 loss 0.1603 train 0.9585 test 0.2808
epoch 73/200 loss 0.1498 train 0.9609 test 0.2748
epoch 74/200 loss 0.1452 train 0.9647 test 0.2888
epoch 75/200 loss 0.1160 train 0.9698 test 0.2945
epoch 76/200 loss 0.1076 train 0.9730 test 0.2892
epoch 77/200 loss 0.0967 train 0.9766 test 0.3016
epoch 78/200 loss 0.0559 train 0.9910 test 0.3103
epoch 79/200 loss 0.0335 train 0.9948 test 0.3227
epoch 80/200 loss 0.0260 train 0.9966 test 0.3235
epoch 81/200 loss 0.0217 train 0.9972 test 0.3258
epoch 82/200 loss 0.0134 train 0.9988 test 0.3319
epoch 83/200 loss 0.0113 train 0.9992 test 0.3325
epoch 84/200 loss 0.0099 train 0.9990 test 0.3353
epoch 85/200 loss 0.0079 train 0.9996 test 0.3407
epoch 86/200 loss 0.0075 train 0.9998 test 0.3404
epoch 87/200 loss 0.0066 train 0.9996 test 0.3421
epoch 88/200 loss 0.0065 train 0.9998 test 0.3438
epoch 89/200 loss 0.0072 train 0.9992 test 0.3409
epoch 90/200 loss 0.0109 train 0.9988 test 0.3454
epoch 91/200 loss 0.0086 train 0.9994 test 0.3417
epoch 92/200 loss 0.0070 train 0.9996 test 0.3435
epoch 93/200 loss 0.0066 train 0.9998 test 0.3478
epoch 94/200 loss 0.0067 train 0.9998 test 0.3447
epoch 95/200 loss 0.0065 train 0.9996 test 0.3466
epoch 96/200 loss 0.0067 train 0.9996 test 0.3449
epoch 97/200 loss 0.0067 train 0.9998 test 0.3443
epoch 98/200 loss 0.0068 train 0.9996 test 0.3468
epoch 99/200 loss 0.0073 train 1.0000 test 0.3467
epoch 100/200 loss 0.0072 train 0.9998 test 0.3460
epoch 101/200 loss 0.0076 train 0.9998 test 0.3464
epoch 102/200 loss 0.0077 train 0.9998 test 0.3455
epoch 103/200 loss 0.0078 train 0.9996 test 0.3437
epoch 104/200 loss 0.0074 train 0.9998 test 0.3446
epoch 105/200 loss 0.0073 train 0.9998 test 0.3445
epoch 106/200 loss 0.0076 train 0.9998 test 0.3481
epoch 107/200 loss 0.0074 train 0.9998 test 0.3485
epoch 108/200 loss 0.0078 train 0.9998 test 0.3479
epoch 109/200 loss 0.0076 train 0.9996 test 0.3483
epoch 110/200 loss 0.0076 train 0.9996 test 0.3479
epoch 111/200 loss 0.0082 train 0.9996 test 0.3469
epoch 112/200 loss 0.0079 train 0.9996 test 0.3469
epoch 113/200 loss 0.0079 train 0.9998 test 0.3455
epoch 114/200 loss 0.0077 train 0.9998 test 0.3473
epoch 115/200 loss 0.0076 train 0.9998 test 0.3491
epoch 116/200 loss 0.0079 train 0.9998 test 0.3470
epoch 117/200 loss 0.0075 train 0.9996 test 0.3480
epoch 118/200 loss 0.0075 train 0.9996 test 0.3474
epoch 119/200 loss 0.0079 train 0.9998 test 0.3469
epoch 120/200 loss 0.0078 train 0.9996 test 0.3440
epoch 121/200 loss 0.0076 train 0.9998 test 0.3462
epoch 122/200 loss 0.0077 train 0.9996 test 0.3461
epoch 123/200 loss 0.0076 train 0.9998 test 0.3482
epoch 124/200 loss 0.0077 train 0.9996 test 0.3448
epoch 125/200 loss 0.0074 train 0.9998 test 0.3478
epoch 126/200 loss 0.0074 train 0.9998 test 0.3467
epoch 127/200 loss 0.0072 train 0.9998 test 0.3459
epoch 128/200 loss 0.0079 train 0.9996 test 0.3486
epoch 129/200 loss 0.0076 train 0.9996 test 0.3470
epoch 130/200 loss 0.0075 train 0.9998 test 0.3484
epoch 131/200 loss 0.0073 train 0.9996 test 0.3512
epoch 132/200 loss 0.0073 train 0.9998 test 0.3489
epoch 133/200 loss 0.0077 train 1.0000 test 0.3498
epoch 134/200 loss 0.0074 train 1.0000 test 0.3505
epoch 135/200 loss 0.0071 train 1.0000 test 0.3476
epoch 136/200 loss 0.0074 train 0.9996 test 0.3482
epoch 137/200 loss 0.0074 train 1.0000 test 0.3472
epoch 138/200 loss 0.0071 train 1.0000 test 0.3484
epoch 139/200 loss 0.0071 train 0.9996 test 0.3472
epoch 140/200 loss 0.0073 train 0.9998 test 0.3495
epoch 141/200 loss 0.0070 train 0.9996 test 0.3463
epoch 142/200 loss 0.0072 train 1.0000 test 0.3487
epoch 143/200 loss 0.0069 train 0.9998 test 0.3511
epoch 144/200 loss 0.0072 train 0.9998 test 0.3511
epoch 145/200 loss 0.0069 train 1.0000 test 0.3485
epoch 146/200 loss 0.0069 train 0.9998 test 0.3477
epoch 147/200 loss 0.0070 train 0.9996 test 0.3486
epoch 148/200 loss 0.0071 train 0.9996 test 0.3488
epoch 149/200 loss 0.0069 train 0.9998 test 0.3489
epoch 150/200 loss 0.0069 train 0.9996 test 0.3480
epoch 151/200 loss 0.0068 train 0.9996 test 0.3480
epoch 152/200 loss 0.0069 train 0.9998 test 0.3476
epoch 153/200 loss 0.0069 train 0.9996 test 0.3480
epoch 154/200 loss 0.0068 train 0.9998 test 0.3493
epoch 155/200 loss 0.0070 train 0.9996 test 0.3494
epoch 156/200 loss 0.0067 train 1.0000 test 0.3491
epoch 157/200 loss 0.0069 train 0.9998 test 0.3458
epoch 158/200 loss 0.0068 train 0.9996 test 0.3489
epoch 159/200 loss 0.0066 train 0.9998 test 0.3489
epoch 160/200 loss 0.0066 train 0.9996 test 0.3489
epoch 161/200 loss 0.0068 train 1.0000 test 0.3474
epoch 162/200 loss 0.0068 train 0.9998 test 0.3495
epoch 163/200 loss 0.0068 train 0.9996 test 0.3485
epoch 164/200 loss 0.0067 train 0.9998 test 0.3492
epoch 165/200 loss 0.0066 train 0.9996 test 0.3487
epoch 166/200 loss 0.0067 train 0.9996 test 0.3478
epoch 167/200 loss 0.0066 train 0.9998 test 0.3494
epoch 168/200 loss 0.0068 train 0.9998 test 0.3489
epoch 169/200 loss 0.0066 train 0.9998 test 0.3497
epoch 170/200 loss 0.0067 train 0.9998 test 0.3497
epoch 171/200 loss 0.0064 train 0.9998 test 0.3502
epoch 172/200 loss 0.0065 train 0.9998 test 0.3497
epoch 173/200 loss 0.0066 train 1.0000 test 0.3480
epoch 174/200 loss 0.0066 train 0.9996 test 0.3481
epoch 175/200 loss 0.0065 train 0.9998 test 0.3494
epoch 176/200 loss 0.0065 train 0.9998 test 0.3481
epoch 177/200 loss 0.0064 train 1.0000 test 0.3502
epoch 178/200 loss 0.0066 train 1.0000 test 0.3475
epoch 179/200 loss 0.0068 train 1.0000 test 0.3482
epoch 180/200 loss 0.0067 train 1.0000 test 0.3488
epoch 181/200 loss 0.0064 train 0.9998 test 0.3502
epoch 182/200 loss 0.0066 train 0.9998 test 0.3490
epoch 183/200 loss 0.0066 train 0.9996 test 0.3496
epoch 184/200 loss 0.0065 train 0.9998 test 0.3495
epoch 185/200 loss 0.0065 train 1.0000 test 0.3495
epoch 186/200 loss 0.0064 train 1.0000 test 0.3500
epoch 187/200 loss 0.0063 train 0.9998 test 0.3501
epoch 188/200 loss 0.0065 train 0.9998 test 0.3487
epoch 189/200 loss 0.0065 train 0.9996 test 0.3494
epoch 190/200 loss 0.0066 train 1.0000 test 0.3491
epoch 191/200 loss 0.0067 train 0.9998 test 0.3503
epoch 192/200 loss 0.0065 train 0.9998 test 0.3479
epoch 193/200 loss 0.0066 train 0.9998 test 0.3483
epoch 194/200 loss 0.0064 train 0.9996 test 0.3478
epoch 195/200 loss 0.0065 train 0.9998 test 0.3489
epoch 196/200 loss 0.0066 train 1.0000 test 0.3500
epoch 197/200 loss 0.0063 train 0.9998 test 0.3494
epoch 198/200 loss 0.0064 train 1.0000 test 0.3503
epoch 199/200 loss 0.0067 train 1.0000 test 0.3504
epoch 200/200 loss 0.0065 train 1.0000 test 0.3477
done: final 0.3477 best 0.3512 -> ./runs/enstr_10pct/seed1
stem calibrated (True) on 1024 images
[enstr_10pct seed2] {"params_trainable": 11225316, "params_stem_trainable": 0, "params_stem_fixed_filters": 1089, "flops_total": 563872768, "flops_stem": 1858560, "flops_image_size": 32}
epoch 1/200 loss 4.4871 train 0.0304 test 0.0516
epoch 2/200 loss 4.1822 train 0.0633 test 0.0872
epoch 3/200 loss 3.9667 train 0.0925 test 0.0962
epoch 4/200 loss 3.8147 train 0.1140 test 0.1151
epoch 5/200 loss 3.6994 train 0.1292 test 0.1130
epoch 6/200 loss 3.5907 train 0.1500 test 0.1255
epoch 7/200 loss 3.5355 train 0.1516 test 0.1198
epoch 8/200 loss 3.4385 train 0.1751 test 0.1395
epoch 9/200 loss 3.3779 train 0.1747 test 0.1551
epoch 10/200 loss 3.3085 train 0.1917 test 0.1555
epoch 11/200 loss 3.2099 train 0.2131 test 0.1663
epoch 12/200 loss 3.1466 train 0.2202 test 0.1656
epoch 13/200 loss 3.0985 train 0.2252 test 0.1739
epoch 14/200 loss 3.0027 train 0.2412 test 0.1803
epoch 15/200 loss 2.9160 train 0.2608 test 0.1952
epoch 16/200 loss 2.8726 train 0.2706 test 0.2040
epoch 17/200 loss 2.7728 train 0.2901 test 0.1900
epoch 18/200 loss 2.6927 train 0.3079 test 0.2133
epoch 19/200 loss 2.6248 train 0.3145 test 0.2141
epoch 20/200 loss 2.5287 train 0.3369 test 0.2078
epoch 21/200 loss 2.4779 train 0.3438 test 0.2123
epoch 22/200 loss 2.3942 train 0.3756 test 0.2116
epoch 23/200 loss 2.3041 train 0.3824 test 0.2152
epoch 24/200 loss 2.2365 train 0.3992 test 0.2331
epoch 25/200 loss 2.1664 train 0.4115 test 0.2342
epoch 26/200 loss 2.0753 train 0.4239 test 0.2316
epoch 27/200 loss 2.0108 train 0.4453 test 0.2534
epoch 28/200 loss 1.9309 train 0.4635 test 0.2506
epoch 29/200 loss 1.8395 train 0.4860 test 0.2379
epoch 30/200 loss 1.7604 train 0.5022 test 0.2602
epoch 31/200 loss 1.6573 train 0.5236 test 0.2632
epoch 32/200 loss 1.5632 train 0.5519 test 0.2499
epoch 33/200 loss 1.4993 train 0.5683 test 0.2504
epoch 34/200 loss 1.4131 train 0.5895 test 0.2557
epoch 35/200 loss 1.2617 train 0.6286 test 0.2575
epoch 36/200 loss 1.2623 train 0.6256 test 0.2307
epoch 37/200 loss 1.1868 train 0.6518 test 0.2506
epoch 38/200 loss 1.1385 train 0.6633 test 0.2629
epoch 39/200 loss 1.0468 train 0.6853 test 0.2483
epoch 40/200 loss 0.8653 train 0.7428 test 0.2666
epoch 41/200 loss 0.8074 train 0.7578 test 0.2626
epoch 42/200 loss 0.8105 train 0.7574 test 0.2475
epoch 43/200 loss 0.8479 train 0.7364 test 0.2628
epoch 44/200 loss 0.7646 train 0.7654 test 0.2623
epoch 45/200 loss 0.6566 train 0.8023 test 0.2764
epoch 46/200 loss 0.5576 train 0.8313 test 0.2667
epoch 47/200 loss 0.4574 train 0.8668 test 0.2870
epoch 48/200 loss 0.3979 train 0.8840 test 0.2691
epoch 49/200 loss 0.3996 train 0.8858 test 0.2680
epoch 50/200 loss 0.4125 train 0.8782 test 0.2698
epoch 51/200 loss 0.4668 train 0.8548 test 0.2441
epoch 52/200 loss 0.4356 train 0.8742 test 0.2759
epoch 53/200 loss 0.3810 train 0.8870 test 0.2841
epoch 54/200 loss 0.3313 train 0.9038 test 0.2497
epoch 55/200 loss 0.3047 train 0.9123 test 0.2772
epoch 56/200 loss 0.2763 train 0.9221 test 0.2738
epoch 57/200 loss 0.2262 train 0.9359 test 0.2810
epoch 58/200 loss 0.2139 train 0.9399 test 0.2727
epoch 59/200 loss 0.2129 train 0.9413 test 0.2790
epoch 60/200 loss 0.1743 train 0.9525 test 0.2945
epoch 61/200 loss 0.1829 train 0.9529 test 0.2757
epoch 62/200 loss 0.1736 train 0.9537 test 0.2788
epoch 63/200 loss 0.1435 train 0.9613 test 0.2877
epoch 64/200 loss 0.1348 train 0.9681 test 0.2987
epoch 65/200 loss 0.1096 train 0.9720 test 0.2803
epoch 66/200 loss 0.1186 train 0.9710 test 0.2922
epoch 67/200 loss 0.1103 train 0.9732 test 0.2867
epoch 68/200 loss 0.0986 train 0.9762 test 0.2983
epoch 69/200 loss 0.1039 train 0.9752 test 0.2832
epoch 70/200 loss 0.0879 train 0.9790 test 0.2941
epoch 71/200 loss 0.0742 train 0.9848 test 0.3083
epoch 72/200 loss 0.0825 train 0.9832 test 0.2960
epoch 73/200 loss 0.0932 train 0.9786 test 0.3045
epoch 74/200 loss 0.0833 train 0.9810 test 0.2973
epoch 75/200 loss 0.0620 train 0.9896 test 0.3065
epoch 76/200 loss 0.0433 train 0.9928 test 0.3045
epoch 77/200 loss 0.0381 train 0.9944 test 0.3196
epoch 78/200 loss 0.0371 train 0.9932 test 0.3135
epoch 79/200 loss 0.0254 train 0.9966 test 0.3203
epoch 80/200 loss 0.0189 train 0.9962 test 0.3135
epoch 81/200 loss 0.0266 train 0.9962 test 0.3275
epoch 82/200 loss 0.0198 train 0.9982 test 0.3289
epoch 83/200 loss 0.0130 train 0.9990 test 0.3313
epoch 84/200 loss 0.0166 train 0.9976 test 0.3256
epoch 85/200 loss 0.0211 train 0.9970 test 0.3189
epoch 86/200 loss 0.0236 train 0.9974 test 0.3236
epoch 87/200 loss 0.0219 train 0.9976 test 0.3313
epoch 88/200 loss 0.0196 train 0.9974 test 0.3242
epoch 89/200 loss 0.0156 train 0.9984 test 0.3253
epoch 90/200 loss 0.0194 train 0.9980 test 0.3347
epoch 91/200 loss 0.0136 train 0.9986 test 0.3317
epoch 92/200 loss 0.0090 train 0.9998 test 0.3394
epoch 93/200 loss 0.0077 train 0.9996 test 0.3405
epoch 94/200 loss 0.0064 train 0.9996 test 0.3381
epoch 95/200 loss 0.0063 train 0.9996 test 0.3426
epoch 96/200 loss 0.0059 train 0.9998 test 0.3441
epoch 97/200 loss 0.0060 train 0.9998 test 0.3428
epoch 98/200 loss 0.0061 train 0.9998 test 0.3425
epoch 99/200 loss 0.0066 train 0.9996 test 0.3454
epoch 100/200 loss 0.0090 train 0.9992 test 0.3422
epoch 101/200 loss 0.0105 train 0.9986 test 0.3429
epoch 102/200 loss 0.0094 train 0.9994 test 0.3384
epoch 103/200 loss 0.0112 train 0.9992 test 0.3408
epoch 104/200 loss 0.0079 train 0.9998 test 0.3430
epoch 105/200 loss 0.0075 train 0.9998 test 0.3440
epoch 106/200 loss 0.0071 train 0.9998 test 0.3462
epoch 107/200 loss 0.0068 train 0.9998 test 0.3457
epoch 108/200 loss 0.0071 train 0.9996 test 0.3466
epoch 109/200 loss 0.0069 train 0.9998 test 0.3467
epoch 110/200 loss 0.0071 train 0.9996 test 0.3445
epoch 111/200 loss 0.0073 train 0.9996 test 0.3477
epoch 112/200 loss 0.0070 train 0.9998 test 0.3460
epoch 113/200 loss 0.0070 train 0.9998 test 0.3462
epoch 114/200 loss 0.0071 train 0.9998 test 0.3472
epoch 115/200 loss 0.0072 train 0.9996 test 0.3479
epoch 116/200 loss 0.0070 train 0.9998 test 0.3484
epoch 117/200 loss 0.0071 train 0.9998 test 0.3493
epoch 118/200 loss 0.0074 train 0.9996 test 0.3483
epoch 119/200 loss 0.0071 train 0.9998 test 0.3487
epoch 120/200 loss 0.0072 train 0.9998 test 0.3451
epoch 121/200 loss 0.0073 train 0.9998 test 0.3479
epoch 122/200 loss 0.0071 train 0.9998 test 0.3477
epoch 123/200 loss 0.0070 train 0.9998 test 0.3487
epoch 124/200 loss 0.0075 train 0.9998 test 0.3475
epoch 125/200 loss 0.0071 train 0.9996 test 0.3468
epoch 126/200 loss 0.0070 train 0.9996 test 0.3488
epoch 127/200 loss 0.0071 train 0.9998 test 0.3491
epoch 128/200 loss 0.0070 train 0.9996 test 0.3485
epoch 129/200 loss 0.0071 train 0.9996 test 0.3478
epoch 130/200 loss 0.0070 train 0.9998 test 0.3505
epoch 131/200 loss 0.0069 train 0.9996 test 0.3485
epoch 132/200 loss 0.0071 train 1.0000 test 0.3475
epoch 133/200 loss 0.0072 train 0.9996 test 0.3463
epoch 134/200 loss 0.0070 train 0.9998 test 0.3476
epoch 135/200 loss 0.0070 train 0.9998 test 0.3508
epoch 136/200 loss 0.0072 train 0.9998 test 0.3498
epoch 137/200 loss 0.0069 train 0.9996 test 0.3469
epoch 138/200 loss 0.0068 train 0.9998 test 0.3488
epoch 139/200 loss 0.0068 train 0.9998 test 0.3492
epoch 140/200 loss 0.0071 train 0.9998 test 0.3471
epoch 141/200 loss 0.0069 train 0.9996 test 0.3483
epoch 142/200 loss 0.0067 train 0.9998 test 0.3476
epoch 143/200 loss 0.0067 train 0.9998 test 0.3510
epoch 144/200 loss 0.0068 train 0.9998 test 0.3489
epoch 145/200 loss 0.0068 train 0.9998 test 0.3505
epoch 146/200 loss 0.0066 train 0.9998 test 0.3496
epoch 147/200 loss 0.0065 train 1.0000 test 0.3514
epoch 148/200 loss 0.0068 train 0.9996 test 0.3510
epoch 149/200 loss 0.0068 train 0.9996 test 0.3520
epoch 150/200 loss 0.0066 train 0.9998 test 0.3500
epoch 151/200 loss 0.0067 train 0.9998 test 0.3502
epoch 152/200 loss 0.0069 train 1.0000 test 0.3513
epoch 153/200 loss 0.0067 train 0.9996 test 0.3489
epoch 154/200 loss 0.0066 train 1.0000 test 0.3494
epoch 155/200 loss 0.0069 train 0.9996 test 0.3504
epoch 156/200 loss 0.0067 train 0.9998 test 0.3513
epoch 157/200 loss 0.0065 train 0.9998 test 0.3494
epoch 158/200 loss 0.0065 train 0.9996 test 0.3498
epoch 159/200 loss 0.0065 train 0.9998 test 0.3501
epoch 160/200 loss 0.0067 train 0.9996 test 0.3511
epoch 161/200 loss 0.0065 train 0.9996 test 0.3495
epoch 162/200 loss 0.0067 train 0.9998 test 0.3509
epoch 163/200 loss 0.0064 train 0.9996 test 0.3513
epoch 164/200 loss 0.0064 train 0.9998 test 0.3522
epoch 165/200 loss 0.0064 train 0.9998 test 0.3529
epoch 166/200 loss 0.0065 train 0.9998 test 0.3496
epoch 167/200 loss 0.0068 train 0.9998 test 0.3526
epoch 168/200 loss 0.0063 train 1.0000 test 0.3514
epoch 169/200 loss 0.0065 train 0.9998 test 0.3516
epoch 170/200 loss 0.0064 train 0.9998 test 0.3511
epoch 171/200 loss 0.0063 train 0.9998 test 0.3506
epoch 172/200 loss 0.0063 train 0.9998 test 0.3496
epoch 173/200 loss 0.0063 train 0.9998 test 0.3520
epoch 174/200 loss 0.0064 train 0.9998 test 0.3508
epoch 175/200 loss 0.0064 train 0.9998 test 0.3519
epoch 176/200 loss 0.0063 train 1.0000 test 0.3519
epoch 177/200 loss 0.0063 train 0.9998 test 0.3509
epoch 178/200 loss 0.0062 train 0.9998 test 0.3523
epoch 179/200 loss 0.0062 train 1.0000 test 0.3507
epoch 180/200 loss 0.0063 train 0.9996 test 0.3527
epoch 181/200 loss 0.0064 train 1.0000 test 0.3522
epoch 182/200 loss 0.0063 train 0.9998 test 0.3517
epoch 183/200 loss 0.0061 train 1.0000 test 0.3508
epoch 184/200 loss 0.0062 train 1.0000 test 0.3514
epoch 185/200 loss 0.0062 train 0.9998 test 0.3512
epoch 186/200 loss 0.0063 train 1.0000 test 0.3511
epoch 187/200 loss 0.0064 train 0.9998 test 0.3509
epoch 188/200 loss 0.0061 train 0.9998 test 0.3514
epoch 189/200 loss 0.0061 train 1.0000 test 0.3509
epoch 190/200 loss 0.0063 train 1.0000 test 0.3504
epoch 191/200 loss 0.0064 train 0.9998 test 0.3507
epoch 192/200 loss 0.0062 train 0.9996 test 0.3528
epoch 193/200 loss 0.0063 train 0.9998 test 0.3503
epoch 194/200 loss 0.0062 train 1.0000 test 0.3511
epoch 195/200 loss 0.0063 train 1.0000 test 0.3532
epoch 196/200 loss 0.0065 train 0.9998 test 0.3516
epoch 197/200 loss 0.0060 train 1.0000 test 0.3522
epoch 198/200 loss 0.0064 train 0.9996 test 0.3529
epoch 199/200 loss 0.0063 train 0.9998 test 0.3529
epoch 200/200 loss 0.0062 train 0.9998 test 0.3517
done: final 0.3517 best 0.3532 -> ./runs/enstr_10pct/seed2
ENERGY_BAND_10PCT_DONE
stem calibrated (True) on 1024 images
[enmag_5pct seed0] {"params_trainable": 11224740, "params_stem_trainable": 0, "params_stem_fixed_filters": 1936, "flops_total": 563406848, "flops_stem": 1982464, "flops_image_size": 32}
epoch 1/200 loss 4.6348 train 0.0148 test 0.0428
epoch 2/200 loss 4.3353 train 0.0444 test 0.0527
epoch 3/200 loss 4.0958 train 0.0732 test 0.0727
epoch 4/200 loss 3.8977 train 0.1016 test 0.0861
epoch 5/200 loss 3.7530 train 0.1262 test 0.1035
epoch 6/200 loss 3.6710 train 0.1336 test 0.1090
epoch 7/200 loss 3.5401 train 0.1587 test 0.1224
epoch 8/200 loss 3.4529 train 0.1661 test 0.1051
epoch 9/200 loss 3.3839 train 0.1727 test 0.1257
epoch 10/200 loss 3.3207 train 0.1896 test 0.1251
epoch 11/200 loss 3.2810 train 0.1817 test 0.1353
epoch 12/200 loss 3.1275 train 0.2249 test 0.1427
epoch 13/200 loss 3.0683 train 0.2323 test 0.1360
epoch 14/200 loss 3.0008 train 0.2451 test 0.1519
epoch 15/200 loss 2.9361 train 0.2525 test 0.1584
epoch 16/200 loss 2.8693 train 0.2664 test 0.1708
epoch 17/200 loss 2.8103 train 0.2763 test 0.1753
epoch 18/200 loss 2.7213 train 0.2887 test 0.1583
epoch 19/200 loss 2.6596 train 0.3043 test 0.1728
epoch 20/200 loss 2.6227 train 0.3141 test 0.1908
epoch 21/200 loss 2.4601 train 0.3549 test 0.1877
epoch 22/200 loss 2.4357 train 0.3561 test 0.1910
epoch 23/200 loss 2.3330 train 0.3717 test 0.1784
epoch 24/200 loss 2.2573 train 0.3869 test 0.1866
epoch 25/200 loss 2.1287 train 0.4223 test 0.1867
epoch 26/200 loss 2.1249 train 0.4342 test 0.1810
epoch 27/200 loss 1.9817 train 0.4502 test 0.1881
epoch 28/200 loss 1.9175 train 0.4692 test 0.2048
epoch 29/200 loss 1.8574 train 0.4807 test 0.2063
epoch 30/200 loss 1.7978 train 0.4877 test 0.1885
epoch 31/200 loss 1.7347 train 0.5115 test 0.1953
epoch 32/200 loss 1.6194 train 0.5292 test 0.2060
epoch 33/200 loss 1.5987 train 0.5485 test 0.1985
epoch 34/200 loss 1.4573 train 0.5863 test 0.2177
epoch 35/200 loss 1.3259 train 0.6155 test 0.2079
epoch 36/200 loss 1.1950 train 0.6513 test 0.1950
epoch 37/200 loss 1.1073 train 0.6850 test 0.2076
epoch 38/200 loss 1.0437 train 0.6924 test 0.2081
Terminated
Traceback (most recent call last):
  File "/home/amughrabi/anaconda3/lib/python3.12/multiprocessing/resource_sharer.py", line 138, in _serve
stem calibrated (True) on 1024 images
[enmag_5pct seed1] {"params_trainable": 11224740, "params_stem_trainable": 0, "params_stem_fixed_filters": 1936, "flops_total": 563406848, "flops_stem": 1982464, "flops_image_size": 32}
epoch 1/200 loss 4.6273 train 0.0210 test 0.0383
epoch 2/200 loss 4.3262 train 0.0498 test 0.0556
epoch 3/200 loss 4.1351 train 0.0646 test 0.0771
Terminated
stem calibrated (True) on 1024 images
[enmag_5pct seed2] {"params_trainable": 11224740, "params_stem_trainable": 0, "params_stem_fixed_filters": 1936, "flops_total": 563406848, "flops_stem": 1982464, "flops_image_size": 32}
epoch 1/200 loss 4.6154 train 0.0197 test 0.0415
epoch 2/200 loss 4.3408 train 0.0461 test 0.0676
epoch 3/200 loss 4.0818 train 0.0732 test 0.0802
epoch 4/200 loss 3.8946 train 0.1036 test 0.0910
epoch 5/200 loss 3.7451 train 0.1427 test 0.1049
epoch 6/200 loss 3.6056 train 0.1456 test 0.1233
epoch 7/200 loss 3.4925 train 0.1554 test 0.1214
epoch 8/200 loss 3.4571 train 0.1706 test 0.1237
epoch 9/200 loss 3.3927 train 0.1772 test 0.1311
epoch 10/200 loss 3.2366 train 0.2089 test 0.1387
