[cifar10] 25-shot probes for 9 cells
  c10_aux_2pct seed0 [last.pt]: 25-shot test 57.70
  c10_aux_2pct seed1 [last.pt]: 25-shot test 58.13
  c10_aux_2pct seed2 [last.pt]: 25-shot test 57.79
  c10_aux_5pct seed0 [last.pt]: 25-shot test 73.54
  c10_aux_5pct seed1 [last.pt]: 25-shot test 73.29
  c10_aux_5pct seed2 [last.pt]: 25-shot test 72.82
  c10_none_2pct seed0 [last.pt]: 25-shot test 52.13
  c10_none_2pct seed1 [last.pt]: 25-shot test 51.50
  c10_none_2pct seed2 [last.pt]: 25-shot test 49.54
  c10_none_5pct seed0 [last.pt]: 25-shot test 68.37
  c10_none_5pct seed1 [last.pt]: 25-shot test 68.59
  c10_none_5pct seed2 [last.pt]: 25-shot test 68.54
  diaggrid_dino_c10_10pct seed0 [last.pt]: 25-shot test 63.45
  diaggrid_dino_c10_10pct seed1 [last.pt]: 25-shot test 62.13
  diaggrid_dino_c10_10pct seed2 [last.pt]: 25-shot test 62.84
  diaggrid_simclr_c10_2pct seed0 [last.pt]: 25-shot test 59.26
  diaggrid_simclr_c10_2pct seed1 [last.pt]: 25-shot test 59.96
  diaggrid_simclr_c10_2pct seed2 [last.pt]: 25-shot test 58.66
  diaggrid_simsiam_c10_5pct seed0 [last.pt]: 25-shot test 68.24
  diaggrid_simsiam_c10_5pct seed1 [last.pt]: 25-shot test 69.42
  diaggrid_simsiam_c10_5pct seed2 [last.pt]: 25-shot test 68.60
  diaggrid_vit_c10_aux_10pct seed0 [last.pt]: 25-shot test 66.19
  diaggrid_vit_c10_aux_10pct seed1 [last.pt]: 25-shot test 65.55
  diaggrid_vit_c10_aux_10pct seed2 [last.pt]: 25-shot test 66.36
  diaggrid_vit_c10_none_10pct seed0 [last.pt]: 25-shot test 53.28
  diaggrid_vit_c10_none_10pct seed1 [last.pt]: 25-shot test 49.79
  diaggrid_vit_c10_none_10pct seed2 [last.pt]: 25-shot test 51.81
[cifar100] 25-shot probes for 50 cells
  abl10_none seed0 [last.pt]: 25-shot test 40.15
  abl10_none seed1 [last.pt]: 25-shot test 39.40
  abl10_none seed2 [last.pt]: 25-shot test 40.51
  abl25_none seed0 [last.pt]: 25-shot test 61.64
  abl25_none seed1 [last.pt]: 25-shot test 60.84
  abl25_none seed2 [last.pt]: 25-shot test 61.06
  auxmag_10pct_sched0 seed0 [last.pt]: 25-shot test 44.02
  auxmag_10pct_sched0 seed1 [last.pt]: 25-shot test 44.73
  auxmag_10pct_sched0 seed2 [last.pt]: 25-shot test 44.03
  auxmag_25pct_sched0 seed0 [last.pt]: 25-shot test 61.43
  auxmag_25pct_sched0 seed1 [last.pt]: 25-shot test 61.26
  auxmag_25pct_sched0 seed2 [last.pt]: 25-shot test 61.68
  diagdeit_aux_10pct seed0 [last.pt]: 25-shot test 39.11
  diagdeit_aux_10pct seed1 [last.pt]: 25-shot test 39.10
  diagdeit_aux_10pct seed2 [last.pt]: 25-shot test 39.94
  diagdeit_none_100pct seed0 [last.pt]: 25-shot test 56.48
  diagdeit_none_100pct seed1 [last.pt]: 25-shot test 57.12
  diagdeit_none_100pct seed2 [last.pt]: 25-shot test 57.59
  diagdeit_none_10pct seed0 [last.pt]: 25-shot test 15.58
  diagdeit_none_10pct seed1 [last.pt]: 25-shot test 18.88
  diagdeit_none_10pct seed2 [last.pt]: 25-shot test 17.25
  diagdeit_none_15pct seed0 [last.pt]: 25-shot test 20.21
  diagdeit_none_15pct seed1 [last.pt]: 25-shot test 22.15
  diagdeit_none_15pct seed2 [last.pt]: 25-shot test 15.75
  diagdeit_none_1pct seed0 [last.pt]: 25-shot test 11.26
  diagdeit_none_1pct seed1 [last.pt]: 25-shot test 9.88
  diagdeit_none_1pct seed2 [last.pt]: 25-shot test 11.87
  diagdeit_none_25pct seed0 [last.pt]: 25-shot test 25.28
  diagdeit_none_25pct seed1 [last.pt]: 25-shot test 27.20
  diagdeit_none_25pct seed2 [last.pt]: 25-shot test 24.97
  diagdeit_none_2pct seed0 [last.pt]: 25-shot test 11.28
  diagdeit_none_2pct seed1 [last.pt]: 25-shot test 12.60
  diagdeit_none_2pct seed2 [last.pt]: 25-shot test 11.90
  diagdeit_none_3pct seed0 [last.pt]: 25-shot test 11.98
  diagdeit_none_3pct seed1 [last.pt]: 25-shot test 12.39
  diagdeit_none_3pct seed2 [last.pt]: 25-shot test 12.52
  diagdeit_none_5pct seed0 [last.pt]: 25-shot test 13.37
  diagdeit_none_5pct seed1 [last.pt]: 25-shot test 11.82
  diagdeit_none_5pct seed2 [last.pt]: 25-shot test 11.53
  diagdeit_none_7pct seed0 [last.pt]: 25-shot test 13.38
  diagdeit_none_7pct seed1 [last.pt]: 25-shot test 14.97
  diagdeit_none_7pct seed2 [last.pt]: 25-shot test 14.22
  diagdeitssl_simclr_10pct seed0 [last.pt]: 25-shot test 36.29
  diagdeitssl_simclr_10pct seed1 [last.pt]: 25-shot test 35.77
  diagdeitssl_simclr_10pct seed2 [last.pt]: 25-shot test 33.51
  diaggrid_dino_c100_25pct seed0 [last.pt]: 25-shot test 41.01
  diaggrid_dino_c100_25pct seed1 [last.pt]: 25-shot test 40.59
  diaggrid_dino_c100_25pct seed2 [last.pt]: 25-shot test 40.82
  diaggrid_dino_vit_10pct seed0 [last.pt]: 25-shot test 25.38
  diaggrid_dino_vit_10pct seed1 [last.pt]: 25-shot test 23.68
  diaggrid_dino_vit_10pct seed2 [last.pt]: 25-shot test 24.95
  diaggrid_dino_vit_5pct seed0 [last.pt]: 25-shot test 14.90
  diaggrid_dino_vit_5pct seed1 [last.pt]: 25-shot test 15.00
  diaggrid_dino_vit_5pct seed2 [last.pt]: 25-shot test 15.73
  diaggrid_simclr_c100_10pct seed0 [last.pt]: 25-shot test 48.86
  diaggrid_simclr_c100_10pct seed1 [last.pt]: 25-shot test 48.75
  diaggrid_simclr_c100_10pct seed2 [last.pt]: 25-shot test 47.80
  diaggrid_simclr_c100_25pct seed0 [last.pt]: 25-shot test 63.38
  diaggrid_simclr_c100_25pct seed1 [last.pt]: 25-shot test 63.12
  diaggrid_simclr_c100_25pct seed2 [last.pt]: 25-shot test 63.60
  diaggrid_simclr_c100_5pct seed0 [last.pt]: 25-shot test 34.67
  diaggrid_simclr_c100_5pct seed1 [last.pt]: 25-shot test 34.55
  diaggrid_simclr_c100_5pct seed2 [last.pt]: 25-shot test 34.41
  diaggrid_simsiam_c100_10pct seed0 [last.pt]: 25-shot test 40.97
  diaggrid_simsiam_c100_10pct seed1 [last.pt]: 25-shot test 40.31
  diaggrid_simsiam_c100_10pct seed2 [last.pt]: 25-shot test 40.70
  diaggrid_simsiam_c100_5pct seed0 [last.pt]: 25-shot test 25.38
  diaggrid_simsiam_c100_5pct seed1 [last.pt]: 25-shot test 25.25
  diaggrid_simsiam_c100_5pct seed2 [last.pt]: 25-shot test 25.63
  diagmae_vit_10pct seed0 [last.pt]: 25-shot test 29.51
  diagmae_vit_10pct seed1 [last.pt]: 25-shot test 29.09
  diagmae_vit_10pct seed2 [last.pt]: 25-shot test 29.52
  diagmae_vit_1pct seed0 [last.pt]: 25-shot test 8.54
  diagmae_vit_1pct seed1 [last.pt]: 25-shot test 9.07
  diagmae_vit_1pct seed2 [last.pt]: 25-shot test 9.14
  diagmae_vit_25pct seed0 [last.pt]: 25-shot test 40.33
  diagmae_vit_25pct seed1 [last.pt]: 25-shot test 44.07
  diagmae_vit_25pct seed2 [last.pt]: 25-shot test 43.06
  diagmae_vit_2pct seed0 [last.pt]: 25-shot test 11.40
  diagmae_vit_2pct seed1 [last.pt]: 25-shot test 10.24
  diagmae_vit_2pct seed2 [last.pt]: 25-shot test 11.21
  diagmae_vit_5pct seed0 [last.pt]: 25-shot test 21.65
  diagmae_vit_5pct seed1 [last.pt]: 25-shot test 18.05
  diagmae_vit_5pct seed2 [last.pt]: 25-shot test 21.83
  diagsslvit_simclr_10pct seed0 [last.pt]: 25-shot test 30.48
  diagsslvit_simclr_10pct seed1 [last.pt]: 25-shot test 30.17
  diagsslvit_simclr_10pct seed2 [last.pt]: 25-shot test 28.89
  diagsslvit_simclr_1pct seed0 [last.pt]: 25-shot test 8.89
  diagsslvit_simclr_1pct seed1 [last.pt]: 25-shot test 9.21
  diagsslvit_simclr_1pct seed2 [last.pt]: 25-shot test 9.04
  diagsslvit_simclr_25pct seed0 [last.pt]: 25-shot test 43.24
  diagsslvit_simclr_25pct seed1 [last.pt]: 25-shot test 43.80
  diagsslvit_simclr_25pct seed2 [last.pt]: 25-shot test 43.48
  diagsslvit_simclr_5pct seed0 [last.pt]: 25-shot test 20.95
  diagsslvit_simclr_5pct seed1 [last.pt]: 25-shot test 20.94
  diagsslvit_simclr_5pct seed2 [last.pt]: 25-shot test 19.46
  diagvit_aux_100pct seed0 [last.pt]: 25-shot test 60.05
  diagvit_aux_100pct seed1 [last.pt]: 25-shot test 59.65
  diagvit_aux_100pct seed2 [last.pt]: 25-shot test 59.15
  diagvit_aux_10pct seed0 [last.pt]: 25-shot test 29.41
  diagvit_aux_10pct seed1 [last.pt]: 25-shot test 29.25
  diagvit_aux_10pct seed2 [last.pt]: 25-shot test 29.96
  diagvit_aux_15pct seed0 [last.pt]: 25-shot test 35.34
  diagvit_aux_15pct seed1 [last.pt]: 25-shot test 35.43
  diagvit_aux_15pct seed2 [last.pt]: 25-shot test 35.26
  diagvit_aux_1pct seed0 [last.pt]: 25-shot test 11.17
  diagvit_aux_1pct seed1 [last.pt]: 25-shot test 11.03
  diagvit_aux_1pct seed2 [last.pt]: 25-shot test 10.88
  diagvit_aux_25pct seed0 [last.pt]: 25-shot test 41.41
  diagvit_aux_25pct seed1 [last.pt]: 25-shot test 41.93
  diagvit_aux_25pct seed2 [last.pt]: 25-shot test 42.25
  diagvit_aux_2pct seed0 [last.pt]: 25-shot test 13.10
  diagvit_aux_2pct seed1 [last.pt]: 25-shot test 13.70
  diagvit_aux_2pct seed2 [last.pt]: 25-shot test 13.19
  diagvit_aux_3pct seed0 [last.pt]: 25-shot test 16.18
  diagvit_aux_3pct seed1 [last.pt]: 25-shot test 15.15
  diagvit_aux_3pct seed2 [last.pt]: 25-shot test 16.23
  diagvit_aux_5pct seed0 [last.pt]: 25-shot test 21.26
  diagvit_aux_5pct seed1 [last.pt]: 25-shot test 21.42
  diagvit_aux_5pct seed2 [last.pt]: 25-shot test 21.97
  diagvit_aux_7pct seed0 [last.pt]: 25-shot test 25.38
  diagvit_aux_7pct seed1 [last.pt]: 25-shot test 25.07
  diagvit_aux_7pct seed2 [last.pt]: 25-shot test 25.23
  diagvit_none_100pct seed0 [last.pt]: 25-shot test 49.40
  diagvit_none_100pct seed1 [last.pt]: 25-shot test 50.23
  diagvit_none_100pct seed2 [last.pt]: 25-shot test 50.34
  diagvit_none_10pct seed0 [last.pt]: 25-shot test 17.15
  diagvit_none_10pct seed1 [last.pt]: 25-shot test 16.06
  diagvit_none_10pct seed2 [last.pt]: 25-shot test 16.42
  diagvit_none_15pct seed0 [last.pt]: 25-shot test 20.72
  diagvit_none_15pct seed1 [last.pt]: 25-shot test 21.31
  diagvit_none_15pct seed2 [last.pt]: 25-shot test 21.49
  diagvit_none_1pct seed0 [last.pt]: 25-shot test 8.42
  diagvit_none_1pct seed1 [last.pt]: 25-shot test 8.31
  diagvit_none_1pct seed2 [last.pt]: 25-shot test 8.90
  diagvit_none_25pct seed0 [last.pt]: 25-shot test 27.84
  diagvit_none_25pct seed1 [last.pt]: 25-shot test 27.89
  diagvit_none_25pct seed2 [last.pt]: 25-shot test 28.77
  diagvit_none_2pct seed0 [last.pt]: 25-shot test 9.21
  diagvit_none_2pct seed1 [last.pt]: 25-shot test 9.59
  diagvit_none_2pct seed2 [last.pt]: 25-shot test 9.73
  diagvit_none_3pct seed0 [last.pt]: 25-shot test 10.55
  diagvit_none_3pct seed1 [last.pt]: 25-shot test 9.97
  diagvit_none_3pct seed2 [last.pt]: 25-shot test 9.88
  diagvit_none_5pct seed0 [last.pt]: 25-shot test 11.98
  diagvit_none_5pct seed1 [last.pt]: 25-shot test 11.26
  diagvit_none_5pct seed2 [last.pt]: 25-shot test 13.37
  diagvit_none_7pct seed0 [last.pt]: 25-shot test 14.72
  diagvit_none_7pct seed1 [last.pt]: 25-shot test 13.97
  diagvit_none_7pct seed2 [last.pt]: 25-shot test 14.68
[dtd] 25-shot probes for 3 cells
  diaggrid_dino_dtd_50pct seed0 [last.pt]: 25-shot test 15.64
  diaggrid_dino_dtd_50pct seed1 [last.pt]: 25-shot test 14.68
  diaggrid_dino_dtd_50pct seed2 [last.pt]: 25-shot test 15.53
  diaggrid_vit_dtd_aux_50pct seed0 [last.pt]: 25-shot test 24.04
  diaggrid_vit_dtd_aux_50pct seed1 [last.pt]: 25-shot test 23.67
  diaggrid_vit_dtd_aux_50pct seed2 [last.pt]: 25-shot test 24.68
  diaggrid_vit_dtd_none_50pct seed0 [last.pt]: 25-shot test 14.52
  diaggrid_vit_dtd_none_50pct seed1 [last.pt]: 25-shot test 13.94
  diaggrid_vit_dtd_none_50pct seed2 [last.pt]: 25-shot test 13.88
[eurosat] 25-shot probes for 12 cells
  diagfuse_esat_aug_10pct seed0 [last.pt]: 25-shot test 91.85
  diagfuse_esat_aug_10pct seed1 [last.pt]: 25-shot test 91.70
  diagfuse_esat_aug_10pct seed2 [last.pt]: 25-shot test 91.28
  diagfuse_esat_aug_25pct seed0 [last.pt]: 25-shot test 96.61
  diagfuse_esat_aug_25pct seed1 [last.pt]: 25-shot test 96.57
  diagfuse_esat_aug_25pct seed2 [last.pt]: 25-shot test 96.41
  diagfuse_esat_aug_5pct seed0 [last.pt]: 25-shot test 81.72
  diagfuse_esat_aug_5pct seed1 [last.pt]: 25-shot test 79.04
  diagfuse_esat_aug_5pct seed2 [last.pt]: 25-shot test 82.63
  diaggrid_simclr_esat_10pct seed0 [last.pt]: 25-shot test 93.30
  diaggrid_simclr_esat_10pct seed1 [last.pt]: 25-shot test 93.93
  diaggrid_simclr_esat_10pct seed2 [last.pt]: 25-shot test 94.26
  diaggrid_simclr_esat_25pct seed0 [last.pt]: 25-shot test 96.96
  diaggrid_simclr_esat_25pct seed1 [last.pt]: 25-shot test 97.31
  diaggrid_simclr_esat_25pct seed2 [last.pt]: 25-shot test 97.30
  diaggrid_simclr_esat_5pct seed0 [last.pt]: 25-shot test 88.48
  diaggrid_simclr_esat_5pct seed1 [last.pt]: 25-shot test 89.02
  diaggrid_simclr_esat_5pct seed2 [last.pt]: 25-shot test 89.48
  grid_esat_r18_axmagnitudeL3_l10to00_hn_dd367d_10pct seed0 [last.pt]: 25-shot test 94.54
  grid_esat_r18_axmagnitudeL3_l10to00_hn_dd367d_10pct seed1 [last.pt]: 25-shot test 94.63
  grid_esat_r18_axmagnitudeL3_l10to00_hn_dd367d_10pct seed2 [last.pt]: 25-shot test 94.41
  grid_esat_r18_axmagnitudeL3_l10to00_hn_dd367d_25pct seed0 [last.pt]: 25-shot test 97.07
  grid_esat_r18_axmagnitudeL3_l10to00_hn_dd367d_25pct seed1 [last.pt]: 25-shot test 97.31
  grid_esat_r18_axmagnitudeL3_l10to00_hn_dd367d_25pct seed2 [last.pt]: 25-shot test 97.20
  grid_esat_r18_axmagnitudeL3_l10to00_hn_dd367d_5pct seed0 [last.pt]: 25-shot test 91.15
  grid_esat_r18_axmagnitudeL3_l10to00_hn_dd367d_5pct seed1 [last.pt]: 25-shot test 91.19
  grid_esat_r18_axmagnitudeL3_l10to00_hn_dd367d_5pct seed2 [last.pt]: 25-shot test 90.72
  grid_esat_r18_e99fb4_10pct seed0 [last.pt]: 25-shot test 93.80
  grid_esat_r18_e99fb4_10pct seed1 [last.pt]: 25-shot test 93.02
  grid_esat_r18_e99fb4_10pct seed2 [last.pt]: 25-shot test 92.83
  grid_esat_r18_e99fb4_25pct seed0 [last.pt]: 25-shot test 97.24
  grid_esat_r18_e99fb4_25pct seed1 [last.pt]: 25-shot test 96.87
  grid_esat_r18_e99fb4_25pct seed2 [last.pt]: 25-shot test 97.28
  grid_esat_r18_e99fb4_5pct seed0 [last.pt]: 25-shot test 89.37
  grid_esat_r18_e99fb4_5pct seed1 [last.pt]: 25-shot test 90.70
  grid_esat_r18_e99fb4_5pct seed2 [last.pt]: 25-shot test 90.17
[food101] 25-shot probes for 15 cells
  diagfuse_food_aug_10pct seed0 [last.pt]: 25-shot test 48.08
  diagfuse_food_aug_10pct seed1 [last.pt]: 25-shot test 48.52
  diagfuse_food_aug_10pct seed2 [last.pt]: 25-shot test 48.95
  diagfuse_food_aug_25pct seed0 [last.pt]: 25-shot test 64.65
  diagfuse_food_aug_25pct seed1 [last.pt]: 25-shot test 64.93
  diagfuse_food_aug_25pct seed2 [last.pt]: 25-shot test 64.77
  diagfuse_food_aug_5pct seed0 [last.pt]: 25-shot test 28.51
  diagfuse_food_aug_5pct seed1 [last.pt]: 25-shot test 28.36
  diagfuse_food_aug_5pct seed2 [last.pt]: 25-shot test 27.53
  diaggrid_dino_food_50pct seed0 [last.pt]: 25-shot test 38.13
  diaggrid_dino_food_50pct seed1 [last.pt]: 25-shot test 38.98
  diaggrid_dino_food_50pct seed2 [last.pt]: 25-shot test 39.85
  diaggrid_simclr_food_10pct seed0 [last.pt]: 25-shot test 46.25
  diaggrid_simclr_food_10pct seed1 [last.pt]: 25-shot test 47.56
  diaggrid_simclr_food_10pct seed2 [last.pt]: 25-shot test 46.14
  diaggrid_simclr_food_25pct seed0 [last.pt]: 25-shot test 62.02
  diaggrid_simclr_food_25pct seed1 [last.pt]: 25-shot test 61.96
  diaggrid_simclr_food_25pct seed2 [last.pt]: 25-shot test 61.90
  diaggrid_simclr_food_5pct seed0 [last.pt]: 25-shot test 33.04
  diaggrid_simclr_food_5pct seed1 [last.pt]: 25-shot test 29.71
  diaggrid_simclr_food_5pct seed2 [last.pt]: 25-shot test 31.28
  diaggrid_vit_food_aux_50pct seed0 [last.pt]: 25-shot test 35.49
  diaggrid_vit_food_aux_50pct seed1 [last.pt]: 25-shot test 34.95
  diaggrid_vit_food_aux_50pct seed2 [last.pt]: 25-shot test 35.87
  diaggrid_vit_food_none_50pct seed0 [last.pt]: 25-shot test 26.00
  diaggrid_vit_food_none_50pct seed1 [last.pt]: 25-shot test 25.33
  diaggrid_vit_food_none_50pct seed2 [last.pt]: 25-shot test 25.10
  grid_food_r18_9ee7da_10pct seed0 [last.pt]: 25-shot test 42.50
  grid_food_r18_9ee7da_10pct seed1 [last.pt]: 25-shot test 39.87
  grid_food_r18_9ee7da_10pct seed2 [last.pt]: 25-shot test 42.32
  grid_food_r18_9ee7da_25pct seed0 [last.pt]: 25-shot test 62.48
  grid_food_r18_9ee7da_25pct seed1 [last.pt]: 25-shot test 62.27
  grid_food_r18_9ee7da_25pct seed2 [last.pt]: 25-shot test 62.34
  grid_food_r18_9ee7da_5pct seed0 [last.pt]: 25-shot test 22.69
  grid_food_r18_9ee7da_5pct seed1 [last.pt]: 25-shot test 21.69
  grid_food_r18_9ee7da_5pct seed2 [last.pt]: 25-shot test 21.28
  grid_food_r18_axmagnitudeL3_l10to00_hn_8bd74b_10pct seed0 [last.pt]: 25-shot test 44.63
  grid_food_r18_axmagnitudeL3_l10to00_hn_8bd74b_10pct seed1 [last.pt]: 25-shot test 44.59
  grid_food_r18_axmagnitudeL3_l10to00_hn_8bd74b_10pct seed2 [last.pt]: 25-shot test 44.93
  grid_food_r18_axmagnitudeL3_l10to00_hn_8bd74b_25pct seed0 [last.pt]: 25-shot test 61.68
  grid_food_r18_axmagnitudeL3_l10to00_hn_8bd74b_25pct seed1 [last.pt]: 25-shot test 61.62
  grid_food_r18_axmagnitudeL3_l10to00_hn_8bd74b_25pct seed2 [last.pt]: 25-shot test 61.83
  grid_food_r18_axmagnitudeL3_l10to00_hn_8bd74b_5pct seed0 [last.pt]: 25-shot test 27.90
  grid_food_r18_axmagnitudeL3_l10to00_hn_8bd74b_5pct seed1 [last.pt]: 25-shot test 27.13
  grid_food_r18_axmagnitudeL3_l10to00_hn_8bd74b_5pct seed2 [last.pt]: 25-shot test 27.03
[stl10] 25-shot probes for 5 cells
  diaggrid_simclr_stl_10pct seed0 [last.pt]: 25-shot test 49.61
  diaggrid_simclr_stl_10pct seed1 [last.pt]: 25-shot test 53.49
  diaggrid_simclr_stl_10pct seed2 [last.pt]: 25-shot test 54.01
  stl_aux_10pct seed0 [last.pt]: 25-shot test 47.18
  stl_aux_10pct seed1 [last.pt]: 25-shot test 47.06
  stl_aux_10pct seed2 [last.pt]: 25-shot test 48.21
  stl_aux_20pct seed0 [last.pt]: 25-shot test 57.41
  stl_aux_20pct seed1 [last.pt]: 25-shot test 58.56
  stl_aux_20pct seed2 [last.pt]: 25-shot test 58.63
  stl_none_10pct seed0 [last.pt]: 25-shot test 43.38
  stl_none_10pct seed1 [last.pt]: 25-shot test 40.51
  stl_none_10pct seed2 [last.pt]: 25-shot test 41.49
  stl_none_20pct seed0 [last.pt]: 25-shot test 54.29
  stl_none_20pct seed1 [last.pt]: 25-shot test 53.36
  stl_none_20pct seed2 [last.pt]: 25-shot test 53.49
[tin] 25-shot probes for 9 cells
  diagdeit_none_tin_2pct seed0 [best.pt]: 25-shot test 6.08
  diagdeit_none_tin_2pct seed1 [best.pt]: 25-shot test 5.97
  diagdeit_none_tin_2pct seed2 [best.pt]: 25-shot test 2.72
  diaggrid_simsiam_tin_10pct seed0 [last.pt]: 25-shot test 34.00
  diaggrid_simsiam_tin_10pct seed1 [last.pt]: 25-shot test 34.30
  diaggrid_simsiam_tin_10pct seed2 [last.pt]: 25-shot test 33.74
  diaggrid_simsiam_tin_5pct seed0 [last.pt]: 25-shot test 22.40
  diaggrid_simsiam_tin_5pct seed1 [last.pt]: 25-shot test 21.23
  diaggrid_simsiam_tin_5pct seed2 [last.pt]: 25-shot test 21.57
  diagvit_aux_tin_10pct seed0 [last.pt]: 25-shot test 17.78
  diagvit_aux_tin_10pct seed1 [last.pt]: 25-shot test 18.23
  diagvit_aux_tin_10pct seed2 [last.pt]: 25-shot test 17.73
  diagvit_none_tin_10pct seed0 [last.pt]: 25-shot test 8.84
  diagvit_none_tin_10pct seed1 [last.pt]: 25-shot test 8.62
  diagvit_none_tin_10pct seed2 [last.pt]: 25-shot test 8.58
  tin_aux_10pct seed0 [last.pt]: 25-shot test 35.04
  tin_aux_10pct seed1 [last.pt]: 25-shot test 34.54
  tin_aux_10pct seed2 [last.pt]: 25-shot test 34.45
  tin_aux_5pct seed0 [last.pt]: 25-shot test 22.62
  tin_aux_5pct seed1 [last.pt]: 25-shot test 22.97
  tin_aux_5pct seed2 [last.pt]: 25-shot test 22.68
  tin_none_10pct seed0 [last.pt]: 25-shot test 33.11
  tin_none_10pct seed1 [last.pt]: 25-shot test 33.02
  tin_none_10pct seed2 [last.pt]: 25-shot test 33.44
  tin_none_5pct seed0 [last.pt]: 25-shot test 20.85
  tin_none_5pct seed1 [last.pt]: 25-shot test 20.79
  tin_none_5pct seed2 [last.pt]: 25-shot test 20.35
