
== core (no transfer): STACK vs rest  n=59 pos=33
  G_max            n= 59 AUC 0.788 [0.65,0.90] dir +1 thr 10.340 acc_in 0.76 LOFO acc 0.58/59  LOFO-AUC 0.788
  base_acc         n= 59 AUC 0.769 [0.64,0.89] dir -1 thr 31.050 acc_in 0.76 LOFO acc 0.73/59  LOFO-AUC 0.769
  G_sum            n= 59 AUC 0.748 [0.61,0.87] dir +1 thr 2.875 acc_in 0.73 LOFO acc 0.54/59  LOFO-AUC 0.748
  is_vit           n= 59 AUC 0.740 [0.62,0.85] dir +1 thr 0.500 acc_in 0.75 LOFO acc 0.75/59  LOFO-AUC 0.740
  cka_Abase        n= 51 AUC 0.725 [0.57,0.86] dir -1 thr 0.370 acc_in 0.73 LOFO acc 0.65/51  LOFO-AUC 0.725
  cka_AB           n= 51 AUC 0.717 [0.55,0.86] dir -1 thr 0.500 acc_in 0.76 LOFO acc 0.75/51  LOFO-AUC 0.717
  D_max            n= 59 AUC 0.714 [0.57,0.84] dir +1 thr 3.145 acc_in 0.71 LOFO acc 0.46/59  LOFO-AUC 0.714
  cka_Bbase        n= 51 AUC 0.708 [0.55,0.85] dir -1 thr 0.379 acc_in 0.75 LOFO acc 0.65/51  LOFO-AUC 0.708
  D_sum            n= 59 AUC 0.700 [0.55,0.83] dir +1 thr 2.795 acc_in 0.73 LOFO acc 0.63/59  LOFO-AUC 0.700
  cka_base_min     n= 51 AUC 0.696 [0.53,0.85] dir -1 thr 0.377 acc_in 0.75 LOFO acc 0.69/51  LOFO-AUC 0.696
  ncka_AB          n= 51 AUC 0.694 [0.54,0.84] dir -1 thr 0.678 acc_in 0.69 LOFO acc 0.57/51  LOFO-AUC 0.694
  S_AB             n= 51 AUC 0.663 [0.50,0.82] dir -1 thr 0.746 acc_in 0.67 LOFO acc 0.41/51  LOFO-AUC 0.663
  has_ssl_init     n= 59 AUC 0.661 [0.54,0.78] dir -1 thr 0.500 acc_in 0.64 LOFO acc 0.25/59  LOFO-AUC 0.661
  D_min            n= 59 AUC 0.652 [0.50,0.80] dir +1 thr -0.050 acc_in 0.69 LOFO acc 0.56/59  LOFO-AUC 0.652
  has_aug          n= 59 AUC 0.652 [0.53,0.78] dir +1 thr 0.500 acc_in 0.66 LOFO acc 0.47/59  LOFO-AUC 0.652
  G_min            n= 59 AUC 0.647 [0.50,0.79] dir +1 thr 0.695 acc_in 0.69 LOFO acc 0.64/59  LOFO-AUC 0.647
  REL              n= 59 AUC 0.513 [0.35,0.67] dir -1 thr 0.985 acc_in 0.63 LOFO acc 0.47/59  LOFO-AUC 0.624
  cka_base_absdiff n= 51 AUC 0.597 [0.43,0.75] dir -1 thr 0.071 acc_in 0.65 LOFO acc 0.39/51  LOFO-AUC 0.540
  has_pretrained   n= 59 AUC 0.500 [0.50,0.50] dir +1 thr -0.000 acc_in 0.56 LOFO acc 0.36/59  LOFO-AUC 0.500
  readout_absmax   n= 59 AUC 0.502 [0.35,0.65] dir +1 thr 0.395 acc_in 0.59 LOFO acc 0.32/59  LOFO-AUC 0.468
  amp_flag         n= 59 AUC 0.503 [0.42,0.58] dir +1 thr -0.000 acc_in 0.56 LOFO acc 0.32/59  LOFO-AUC 0.389
  amp_soft         n= 59 AUC 0.508 [0.36,0.67] dir -1 thr 0.665 acc_in 0.63 LOFO acc 0.31/59  LOFO-AUC 0.337
  readout_absdiff  n= 59 AUC 0.581 [0.43,0.72] dir +1 thr 0.160 acc_in 0.61 LOFO acc 0.32/59  LOFO-AUC 0.322
  pc_corr          n= 51 AUC 0.540 [0.37,0.71] dir -1 thr 0.518 acc_in 0.65 LOFO acc 0.47/51  LOFO-AUC 0.297
  pct              n= 59 AUC 0.543 [0.41,0.69] dir -1 thr 8.500 acc_in 0.56 LOFO acc 0.22/59  LOFO-AUC 0.273
  G_ratio          n= 59 AUC 0.555 [0.40,0.70] dir -1 thr 0.361 acc_in 0.64 LOFO acc 0.47/59  LOFO-AUC 0.256
  leff_absdiff     n=  0 AUC nan [nan,nan] dir -1 thr nan acc_in nan LOFO acc nan/0  LOFO-AUC nan
  leff_min         n=  2 AUC 0.500 [0.50,0.50] dir +1 thr 0.811 acc_in 0.50 LOFO acc nan/0  LOFO-AUC nan
  Best single-arm predicate out-of-family: **G_max** (LOFO pooled AUC 0.788, in-sample AUC 0.788 [0.65,0.90], LOFO accuracy 0.58 on 59 pairs). The pre-registered bar is LOFO AUC >= 0.8: **NOT REACHED**. No single-arm predicate separates STACK from SUBSTITUTE/INTERFERE out of family.

== core, resolved only: STACK vs INTERFERE  n=48 pos=33
  base_acc         n= 48 AUC 0.875 [0.74,0.97] dir -1 thr 37.545 acc_in 0.85 LOFO acc 0.81/48  LOFO-AUC 0.875
  cka_Abase        n= 40 AUC 0.835 [0.67,0.96] dir -1 thr 0.630 acc_in 0.80 LOFO acc 0.65/40  LOFO-AUC 0.835
  cka_Bbase        n= 40 AUC 0.829 [0.69,0.94] dir -1 thr 0.379 acc_in 0.80 LOFO acc 0.60/40  LOFO-AUC 0.829
  is_vit           n= 48 AUC 0.827 [0.71,0.93] dir +1 thr 0.500 acc_in 0.81 LOFO acc 0.69/48  LOFO-AUC 0.827
  G_max            n= 48 AUC 0.820 [0.66,0.94] dir +1 thr 0.795 acc_in 0.81 LOFO acc 0.71/48  LOFO-AUC 0.820
  cka_AB           n= 40 AUC 0.813 [0.64,0.95] dir -1 thr 0.500 acc_in 0.82 LOFO acc 0.68/40  LOFO-AUC 0.813
  cka_base_min     n= 40 AUC 0.808 [0.64,0.94] dir -1 thr 0.377 acc_in 0.80 LOFO acc 0.65/40  LOFO-AUC 0.808
  G_sum            n= 48 AUC 0.788 [0.62,0.92] dir +1 thr 2.790 acc_in 0.81 LOFO acc 0.77/48  LOFO-AUC 0.788
  ncka_AB          n= 40 AUC 0.752 [0.60,0.89] dir -1 thr 0.876 acc_in 0.72 LOFO acc 0.45/40  LOFO-AUC 0.752
  D_max            n= 48 AUC 0.752 [0.58,0.89] dir +1 thr 1.255 acc_in 0.79 LOFO acc 0.75/48  LOFO-AUC 0.752
  S_AB             n= 40 AUC 0.749 [0.59,0.88] dir -1 thr 0.848 acc_in 0.72 LOFO acc 0.53/40  LOFO-AUC 0.749
  D_sum            n= 48 AUC 0.747 [0.57,0.90] dir +1 thr 2.795 acc_in 0.79 LOFO acc 0.75/48  LOFO-AUC 0.747
  cka_base_absdiff n= 40 AUC 0.731 [0.55,0.89] dir -1 thr 0.071 acc_in 0.78 LOFO acc 0.72/40  LOFO-AUC 0.731
  D_min            n= 48 AUC 0.689 [0.50,0.85] dir +1 thr -0.050 acc_in 0.81 LOFO acc 0.77/48  LOFO-AUC 0.689
  G_min            n= 48 AUC 0.671 [0.49,0.84] dir +1 thr -1.705 acc_in 0.73 LOFO acc 0.62/48  LOFO-AUC 0.671
  has_aug          n= 48 AUC 0.664 [0.51,0.81] dir +1 thr -0.000 acc_in 0.69 LOFO acc 0.54/48  LOFO-AUC 0.664
  readout_absdiff  n= 48 AUC 0.631 [0.45,0.79] dir +1 thr 0.050 acc_in 0.71 LOFO acc 0.69/48  LOFO-AUC 0.631
  pct              n= 48 AUC 0.626 [0.47,0.77] dir -1 thr 100.000 acc_in 0.69 LOFO acc 0.65/48  LOFO-AUC 0.626
  REL              n= 48 AUC 0.572 [0.38,0.75] dir -1 thr 1.009 acc_in 0.71 LOFO acc 0.58/48  LOFO-AUC 0.547
  amp_flag         n= 48 AUC 0.527 [0.44,0.61] dir +1 thr -0.000 acc_in 0.69 LOFO acc 0.69/48  LOFO-AUC 0.527
  has_pretrained   n= 48 AUC 0.500 [0.50,0.50] dir +1 thr -0.000 acc_in 0.69 LOFO acc 0.69/48  LOFO-AUC 0.500
  amp_soft         n= 48 AUC 0.543 [0.34,0.73] dir +1 thr -0.730 acc_in 0.73 LOFO acc 0.65/48  LOFO-AUC 0.455
  readout_absmax   n= 48 AUC 0.537 [0.36,0.71] dir +1 thr 0.150 acc_in 0.69 LOFO acc 0.46/48  LOFO-AUC 0.339
  G_ratio          n= 48 AUC 0.537 [0.36,0.71] dir +1 thr -0.000 acc_in 0.69 LOFO acc 0.52/48  LOFO-AUC 0.265
  pc_corr          n= 40 AUC 0.544 [0.34,0.74] dir -1 thr 0.518 acc_in 0.68 LOFO acc 0.50/40  LOFO-AUC 0.248
  has_ssl_init     n= 48 AUC 0.591 [0.43,0.73] dir -1 thr 1.000 acc_in 0.69 LOFO acc 0.44/48  LOFO-AUC 0.207
  leff_absdiff     n=  0 AUC nan [nan,nan] dir -1 thr nan acc_in nan LOFO acc nan/0  LOFO-AUC nan
  leff_min         n=  2 AUC 0.500 [0.50,0.50] dir +1 thr 0.811 acc_in 0.50 LOFO acc nan/0  LOFO-AUC nan

== all families: STACK vs rest  n=136 pos=33
  is_vit           n=136 AUC 0.855 [0.78,0.92] dir +1 thr 0.500 acc_in 0.89 LOFO acc 0.89/136  LOFO-AUC 0.855
  has_aug          n=136 AUC 0.810 [0.72,0.89] dir +1 thr 0.500 acc_in 0.85 LOFO acc 0.85/136  LOFO-AUC 0.810
  G_ratio          n=136 AUC 0.525 [0.41,0.64] dir -1 thr -0.000 acc_in 0.76 LOFO acc 0.44/136  LOFO-AUC 0.744
  base_acc         n=136 AUC 0.739 [0.65,0.82] dir -1 thr 0.980 acc_in 0.76 LOFO acc 0.55/136  LOFO-AUC 0.739
  cka_Abase        n= 53 AUC 0.730 [0.58,0.86] dir -1 thr 0.370 acc_in 0.74 LOFO acc 0.70/53  LOFO-AUC 0.730
  cka_AB           n= 53 AUC 0.724 [0.57,0.86] dir -1 thr 0.500 acc_in 0.77 LOFO acc 0.75/53  LOFO-AUC 0.724
  cka_Bbase        n= 53 AUC 0.720 [0.56,0.86] dir -1 thr 0.379 acc_in 0.75 LOFO acc 0.66/53  LOFO-AUC 0.720
  G_max            n=136 AUC 0.714 [0.62,0.80] dir +1 thr 12.925 acc_in 0.76 LOFO acc 0.57/136  LOFO-AUC 0.714
  cka_base_min     n= 53 AUC 0.706 [0.55,0.85] dir -1 thr 0.377 acc_in 0.75 LOFO acc 0.70/53  LOFO-AUC 0.706
  G_sum            n=136 AUC 0.697 [0.60,0.79] dir +1 thr 21.915 acc_in 0.76 LOFO acc 0.33/136  LOFO-AUC 0.697
  ncka_AB          n= 53 AUC 0.693 [0.53,0.83] dir -1 thr 0.678 acc_in 0.70 LOFO acc 0.58/53  LOFO-AUC 0.693
  S_AB             n= 53 AUC 0.659 [0.50,0.81] dir -1 thr 0.746 acc_in 0.68 LOFO acc 0.55/53  LOFO-AUC 0.659
  D_min            n=136 AUC 0.656 [0.55,0.76] dir +1 thr 6.945 acc_in 0.79 LOFO acc 0.32/136  LOFO-AUC 0.656
  D_sum            n=136 AUC 0.655 [0.55,0.75] dir +1 thr 36.790 acc_in 0.76 LOFO acc 0.33/136  LOFO-AUC 0.655
  D_max            n=136 AUC 0.643 [0.54,0.74] dir +1 thr 23.620 acc_in 0.76 LOFO acc 0.39/136  LOFO-AUC 0.643
  has_ssl_init     n=136 AUC 0.640 [0.54,0.73] dir +1 thr 1.000 acc_in 0.76 LOFO acc 0.11/136  LOFO-AUC 0.640
  G_min            n=136 AUC 0.615 [0.50,0.72] dir +1 thr 7.410 acc_in 0.77 LOFO acc 0.45/136  LOFO-AUC 0.615
  cka_base_absdiff n= 53 AUC 0.620 [0.46,0.77] dir -1 thr 0.071 acc_in 0.66 LOFO acc 0.42/53  LOFO-AUC 0.567
  pct              n=136 AUC 0.561 [0.45,0.68] dir -1 thr 1.000 acc_in 0.76 LOFO acc 0.53/136  LOFO-AUC 0.561
  REL              n=136 AUC 0.520 [0.41,0.63] dir -1 thr 0.175 acc_in 0.76 LOFO acc 0.31/136  LOFO-AUC 0.534
  amp_flag         n=136 AUC 0.531 [0.47,0.60] dir +1 thr 1.000 acc_in 0.76 LOFO acc 0.19/136  LOFO-AUC 0.531
  has_pretrained   n=136 AUC 0.500 [0.50,0.50] dir +1 thr 0.000 acc_in 0.76 LOFO acc 0.19/136  LOFO-AUC 0.500
  amp_soft         n=136 AUC 0.618 [0.52,0.72] dir +1 thr 5.260 acc_in 0.76 LOFO acc 0.27/136  LOFO-AUC 0.472
  pc_corr          n= 53 AUC 0.553 [0.38,0.71] dir -1 thr 0.518 acc_in 0.66 LOFO acc 0.49/53  LOFO-AUC 0.330
  readout_absdiff  n=136 AUC 0.536 [0.43,0.65] dir +1 thr 9.400 acc_in 0.76 LOFO acc 0.25/136  LOFO-AUC 0.241
  readout_absmax   n=136 AUC 0.545 [0.43,0.65] dir -1 thr 0.060 acc_in 0.76 LOFO acc 0.28/136  LOFO-AUC 0.126
  leff_absdiff     n=  0 AUC nan [nan,nan] dir -1 thr nan acc_in nan LOFO acc nan/0  LOFO-AUC nan
  leff_min         n=  2 AUC 0.500 [0.50,0.50] dir +1 thr 0.811 acc_in 0.50 LOFO acc nan/0  LOFO-AUC nan
