[cifar10] extracting 10 cells
  c10_aux_2pct seed0 [last.pt]: acc 58.30
  c10_aux_2pct seed1 [last.pt]: acc 58.61
  c10_aux_2pct seed2 [last.pt]: acc 58.57
  c10_aux_5pct seed0 [last.pt]: acc 73.68
  c10_aux_5pct seed1 [last.pt]: acc 73.36
  c10_aux_5pct seed2 [last.pt]: acc 73.36
  c10_none_2pct seed0 [last.pt]: acc 52.34
  c10_none_2pct seed1 [last.pt]: acc 51.70
  c10_none_2pct seed2 [last.pt]: acc 50.02
  c10_none_5pct seed0 [last.pt]: acc 68.86
  c10_none_5pct seed1 [last.pt]: acc 69.20
  c10_none_5pct seed2 [last.pt]: acc 69.07
  diaggrid_dino_c10_10pct seed0 [last.pt]: acc 63.81
  diaggrid_dino_c10_10pct seed1 [last.pt]: acc 62.57
  diaggrid_dino_c10_10pct seed2 [last.pt]: acc 62.92
  diaggrid_simclr_c10_2pct seed0 [last.pt]: acc 59.95
  diaggrid_simclr_c10_2pct seed1 [last.pt]: acc 60.24
  diaggrid_simclr_c10_2pct seed2 [last.pt]: acc 59.15
  diaggrid_simsiam_c10_5pct seed0 [last.pt]: acc 68.50
  diaggrid_simsiam_c10_5pct seed1 [last.pt]: acc 69.64
  diaggrid_simsiam_c10_5pct seed2 [last.pt]: acc 69.19
  diaggrid_vit_c10_aux_10pct seed0 [last.pt]: acc 66.44
  diaggrid_vit_c10_aux_10pct seed1 [last.pt]: acc 65.89
  diaggrid_vit_c10_aux_10pct seed2 [last.pt]: acc 66.48
  diaggrid_vit_c10_none_10pct seed0 [last.pt]: acc 53.37
  diaggrid_vit_c10_none_10pct seed1 [last.pt]: acc 50.42
  diaggrid_vit_c10_none_10pct seed2 [last.pt]: acc 52.95
  diagtransfer2_c10_none_5pct seed3 [last.pt]: acc 78.13
  diagtransfer2_c10_none_5pct seed4 [last.pt]: acc 80.68
  diagtransfer2_c10_none_5pct seed5 [last.pt]: acc 81.91
[cifar100] extracting 48 cells
  abl10_none seed0 [last.pt]: acc 40.43
  abl10_none seed1 [last.pt]: acc 39.55
  abl10_none seed2 [last.pt]: acc 40.54
  abl25_none seed0 [last.pt]: acc 61.72
  abl25_none seed1 [last.pt]: acc 60.83
  abl25_none seed2 [last.pt]: acc 61.52
  abl7_none seed0 [last.pt]: acc 31.80
  abl7_none seed1 [last.pt]: acc 31.60
  abl7_none seed2 [last.pt]: acc 32.90
  auxmag_10pct_sched0 seed0 [last.pt]: acc 44.20
  auxmag_10pct_sched0 seed1 [last.pt]: acc 44.71
  auxmag_10pct_sched0 seed2 [last.pt]: acc 44.07
  auxmag_25pct_sched0 seed0 [last.pt]: acc 61.35
  auxmag_25pct_sched0 seed1 [last.pt]: acc 61.43
  auxmag_25pct_sched0 seed2 [last.pt]: acc 61.74
  auxmag_7pct_sched0 seed0 [last.pt]: acc 36.34
  auxmag_7pct_sched0 seed1 [last.pt]: acc 37.13
  auxmag_7pct_sched0 seed2 [last.pt]: acc 37.42
  diagdeit_aux_10pct seed0 [last.pt]: acc 41.00
  diagdeit_aux_10pct seed1 [last.pt]: acc 41.28
  diagdeit_aux_10pct seed2 [last.pt]: acc 41.55
  diagdeit_none_100pct seed0 [last.pt]: acc 60.87
  diagdeit_none_100pct seed1 [last.pt]: acc 61.57
  diagdeit_none_100pct seed2 [last.pt]: acc 61.75
  diagdeit_none_10pct seed0 [last.pt]: acc 18.96
  diagdeit_none_10pct seed1 [last.pt]: acc 21.94
  diagdeit_none_10pct seed2 [last.pt]: acc 19.93
  diagdeit_none_15pct seed0 [last.pt]: acc 25.50
  diagdeit_none_15pct seed1 [last.pt]: acc 27.42
  diagdeit_none_15pct seed2 [last.pt]: acc 19.28
  diagdeit_none_1pct seed0 [last.pt]: acc 6.49
  diagdeit_none_1pct seed1 [last.pt]: acc 5.83
  diagdeit_none_1pct seed2 [last.pt]: acc 7.14
  diagdeit_none_25pct seed0 [last.pt]: acc 32.02
  diagdeit_none_25pct seed1 [last.pt]: acc 33.21
  diagdeit_none_25pct seed2 [last.pt]: acc 31.53
  diagdeit_none_2pct seed0 [last.pt]: acc 9.89
  diagdeit_none_2pct seed1 [last.pt]: acc 10.17
  diagdeit_none_2pct seed2 [last.pt]: acc 9.87
  diagdeit_none_3pct seed0 [last.pt]: acc 10.96
  diagdeit_none_3pct seed1 [last.pt]: acc 11.44
  diagdeit_none_3pct seed2 [last.pt]: acc 11.51
  diagdeit_none_5pct seed0 [last.pt]: acc 13.64
  diagdeit_none_5pct seed1 [last.pt]: acc 12.61
  diagdeit_none_5pct seed2 [last.pt]: acc 11.40
  diagdeit_none_7pct seed0 [last.pt]: acc 15.11
  diagdeit_none_7pct seed1 [last.pt]: acc 16.66
  diagdeit_none_7pct seed2 [last.pt]: acc 16.18
  diagdeitssl_simclr_10pct seed0 [last.pt]: acc 36.82
  diagdeitssl_simclr_10pct seed1 [last.pt]: acc 36.63
  diagdeitssl_simclr_10pct seed2 [last.pt]: acc 34.70
  diaggrid_dino_c100_25pct seed0 [last.pt]: acc 41.25
  diaggrid_dino_c100_25pct seed1 [last.pt]: acc 40.74
  diaggrid_dino_c100_25pct seed2 [last.pt]: acc 40.90
  diaggrid_simclr_c100_10pct seed0 [last.pt]: acc 49.31
  diaggrid_simclr_c100_10pct seed1 [last.pt]: acc 49.05
  diaggrid_simclr_c100_10pct seed2 [last.pt]: acc 48.31
  diaggrid_simclr_c100_25pct seed0 [last.pt]: acc 63.71
  diaggrid_simclr_c100_25pct seed1 [last.pt]: acc 63.57
  diaggrid_simclr_c100_25pct seed2 [last.pt]: acc 63.90
  diagmae_vit_10pct seed0 [last.pt]: acc 29.68
  diagmae_vit_10pct seed1 [last.pt]: acc 29.11
  diagmae_vit_10pct seed2 [last.pt]: acc 29.73
  diagmae_vit_1pct seed0 [last.pt]: acc 6.31
  diagmae_vit_1pct seed1 [last.pt]: acc 6.14
  diagmae_vit_1pct seed2 [last.pt]: acc 6.95
  diagmae_vit_25pct seed0 [last.pt]: acc 40.72
  diagmae_vit_25pct seed1 [last.pt]: acc 44.11
  diagmae_vit_25pct seed2 [last.pt]: acc 43.11
  diagmae_vit_2pct seed0 [last.pt]: acc 10.18
  diagmae_vit_2pct seed1 [last.pt]: acc 9.84
  diagmae_vit_2pct seed2 [last.pt]: acc 11.06
  diagmae_vit_5pct seed0 [last.pt]: acc 21.71
  diagmae_vit_5pct seed1 [last.pt]: acc 17.97
  diagmae_vit_5pct seed2 [last.pt]: acc 21.70
  diagsslvit_simclr_10pct seed0 [last.pt]: acc 30.62
  diagsslvit_simclr_10pct seed1 [last.pt]: acc 30.03
  diagsslvit_simclr_10pct seed2 [last.pt]: acc 28.68
  diagsslvit_simclr_1pct seed0 [last.pt]: acc 6.88
  diagsslvit_simclr_1pct seed1 [last.pt]: acc 7.19
  diagsslvit_simclr_1pct seed2 [last.pt]: acc 7.12
  diagsslvit_simclr_25pct seed0 [last.pt]: acc 43.34
  diagsslvit_simclr_25pct seed1 [last.pt]: acc 43.75
  diagsslvit_simclr_25pct seed2 [last.pt]: acc 43.65
  diagsslvit_simclr_5pct seed0 [last.pt]: acc 20.65
  diagsslvit_simclr_5pct seed1 [last.pt]: acc 20.83
  diagsslvit_simclr_5pct seed2 [last.pt]: acc 19.49
  diagtransfer2_c100_none_7pct seed3 [last.pt]: acc 46.05
  diagtransfer2_c100_none_7pct seed4 [last.pt]: acc 51.18
  diagtransfer2_c100_none_7pct seed5 [last.pt]: acc 52.33
  diagvit_aux_100pct seed0 [last.pt]: acc 60.85
  diagvit_aux_100pct seed1 [last.pt]: acc 60.86
  diagvit_aux_100pct seed2 [last.pt]: acc 59.76
  diagvit_aux_10pct seed0 [last.pt]: acc 29.63
  diagvit_aux_10pct seed1 [last.pt]: acc 29.54
  diagvit_aux_10pct seed2 [last.pt]: acc 30.04
  diagvit_aux_15pct seed0 [last.pt]: acc 35.67
  diagvit_aux_15pct seed1 [last.pt]: acc 35.96
  diagvit_aux_15pct seed2 [last.pt]: acc 35.38
  diagvit_aux_1pct seed0 [last.pt]: acc 7.83
  diagvit_aux_1pct seed1 [last.pt]: acc 8.00
  diagvit_aux_1pct seed2 [last.pt]: acc 7.57
  diagvit_aux_25pct seed0 [last.pt]: acc 41.55
  diagvit_aux_25pct seed1 [last.pt]: acc 42.31
  diagvit_aux_25pct seed2 [last.pt]: acc 42.66
  diagvit_aux_2pct seed0 [last.pt]: acc 12.13
  diagvit_aux_2pct seed1 [last.pt]: acc 12.09
  diagvit_aux_2pct seed2 [last.pt]: acc 12.23
  diagvit_aux_3pct seed0 [last.pt]: acc 16.48
  diagvit_aux_3pct seed1 [last.pt]: acc 15.76
  diagvit_aux_3pct seed2 [last.pt]: acc 16.31
  diagvit_aux_5pct seed0 [last.pt]: acc 21.19
  diagvit_aux_5pct seed1 [last.pt]: acc 21.45
  diagvit_aux_5pct seed2 [last.pt]: acc 22.17
  diagvit_aux_7pct seed0 [last.pt]: acc 25.59
  diagvit_aux_7pct seed1 [last.pt]: acc 25.13
  diagvit_aux_7pct seed2 [last.pt]: acc 25.29
  diagvit_none_100pct seed0 [last.pt]: acc 50.02
  diagvit_none_100pct seed1 [last.pt]: acc 50.91
  diagvit_none_100pct seed2 [last.pt]: acc 50.89
  diagvit_none_10pct seed0 [last.pt]: acc 16.90
  diagvit_none_10pct seed1 [last.pt]: acc 15.90
  diagvit_none_10pct seed2 [last.pt]: acc 16.61
  diagvit_none_15pct seed0 [last.pt]: acc 20.60
  diagvit_none_15pct seed1 [last.pt]: acc 21.55
  diagvit_none_15pct seed2 [last.pt]: acc 21.55
  diagvit_none_1pct seed0 [last.pt]: acc 6.28
  diagvit_none_1pct seed1 [last.pt]: acc 6.64
  diagvit_none_1pct seed2 [last.pt]: acc 6.40
  diagvit_none_25pct seed0 [last.pt]: acc 28.56
  diagvit_none_25pct seed1 [last.pt]: acc 27.84
  diagvit_none_25pct seed2 [last.pt]: acc 29.07
  diagvit_none_2pct seed0 [last.pt]: acc 8.41
  diagvit_none_2pct seed1 [last.pt]: acc 9.18
  diagvit_none_2pct seed2 [last.pt]: acc 9.12
  diagvit_none_3pct seed0 [last.pt]: acc 10.12
  diagvit_none_3pct seed1 [last.pt]: acc 9.97
  diagvit_none_3pct seed2 [last.pt]: acc 9.82
  diagvit_none_5pct seed0 [last.pt]: acc 12.32
  diagvit_none_5pct seed1 [last.pt]: acc 11.38
  diagvit_none_5pct seed2 [last.pt]: acc 13.04
  diagvit_none_7pct seed0 [last.pt]: acc 14.62
  diagvit_none_7pct seed1 [last.pt]: acc 13.90
  diagvit_none_7pct seed2 [last.pt]: acc 14.54
[dtd] extracting 3 cells
  diaggrid_dino_dtd_50pct seed0 [last.pt]: acc 15.37
  diaggrid_dino_dtd_50pct seed1 [last.pt]: acc 14.84
  diaggrid_dino_dtd_50pct seed2 [last.pt]: acc 15.64
  diaggrid_vit_dtd_aux_50pct seed0 [last.pt]: acc 23.72
  diaggrid_vit_dtd_aux_50pct seed1 [last.pt]: acc 23.09
  diaggrid_vit_dtd_aux_50pct seed2 [last.pt]: acc 24.52
  diaggrid_vit_dtd_none_50pct seed0 [last.pt]: acc 14.68
  diaggrid_vit_dtd_none_50pct seed1 [last.pt]: acc 13.56
  diaggrid_vit_dtd_none_50pct seed2 [last.pt]: acc 13.51
[eurosat] extracting 12 cells
  diagfuse_esat_aug_10pct seed0 [last.pt]: acc 94.13
  diagfuse_esat_aug_10pct seed1 [last.pt]: acc 93.07
  diagfuse_esat_aug_10pct seed2 [last.pt]: acc 93.41
  diagfuse_esat_aug_25pct seed0 [last.pt]: acc 97.56
  diagfuse_esat_aug_25pct seed1 [last.pt]: acc 97.59
  diagfuse_esat_aug_25pct seed2 [last.pt]: acc 97.50
  diagfuse_esat_aug_5pct seed0 [last.pt]: acc 83.85
  diagfuse_esat_aug_5pct seed1 [last.pt]: acc 81.15
  diagfuse_esat_aug_5pct seed2 [last.pt]: acc 84.35
  diaggrid_simclr_esat_10pct seed0 [last.pt]: acc 93.94
  diaggrid_simclr_esat_10pct seed1 [last.pt]: acc 94.07
  diaggrid_simclr_esat_10pct seed2 [last.pt]: acc 94.41
  diaggrid_simclr_esat_25pct seed0 [last.pt]: acc 97.24
  diaggrid_simclr_esat_25pct seed1 [last.pt]: acc 97.30
  diaggrid_simclr_esat_25pct seed2 [last.pt]: acc 97.48
  diaggrid_simclr_esat_5pct seed0 [last.pt]: acc 89.50
  diaggrid_simclr_esat_5pct seed1 [last.pt]: acc 89.80
  diaggrid_simclr_esat_5pct seed2 [last.pt]: acc 90.07
  grid_esat_r18_axmagnitudeL3_l10to00_hn_dd367d_10pct seed0 [last.pt]: acc 94.89
  grid_esat_r18_axmagnitudeL3_l10to00_hn_dd367d_10pct seed1 [last.pt]: acc 94.87
  grid_esat_r18_axmagnitudeL3_l10to00_hn_dd367d_10pct seed2 [last.pt]: acc 94.91
  grid_esat_r18_axmagnitudeL3_l10to00_hn_dd367d_25pct seed0 [last.pt]: acc 97.17
  grid_esat_r18_axmagnitudeL3_l10to00_hn_dd367d_25pct seed1 [last.pt]: acc 97.43
  grid_esat_r18_axmagnitudeL3_l10to00_hn_dd367d_25pct seed2 [last.pt]: acc 97.37
  grid_esat_r18_axmagnitudeL3_l10to00_hn_dd367d_5pct seed0 [last.pt]: acc 91.56
  grid_esat_r18_axmagnitudeL3_l10to00_hn_dd367d_5pct seed1 [last.pt]: acc 91.87
  grid_esat_r18_axmagnitudeL3_l10to00_hn_dd367d_5pct seed2 [last.pt]: acc 91.50
  grid_esat_r18_e99fb4_10pct seed0 [last.pt]: acc 94.11
  grid_esat_r18_e99fb4_10pct seed1 [last.pt]: acc 93.67
  grid_esat_r18_e99fb4_10pct seed2 [last.pt]: acc 93.22
  grid_esat_r18_e99fb4_25pct seed0 [last.pt]: acc 97.56
  grid_esat_r18_e99fb4_25pct seed1 [last.pt]: acc 97.33
  grid_esat_r18_e99fb4_25pct seed2 [last.pt]: acc 97.43
  grid_esat_r18_e99fb4_5pct seed0 [last.pt]: acc 90.57
  grid_esat_r18_e99fb4_5pct seed1 [last.pt]: acc 90.96
  grid_esat_r18_e99fb4_5pct seed2 [last.pt]: acc 90.83
[food101] extracting 15 cells
  diagfuse_food_aug_10pct seed0 [last.pt]: acc 50.44
  diagfuse_food_aug_10pct seed1 [last.pt]: acc 51.34
  diagfuse_food_aug_10pct seed2 [last.pt]: acc 51.16
  diagfuse_food_aug_25pct seed0 [last.pt]: acc 65.40
  diagfuse_food_aug_25pct seed1 [last.pt]: acc 66.18
  diagfuse_food_aug_25pct seed2 [last.pt]: acc 66.18
  diagfuse_food_aug_5pct seed0 [last.pt]: acc 31.85
  diagfuse_food_aug_5pct seed1 [last.pt]: acc 31.54
  diagfuse_food_aug_5pct seed2 [last.pt]: acc 30.71
  diaggrid_dino_food_50pct seed0 [last.pt]: acc 39.85
  diaggrid_dino_food_50pct seed1 [last.pt]: acc 40.22
  diaggrid_dino_food_50pct seed2 [last.pt]: acc 41.00
  diaggrid_simclr_food_10pct seed0 [last.pt]: acc 46.99
  diaggrid_simclr_food_10pct seed1 [last.pt]: acc 48.02
  diaggrid_simclr_food_10pct seed2 [last.pt]: acc 46.50
  diaggrid_simclr_food_25pct seed0 [last.pt]: acc 62.30
  diaggrid_simclr_food_25pct seed1 [last.pt]: acc 62.35
  diaggrid_simclr_food_25pct seed2 [last.pt]: acc 62.37
  diaggrid_simclr_food_5pct seed0 [last.pt]: acc 33.19
  diaggrid_simclr_food_5pct seed1 [last.pt]: acc 29.58
  diaggrid_simclr_food_5pct seed2 [last.pt]: acc 31.63
  diaggrid_vit_food_aux_50pct seed0 [last.pt]: acc 36.16
  diaggrid_vit_food_aux_50pct seed1 [last.pt]: acc 35.67
  diaggrid_vit_food_aux_50pct seed2 [last.pt]: acc 36.44
  diaggrid_vit_food_none_50pct seed0 [last.pt]: acc 26.13
  diaggrid_vit_food_none_50pct seed1 [last.pt]: acc 25.56
  diaggrid_vit_food_none_50pct seed2 [last.pt]: acc 25.08
  grid_food_r18_9ee7da_10pct seed0 [last.pt]: acc 42.76
  grid_food_r18_9ee7da_10pct seed1 [last.pt]: acc 40.05
  grid_food_r18_9ee7da_10pct seed2 [last.pt]: acc 42.38
  grid_food_r18_9ee7da_25pct seed0 [last.pt]: acc 63.05
  grid_food_r18_9ee7da_25pct seed1 [last.pt]: acc 62.74
  grid_food_r18_9ee7da_25pct seed2 [last.pt]: acc 62.87
  grid_food_r18_9ee7da_5pct seed0 [last.pt]: acc 22.84
  grid_food_r18_9ee7da_5pct seed1 [last.pt]: acc 21.49
  grid_food_r18_9ee7da_5pct seed2 [last.pt]: acc 21.36
  grid_food_r18_axmagnitudeL3_l10to00_hn_8bd74b_10pct seed0 [last.pt]: acc 44.85
  grid_food_r18_axmagnitudeL3_l10to00_hn_8bd74b_10pct seed1 [last.pt]: acc 44.68
  grid_food_r18_axmagnitudeL3_l10to00_hn_8bd74b_10pct seed2 [last.pt]: acc 45.19
  grid_food_r18_axmagnitudeL3_l10to00_hn_8bd74b_25pct seed0 [last.pt]: acc 62.13
  grid_food_r18_axmagnitudeL3_l10to00_hn_8bd74b_25pct seed1 [last.pt]: acc 62.06
  grid_food_r18_axmagnitudeL3_l10to00_hn_8bd74b_25pct seed2 [last.pt]: acc 62.35
  grid_food_r18_axmagnitudeL3_l10to00_hn_8bd74b_5pct seed0 [last.pt]: acc 28.21
  grid_food_r18_axmagnitudeL3_l10to00_hn_8bd74b_5pct seed1 [last.pt]: acc 27.20
  grid_food_r18_axmagnitudeL3_l10to00_hn_8bd74b_5pct seed2 [last.pt]: acc 27.21
[stl10] extracting 3 cells
  diaggrid_simclr_stl_10pct seed0 [last.pt]: acc 50.05
  diaggrid_simclr_stl_10pct seed1 [last.pt]: acc 53.67
  diaggrid_simclr_stl_10pct seed2 [last.pt]: acc 54.60
  stl_aux_10pct seed0 [last.pt]: acc 47.58
  stl_aux_10pct seed1 [last.pt]: acc 46.85
  stl_aux_10pct seed2 [last.pt]: acc 48.08
  stl_none_10pct seed0 [last.pt]: acc 43.06
  stl_none_10pct seed1 [last.pt]: acc 40.84
  stl_none_10pct seed2 [last.pt]: acc 40.81
[tin] extracting 3 cells
  diaggrid_simsiam_tin_10pct seed0 [last.pt]: acc 34.47
  diaggrid_simsiam_tin_10pct seed1 [last.pt]: acc 34.70
  diaggrid_simsiam_tin_10pct seed2 [last.pt]: acc 33.99
  tin_aux_10pct seed0 [last.pt]: acc 35.40
  tin_aux_10pct seed1 [last.pt]: acc 35.03
  tin_aux_10pct seed2 [last.pt]: acc 34.75
  tin_none_10pct seed0 [last.pt]: acc 33.26
  tin_none_10pct seed1 [last.pt]: acc 33.61
  tin_none_10pct seed2 [last.pt]: acc 33.74
