abl1_none seed0 linear @5/cls: 8.30 +/- 0.40
abl1_none seed0 cosine @5/cls: 9.02 +/- 0.53
abl1_none seed0 ncm    @5/cls: 8.57 +/- 0.57
abl1_none seed1 linear @5/cls: 8.47 +/- 0.46
abl1_none seed1 cosine @5/cls: 9.14 +/- 0.80
abl1_none seed1 ncm    @5/cls: 8.70 +/- 0.71
abl1_none seed2 linear @5/cls: 8.40 +/- 0.62
abl1_none seed2 cosine @5/cls: 9.01 +/- 0.67
abl1_none seed2 ncm    @5/cls: 8.73 +/- 0.72
-> runs/abl1_none/head_forms_5shot.json
auxmag_1pct_sched0 seed0 linear @5/cls: 10.18 +/- 0.62
auxmag_1pct_sched0 seed0 cosine @5/cls: 10.68 +/- 0.66
auxmag_1pct_sched0 seed0 ncm    @5/cls: 10.29 +/- 0.67
auxmag_1pct_sched0 seed1 linear @5/cls: 10.13 +/- 0.76
auxmag_1pct_sched0 seed1 cosine @5/cls: 10.60 +/- 0.76
auxmag_1pct_sched0 seed1 ncm    @5/cls: 10.06 +/- 0.68
auxmag_1pct_sched0 seed2 linear @5/cls: 10.10 +/- 0.48
auxmag_1pct_sched0 seed2 cosine @5/cls: 10.61 +/- 0.39
auxmag_1pct_sched0 seed2 ncm    @5/cls: 10.07 +/- 0.42
-> runs/auxmag_1pct_sched0/head_forms_5shot.json
tin_none_1pct seed0 linear @5/cls: 4.84 +/- 0.35
tin_none_1pct seed0 cosine @5/cls: 5.41 +/- 0.27
tin_none_1pct seed0 ncm    @5/cls: 5.11 +/- 0.41
tin_none_1pct seed1 linear @5/cls: 4.51 +/- 0.39
tin_none_1pct seed1 cosine @5/cls: 5.18 +/- 0.13
tin_none_1pct seed1 ncm    @5/cls: 4.95 +/- 0.22
tin_none_1pct seed2 linear @5/cls: 4.54 +/- 0.33
tin_none_1pct seed2 cosine @5/cls: 5.04 +/- 0.22
tin_none_1pct seed2 ncm    @5/cls: 4.80 +/- 0.26
tin_none_1pct seed3 linear @5/cls: 4.65 +/- 0.55
tin_none_1pct seed3 cosine @5/cls: 5.41 +/- 0.37
tin_none_1pct seed3 ncm    @5/cls: 5.10 +/- 0.47
tin_none_1pct seed4 linear @5/cls: 4.77 +/- 0.43
tin_none_1pct seed4 cosine @5/cls: 5.39 +/- 0.29
tin_none_1pct seed4 ncm    @5/cls: 5.07 +/- 0.45
tin_none_1pct seed5 linear @5/cls: 4.82 +/- 0.29
tin_none_1pct seed5 cosine @5/cls: 5.30 +/- 0.43
tin_none_1pct seed5 ncm    @5/cls: 5.01 +/- 0.49
tin_none_1pct seed6 linear @5/cls: 4.97 +/- 0.48
tin_none_1pct seed6 cosine @5/cls: 5.44 +/- 0.35
tin_none_1pct seed6 ncm    @5/cls: 5.14 +/- 0.47
tin_none_1pct seed7 linear @5/cls: 4.69 +/- 0.32
tin_none_1pct seed7 cosine @5/cls: 5.26 +/- 0.26
tin_none_1pct seed7 ncm    @5/cls: 4.89 +/- 0.44
tin_none_1pct seed8 linear @5/cls: 4.66 +/- 0.43
tin_none_1pct seed8 cosine @5/cls: 5.28 +/- 0.30
tin_none_1pct seed8 ncm    @5/cls: 5.05 +/- 0.43
tin_none_1pct seed9 linear @5/cls: 4.60 +/- 0.48
tin_none_1pct seed9 cosine @5/cls: 5.26 +/- 0.39
tin_none_1pct seed9 ncm    @5/cls: 5.08 +/- 0.47
-> runs/tin_none_1pct/head_forms_5shot.json
tin_aux_1pct seed0 linear @5/cls: 6.34 +/- 0.37
tin_aux_1pct seed0 cosine @5/cls: 6.81 +/- 0.30
tin_aux_1pct seed0 ncm    @5/cls: 6.53 +/- 0.31
tin_aux_1pct seed1 linear @5/cls: 6.17 +/- 0.27
tin_aux_1pct seed1 cosine @5/cls: 6.68 +/- 0.27
tin_aux_1pct seed1 ncm    @5/cls: 6.44 +/- 0.30
tin_aux_1pct seed2 linear @5/cls: 6.15 +/- 0.44
tin_aux_1pct seed2 cosine @5/cls: 6.73 +/- 0.36
tin_aux_1pct seed2 ncm    @5/cls: 6.60 +/- 0.41
tin_aux_1pct seed3 linear @5/cls: 6.39 +/- 0.48
tin_aux_1pct seed3 cosine @5/cls: 6.91 +/- 0.29
tin_aux_1pct seed3 ncm    @5/cls: 6.65 +/- 0.44
tin_aux_1pct seed4 linear @5/cls: 6.05 +/- 0.32
tin_aux_1pct seed4 cosine @5/cls: 6.78 +/- 0.21
tin_aux_1pct seed4 ncm    @5/cls: 6.53 +/- 0.30
tin_aux_1pct seed5 linear @5/cls: 6.17 +/- 0.48
tin_aux_1pct seed5 cosine @5/cls: 6.76 +/- 0.40
tin_aux_1pct seed5 ncm    @5/cls: 6.45 +/- 0.45
tin_aux_1pct seed6 linear @5/cls: 6.10 +/- 0.37
tin_aux_1pct seed6 cosine @5/cls: 6.78 +/- 0.22
tin_aux_1pct seed6 ncm    @5/cls: 6.52 +/- 0.36
tin_aux_1pct seed7 linear @5/cls: 6.18 +/- 0.33
tin_aux_1pct seed7 cosine @5/cls: 6.91 +/- 0.26
tin_aux_1pct seed7 ncm    @5/cls: 6.65 +/- 0.36
tin_aux_1pct seed8 linear @5/cls: 6.11 +/- 0.36
tin_aux_1pct seed8 cosine @5/cls: 6.72 +/- 0.33
tin_aux_1pct seed8 ncm    @5/cls: 6.37 +/- 0.40
tin_aux_1pct seed9 linear @5/cls: 6.20 +/- 0.39
tin_aux_1pct seed9 cosine @5/cls: 6.76 +/- 0.25
tin_aux_1pct seed9 ncm    @5/cls: 6.52 +/- 0.33
-> runs/tin_aux_1pct/head_forms_5shot.json
HEADFORMS_COMPLETE
