stem calibrated (True) on 1024 images
[k5_25pct_gaboronly seed0] {"params_trainable": 11225316, "params_stem_trainable": 0, "params_stem_fixed_filters": 225, "flops_total": 562244608, "flops_stem": 230400, "flops_image_size": 32}
epoch 1/200 loss 4.3110 train 0.0501 test 0.0791
epoch 2/200 loss 3.9030 train 0.0985 test 0.1101
epoch 3/200 loss 3.6549 train 0.1380 test 0.1358
epoch 4/200 loss 3.4664 train 0.1679 test 0.1354
epoch 5/200 loss 3.2977 train 0.1927 test 0.1783
epoch 6/200 loss 3.1169 train 0.2321 test 0.2065
epoch 7/200 loss 2.9770 train 0.2510 test 0.2272
epoch 8/200 loss 2.8357 train 0.2757 test 0.2438
epoch 9/200 loss 2.7038 train 0.3019 test 0.2575
epoch 10/200 loss 2.6003 train 0.3187 test 0.2809
epoch 11/200 loss 2.4887 train 0.3460 test 0.2794
epoch 12/200 loss 2.3842 train 0.3629 test 0.3152
epoch 13/200 loss 2.2896 train 0.3875 test 0.3159
epoch 14/200 loss 2.1887 train 0.4080 test 0.3153
epoch 15/200 loss 2.1144 train 0.4225 test 0.3358
epoch 16/200 loss 1.9982 train 0.4541 test 0.3707
epoch 17/200 loss 1.9182 train 0.4698 test 0.3300
epoch 18/200 loss 1.8282 train 0.4899 test 0.3571
epoch 19/200 loss 1.7668 train 0.5021 test 0.3812
epoch 20/200 loss 1.7154 train 0.5180 test 0.3689
epoch 21/200 loss 1.6119 train 0.5402 test 0.3849
epoch 22/200 loss 1.5458 train 0.5588 test 0.3393
epoch 23/200 loss 1.4586 train 0.5855 test 0.4044
epoch 24/200 loss 1.4325 train 0.5875 test 0.3732
epoch 25/200 loss 1.3704 train 0.5991 test 0.4041
epoch 26/200 loss 1.2882 train 0.6251 test 0.4192
epoch 27/200 loss 1.2530 train 0.6334 test 0.3948
epoch 28/200 loss 1.2069 train 0.6453 test 0.3899
epoch 29/200 loss 1.1453 train 0.6578 test 0.4137
epoch 30/200 loss 1.0676 train 0.6813 test 0.3979
epoch 31/200 loss 1.0946 train 0.6690 test 0.4202
epoch 32/200 loss 1.0128 train 0.6963 test 0.4001
epoch 33/200 loss 0.9560 train 0.7104 test 0.4187
epoch 34/200 loss 0.9127 train 0.7270 test 0.4297
epoch 35/200 loss 0.9055 train 0.7249 test 0.4088
epoch 36/200 loss 0.8271 train 0.7478 test 0.4325
epoch 37/200 loss 0.8121 train 0.7499 test 0.4416
epoch 38/200 loss 0.7940 train 0.7553 test 0.4420
epoch 39/200 loss 0.7498 train 0.7704 test 0.4150
epoch 40/200 loss 0.7120 train 0.7859 test 0.4319
epoch 41/200 loss 0.6746 train 0.7916 test 0.4528
epoch 42/200 loss 0.6552 train 0.7974 test 0.4606
epoch 43/200 loss 0.6304 train 0.8020 test 0.4294
epoch 44/200 loss 0.6049 train 0.8125 test 0.4140
epoch 45/200 loss 0.6030 train 0.8125 test 0.4235
epoch 46/200 loss 0.6152 train 0.8075 test 0.4249
epoch 47/200 loss 0.5231 train 0.8396 test 0.4203
epoch 48/200 loss 0.5238 train 0.8399 test 0.4485
epoch 49/200 loss 0.4958 train 0.8452 test 0.4186
epoch 50/200 loss 0.4824 train 0.8488 test 0.4622
epoch 51/200 loss 0.4854 train 0.8467 test 0.4204
epoch 52/200 loss 0.4546 train 0.8598 test 0.4711
epoch 53/200 loss 0.4386 train 0.8641 test 0.4511
epoch 54/200 loss 0.4496 train 0.8608 test 0.4104
epoch 55/200 loss 0.4598 train 0.8550 test 0.4530
epoch 56/200 loss 0.3950 train 0.8798 test 0.4680
epoch 57/200 loss 0.3882 train 0.8795 test 0.4542
epoch 58/200 loss 0.3899 train 0.8813 test 0.4478
epoch 59/200 loss 0.4091 train 0.8781 test 0.4615
epoch 60/200 loss 0.3653 train 0.8852 test 0.4488
epoch 61/200 loss 0.3173 train 0.9055 test 0.4594
epoch 62/200 loss 0.3489 train 0.8925 test 0.4369
epoch 63/200 loss 0.3280 train 0.9000 test 0.4455
epoch 64/200 loss 0.3270 train 0.9010 test 0.4598
epoch 65/200 loss 0.3162 train 0.9048 test 0.4718
epoch 66/200 loss 0.3125 train 0.9037 test 0.4757
epoch 67/200 loss 0.3066 train 0.9071 test 0.4801
epoch 68/200 loss 0.2922 train 0.9105 test 0.4669
epoch 69/200 loss 0.3035 train 0.9087 test 0.4365
epoch 70/200 loss 0.3107 train 0.9082 test 0.4670
epoch 71/200 loss 0.3029 train 0.9099 test 0.4776
epoch 72/200 loss 0.2966 train 0.9126 test 0.4758
epoch 73/200 loss 0.2928 train 0.9143 test 0.4687
epoch 74/200 loss 0.2527 train 0.9269 test 0.4603
epoch 75/200 loss 0.2391 train 0.9279 test 0.4754
epoch 76/200 loss 0.2484 train 0.9263 test 0.4661
epoch 77/200 loss 0.2142 train 0.9373 test 0.4908
epoch 78/200 loss 0.2153 train 0.9365 test 0.4623
epoch 79/200 loss 0.1978 train 0.9435 test 0.4685
epoch 80/200 loss 0.2259 train 0.9315 test 0.4721
epoch 81/200 loss 0.2397 train 0.9261 test 0.4685
epoch 82/200 loss 0.2132 train 0.9365 test 0.4731
epoch 83/200 loss 0.1892 train 0.9460 test 0.4951
epoch 84/200 loss 0.1942 train 0.9425 test 0.4594
epoch 85/200 loss 0.1847 train 0.9465 test 0.4677
epoch 86/200 loss 0.1614 train 0.9544 test 0.4899
epoch 87/200 loss 0.1573 train 0.9549 test 0.4919
epoch 88/200 loss 0.1481 train 0.9611 test 0.4988
epoch 89/200 loss 0.1344 train 0.9647 test 0.4923
epoch 90/200 loss 0.1508 train 0.9592 test 0.4734
epoch 91/200 loss 0.1767 train 0.9491 test 0.4905
epoch 92/200 loss 0.1807 train 0.9518 test 0.4493
epoch 93/200 loss 0.1956 train 0.9408 test 0.4748
epoch 94/200 loss 0.2065 train 0.9405 test 0.4354
epoch 95/200 loss 0.1969 train 0.9439 test 0.4749
epoch 96/200 loss 0.1758 train 0.9503 test 0.4946
epoch 97/200 loss 0.1240 train 0.9681 test 0.5166
epoch 98/200 loss 0.1043 train 0.9723 test 0.5009
epoch 99/200 loss 0.0858 train 0.9797 test 0.5212
epoch 100/200 loss 0.0735 train 0.9837 test 0.5288
epoch 101/200 loss 0.0501 train 0.9901 test 0.5404
epoch 102/200 loss 0.0390 train 0.9926 test 0.5495
epoch 103/200 loss 0.0284 train 0.9959 test 0.5568
epoch 104/200 loss 0.0239 train 0.9964 test 0.5687
epoch 105/200 loss 0.0212 train 0.9968 test 0.5557
epoch 106/200 loss 0.0206 train 0.9973 test 0.5665
epoch 107/200 loss 0.0172 train 0.9977 test 0.5625
epoch 108/200 loss 0.0137 train 0.9991 test 0.5796
epoch 109/200 loss 0.0109 train 0.9992 test 0.5866
epoch 110/200 loss 0.0080 train 0.9997 test 0.5865
epoch 111/200 loss 0.0077 train 0.9998 test 0.5880
epoch 112/200 loss 0.0069 train 0.9999 test 0.5907
epoch 113/200 loss 0.0071 train 0.9998 test 0.5932
epoch 114/200 loss 0.0071 train 0.9999 test 0.5939
epoch 115/200 loss 0.0073 train 0.9999 test 0.5964
epoch 116/200 loss 0.0075 train 0.9999 test 0.5967
epoch 117/200 loss 0.0074 train 0.9999 test 0.5943
epoch 118/200 loss 0.0079 train 0.9999 test 0.5980
epoch 119/200 loss 0.0082 train 0.9998 test 0.5981
epoch 120/200 loss 0.0081 train 0.9999 test 0.5999
epoch 121/200 loss 0.0083 train 0.9998 test 0.5997
epoch 122/200 loss 0.0080 train 0.9999 test 0.5967
epoch 123/200 loss 0.0083 train 0.9999 test 0.5974
epoch 124/200 loss 0.0085 train 0.9998 test 0.5976
epoch 125/200 loss 0.0082 train 0.9999 test 0.5959
epoch 126/200 loss 0.0082 train 0.9998 test 0.6034
epoch 127/200 loss 0.0079 train 0.9998 test 0.5998
epoch 128/200 loss 0.0084 train 1.0000 test 0.5997
epoch 129/200 loss 0.0087 train 0.9998 test 0.5992
epoch 130/200 loss 0.0084 train 0.9999 test 0.6051
epoch 131/200 loss 0.0082 train 1.0000 test 0.6009
epoch 132/200 loss 0.0084 train 0.9998 test 0.6000
epoch 133/200 loss 0.0080 train 0.9999 test 0.6037
epoch 134/200 loss 0.0082 train 0.9999 test 0.6039
epoch 135/200 loss 0.0087 train 0.9998 test 0.6016
epoch 136/200 loss 0.0079 train 1.0000 test 0.6035
epoch 137/200 loss 0.0106 train 0.9992 test 0.5843
epoch 138/200 loss 0.0250 train 0.9970 test 0.5668
epoch 139/200 loss 0.0300 train 0.9968 test 0.5493
epoch 140/200 loss 0.0319 train 0.9973 test 0.5653
epoch 141/200 loss 0.0231 train 0.9986 test 0.5798
epoch 142/200 loss 0.0146 train 0.9992 test 0.5808
epoch 143/200 loss 0.0125 train 0.9994 test 0.5972
epoch 144/200 loss 0.0086 train 0.9998 test 0.5962
epoch 145/200 loss 0.0078 train 0.9998 test 0.5973
epoch 146/200 loss 0.0068 train 0.9999 test 0.6019
epoch 147/200 loss 0.0067 train 0.9998 test 0.6004
epoch 148/200 loss 0.0065 train 1.0000 test 0.5986
epoch 149/200 loss 0.0061 train 0.9999 test 0.5988
epoch 150/200 loss 0.0060 train 0.9999 test 0.6025
epoch 151/200 loss 0.0062 train 0.9999 test 0.6013
epoch 152/200 loss 0.0060 train 1.0000 test 0.6035
epoch 153/200 loss 0.0061 train 1.0000 test 0.6009
epoch 154/200 loss 0.0062 train 0.9999 test 0.6016
epoch 155/200 loss 0.0062 train 1.0000 test 0.6028
epoch 156/200 loss 0.0067 train 0.9998 test 0.6018
epoch 157/200 loss 0.0063 train 0.9999 test 0.6025
epoch 158/200 loss 0.0066 train 0.9998 test 0.6032
epoch 159/200 loss 0.0063 train 0.9999 test 0.6037
epoch 160/200 loss 0.0064 train 1.0000 test 0.6039
epoch 161/200 loss 0.0062 train 0.9999 test 0.6045
epoch 162/200 loss 0.0062 train 1.0000 test 0.6040
epoch 163/200 loss 0.0062 train 0.9999 test 0.6043
epoch 164/200 loss 0.0064 train 0.9998 test 0.6070
epoch 165/200 loss 0.0063 train 0.9999 test 0.6044
epoch 166/200 loss 0.0063 train 0.9999 test 0.6070
epoch 167/200 loss 0.0064 train 1.0000 test 0.6058
epoch 168/200 loss 0.0063 train 1.0000 test 0.6063
epoch 169/200 loss 0.0065 train 0.9999 test 0.6047
epoch 170/200 loss 0.0064 train 1.0000 test 0.6077
epoch 171/200 loss 0.0063 train 0.9999 test 0.6075
epoch 172/200 loss 0.0064 train 0.9999 test 0.6055
epoch 173/200 loss 0.0064 train 0.9999 test 0.6068
epoch 174/200 loss 0.0063 train 0.9999 test 0.6064
epoch 175/200 loss 0.0063 train 0.9999 test 0.6077
epoch 176/200 loss 0.0062 train 1.0000 test 0.6069
epoch 177/200 loss 0.0063 train 0.9999 test 0.6083
epoch 178/200 loss 0.0062 train 1.0000 test 0.6064
epoch 179/200 loss 0.0064 train 1.0000 test 0.6060
epoch 180/200 loss 0.0064 train 1.0000 test 0.6060
epoch 181/200 loss 0.0062 train 1.0000 test 0.6068
epoch 182/200 loss 0.0064 train 1.0000 test 0.6071
epoch 183/200 loss 0.0062 train 1.0000 test 0.6071
epoch 184/200 loss 0.0063 train 1.0000 test 0.6073
epoch 185/200 loss 0.0063 train 1.0000 test 0.6073
epoch 186/200 loss 0.0063 train 1.0000 test 0.6058
epoch 187/200 loss 0.0062 train 1.0000 test 0.6057
epoch 188/200 loss 0.0062 train 1.0000 test 0.6068
epoch 189/200 loss 0.0061 train 1.0000 test 0.6058
epoch 190/200 loss 0.0061 train 0.9999 test 0.6075
epoch 191/200 loss 0.0062 train 0.9999 test 0.6061
epoch 192/200 loss 0.0065 train 0.9999 test 0.6061
epoch 193/200 loss 0.0060 train 1.0000 test 0.6062
epoch 194/200 loss 0.0064 train 1.0000 test 0.6046
epoch 195/200 loss 0.0062 train 1.0000 test 0.6074
epoch 196/200 loss 0.0060 train 1.0000 test 0.6065
epoch 197/200 loss 0.0061 train 1.0000 test 0.6057
epoch 198/200 loss 0.0063 train 0.9999 test 0.6063
epoch 199/200 loss 0.0059 train 1.0000 test 0.6070
epoch 200/200 loss 0.0062 train 1.0000 test 0.6051
done: final 0.6051 best 0.6083 -> ./runs/k5_25pct_gaboronly/seed0
stem calibrated (True) on 1024 images
[k5_25pct_gaboronly seed1] {"params_trainable": 11225316, "params_stem_trainable": 0, "params_stem_fixed_filters": 225, "flops_total": 562244608, "flops_stem": 230400, "flops_image_size": 32}
epoch 1/200 loss 4.3048 train 0.0517 test 0.0769
epoch 2/200 loss 3.9177 train 0.0940 test 0.1197
epoch 3/200 loss 3.7051 train 0.1306 test 0.1370
epoch 4/200 loss 3.5097 train 0.1616 test 0.1598
epoch 5/200 loss 3.3131 train 0.1924 test 0.1756
epoch 6/200 loss 3.1348 train 0.2236 test 0.2046
epoch 7/200 loss 2.9918 train 0.2515 test 0.2298
epoch 8/200 loss 2.8727 train 0.2692 test 0.2486
epoch 9/200 loss 2.7193 train 0.2941 test 0.2486
epoch 10/200 loss 2.6095 train 0.3202 test 0.2819
epoch 11/200 loss 2.4985 train 0.3431 test 0.2753
epoch 12/200 loss 2.3946 train 0.3671 test 0.3044
epoch 13/200 loss 2.2939 train 0.3900 test 0.3235
epoch 14/200 loss 2.2003 train 0.4090 test 0.3227
epoch 15/200 loss 2.1252 train 0.4184 test 0.3510
epoch 16/200 loss 2.0268 train 0.4442 test 0.3532
epoch 17/200 loss 1.9384 train 0.4643 test 0.3354
epoch 18/200 loss 1.8527 train 0.4861 test 0.3709
epoch 19/200 loss 1.7732 train 0.5014 test 0.3676
epoch 20/200 loss 1.7064 train 0.5169 test 0.3560
epoch 21/200 loss 1.6346 train 0.5364 test 0.3121
epoch 22/200 loss 1.5564 train 0.5576 test 0.3616
epoch 23/200 loss 1.5188 train 0.5618 test 0.3790
epoch 24/200 loss 1.4564 train 0.5801 test 0.3991
epoch 25/200 loss 1.3553 train 0.6074 test 0.3877
epoch 26/200 loss 1.3330 train 0.6098 test 0.3709
epoch 27/200 loss 1.2650 train 0.6282 test 0.3821
epoch 28/200 loss 1.1929 train 0.6477 test 0.4004
epoch 29/200 loss 1.1798 train 0.6506 test 0.4367
epoch 30/200 loss 1.1045 train 0.6664 test 0.4172
epoch 31/200 loss 1.0651 train 0.6820 test 0.4221
epoch 32/200 loss 1.0451 train 0.6802 test 0.4278
epoch 33/200 loss 0.9697 train 0.7089 test 0.4348
epoch 34/200 loss 0.9492 train 0.7127 test 0.4116
epoch 35/200 loss 0.9058 train 0.7254 test 0.4334
epoch 36/200 loss 0.8399 train 0.7410 test 0.4141
epoch 37/200 loss 0.8202 train 0.7434 test 0.4337
epoch 38/200 loss 0.8020 train 0.7555 test 0.4122
epoch 39/200 loss 0.7495 train 0.7680 test 0.3999
epoch 40/200 loss 0.7209 train 0.7787 test 0.4398
epoch 41/200 loss 0.6812 train 0.7904 test 0.4494
epoch 42/200 loss 0.6639 train 0.7976 test 0.4438
epoch 43/200 loss 0.6408 train 0.8037 test 0.4250
epoch 44/200 loss 0.6314 train 0.8046 test 0.4171
epoch 45/200 loss 0.6045 train 0.8100 test 0.4497
epoch 46/200 loss 0.5564 train 0.8278 test 0.4452
epoch 47/200 loss 0.5482 train 0.8301 test 0.4574
epoch 48/200 loss 0.5208 train 0.8363 test 0.4165
epoch 49/200 loss 0.5457 train 0.8314 test 0.4150
epoch 50/200 loss 0.4986 train 0.8429 test 0.4082
epoch 51/200 loss 0.4751 train 0.8520 test 0.4671
epoch 52/200 loss 0.4552 train 0.8599 test 0.4558
epoch 53/200 loss 0.4628 train 0.8552 test 0.4423
epoch 54/200 loss 0.4639 train 0.8529 test 0.4555
epoch 55/200 loss 0.4462 train 0.8630 test 0.4697
epoch 56/200 loss 0.3514 train 0.8931 test 0.4698
epoch 57/200 loss 0.3928 train 0.8781 test 0.4475
epoch 58/200 loss 0.4204 train 0.8669 test 0.4451
epoch 59/200 loss 0.3792 train 0.8839 test 0.4559
epoch 60/200 loss 0.3435 train 0.8963 test 0.4179
epoch 61/200 loss 0.3624 train 0.8879 test 0.4791
epoch 62/200 loss 0.3559 train 0.8913 test 0.4227
epoch 63/200 loss 0.3296 train 0.9015 test 0.4304
epoch 64/200 loss 0.3562 train 0.8883 test 0.4534
epoch 65/200 loss 0.3354 train 0.8981 test 0.4719
epoch 66/200 loss 0.2889 train 0.9125 test 0.4635
epoch 67/200 loss 0.2852 train 0.9133 test 0.4655
epoch 68/200 loss 0.3203 train 0.9005 test 0.4592
epoch 69/200 loss 0.2896 train 0.9119 test 0.4352
epoch 70/200 loss 0.3311 train 0.9022 test 0.4425
epoch 71/200 loss 0.2664 train 0.9195 test 0.4654
epoch 72/200 loss 0.2444 train 0.9274 test 0.4465
epoch 73/200 loss 0.2506 train 0.9247 test 0.4547
epoch 74/200 loss 0.2476 train 0.9257 test 0.4789
epoch 75/200 loss 0.2503 train 0.9251 test 0.4615
epoch 76/200 loss 0.2586 train 0.9235 test 0.4339
epoch 77/200 loss 0.2922 train 0.9091 test 0.4716
epoch 78/200 loss 0.2480 train 0.9271 test 0.4893
epoch 79/200 loss 0.2133 train 0.9372 test 0.5046
epoch 80/200 loss 0.1970 train 0.9414 test 0.4637
epoch 81/200 loss 0.2103 train 0.9360 test 0.4880
epoch 82/200 loss 0.1846 train 0.9460 test 0.4730
epoch 83/200 loss 0.1657 train 0.9520 test 0.5024
epoch 84/200 loss 0.1620 train 0.9547 test 0.4786
epoch 85/200 loss 0.1962 train 0.9436 test 0.4949
epoch 86/200 loss 0.1952 train 0.9447 test 0.4745
epoch 87/200 loss 0.1744 train 0.9504 test 0.4802
epoch 88/200 loss 0.1934 train 0.9437 test 0.4752
epoch 89/200 loss 0.1579 train 0.9551 test 0.4879
epoch 90/200 loss 0.1503 train 0.9580 test 0.4888
epoch 91/200 loss 0.1764 train 0.9503 test 0.4494
epoch 92/200 loss 0.1684 train 0.9543 test 0.4803
epoch 93/200 loss 0.1474 train 0.9596 test 0.4982
epoch 94/200 loss 0.1379 train 0.9636 test 0.5190
epoch 95/200 loss 0.1131 train 0.9718 test 0.5124
epoch 96/200 loss 0.1096 train 0.9699 test 0.4956
epoch 97/200 loss 0.1005 train 0.9739 test 0.5168
epoch 98/200 loss 0.0984 train 0.9745 test 0.5127
epoch 99/200 loss 0.0844 train 0.9797 test 0.4953
epoch 100/200 loss 0.1144 train 0.9695 test 0.5026
epoch 101/200 loss 0.1128 train 0.9715 test 0.4928
epoch 102/200 loss 0.1019 train 0.9761 test 0.5142
epoch 103/200 loss 0.0860 train 0.9777 test 0.5169
epoch 104/200 loss 0.0945 train 0.9777 test 0.5151
epoch 105/200 loss 0.0956 train 0.9766 test 0.5001
epoch 106/200 loss 0.0779 train 0.9814 test 0.5284
epoch 107/200 loss 0.0709 train 0.9838 test 0.5218
epoch 108/200 loss 0.0488 train 0.9911 test 0.5548
epoch 109/200 loss 0.0433 train 0.9907 test 0.5319
epoch 110/200 loss 0.0426 train 0.9932 test 0.5423
epoch 111/200 loss 0.0284 train 0.9959 test 0.5453
epoch 112/200 loss 0.0233 train 0.9965 test 0.5620
epoch 113/200 loss 0.0209 train 0.9972 test 0.5681
epoch 114/200 loss 0.0163 train 0.9978 test 0.5720
epoch 115/200 loss 0.0192 train 0.9974 test 0.5715
epoch 116/200 loss 0.0209 train 0.9966 test 0.5663
epoch 117/200 loss 0.0116 train 0.9989 test 0.5840
epoch 118/200 loss 0.0105 train 0.9990 test 0.5858
epoch 119/200 loss 0.0075 train 0.9998 test 0.5892
epoch 120/200 loss 0.0065 train 0.9998 test 0.5934
epoch 121/200 loss 0.0060 train 0.9998 test 0.5975
epoch 122/200 loss 0.0061 train 0.9999 test 0.5964
epoch 123/200 loss 0.0059 train 0.9999 test 0.5970
epoch 124/200 loss 0.0065 train 0.9999 test 0.5990
epoch 125/200 loss 0.0065 train 0.9999 test 0.5965
epoch 126/200 loss 0.0065 train 0.9999 test 0.5987
epoch 127/200 loss 0.0066 train 0.9999 test 0.5994
epoch 128/200 loss 0.0068 train 1.0000 test 0.6018
epoch 129/200 loss 0.0074 train 0.9998 test 0.6023
epoch 130/200 loss 0.0090 train 0.9998 test 0.5995
epoch 131/200 loss 0.0076 train 1.0000 test 0.6003
epoch 132/200 loss 0.0077 train 0.9999 test 0.6016
epoch 133/200 loss 0.0073 train 0.9999 test 0.6035
epoch 134/200 loss 0.0075 train 0.9998 test 0.6046
epoch 135/200 loss 0.0074 train 0.9999 test 0.6046
epoch 136/200 loss 0.0078 train 0.9999 test 0.6070
epoch 137/200 loss 0.0078 train 0.9999 test 0.6083
epoch 138/200 loss 0.0077 train 0.9998 test 0.6045
epoch 139/200 loss 0.0078 train 0.9999 test 0.6055
epoch 140/200 loss 0.0075 train 0.9999 test 0.6038
epoch 141/200 loss 0.0075 train 0.9998 test 0.6078
epoch 142/200 loss 0.0076 train 0.9999 test 0.6074
epoch 143/200 loss 0.0073 train 1.0000 test 0.6065
epoch 144/200 loss 0.0077 train 0.9999 test 0.6074
epoch 145/200 loss 0.0074 train 0.9999 test 0.6064
epoch 146/200 loss 0.0076 train 0.9998 test 0.6035
epoch 147/200 loss 0.0076 train 0.9999 test 0.6065
epoch 148/200 loss 0.0074 train 1.0000 test 0.6067
epoch 149/200 loss 0.0073 train 1.0000 test 0.6059
epoch 150/200 loss 0.0074 train 0.9999 test 0.6063
epoch 151/200 loss 0.0074 train 0.9999 test 0.6074
epoch 152/200 loss 0.0071 train 1.0000 test 0.6071
epoch 153/200 loss 0.0072 train 1.0000 test 0.6066
epoch 154/200 loss 0.0074 train 0.9999 test 0.6045
epoch 155/200 loss 0.0077 train 0.9999 test 0.6044
epoch 156/200 loss 0.0074 train 1.0000 test 0.6067
epoch 157/200 loss 0.0073 train 1.0000 test 0.6086
epoch 158/200 loss 0.0071 train 1.0000 test 0.6075
epoch 159/200 loss 0.0074 train 0.9999 test 0.6080
epoch 160/200 loss 0.0072 train 1.0000 test 0.6076
epoch 161/200 loss 0.0073 train 1.0000 test 0.6065
epoch 162/200 loss 0.0073 train 1.0000 test 0.6101
epoch 163/200 loss 0.0070 train 1.0000 test 0.6108
epoch 164/200 loss 0.0073 train 1.0000 test 0.6088
epoch 165/200 loss 0.0072 train 1.0000 test 0.6085
epoch 166/200 loss 0.0070 train 1.0000 test 0.6056
epoch 167/200 loss 0.0069 train 1.0000 test 0.6104
epoch 168/200 loss 0.0070 train 1.0000 test 0.6109
epoch 169/200 loss 0.0070 train 1.0000 test 0.6092
epoch 170/200 loss 0.0071 train 1.0000 test 0.6106
epoch 171/200 loss 0.0070 train 0.9999 test 0.6073
epoch 172/200 loss 0.0068 train 1.0000 test 0.6091
epoch 173/200 loss 0.0070 train 1.0000 test 0.6097
epoch 174/200 loss 0.0071 train 0.9998 test 0.6093
epoch 175/200 loss 0.0067 train 1.0000 test 0.6105
epoch 176/200 loss 0.0069 train 1.0000 test 0.6091
epoch 177/200 loss 0.0066 train 1.0000 test 0.6091
epoch 178/200 loss 0.0068 train 0.9999 test 0.6101
epoch 179/200 loss 0.0070 train 1.0000 test 0.6078
epoch 180/200 loss 0.0070 train 1.0000 test 0.6112
epoch 181/200 loss 0.0068 train 1.0000 test 0.6088
epoch 182/200 loss 0.0069 train 1.0000 test 0.6098
epoch 183/200 loss 0.0069 train 1.0000 test 0.6109
epoch 184/200 loss 0.0066 train 1.0000 test 0.6085
epoch 185/200 loss 0.0068 train 1.0000 test 0.6102
epoch 186/200 loss 0.0068 train 1.0000 test 0.6071
epoch 187/200 loss 0.0068 train 1.0000 test 0.6095
epoch 188/200 loss 0.0066 train 1.0000 test 0.6092
epoch 189/200 loss 0.0068 train 1.0000 test 0.6086
epoch 190/200 loss 0.0067 train 1.0000 test 0.6098
epoch 191/200 loss 0.0067 train 1.0000 test 0.6107
epoch 192/200 loss 0.0068 train 1.0000 test 0.6087
epoch 193/200 loss 0.0068 train 1.0000 test 0.6109
epoch 194/200 loss 0.0069 train 1.0000 test 0.6081
epoch 195/200 loss 0.0066 train 1.0000 test 0.6097
epoch 196/200 loss 0.0068 train 1.0000 test 0.6071
epoch 197/200 loss 0.0069 train 1.0000 test 0.6100
epoch 198/200 loss 0.0068 train 1.0000 test 0.6101
epoch 199/200 loss 0.0067 train 1.0000 test 0.6093
epoch 200/200 loss 0.0067 train 1.0000 test 0.6090
done: final 0.6090 best 0.6112 -> ./runs/k5_25pct_gaboronly/seed1
stem calibrated (True) on 1024 images
[k5_25pct_gaboronly seed2] {"params_trainable": 11225316, "params_stem_trainable": 0, "params_stem_fixed_filters": 225, "flops_total": 562244608, "flops_stem": 230400, "flops_image_size": 32}
epoch 1/200 loss 4.3092 train 0.0527 test 0.0735
epoch 2/200 loss 3.9097 train 0.1001 test 0.1104
epoch 3/200 loss 3.6632 train 0.1388 test 0.1382
epoch 4/200 loss 3.4491 train 0.1717 test 0.1602
epoch 5/200 loss 3.2740 train 0.1997 test 0.1887
epoch 6/200 loss 3.1228 train 0.2209 test 0.2121
epoch 7/200 loss 2.9656 train 0.2519 test 0.2224
epoch 8/200 loss 2.8558 train 0.2759 test 0.2283
epoch 9/200 loss 2.7082 train 0.3015 test 0.2575
epoch 10/200 loss 2.6085 train 0.3207 test 0.2625
epoch 11/200 loss 2.4902 train 0.3495 test 0.2810
epoch 12/200 loss 2.3982 train 0.3637 test 0.3015
epoch 13/200 loss 2.3001 train 0.3854 test 0.3346
epoch 14/200 loss 2.1800 train 0.4148 test 0.3042
epoch 15/200 loss 2.1170 train 0.4263 test 0.3316
epoch 16/200 loss 2.0136 train 0.4478 test 0.3343
epoch 17/200 loss 1.9201 train 0.4687 test 0.3472
epoch 18/200 loss 1.8334 train 0.4853 test 0.3116
epoch 19/200 loss 1.7641 train 0.5007 test 0.3587
epoch 20/200 loss 1.6779 train 0.5220 test 0.3479
epoch 21/200 loss 1.6423 train 0.5351 test 0.3619
epoch 22/200 loss 1.5476 train 0.5536 test 0.3656
epoch 23/200 loss 1.4893 train 0.5729 test 0.3723
epoch 24/200 loss 1.4179 train 0.5900 test 0.4114
epoch 25/200 loss 1.3719 train 0.5993 test 0.3856
epoch 26/200 loss 1.2928 train 0.6201 test 0.3848
epoch 27/200 loss 1.2464 train 0.6326 test 0.4252
epoch 28/200 loss 1.1723 train 0.6482 test 0.3955
epoch 29/200 loss 1.1491 train 0.6587 test 0.3958
epoch 30/200 loss 1.1160 train 0.6662 test 0.3871
epoch 31/200 loss 1.0445 train 0.6876 test 0.4108
epoch 32/200 loss 1.0119 train 0.6945 test 0.4355
epoch 33/200 loss 0.9713 train 0.7051 test 0.4052
epoch 34/200 loss 0.9146 train 0.7216 test 0.4215
epoch 35/200 loss 0.8927 train 0.7294 test 0.3989
epoch 36/200 loss 0.8391 train 0.7446 test 0.4257
epoch 37/200 loss 0.8364 train 0.7441 test 0.4387
epoch 38/200 loss 0.7414 train 0.7706 test 0.4213
epoch 39/200 loss 0.7264 train 0.7736 test 0.4161
epoch 40/200 loss 0.7133 train 0.7782 test 0.4439
epoch 41/200 loss 0.6661 train 0.7943 test 0.4334
epoch 42/200 loss 0.6429 train 0.7988 test 0.4332
epoch 43/200 loss 0.6141 train 0.8133 test 0.3932
epoch 44/200 loss 0.6155 train 0.8124 test 0.4415
epoch 45/200 loss 0.5640 train 0.8252 test 0.4377
epoch 46/200 loss 0.5553 train 0.8282 test 0.4315
epoch 47/200 loss 0.5725 train 0.8212 test 0.4296
epoch 48/200 loss 0.5401 train 0.8333 test 0.4157
epoch 49/200 loss 0.4906 train 0.8479 test 0.4249
epoch 50/200 loss 0.5134 train 0.8403 test 0.4276
epoch 51/200 loss 0.4763 train 0.8508 test 0.4445
epoch 52/200 loss 0.4599 train 0.8554 test 0.4295
epoch 53/200 loss 0.4255 train 0.8680 test 0.4258
epoch 54/200 loss 0.4143 train 0.8700 test 0.4270
epoch 55/200 loss 0.4373 train 0.8645 test 0.4516
epoch 56/200 loss 0.4164 train 0.8681 test 0.4681
epoch 57/200 loss 0.3675 train 0.8857 test 0.4403
epoch 58/200 loss 0.3508 train 0.8915 test 0.4601
epoch 59/200 loss 0.4042 train 0.8765 test 0.4498
epoch 60/200 loss 0.3760 train 0.8852 test 0.4412
epoch 61/200 loss 0.3432 train 0.8941 test 0.4648
epoch 62/200 loss 0.3228 train 0.8992 test 0.4488
epoch 63/200 loss 0.3266 train 0.8975 test 0.4583
epoch 64/200 loss 0.3033 train 0.9088 test 0.4382
epoch 65/200 loss 0.3410 train 0.8951 test 0.4490
epoch 66/200 loss 0.3044 train 0.9072 test 0.4183
epoch 67/200 loss 0.3104 train 0.9076 test 0.4675
epoch 68/200 loss 0.2952 train 0.9101 test 0.4679
epoch 69/200 loss 0.2881 train 0.9149 test 0.4808
epoch 70/200 loss 0.2851 train 0.9158 test 0.4811
epoch 71/200 loss 0.3154 train 0.9056 test 0.4105
epoch 72/200 loss 0.2815 train 0.9150 test 0.4622
epoch 73/200 loss 0.2403 train 0.9284 test 0.4667
epoch 74/200 loss 0.2328 train 0.9295 test 0.4739
epoch 75/200 loss 0.2461 train 0.9268 test 0.4659
epoch 76/200 loss 0.2586 train 0.9229 test 0.4828
epoch 77/200 loss 0.2219 train 0.9341 test 0.4780
epoch 78/200 loss 0.2582 train 0.9234 test 0.4498
epoch 79/200 loss 0.2497 train 0.9258 test 0.4840
epoch 80/200 loss 0.2375 train 0.9287 test 0.4591
epoch 81/200 loss 0.2505 train 0.9274 test 0.4804
epoch 82/200 loss 0.1982 train 0.9428 test 0.4722
epoch 83/200 loss 0.1674 train 0.9528 test 0.5027
epoch 84/200 loss 0.1489 train 0.9599 test 0.4838
epoch 85/200 loss 0.1476 train 0.9577 test 0.4918
epoch 86/200 loss 0.1285 train 0.9651 test 0.5032
epoch 87/200 loss 0.1481 train 0.9601 test 0.4832
epoch 88/200 loss 0.1510 train 0.9593 test 0.4978
epoch 89/200 loss 0.1554 train 0.9583 test 0.4962
epoch 90/200 loss 0.1592 train 0.9544 test 0.4871
epoch 91/200 loss 0.1703 train 0.9535 test 0.4513
epoch 92/200 loss 0.2512 train 0.9287 test 0.4506
epoch 93/200 loss 0.2171 train 0.9370 test 0.4713
epoch 94/200 loss 0.1700 train 0.9529 test 0.4731
epoch 95/200 loss 0.1600 train 0.9564 test 0.4904
epoch 96/200 loss 0.1590 train 0.9566 test 0.4994
epoch 97/200 loss 0.1414 train 0.9630 test 0.4986
epoch 98/200 loss 0.1094 train 0.9728 test 0.4796
epoch 99/200 loss 0.1078 train 0.9721 test 0.5097
epoch 100/200 loss 0.0827 train 0.9806 test 0.5199
epoch 101/200 loss 0.0636 train 0.9861 test 0.5314
epoch 102/200 loss 0.0560 train 0.9884 test 0.5388
epoch 103/200 loss 0.0329 train 0.9950 test 0.5601
epoch 104/200 loss 0.0318 train 0.9941 test 0.5510
epoch 105/200 loss 0.0238 train 0.9961 test 0.5541
epoch 106/200 loss 0.0197 train 0.9977 test 0.5688
epoch 107/200 loss 0.0131 train 0.9990 test 0.5745
epoch 108/200 loss 0.0143 train 0.9984 test 0.5749
epoch 109/200 loss 0.0127 train 0.9989 test 0.5790
epoch 110/200 loss 0.0092 train 0.9996 test 0.5777
epoch 111/200 loss 0.0072 train 0.9999 test 0.5862
epoch 112/200 loss 0.0068 train 0.9998 test 0.5840
epoch 113/200 loss 0.0069 train 0.9999 test 0.5882
epoch 114/200 loss 0.0065 train 0.9999 test 0.5916
epoch 115/200 loss 0.0070 train 0.9998 test 0.5919
epoch 116/200 loss 0.0112 train 0.9993 test 0.5821
epoch 117/200 loss 0.0104 train 0.9995 test 0.5901
epoch 118/200 loss 0.0085 train 0.9998 test 0.5930
epoch 119/200 loss 0.0081 train 0.9999 test 0.5912
epoch 120/200 loss 0.0079 train 0.9999 test 0.5928
epoch 121/200 loss 0.0076 train 0.9999 test 0.5908
epoch 122/200 loss 0.0080 train 0.9998 test 0.5908
epoch 123/200 loss 0.0088 train 0.9998 test 0.5882
epoch 124/200 loss 0.0086 train 0.9998 test 0.5951
epoch 125/200 loss 0.0089 train 0.9998 test 0.5901
epoch 126/200 loss 0.0099 train 0.9996 test 0.5909
epoch 127/200 loss 0.0098 train 0.9998 test 0.5922
epoch 128/200 loss 0.0113 train 0.9995 test 0.5910
epoch 129/200 loss 0.0108 train 0.9997 test 0.5920
epoch 130/200 loss 0.0152 train 0.9991 test 0.5894
epoch 131/200 loss 0.0108 train 0.9997 test 0.5913
epoch 132/200 loss 0.0101 train 0.9997 test 0.5890
epoch 133/200 loss 0.0089 train 0.9999 test 0.5924
epoch 134/200 loss 0.0079 train 0.9999 test 0.5926
epoch 135/200 loss 0.0081 train 0.9998 test 0.5931
epoch 136/200 loss 0.0075 train 0.9998 test 0.5932
epoch 137/200 loss 0.0073 train 0.9999 test 0.5939
epoch 138/200 loss 0.0074 train 1.0000 test 0.5952
epoch 139/200 loss 0.0073 train 1.0000 test 0.5952
epoch 140/200 loss 0.0076 train 0.9999 test 0.5982
epoch 141/200 loss 0.0074 train 0.9999 test 0.5974
epoch 142/200 loss 0.0077 train 0.9998 test 0.5958
epoch 143/200 loss 0.0075 train 0.9999 test 0.5965
epoch 144/200 loss 0.0077 train 1.0000 test 0.5963
epoch 145/200 loss 0.0073 train 1.0000 test 0.5954
epoch 146/200 loss 0.0071 train 0.9999 test 0.5968
epoch 147/200 loss 0.0078 train 0.9999 test 0.5989
epoch 148/200 loss 0.0076 train 0.9999 test 0.5986
epoch 149/200 loss 0.0077 train 0.9998 test 0.5997
epoch 150/200 loss 0.0071 train 0.9999 test 0.6002
epoch 151/200 loss 0.0071 train 0.9999 test 0.5994
epoch 152/200 loss 0.0072 train 1.0000 test 0.5979
epoch 153/200 loss 0.0071 train 0.9998 test 0.6021
epoch 154/200 loss 0.0070 train 1.0000 test 0.6007
epoch 155/200 loss 0.0069 train 1.0000 test 0.5980
epoch 156/200 loss 0.0072 train 1.0000 test 0.6001
epoch 157/200 loss 0.0071 train 1.0000 test 0.6010
epoch 158/200 loss 0.0072 train 1.0000 test 0.5978
epoch 159/200 loss 0.0071 train 1.0000 test 0.5994
epoch 160/200 loss 0.0072 train 0.9999 test 0.6002
epoch 161/200 loss 0.0069 train 1.0000 test 0.5995
epoch 162/200 loss 0.0068 train 0.9999 test 0.6013
epoch 163/200 loss 0.0072 train 0.9999 test 0.5988
epoch 164/200 loss 0.0071 train 1.0000 test 0.6005
epoch 165/200 loss 0.0073 train 0.9998 test 0.5989
epoch 166/200 loss 0.0069 train 1.0000 test 0.6005
epoch 167/200 loss 0.0070 train 0.9999 test 0.6014
epoch 168/200 loss 0.0068 train 1.0000 test 0.6001
epoch 169/200 loss 0.0067 train 1.0000 test 0.6023
epoch 170/200 loss 0.0068 train 0.9999 test 0.6021
epoch 171/200 loss 0.0068 train 1.0000 test 0.5994
epoch 172/200 loss 0.0069 train 1.0000 test 0.6004
epoch 173/200 loss 0.0067 train 1.0000 test 0.6024
epoch 174/200 loss 0.0066 train 1.0000 test 0.6034
epoch 175/200 loss 0.0068 train 1.0000 test 0.6006
epoch 176/200 loss 0.0067 train 0.9999 test 0.6013
epoch 177/200 loss 0.0067 train 1.0000 test 0.6014
epoch 178/200 loss 0.0067 train 1.0000 test 0.6017
epoch 179/200 loss 0.0067 train 1.0000 test 0.6020
epoch 180/200 loss 0.0065 train 1.0000 test 0.6014
epoch 181/200 loss 0.0069 train 1.0000 test 0.6016
epoch 182/200 loss 0.0068 train 1.0000 test 0.6014
epoch 183/200 loss 0.0065 train 1.0000 test 0.6026
epoch 184/200 loss 0.0068 train 1.0000 test 0.6039
epoch 185/200 loss 0.0066 train 1.0000 test 0.6011
epoch 186/200 loss 0.0068 train 0.9998 test 0.5979
epoch 187/200 loss 0.0065 train 1.0000 test 0.6009
epoch 188/200 loss 0.0066 train 1.0000 test 0.5995
epoch 189/200 loss 0.0065 train 1.0000 test 0.6012
epoch 190/200 loss 0.0066 train 1.0000 test 0.6016
epoch 191/200 loss 0.0065 train 1.0000 test 0.6016
epoch 192/200 loss 0.0065 train 1.0000 test 0.6018
epoch 193/200 loss 0.0065 train 1.0000 test 0.6035
epoch 194/200 loss 0.0066 train 1.0000 test 0.6019
epoch 195/200 loss 0.0066 train 1.0000 test 0.6012
epoch 196/200 loss 0.0067 train 1.0000 test 0.6031
epoch 197/200 loss 0.0067 train 0.9999 test 0.6024
epoch 198/200 loss 0.0067 train 1.0000 test 0.6021
epoch 199/200 loss 0.0064 train 1.0000 test 0.5999
epoch 200/200 loss 0.0065 train 1.0000 test 0.6007
done: final 0.6007 best 0.6039 -> ./runs/k5_25pct_gaboronly/seed2
K5_25_WAVE_COMPLETE
