OCTAVE_START auxmag6o_tin_5pct_seed0
moment-aux target calibrated on 1024 images
[auxmag6o_tin_5pct seed0] {"params_trainable": 11274516, "params_stem_trainable": 0, "params_stem_fixed_filters": 0, "flops_total": 2226720768, "flops_stem": 0, "flops_image_size": 64}
epoch 1/200 loss 6.1779 train 0.0088 test 0.0224
epoch 2/200 loss 5.3248 train 0.0310 test 0.0382
epoch 3/200 loss 5.0370 train 0.0447 test 0.0497
epoch 4/200 loss 4.8067 train 0.0585 test 0.0441
epoch 5/200 loss 4.6634 train 0.0697 test 0.0480
epoch 6/200 loss 4.4985 train 0.0829 test 0.0627
epoch 7/200 loss 4.4045 train 0.0952 test 0.0570
epoch 8/200 loss 4.2834 train 0.1066 test 0.0718
epoch 9/200 loss 4.1760 train 0.1174 test 0.0861
epoch 10/200 loss 4.0831 train 0.1300 test 0.0821
epoch 11/200 loss 4.0041 train 0.1320 test 0.0852
epoch 12/200 loss 3.9106 train 0.1416 test 0.0948
epoch 13/200 loss 3.8119 train 0.1516 test 0.0887
epoch 14/200 loss 3.7028 train 0.1757 test 0.1003
epoch 15/200 loss 3.6109 train 0.1839 test 0.0751
epoch 16/200 loss 3.5496 train 0.1931 test 0.1086
epoch 17/200 loss 3.4714 train 0.2077 test 0.1115
epoch 18/200 loss 3.3832 train 0.2290 test 0.1124
epoch 19/200 loss 3.2971 train 0.2308 test 0.1158
epoch 20/200 loss 3.2113 train 0.2546 test 0.1193
epoch 21/200 loss 3.1460 train 0.2644 test 0.1088
epoch 22/200 loss 3.0734 train 0.2772 test 0.1117
epoch 23/200 loss 3.0058 train 0.2889 test 0.1423
epoch 24/200 loss 2.8953 train 0.3007 test 0.1133
epoch 25/200 loss 2.8558 train 0.3083 test 0.1127
epoch 26/200 loss 2.7443 train 0.3245 test 0.1298
epoch 27/200 loss 2.6419 train 0.3552 test 0.1251
epoch 28/200 loss 2.5904 train 0.3596 test 0.1350
epoch 29/200 loss 2.4775 train 0.3804 test 0.1433
epoch 30/200 loss 2.3976 train 0.4014 test 0.1438
epoch 31/200 loss 2.3088 train 0.4145 test 0.1553
epoch 32/200 loss 2.1766 train 0.4455 test 0.1472
epoch 33/200 loss 2.0863 train 0.4629 test 0.1422
epoch 34/200 loss 1.9751 train 0.4852 test 0.1458
epoch 35/200 loss 1.8613 train 0.5236 test 0.1295
epoch 36/200 loss 1.7874 train 0.5327 test 0.1453
epoch 37/200 loss 1.6992 train 0.5549 test 0.1564
epoch 38/200 loss 1.6071 train 0.5693 test 0.1380
epoch 39/200 loss 1.5569 train 0.5925 test 0.1307
epoch 40/200 loss 1.3216 train 0.6530 test 0.1524
epoch 41/200 loss 1.2484 train 0.6637 test 0.1627
epoch 42/200 loss 1.1209 train 0.7139 test 0.1421
epoch 43/200 loss 1.0024 train 0.7460 test 0.1483
epoch 44/200 loss 0.9271 train 0.7576 test 0.1478
epoch 45/200 loss 0.8392 train 0.7899 test 0.1399
epoch 46/200 loss 0.7702 train 0.8083 test 0.1553
epoch 47/200 loss 0.7024 train 0.8323 test 0.1559
epoch 48/200 loss 0.6006 train 0.8584 test 0.1718
epoch 49/200 loss 0.5205 train 0.8824 test 0.1526
epoch 50/200 loss 0.4965 train 0.8882 test 0.1582
epoch 51/200 loss 0.4885 train 0.8866 test 0.1563
epoch 52/200 loss 0.4124 train 0.9135 test 0.1703
epoch 53/200 loss 0.3156 train 0.9449 test 0.1802
epoch 54/200 loss 0.2696 train 0.9569 test 0.1666
epoch 55/200 loss 0.2736 train 0.9561 test 0.1707
epoch 56/200 loss 0.2087 train 0.9736 test 0.1762
epoch 57/200 loss 0.1836 train 0.9788 test 0.1787
epoch 58/200 loss 0.1485 train 0.9870 test 0.1938
epoch 59/200 loss 0.1169 train 0.9918 test 0.1858
epoch 60/200 loss 0.0976 train 0.9948 test 0.1975
epoch 61/200 loss 0.0804 train 0.9974 test 0.2129
epoch 62/200 loss 0.0653 train 0.9990 test 0.2089
epoch 63/200 loss 0.0569 train 1.0000 test 0.2129
epoch 64/200 loss 0.0513 train 1.0000 test 0.2179
epoch 65/200 loss 0.0486 train 0.9998 test 0.2151
epoch 66/200 loss 0.0468 train 1.0000 test 0.2156
epoch 67/200 loss 0.0462 train 1.0000 test 0.2206
epoch 68/200 loss 0.0455 train 1.0000 test 0.2173
epoch 69/200 loss 0.0440 train 1.0000 test 0.2184
epoch 70/200 loss 0.0442 train 1.0000 test 0.2187
epoch 71/200 loss 0.0444 train 1.0000 test 0.2221
epoch 72/200 loss 0.0439 train 1.0000 test 0.2198
epoch 73/200 loss 0.0433 train 1.0000 test 0.2179
epoch 74/200 loss 0.0419 train 1.0000 test 0.2175
epoch 75/200 loss 0.0418 train 1.0000 test 0.2183
epoch 76/200 loss 0.0420 train 1.0000 test 0.2149
epoch 77/200 loss 0.0410 train 1.0000 test 0.2178
epoch 78/200 loss 0.0410 train 1.0000 test 0.2118
epoch 79/200 loss 0.0424 train 1.0000 test 0.2200
epoch 80/200 loss 0.0400 train 1.0000 test 0.2172
epoch 81/200 loss 0.0419 train 0.9998 test 0.2152
epoch 82/200 loss 0.0422 train 0.9998 test 0.2171
epoch 83/200 loss 0.0427 train 0.9998 test 0.2128
epoch 84/200 loss 0.0396 train 1.0000 test 0.2118
epoch 85/200 loss 0.0402 train 0.9998 test 0.2163
epoch 86/200 loss 0.0381 train 0.9998 test 0.2167
epoch 87/200 loss 0.0377 train 0.9998 test 0.2189
epoch 88/200 loss 0.0357 train 1.0000 test 0.2176
epoch 89/200 loss 0.0392 train 0.9994 test 0.1996
epoch 90/200 loss 0.0630 train 0.9978 test 0.1975
epoch 91/200 loss 0.1120 train 0.9948 test 0.1727
epoch 92/200 loss 0.3980 train 0.9293 test 0.1061
epoch 93/200 loss 1.1803 train 0.6975 test 0.1038
epoch 94/200 loss 1.2644 train 0.6625 test 0.1262
epoch 95/200 loss 0.7931 train 0.8021 test 0.1623
epoch 96/200 loss 0.4596 train 0.9075 test 0.1524
epoch 97/200 loss 0.2912 train 0.9515 test 0.1769
epoch 98/200 loss 0.1926 train 0.9778 test 0.1961
epoch 99/200 loss 0.1033 train 0.9948 test 0.2071
epoch 100/200 loss 0.0607 train 0.9974 test 0.2178
epoch 101/200 loss 0.0439 train 0.9998 test 0.2206
epoch 102/200 loss 0.0357 train 1.0000 test 0.2276
epoch 103/200 loss 0.0344 train 0.9996 test 0.2268
epoch 104/200 loss 0.0305 train 1.0000 test 0.2258
epoch 105/200 loss 0.0284 train 1.0000 test 0.2248
epoch 106/200 loss 0.0276 train 1.0000 test 0.2249
epoch 107/200 loss 0.0264 train 1.0000 test 0.2294
epoch 108/200 loss 0.0261 train 1.0000 test 0.2284
epoch 109/200 loss 0.0257 train 1.0000 test 0.2293
epoch 110/200 loss 0.0260 train 1.0000 test 0.2283
epoch 111/200 loss 0.0251 train 1.0000 test 0.2278
epoch 112/200 loss 0.0247 train 1.0000 test 0.2298
epoch 113/200 loss 0.0246 train 1.0000 test 0.2304
epoch 114/200 loss 0.0240 train 1.0000 test 0.2294
epoch 115/200 loss 0.0242 train 1.0000 test 0.2319
epoch 116/200 loss 0.0235 train 1.0000 test 0.2299
epoch 117/200 loss 0.0228 train 1.0000 test 0.2306
epoch 118/200 loss 0.0232 train 1.0000 test 0.2314
epoch 119/200 loss 0.0229 train 1.0000 test 0.2299
epoch 120/200 loss 0.0223 train 1.0000 test 0.2310
epoch 121/200 loss 0.0224 train 1.0000 test 0.2294
epoch 122/200 loss 0.0223 train 1.0000 test 0.2337
epoch 123/200 loss 0.0221 train 1.0000 test 0.2316
epoch 124/200 loss 0.0211 train 1.0000 test 0.2323
epoch 125/200 loss 0.0218 train 1.0000 test 0.2308
epoch 126/200 loss 0.0215 train 1.0000 test 0.2328
epoch 127/200 loss 0.0203 train 1.0000 test 0.2307
epoch 128/200 loss 0.0206 train 1.0000 test 0.2333
epoch 129/200 loss 0.0207 train 1.0000 test 0.2294
epoch 130/200 loss 0.0207 train 1.0000 test 0.2341
epoch 131/200 loss 0.0205 train 1.0000 test 0.2330
epoch 132/200 loss 0.0203 train 1.0000 test 0.2336
epoch 133/200 loss 0.0198 train 1.0000 test 0.2332
epoch 134/200 loss 0.0198 train 1.0000 test 0.2333
epoch 135/200 loss 0.0198 train 1.0000 test 0.2311
epoch 136/200 loss 0.0190 train 1.0000 test 0.2360
epoch 137/200 loss 0.0191 train 1.0000 test 0.2357
epoch 138/200 loss 0.0194 train 1.0000 test 0.2353
epoch 139/200 loss 0.0190 train 1.0000 test 0.2349
epoch 140/200 loss 0.0186 train 1.0000 test 0.2348
epoch 141/200 loss 0.0186 train 1.0000 test 0.2364
epoch 142/200 loss 0.0178 train 1.0000 test 0.2346
epoch 143/200 loss 0.0178 train 1.0000 test 0.2348
epoch 144/200 loss 0.0174 train 1.0000 test 0.2342
epoch 145/200 loss 0.0186 train 1.0000 test 0.2337
epoch 146/200 loss 0.0173 train 1.0000 test 0.2355
epoch 147/200 loss 0.0173 train 1.0000 test 0.2373
epoch 148/200 loss 0.0173 train 1.0000 test 0.2377
epoch 149/200 loss 0.0173 train 1.0000 test 0.2397
epoch 150/200 loss 0.0168 train 1.0000 test 0.2388
epoch 151/200 loss 0.0175 train 1.0000 test 0.2364
epoch 152/200 loss 0.0162 train 1.0000 test 0.2357
epoch 153/200 loss 0.0163 train 1.0000 test 0.2367
epoch 154/200 loss 0.0163 train 1.0000 test 0.2383
epoch 155/200 loss 0.0165 train 1.0000 test 0.2366
epoch 156/200 loss 0.0154 train 1.0000 test 0.2368
epoch 157/200 loss 0.0153 train 1.0000 test 0.2377
epoch 158/200 loss 0.0156 train 1.0000 test 0.2381
epoch 159/200 loss 0.0154 train 1.0000 test 0.2378
epoch 160/200 loss 0.0157 train 1.0000 test 0.2362
epoch 161/200 loss 0.0156 train 1.0000 test 0.2370
epoch 162/200 loss 0.0148 train 1.0000 test 0.2385
epoch 163/200 loss 0.0151 train 1.0000 test 0.2373
epoch 164/200 loss 0.0146 train 1.0000 test 0.2370
epoch 165/200 loss 0.0145 train 1.0000 test 0.2381
epoch 166/200 loss 0.0148 train 1.0000 test 0.2389
epoch 167/200 loss 0.0144 train 1.0000 test 0.2362
epoch 168/200 loss 0.0144 train 1.0000 test 0.2377
epoch 169/200 loss 0.0139 train 1.0000 test 0.2398
epoch 170/200 loss 0.0142 train 1.0000 test 0.2399
epoch 171/200 loss 0.0144 train 1.0000 test 0.2382
epoch 172/200 loss 0.0140 train 1.0000 test 0.2383
epoch 173/200 loss 0.0136 train 1.0000 test 0.2391
epoch 174/200 loss 0.0138 train 1.0000 test 0.2382
epoch 175/200 loss 0.0135 train 1.0000 test 0.2385
epoch 176/200 loss 0.0134 train 1.0000 test 0.2388
epoch 177/200 loss 0.0133 train 1.0000 test 0.2375
epoch 178/200 loss 0.0132 train 1.0000 test 0.2388
epoch 179/200 loss 0.0134 train 1.0000 test 0.2389
epoch 180/200 loss 0.0134 train 1.0000 test 0.2380
epoch 181/200 loss 0.0130 train 1.0000 test 0.2377
epoch 182/200 loss 0.0127 train 1.0000 test 0.2380
epoch 183/200 loss 0.0127 train 1.0000 test 0.2390
epoch 184/200 loss 0.0131 train 1.0000 test 0.2384
epoch 185/200 loss 0.0124 train 1.0000 test 0.2391
epoch 186/200 loss 0.0124 train 1.0000 test 0.2397
epoch 187/200 loss 0.0125 train 1.0000 test 0.2377
epoch 188/200 loss 0.0126 train 1.0000 test 0.2387
epoch 189/200 loss 0.0125 train 1.0000 test 0.2386
epoch 190/200 loss 0.0125 train 1.0000 test 0.2391
epoch 191/200 loss 0.0126 train 1.0000 test 0.2390
epoch 192/200 loss 0.0124 train 1.0000 test 0.2390
epoch 193/200 loss 0.0126 train 1.0000 test 0.2371
epoch 194/200 loss 0.0122 train 1.0000 test 0.2384
epoch 195/200 loss 0.0122 train 1.0000 test 0.2385
epoch 196/200 loss 0.0127 train 1.0000 test 0.2385
epoch 197/200 loss 0.0124 train 1.0000 test 0.2393
epoch 198/200 loss 0.0121 train 1.0000 test 0.2380
epoch 199/200 loss 0.0123 train 1.0000 test 0.2394
epoch 200/200 loss 0.0124 train 1.0000 test 0.2393
done: final 0.2393 best 0.2399 -> ./runs/auxmag6o_tin_5pct/seed0
OCTAVE_DONE auxmag6o_tin_5pct_seed0
OCTAVE_START auxmag6o_tin_5pct_seed1
moment-aux target calibrated on 1024 images
[auxmag6o_tin_5pct seed1] {"params_trainable": 11274516, "params_stem_trainable": 0, "params_stem_fixed_filters": 0, "flops_total": 2226720768, "flops_stem": 0, "flops_image_size": 64}
epoch 1/200 loss 6.1093 train 0.0076 test 0.0168
epoch 2/200 loss 5.3356 train 0.0280 test 0.0304
epoch 3/200 loss 5.0173 train 0.0449 test 0.0377
epoch 4/200 loss 4.8163 train 0.0545 test 0.0552
epoch 5/200 loss 4.6635 train 0.0681 test 0.0616
epoch 6/200 loss 4.5296 train 0.0845 test 0.0618
epoch 7/200 loss 4.4258 train 0.0861 test 0.0578
epoch 8/200 loss 4.3020 train 0.1034 test 0.0683
epoch 9/200 loss 4.1861 train 0.1176 test 0.0742
epoch 10/200 loss 4.0973 train 0.1264 test 0.0817
epoch 11/200 loss 3.9942 train 0.1396 test 0.0903
epoch 12/200 loss 3.8858 train 0.1480 test 0.0822
epoch 13/200 loss 3.8362 train 0.1526 test 0.0856
epoch 14/200 loss 3.7323 train 0.1761 test 0.0949
epoch 15/200 loss 3.6245 train 0.1837 test 0.0911
epoch 16/200 loss 3.5901 train 0.1873 test 0.1098
epoch 17/200 loss 3.4714 train 0.2107 test 0.1121
epoch 18/200 loss 3.3870 train 0.2141 test 0.1016
epoch 19/200 loss 3.3341 train 0.2278 test 0.1090
epoch 20/200 loss 3.2386 train 0.2468 test 0.1196
epoch 21/200 loss 3.1661 train 0.2516 test 0.1300
epoch 22/200 loss 3.1006 train 0.2704 test 0.1232
epoch 23/200 loss 2.9739 train 0.2827 test 0.1155
epoch 24/200 loss 2.9346 train 0.2975 test 0.1081
epoch 25/200 loss 2.8728 train 0.3089 test 0.1086
epoch 26/200 loss 2.7519 train 0.3287 test 0.1295
epoch 27/200 loss 2.7029 train 0.3287 test 0.1198
epoch 28/200 loss 2.5803 train 0.3590 test 0.1376
epoch 29/200 loss 2.4858 train 0.3762 test 0.1309
epoch 30/200 loss 2.4207 train 0.3934 test 0.1409
epoch 31/200 loss 2.3141 train 0.4171 test 0.1153
epoch 32/200 loss 2.2082 train 0.4393 test 0.1292
epoch 33/200 loss 2.1043 train 0.4563 test 0.1360
epoch 34/200 loss 1.9954 train 0.4776 test 0.1291
epoch 35/200 loss 1.8945 train 0.5086 test 0.1554
epoch 36/200 loss 1.7665 train 0.5391 test 0.1221
epoch 37/200 loss 1.7127 train 0.5449 test 0.1291
epoch 38/200 loss 1.6090 train 0.5707 test 0.1382
epoch 39/200 loss 1.5139 train 0.6042 test 0.1563
epoch 40/200 loss 1.3664 train 0.6376 test 0.1430
epoch 41/200 loss 1.3035 train 0.6478 test 0.1399
epoch 42/200 loss 1.2071 train 0.6799 test 0.1501
epoch 43/200 loss 1.1339 train 0.6953 test 0.1472
epoch 44/200 loss 1.0161 train 0.7352 test 0.1384
epoch 45/200 loss 0.8680 train 0.7766 test 0.1527
epoch 46/200 loss 0.7987 train 0.7991 test 0.1448
epoch 47/200 loss 0.7461 train 0.8133 test 0.1392
epoch 48/200 loss 0.6766 train 0.8279 test 0.1497
epoch 49/200 loss 0.6599 train 0.8399 test 0.1501
epoch 50/200 loss 0.5019 train 0.8876 test 0.1717
epoch 51/200 loss 0.4001 train 0.9199 test 0.1560
epoch 52/200 loss 0.3752 train 0.9247 test 0.1687
epoch 53/200 loss 0.3630 train 0.9301 test 0.1603
epoch 54/200 loss 0.3261 train 0.9327 test 0.1776
epoch 55/200 loss 0.2385 train 0.9671 test 0.1779
epoch 56/200 loss 0.2288 train 0.9653 test 0.1721
epoch 57/200 loss 0.2243 train 0.9617 test 0.1884
epoch 58/200 loss 0.1966 train 0.9710 test 0.1755
epoch 59/200 loss 0.1483 train 0.9864 test 0.1843
epoch 60/200 loss 0.0982 train 0.9960 test 0.2036
epoch 61/200 loss 0.0719 train 0.9988 test 0.2067
epoch 62/200 loss 0.0657 train 0.9986 test 0.2109
epoch 63/200 loss 0.0622 train 0.9992 test 0.2110
epoch 64/200 loss 0.0539 train 0.9998 test 0.2124
epoch 65/200 loss 0.0494 train 0.9998 test 0.2174
epoch 66/200 loss 0.0458 train 1.0000 test 0.2164
epoch 67/200 loss 0.0441 train 1.0000 test 0.2194
epoch 68/200 loss 0.0442 train 1.0000 test 0.2177
epoch 69/200 loss 0.0436 train 1.0000 test 0.2161
epoch 70/200 loss 0.0421 train 1.0000 test 0.2174
epoch 71/200 loss 0.0426 train 1.0000 test 0.2190
epoch 72/200 loss 0.0418 train 1.0000 test 0.2179
epoch 73/200 loss 0.0417 train 1.0000 test 0.2169
epoch 74/200 loss 0.0412 train 1.0000 test 0.2195
epoch 75/200 loss 0.0429 train 0.9998 test 0.2218
epoch 76/200 loss 0.0408 train 0.9998 test 0.2182
epoch 77/200 loss 0.0408 train 1.0000 test 0.2167
epoch 78/200 loss 0.0396 train 1.0000 test 0.2213
epoch 79/200 loss 0.0393 train 1.0000 test 0.2171
epoch 80/200 loss 0.0390 train 1.0000 test 0.2191
epoch 81/200 loss 0.0370 train 1.0000 test 0.2205
epoch 82/200 loss 0.0379 train 1.0000 test 0.2173
epoch 83/200 loss 0.0366 train 1.0000 test 0.2150
epoch 84/200 loss 0.0366 train 1.0000 test 0.2220
epoch 85/200 loss 0.0368 train 1.0000 test 0.2123
epoch 86/200 loss 0.0351 train 1.0000 test 0.2187
epoch 87/200 loss 0.0338 train 1.0000 test 0.2185
epoch 88/200 loss 0.0347 train 1.0000 test 0.2200
epoch 89/200 loss 0.0402 train 0.9982 test 0.2054
epoch 90/200 loss 0.1308 train 0.9874 test 0.1370
epoch 91/200 loss 0.4665 train 0.9135 test 0.0906
epoch 92/200 loss 1.1716 train 0.6971 test 0.1050
epoch 93/200 loss 1.1434 train 0.7009 test 0.1345
epoch 94/200 loss 0.7139 train 0.8259 test 0.1303
epoch 95/200 loss 0.4201 train 0.9231 test 0.1819
epoch 96/200 loss 0.2458 train 0.9643 test 0.1911
epoch 97/200 loss 0.1478 train 0.9844 test 0.1832
epoch 98/200 loss 0.0897 train 0.9948 test 0.2020
epoch 99/200 loss 0.0634 train 0.9972 test 0.2069
epoch 100/200 loss 0.0466 train 0.9994 test 0.2205
epoch 101/200 loss 0.0377 train 0.9994 test 0.2240
epoch 102/200 loss 0.0324 train 0.9998 test 0.2236
epoch 103/200 loss 0.0298 train 1.0000 test 0.2245
epoch 104/200 loss 0.0287 train 0.9998 test 0.2287
epoch 105/200 loss 0.0268 train 1.0000 test 0.2248
epoch 106/200 loss 0.0261 train 1.0000 test 0.2264
epoch 107/200 loss 0.0256 train 1.0000 test 0.2256
epoch 108/200 loss 0.0256 train 1.0000 test 0.2253
epoch 109/200 loss 0.0247 train 1.0000 test 0.2287
epoch 110/200 loss 0.0240 train 1.0000 test 0.2260
epoch 111/200 loss 0.0239 train 1.0000 test 0.2277
epoch 112/200 loss 0.0241 train 1.0000 test 0.2263
epoch 113/200 loss 0.0237 train 1.0000 test 0.2259
epoch 114/200 loss 0.0233 train 1.0000 test 0.2258
epoch 115/200 loss 0.0233 train 1.0000 test 0.2291
epoch 116/200 loss 0.0229 train 1.0000 test 0.2290
epoch 117/200 loss 0.0226 train 1.0000 test 0.2292
epoch 118/200 loss 0.0222 train 1.0000 test 0.2276
epoch 119/200 loss 0.0224 train 1.0000 test 0.2303
epoch 120/200 loss 0.0224 train 1.0000 test 0.2289
epoch 121/200 loss 0.0221 train 1.0000 test 0.2305
epoch 122/200 loss 0.0217 train 1.0000 test 0.2303
epoch 123/200 loss 0.0212 train 1.0000 test 0.2314
epoch 124/200 loss 0.0212 train 1.0000 test 0.2298
epoch 125/200 loss 0.0213 train 1.0000 test 0.2292
epoch 126/200 loss 0.0213 train 1.0000 test 0.2298
epoch 127/200 loss 0.0211 train 1.0000 test 0.2286
epoch 128/200 loss 0.0207 train 1.0000 test 0.2290
epoch 129/200 loss 0.0205 train 1.0000 test 0.2329
epoch 130/200 loss 0.0206 train 1.0000 test 0.2323
epoch 131/200 loss 0.0209 train 1.0000 test 0.2330
epoch 132/200 loss 0.0200 train 1.0000 test 0.2300
epoch 133/200 loss 0.0196 train 1.0000 test 0.2311
epoch 134/200 loss 0.0198 train 1.0000 test 0.2319
epoch 135/200 loss 0.0194 train 1.0000 test 0.2299
epoch 136/200 loss 0.0187 train 1.0000 test 0.2343
epoch 137/200 loss 0.0192 train 1.0000 test 0.2315
epoch 138/200 loss 0.0190 train 1.0000 test 0.2330
epoch 139/200 loss 0.0183 train 1.0000 test 0.2343
epoch 140/200 loss 0.0184 train 1.0000 test 0.2340
epoch 141/200 loss 0.0182 train 1.0000 test 0.2338
epoch 142/200 loss 0.0178 train 1.0000 test 0.2351
epoch 143/200 loss 0.0179 train 1.0000 test 0.2349
epoch 144/200 loss 0.0179 train 1.0000 test 0.2367
epoch 145/200 loss 0.0173 train 1.0000 test 0.2350
epoch 146/200 loss 0.0173 train 1.0000 test 0.2365
epoch 147/200 loss 0.0171 train 1.0000 test 0.2352
epoch 148/200 loss 0.0166 train 1.0000 test 0.2347
epoch 149/200 loss 0.0173 train 1.0000 test 0.2342
epoch 150/200 loss 0.0169 train 1.0000 test 0.2357
epoch 151/200 loss 0.0165 train 1.0000 test 0.2346
epoch 152/200 loss 0.0164 train 1.0000 test 0.2351
epoch 153/200 loss 0.0165 train 1.0000 test 0.2366
epoch 154/200 loss 0.0163 train 1.0000 test 0.2347
epoch 155/200 loss 0.0161 train 1.0000 test 0.2354
epoch 156/200 loss 0.0156 train 1.0000 test 0.2349
epoch 157/200 loss 0.0160 train 1.0000 test 0.2366
epoch 158/200 loss 0.0153 train 1.0000 test 0.2357
epoch 159/200 loss 0.0151 train 1.0000 test 0.2373
epoch 160/200 loss 0.0151 train 1.0000 test 0.2357
epoch 161/200 loss 0.0154 train 1.0000 test 0.2365
epoch 162/200 loss 0.0149 train 1.0000 test 0.2363
epoch 163/200 loss 0.0142 train 1.0000 test 0.2350
epoch 164/200 loss 0.0151 train 1.0000 test 0.2373
epoch 165/200 loss 0.0142 train 1.0000 test 0.2359
epoch 166/200 loss 0.0145 train 1.0000 test 0.2382
epoch 167/200 loss 0.0147 train 1.0000 test 0.2370
epoch 168/200 loss 0.0144 train 1.0000 test 0.2392
epoch 169/200 loss 0.0141 train 1.0000 test 0.2387
epoch 170/200 loss 0.0138 train 1.0000 test 0.2381
epoch 171/200 loss 0.0140 train 1.0000 test 0.2388
epoch 172/200 loss 0.0140 train 1.0000 test 0.2379
epoch 173/200 loss 0.0138 train 1.0000 test 0.2392
epoch 174/200 loss 0.0138 train 1.0000 test 0.2373
epoch 175/200 loss 0.0136 train 1.0000 test 0.2363
epoch 176/200 loss 0.0131 train 1.0000 test 0.2370
epoch 177/200 loss 0.0134 train 1.0000 test 0.2387
epoch 178/200 loss 0.0133 train 1.0000 test 0.2373
epoch 179/200 loss 0.0133 train 1.0000 test 0.2375
epoch 180/200 loss 0.0131 train 1.0000 test 0.2380
epoch 181/200 loss 0.0133 train 1.0000 test 0.2372
epoch 182/200 loss 0.0131 train 1.0000 test 0.2378
epoch 183/200 loss 0.0130 train 1.0000 test 0.2381
epoch 184/200 loss 0.0126 train 1.0000 test 0.2378
epoch 185/200 loss 0.0132 train 1.0000 test 0.2362
epoch 186/200 loss 0.0132 train 1.0000 test 0.2383
epoch 187/200 loss 0.0127 train 1.0000 test 0.2370
epoch 188/200 loss 0.0129 train 1.0000 test 0.2398
epoch 189/200 loss 0.0127 train 1.0000 test 0.2382
epoch 190/200 loss 0.0125 train 1.0000 test 0.2378
epoch 191/200 loss 0.0123 train 1.0000 test 0.2377
epoch 192/200 loss 0.0123 train 1.0000 test 0.2386
epoch 193/200 loss 0.0126 train 1.0000 test 0.2376
epoch 194/200 loss 0.0125 train 1.0000 test 0.2376
epoch 195/200 loss 0.0125 train 1.0000 test 0.2370
epoch 196/200 loss 0.0128 train 1.0000 test 0.2390
epoch 197/200 loss 0.0122 train 1.0000 test 0.2377
epoch 198/200 loss 0.0123 train 1.0000 test 0.2391
epoch 199/200 loss 0.0127 train 1.0000 test 0.2385
epoch 200/200 loss 0.0127 train 1.0000 test 0.2387
done: final 0.2387 best 0.2398 -> ./runs/auxmag6o_tin_5pct/seed1
OCTAVE_DONE auxmag6o_tin_5pct_seed1
OCTAVE_START auxmag6o_tin_5pct_seed2
moment-aux target calibrated on 1024 images
[auxmag6o_tin_5pct seed2] {"params_trainable": 11274516, "params_stem_trainable": 0, "params_stem_fixed_filters": 0, "flops_total": 2226720768, "flops_stem": 0, "flops_image_size": 64}
epoch 1/200 loss 6.1315 train 0.0122 test 0.0203
epoch 2/200 loss 5.3136 train 0.0228 test 0.0303
epoch 3/200 loss 5.0059 train 0.0457 test 0.0393
epoch 4/200 loss 4.8092 train 0.0527 test 0.0563
epoch 5/200 loss 4.6614 train 0.0675 test 0.0521
epoch 6/200 loss 4.5231 train 0.0827 test 0.0667
epoch 7/200 loss 4.3925 train 0.1004 test 0.0753
epoch 8/200 loss 4.2861 train 0.1056 test 0.0703
epoch 9/200 loss 4.1818 train 0.1172 test 0.0863
epoch 10/200 loss 4.0952 train 0.1340 test 0.0835
epoch 11/200 loss 3.9884 train 0.1388 test 0.0816
epoch 12/200 loss 3.8749 train 0.1633 test 0.0874
epoch 13/200 loss 3.8125 train 0.1601 test 0.0824
epoch 14/200 loss 3.7083 train 0.1721 test 0.1057
epoch 15/200 loss 3.6121 train 0.1895 test 0.0741
epoch 16/200 loss 3.5604 train 0.1985 test 0.1020
epoch 17/200 loss 3.4506 train 0.2149 test 0.0934
epoch 18/200 loss 3.4082 train 0.2214 test 0.1188
epoch 19/200 loss 3.3289 train 0.2358 test 0.1265
epoch 20/200 loss 3.2506 train 0.2406 test 0.0927
epoch 21/200 loss 3.1554 train 0.2578 test 0.1229
epoch 22/200 loss 3.0615 train 0.2724 test 0.1241
epoch 23/200 loss 2.9787 train 0.2901 test 0.1050
epoch 24/200 loss 2.9428 train 0.2939 test 0.1358
epoch 25/200 loss 2.8185 train 0.3113 test 0.1426
epoch 26/200 loss 2.7288 train 0.3263 test 0.1443
epoch 27/200 loss 2.6277 train 0.3526 test 0.1289
epoch 28/200 loss 2.5602 train 0.3692 test 0.1335
epoch 29/200 loss 2.4590 train 0.3902 test 0.1149
epoch 30/200 loss 2.3807 train 0.4058 test 0.1193
epoch 31/200 loss 2.3429 train 0.4065 test 0.1350
epoch 32/200 loss 2.1743 train 0.4521 test 0.1092
epoch 33/200 loss 2.1035 train 0.4639 test 0.1388
epoch 34/200 loss 2.0063 train 0.4790 test 0.1241
epoch 35/200 loss 1.8664 train 0.5172 test 0.1544
epoch 36/200 loss 1.7997 train 0.5284 test 0.1367
epoch 37/200 loss 1.7505 train 0.5411 test 0.1266
epoch 38/200 loss 1.6286 train 0.5731 test 0.1258
epoch 39/200 loss 1.4719 train 0.6178 test 0.1430
epoch 40/200 loss 1.3626 train 0.6414 test 0.1484
epoch 41/200 loss 1.3064 train 0.6548 test 0.1445
epoch 42/200 loss 1.1680 train 0.6863 test 0.1366
epoch 43/200 loss 1.0584 train 0.7224 test 0.1441
epoch 44/200 loss 0.9880 train 0.7462 test 0.1452
epoch 45/200 loss 0.8431 train 0.7885 test 0.1410
epoch 46/200 loss 0.7889 train 0.8009 test 0.1572
epoch 47/200 loss 0.6577 train 0.8415 test 0.1477
epoch 48/200 loss 0.6039 train 0.8610 test 0.1528
epoch 49/200 loss 0.5278 train 0.8824 test 0.1719
epoch 50/200 loss 0.5093 train 0.8842 test 0.1676
epoch 51/200 loss 0.4288 train 0.9113 test 0.1575
epoch 52/200 loss 0.4224 train 0.9129 test 0.1490
epoch 53/200 loss 0.3935 train 0.9203 test 0.1516
epoch 54/200 loss 0.3482 train 0.9349 test 0.1797
epoch 55/200 loss 0.3008 train 0.9473 test 0.1648
epoch 56/200 loss 0.2329 train 0.9669 test 0.1692
epoch 57/200 loss 0.1857 train 0.9820 test 0.1886
epoch 58/200 loss 0.1475 train 0.9854 test 0.1926
epoch 59/200 loss 0.1556 train 0.9854 test 0.1793
epoch 60/200 loss 0.1200 train 0.9916 test 0.1964
epoch 61/200 loss 0.0942 train 0.9966 test 0.2046
epoch 62/200 loss 0.0733 train 0.9986 test 0.2021
epoch 63/200 loss 0.0655 train 0.9990 test 0.2098
epoch 64/200 loss 0.0594 train 0.9998 test 0.2152
epoch 65/200 loss 0.0557 train 0.9998 test 0.2181
epoch 66/200 loss 0.0541 train 1.0000 test 0.2143
epoch 67/200 loss 0.0505 train 1.0000 test 0.2150
epoch 68/200 loss 0.0493 train 1.0000 test 0.2186
epoch 69/200 loss 0.0485 train 1.0000 test 0.2149
epoch 70/200 loss 0.0489 train 1.0000 test 0.2146
epoch 71/200 loss 0.0473 train 1.0000 test 0.2185
epoch 72/200 loss 0.0473 train 1.0000 test 0.2194
epoch 73/200 loss 0.0460 train 1.0000 test 0.2143
epoch 74/200 loss 0.0458 train 1.0000 test 0.2201
epoch 75/200 loss 0.0458 train 1.0000 test 0.2147
epoch 76/200 loss 0.0463 train 0.9996 test 0.2071
epoch 77/200 loss 0.0490 train 0.9998 test 0.2101
epoch 78/200 loss 0.0454 train 1.0000 test 0.2155
epoch 79/200 loss 0.0429 train 1.0000 test 0.2226
epoch 80/200 loss 0.0428 train 1.0000 test 0.2214
epoch 81/200 loss 0.0477 train 0.9996 test 0.2145
epoch 82/200 loss 0.0443 train 1.0000 test 0.2166
epoch 83/200 loss 0.0426 train 1.0000 test 0.2092
epoch 84/200 loss 0.0418 train 1.0000 test 0.2254
epoch 85/200 loss 0.0397 train 1.0000 test 0.2191
epoch 86/200 loss 0.0386 train 1.0000 test 0.2156
epoch 87/200 loss 0.0388 train 1.0000 test 0.2187
epoch 88/200 loss 0.0370 train 1.0000 test 0.2163
epoch 89/200 loss 0.0368 train 1.0000 test 0.2187
epoch 90/200 loss 0.0370 train 1.0000 test 0.2140
epoch 91/200 loss 0.0352 train 1.0000 test 0.2110
epoch 92/200 loss 0.0372 train 1.0000 test 0.2180
epoch 93/200 loss 0.0364 train 1.0000 test 0.2180
epoch 94/200 loss 0.0347 train 1.0000 test 0.2131
epoch 95/200 loss 0.0334 train 1.0000 test 0.2205
epoch 96/200 loss 0.0325 train 1.0000 test 0.2171
epoch 97/200 loss 0.0327 train 1.0000 test 0.2151
epoch 98/200 loss 0.0316 train 1.0000 test 0.2102
epoch 99/200 loss 0.0435 train 0.9990 test 0.1974
epoch 100/200 loss 0.0734 train 0.9968 test 0.1636
epoch 101/200 loss 0.4706 train 0.9052 test 0.0926
epoch 102/200 loss 1.4219 train 0.6282 test 0.0873
epoch 103/200 loss 1.2143 train 0.6773 test 0.1206
epoch 104/200 loss 0.7317 train 0.8387 test 0.1446
epoch 105/200 loss 0.4631 train 0.9091 test 0.1496
epoch 106/200 loss 0.2819 train 0.9585 test 0.1760
epoch 107/200 loss 0.1460 train 0.9876 test 0.1948
epoch 108/200 loss 0.0820 train 0.9974 test 0.2161
epoch 109/200 loss 0.0476 train 0.9998 test 0.2198
epoch 110/200 loss 0.0362 train 1.0000 test 0.2234
epoch 111/200 loss 0.0329 train 1.0000 test 0.2280
epoch 112/200 loss 0.0298 train 1.0000 test 0.2265
epoch 113/200 loss 0.0284 train 1.0000 test 0.2258
epoch 114/200 loss 0.0275 train 0.9998 test 0.2245
epoch 115/200 loss 0.0276 train 1.0000 test 0.2239
epoch 116/200 loss 0.0255 train 1.0000 test 0.2257
epoch 117/200 loss 0.0248 train 1.0000 test 0.2260
epoch 118/200 loss 0.0242 train 1.0000 test 0.2269
epoch 119/200 loss 0.0235 train 1.0000 test 0.2269
epoch 120/200 loss 0.0231 train 0.9998 test 0.2249
epoch 121/200 loss 0.0239 train 1.0000 test 0.2247
epoch 122/200 loss 0.0227 train 1.0000 test 0.2247
epoch 123/200 loss 0.0228 train 0.9998 test 0.2271
epoch 124/200 loss 0.0227 train 0.9998 test 0.2259
epoch 125/200 loss 0.0223 train 0.9998 test 0.2285
epoch 126/200 loss 0.0216 train 1.0000 test 0.2309
epoch 127/200 loss 0.0208 train 1.0000 test 0.2287
epoch 128/200 loss 0.0208 train 1.0000 test 0.2291
epoch 129/200 loss 0.0206 train 1.0000 test 0.2283
epoch 130/200 loss 0.0200 train 1.0000 test 0.2280
epoch 131/200 loss 0.0197 train 1.0000 test 0.2301
epoch 132/200 loss 0.0196 train 1.0000 test 0.2305
epoch 133/200 loss 0.0195 train 1.0000 test 0.2297
epoch 134/200 loss 0.0193 train 1.0000 test 0.2306
epoch 135/200 loss 0.0189 train 1.0000 test 0.2291
epoch 136/200 loss 0.0188 train 1.0000 test 0.2283
epoch 137/200 loss 0.0188 train 1.0000 test 0.2284
epoch 138/200 loss 0.0183 train 1.0000 test 0.2306
epoch 139/200 loss 0.0181 train 1.0000 test 0.2291
epoch 140/200 loss 0.0180 train 1.0000 test 0.2289
epoch 141/200 loss 0.0181 train 1.0000 test 0.2309
epoch 142/200 loss 0.0180 train 1.0000 test 0.2299
epoch 143/200 loss 0.0174 train 1.0000 test 0.2282
epoch 144/200 loss 0.0172 train 1.0000 test 0.2315
epoch 145/200 loss 0.0173 train 1.0000 test 0.2293
epoch 146/200 loss 0.0172 train 1.0000 test 0.2295
epoch 147/200 loss 0.0165 train 1.0000 test 0.2297
epoch 148/200 loss 0.0168 train 1.0000 test 0.2293
epoch 149/200 loss 0.0164 train 1.0000 test 0.2293
epoch 150/200 loss 0.0162 train 1.0000 test 0.2297
epoch 151/200 loss 0.0159 train 1.0000 test 0.2307
epoch 152/200 loss 0.0158 train 1.0000 test 0.2308
epoch 153/200 loss 0.0154 train 1.0000 test 0.2312
epoch 154/200 loss 0.0155 train 1.0000 test 0.2281
epoch 155/200 loss 0.0155 train 1.0000 test 0.2315
epoch 156/200 loss 0.0153 train 1.0000 test 0.2308
epoch 157/200 loss 0.0148 train 1.0000 test 0.2305
epoch 158/200 loss 0.0149 train 1.0000 test 0.2307
epoch 159/200 loss 0.0148 train 1.0000 test 0.2308
epoch 160/200 loss 0.0150 train 1.0000 test 0.2309
epoch 161/200 loss 0.0146 train 1.0000 test 0.2307
epoch 162/200 loss 0.0144 train 1.0000 test 0.2323
epoch 163/200 loss 0.0144 train 1.0000 test 0.2312
epoch 164/200 loss 0.0142 train 1.0000 test 0.2303
epoch 165/200 loss 0.0138 train 1.0000 test 0.2299
epoch 166/200 loss 0.0142 train 1.0000 test 0.2311
epoch 167/200 loss 0.0138 train 1.0000 test 0.2319
epoch 168/200 loss 0.0132 train 1.0000 test 0.2300
epoch 169/200 loss 0.0135 train 1.0000 test 0.2293
epoch 170/200 loss 0.0133 train 1.0000 test 0.2315
epoch 171/200 loss 0.0133 train 1.0000 test 0.2315
epoch 172/200 loss 0.0131 train 1.0000 test 0.2314
epoch 173/200 loss 0.0130 train 1.0000 test 0.2313
epoch 174/200 loss 0.0126 train 1.0000 test 0.2298
epoch 175/200 loss 0.0127 train 1.0000 test 0.2304
epoch 176/200 loss 0.0124 train 1.0000 test 0.2311
epoch 177/200 loss 0.0125 train 1.0000 test 0.2309
epoch 178/200 loss 0.0123 train 1.0000 test 0.2311
epoch 179/200 loss 0.0126 train 1.0000 test 0.2316
epoch 180/200 loss 0.0128 train 1.0000 test 0.2326
epoch 181/200 loss 0.0128 train 1.0000 test 0.2308
epoch 182/200 loss 0.0119 train 1.0000 test 0.2304
epoch 183/200 loss 0.0120 train 1.0000 test 0.2304
epoch 184/200 loss 0.0120 train 1.0000 test 0.2298
epoch 185/200 loss 0.0121 train 1.0000 test 0.2316
epoch 186/200 loss 0.0117 train 1.0000 test 0.2317
epoch 187/200 loss 0.0115 train 1.0000 test 0.2289
epoch 188/200 loss 0.0120 train 1.0000 test 0.2310
epoch 189/200 loss 0.0116 train 1.0000 test 0.2318
epoch 190/200 loss 0.0119 train 1.0000 test 0.2324
epoch 191/200 loss 0.0118 train 1.0000 test 0.2305
epoch 192/200 loss 0.0118 train 1.0000 test 0.2307
epoch 193/200 loss 0.0120 train 1.0000 test 0.2311
epoch 194/200 loss 0.0118 train 1.0000 test 0.2317
epoch 195/200 loss 0.0117 train 1.0000 test 0.2305
epoch 196/200 loss 0.0113 train 1.0000 test 0.2306
epoch 197/200 loss 0.0114 train 1.0000 test 0.2321
epoch 198/200 loss 0.0117 train 1.0000 test 0.2315
epoch 199/200 loss 0.0119 train 1.0000 test 0.2328
epoch 200/200 loss 0.0114 train 1.0000 test 0.2317
done: final 0.2317 best 0.2328 -> ./runs/auxmag6o_tin_5pct/seed2
OCTAVE_DONE auxmag6o_tin_5pct_seed2
OCTAVE_CELL_DONE auxmag6o_tin_5pct
OCTAVE_PROBE_START auxmag6o_tin_5pct
auxmag6o_tin_5pct seed0: probe train 47.58  test 35.05
auxmag6o_tin_5pct seed1: probe train 47.91  test 35.21
auxmag6o_tin_5pct seed2: probe train 47.61  test 34.41
PROBE_RESULT auxmag6o_tin_5pct test 34.89+/-0.42 over 3 seeds -> runs/auxmag6o_tin_5pct/linear_probe.json
OCTAVE_PROBE_DONE auxmag6o_tin_5pct
OCTAVE_START auxmag3_c100_5pct_seed0
moment-aux target calibrated on 1024 images
[auxmag3_c100_5pct seed0] {"params_trainable": 11223216, "params_stem_trainable": 0, "params_stem_fixed_filters": 0, "flops_total": 556705792, "flops_stem": 0, "flops_image_size": 32}
epoch 1/200 loss 6.1132 train 0.0206 test 0.0329
epoch 2/200 loss 5.0449 train 0.0382 test 0.0523
epoch 3/200 loss 4.5539 train 0.0633 test 0.0629
epoch 4/200 loss 4.2836 train 0.0868 test 0.0841
epoch 5/200 loss 4.1029 train 0.1032 test 0.0911
epoch 6/200 loss 4.0173 train 0.1266 test 0.0942
epoch 7/200 loss 3.8625 train 0.1414 test 0.1058
epoch 8/200 loss 3.7686 train 0.1386 test 0.0978
epoch 9/200 loss 3.6896 train 0.1571 test 0.1160
epoch 10/200 loss 3.6254 train 0.1731 test 0.1172
epoch 11/200 loss 3.5260 train 0.1850 test 0.1198
epoch 12/200 loss 3.4198 train 0.1961 test 0.1276
epoch 13/200 loss 3.3389 train 0.2101 test 0.1471
epoch 14/200 loss 3.2269 train 0.2208 test 0.1348
epoch 15/200 loss 3.1709 train 0.2352 test 0.1490
epoch 16/200 loss 3.0833 train 0.2479 test 0.1674
epoch 17/200 loss 3.0103 train 0.2615 test 0.1619
epoch 18/200 loss 2.9355 train 0.2862 test 0.1325
epoch 19/200 loss 2.8878 train 0.2858 test 0.1393
epoch 20/200 loss 2.8272 train 0.3067 test 0.1639
epoch 21/200 loss 2.6919 train 0.3331 test 0.1699
epoch 22/200 loss 2.6733 train 0.3236 test 0.1658
epoch 23/200 loss 2.5476 train 0.3557 test 0.1704
epoch 24/200 loss 2.4707 train 0.3738 test 0.1761
epoch 25/200 loss 2.3653 train 0.3943 test 0.1872
epoch 26/200 loss 2.3138 train 0.4108 test 0.1737
epoch 27/200 loss 2.1946 train 0.4338 test 0.1904
epoch 28/200 loss 2.1184 train 0.4486 test 0.2090
epoch 29/200 loss 2.0461 train 0.4741 test 0.1868
epoch 30/200 loss 1.9526 train 0.4860 test 0.2044
epoch 31/200 loss 1.8871 train 0.4967 test 0.1805
epoch 32/200 loss 1.8067 train 0.5329 test 0.1944
epoch 33/200 loss 1.7220 train 0.5567 test 0.2205
epoch 34/200 loss 1.5526 train 0.5876 test 0.2033
epoch 35/200 loss 1.4923 train 0.6102 test 0.2060
epoch 36/200 loss 1.3635 train 0.6188 test 0.2077
epoch 37/200 loss 1.2746 train 0.6698 test 0.2206
epoch 38/200 loss 1.1704 train 0.6822 test 0.2130
epoch 39/200 loss 1.0924 train 0.7113 test 0.2043
epoch 40/200 loss 1.0573 train 0.7150 test 0.2176
epoch 41/200 loss 1.0506 train 0.7097 test 0.2080
epoch 42/200 loss 0.9679 train 0.7488 test 0.2049
epoch 43/200 loss 0.9047 train 0.7623 test 0.2231
epoch 44/200 loss 0.8007 train 0.7928 test 0.2040
epoch 45/200 loss 0.6906 train 0.8199 test 0.2393
epoch 46/200 loss 0.6036 train 0.8614 test 0.2224
epoch 47/200 loss 0.5879 train 0.8581 test 0.2266
epoch 48/200 loss 0.5892 train 0.8458 test 0.2297
epoch 49/200 loss 0.5371 train 0.8787 test 0.2291
epoch 50/200 loss 0.4600 train 0.8988 test 0.2424
epoch 51/200 loss 0.3887 train 0.9186 test 0.2295
epoch 52/200 loss 0.3546 train 0.9350 test 0.2465
epoch 53/200 loss 0.3521 train 0.9227 test 0.2440
epoch 54/200 loss 0.3121 train 0.9408 test 0.2498
epoch 55/200 loss 0.2603 train 0.9601 test 0.2488
epoch 56/200 loss 0.2341 train 0.9638 test 0.2590
epoch 57/200 loss 0.2153 train 0.9675 test 0.2613
epoch 58/200 loss 0.1980 train 0.9733 test 0.2595
epoch 59/200 loss 0.1779 train 0.9786 test 0.2589
epoch 60/200 loss 0.1698 train 0.9811 test 0.2638
epoch 61/200 loss 0.1415 train 0.9856 test 0.2689
epoch 62/200 loss 0.1308 train 0.9877 test 0.2689
epoch 63/200 loss 0.1288 train 0.9877 test 0.2713
epoch 64/200 loss 0.1291 train 0.9885 test 0.2604
epoch 65/200 loss 0.1147 train 0.9938 test 0.2676
epoch 66/200 loss 0.1048 train 0.9910 test 0.2748
epoch 67/200 loss 0.0950 train 0.9938 test 0.2791
epoch 68/200 loss 0.0893 train 0.9971 test 0.2785
epoch 69/200 loss 0.0781 train 0.9975 test 0.2744
epoch 70/200 loss 0.0791 train 0.9951 test 0.2799
epoch 71/200 loss 0.0700 train 0.9971 test 0.2836
epoch 72/200 loss 0.0678 train 0.9984 test 0.2775
epoch 73/200 loss 0.0699 train 0.9971 test 0.2873
epoch 74/200 loss 0.0635 train 0.9988 test 0.2827
epoch 75/200 loss 0.0593 train 0.9996 test 0.2843
epoch 76/200 loss 0.0540 train 1.0000 test 0.2855
epoch 77/200 loss 0.0513 train 1.0000 test 0.2905
epoch 78/200 loss 0.0487 train 1.0000 test 0.2905
epoch 79/200 loss 0.0477 train 1.0000 test 0.2923
epoch 80/200 loss 0.0458 train 1.0000 test 0.2923
epoch 81/200 loss 0.0442 train 1.0000 test 0.2914
epoch 82/200 loss 0.0434 train 1.0000 test 0.2947
epoch 83/200 loss 0.0421 train 1.0000 test 0.2927
epoch 84/200 loss 0.0422 train 1.0000 test 0.2962
epoch 85/200 loss 0.0406 train 1.0000 test 0.2928
epoch 86/200 loss 0.0393 train 1.0000 test 0.2918
epoch 87/200 loss 0.0398 train 1.0000 test 0.2941
epoch 88/200 loss 0.0394 train 1.0000 test 0.2958
epoch 89/200 loss 0.0381 train 1.0000 test 0.2949
epoch 90/200 loss 0.0376 train 1.0000 test 0.2980
epoch 91/200 loss 0.0371 train 1.0000 test 0.2942
epoch 92/200 loss 0.0355 train 1.0000 test 0.2958
epoch 93/200 loss 0.0356 train 1.0000 test 0.2957
epoch 94/200 loss 0.0356 train 1.0000 test 0.2941
epoch 95/200 loss 0.0344 train 1.0000 test 0.2938
epoch 96/200 loss 0.0336 train 1.0000 test 0.2945
epoch 97/200 loss 0.0326 train 1.0000 test 0.2965
epoch 98/200 loss 0.0332 train 1.0000 test 0.2950
epoch 99/200 loss 0.0326 train 1.0000 test 0.2931
epoch 100/200 loss 0.0318 train 1.0000 test 0.2960
epoch 101/200 loss 0.0316 train 1.0000 test 0.2952
epoch 102/200 loss 0.0309 train 1.0000 test 0.2946
epoch 103/200 loss 0.0304 train 1.0000 test 0.2960
epoch 104/200 loss 0.0298 train 1.0000 test 0.2974
epoch 105/200 loss 0.0290 train 1.0000 test 0.2961
epoch 106/200 loss 0.0292 train 1.0000 test 0.2978
epoch 107/200 loss 0.0280 train 1.0000 test 0.2985
epoch 108/200 loss 0.0293 train 1.0000 test 0.2982
epoch 109/200 loss 0.0276 train 1.0000 test 0.2980
epoch 110/200 loss 0.0260 train 1.0000 test 0.2994
epoch 111/200 loss 0.0271 train 1.0000 test 0.2979
epoch 112/200 loss 0.0257 train 1.0000 test 0.2980
epoch 113/200 loss 0.0251 train 1.0000 test 0.2983
epoch 114/200 loss 0.0252 train 1.0000 test 0.2995
epoch 115/200 loss 0.0253 train 1.0000 test 0.2980
epoch 116/200 loss 0.0236 train 1.0000 test 0.2988
epoch 117/200 loss 0.0237 train 1.0000 test 0.2983
epoch 118/200 loss 0.0230 train 1.0000 test 0.2997
epoch 119/200 loss 0.0229 train 1.0000 test 0.2983
epoch 120/200 loss 0.0224 train 1.0000 test 0.2984
epoch 121/200 loss 0.0226 train 1.0000 test 0.3002
epoch 122/200 loss 0.0223 train 1.0000 test 0.2973
epoch 123/200 loss 0.0220 train 1.0000 test 0.2993
epoch 124/200 loss 0.0222 train 1.0000 test 0.2972
epoch 125/200 loss 0.0206 train 1.0000 test 0.2987
epoch 126/200 loss 0.0209 train 1.0000 test 0.2995
epoch 127/200 loss 0.0200 train 1.0000 test 0.2972
epoch 128/200 loss 0.0204 train 1.0000 test 0.2966
epoch 129/200 loss 0.0192 train 1.0000 test 0.2992
epoch 130/200 loss 0.0196 train 1.0000 test 0.2992
epoch 131/200 loss 0.0185 train 1.0000 test 0.2996
epoch 132/200 loss 0.0190 train 1.0000 test 0.3015
epoch 133/200 loss 0.0181 train 1.0000 test 0.3004
epoch 134/200 loss 0.0179 train 1.0000 test 0.3008
epoch 135/200 loss 0.0171 train 1.0000 test 0.2998
epoch 136/200 loss 0.0172 train 1.0000 test 0.3001
epoch 137/200 loss 0.0162 train 1.0000 test 0.3007
epoch 138/200 loss 0.0167 train 1.0000 test 0.3002
epoch 139/200 loss 0.0164 train 1.0000 test 0.2986
epoch 140/200 loss 0.0157 train 1.0000 test 0.3013
epoch 141/200 loss 0.0157 train 1.0000 test 0.2999
epoch 142/200 loss 0.0152 train 1.0000 test 0.2992
epoch 143/200 loss 0.0152 train 1.0000 test 0.3010
epoch 144/200 loss 0.0148 train 1.0000 test 0.2985
epoch 145/200 loss 0.0153 train 1.0000 test 0.2991
epoch 146/200 loss 0.0147 train 1.0000 test 0.3003
epoch 147/200 loss 0.0139 train 1.0000 test 0.2980
epoch 148/200 loss 0.0142 train 1.0000 test 0.2996
epoch 149/200 loss 0.0136 train 1.0000 test 0.2992
epoch 150/200 loss 0.0135 train 1.0000 test 0.3000
epoch 151/200 loss 0.0133 train 1.0000 test 0.3009
epoch 152/200 loss 0.0132 train 1.0000 test 0.2998
epoch 153/200 loss 0.0130 train 1.0000 test 0.2998
epoch 154/200 loss 0.0126 train 1.0000 test 0.3008
epoch 155/200 loss 0.0123 train 1.0000 test 0.3016
epoch 156/200 loss 0.0119 train 1.0000 test 0.3017
epoch 157/200 loss 0.0118 train 1.0000 test 0.2997
epoch 158/200 loss 0.0115 train 1.0000 test 0.3015
epoch 159/200 loss 0.0114 train 1.0000 test 0.3013
epoch 160/200 loss 0.0112 train 1.0000 test 0.3003
epoch 161/200 loss 0.0106 train 1.0000 test 0.3014
epoch 162/200 loss 0.0110 train 1.0000 test 0.3006
epoch 163/200 loss 0.0105 train 1.0000 test 0.3007
epoch 164/200 loss 0.0106 train 1.0000 test 0.3005
epoch 165/200 loss 0.0101 train 1.0000 test 0.3019
epoch 166/200 loss 0.0103 train 1.0000 test 0.3017
epoch 167/200 loss 0.0105 train 1.0000 test 0.3015
epoch 168/200 loss 0.0096 train 1.0000 test 0.3013
epoch 169/200 loss 0.0095 train 1.0000 test 0.3008
epoch 170/200 loss 0.0092 train 1.0000 test 0.3000
epoch 171/200 loss 0.0090 train 1.0000 test 0.3028
epoch 172/200 loss 0.0091 train 1.0000 test 0.3010
epoch 173/200 loss 0.0094 train 1.0000 test 0.3012
epoch 174/200 loss 0.0089 train 1.0000 test 0.3025
epoch 175/200 loss 0.0086 train 1.0000 test 0.3006
epoch 176/200 loss 0.0085 train 1.0000 test 0.3012
epoch 177/200 loss 0.0083 train 1.0000 test 0.3002
epoch 178/200 loss 0.0084 train 1.0000 test 0.3016
epoch 179/200 loss 0.0082 train 1.0000 test 0.3014
epoch 180/200 loss 0.0077 train 1.0000 test 0.3019
epoch 181/200 loss 0.0081 train 1.0000 test 0.3016
epoch 182/200 loss 0.0081 train 1.0000 test 0.3007
epoch 183/200 loss 0.0079 train 1.0000 test 0.3020
epoch 184/200 loss 0.0074 train 1.0000 test 0.3026
epoch 185/200 loss 0.0077 train 1.0000 test 0.3009
epoch 186/200 loss 0.0076 train 1.0000 test 0.3025
epoch 187/200 loss 0.0075 train 1.0000 test 0.3011
epoch 188/200 loss 0.0074 train 1.0000 test 0.3005
epoch 189/200 loss 0.0075 train 1.0000 test 0.3019
epoch 190/200 loss 0.0072 train 1.0000 test 0.3019
epoch 191/200 loss 0.0073 train 1.0000 test 0.3005
epoch 192/200 loss 0.0070 train 1.0000 test 0.3019
epoch 193/200 loss 0.0072 train 1.0000 test 0.3021
epoch 194/200 loss 0.0076 train 1.0000 test 0.3007
epoch 195/200 loss 0.0073 train 1.0000 test 0.3017
epoch 196/200 loss 0.0071 train 1.0000 test 0.3017
epoch 197/200 loss 0.0068 train 1.0000 test 0.3030
epoch 198/200 loss 0.0070 train 1.0000 test 0.3024
epoch 199/200 loss 0.0068 train 1.0000 test 0.3009
epoch 200/200 loss 0.0069 train 1.0000 test 0.2998
done: final 0.2998 best 0.3030 -> ./runs/auxmag3_c100_5pct/seed0
OCTAVE_DONE auxmag3_c100_5pct_seed0
OCTAVE_START auxmag3_c100_5pct_seed1
moment-aux target calibrated on 1024 images
[auxmag3_c100_5pct seed1] {"params_trainable": 11223216, "params_stem_trainable": 0, "params_stem_fixed_filters": 0, "flops_total": 556705792, "flops_stem": 0, "flops_image_size": 32}
epoch 1/200 loss 6.1870 train 0.0193 test 0.0362
epoch 2/200 loss 4.9743 train 0.0469 test 0.0521
epoch 3/200 loss 4.5511 train 0.0699 test 0.0708
epoch 4/200 loss 4.2841 train 0.0839 test 0.0829
epoch 5/200 loss 4.1581 train 0.1069 test 0.0880
epoch 6/200 loss 3.9812 train 0.1197 test 0.1020
epoch 7/200 loss 3.8731 train 0.1357 test 0.1072
epoch 8/200 loss 3.7790 train 0.1484 test 0.0932
epoch 9/200 loss 3.6922 train 0.1789 test 0.1159
epoch 10/200 loss 3.5768 train 0.1785 test 0.1290
epoch 11/200 loss 3.4999 train 0.1805 test 0.1285
epoch 12/200 loss 3.4163 train 0.1990 test 0.1354
epoch 13/200 loss 3.3389 train 0.2225 test 0.1335
epoch 14/200 loss 3.2733 train 0.2282 test 0.1485
epoch 15/200 loss 3.1730 train 0.2348 test 0.1544
epoch 16/200 loss 3.0531 train 0.2660 test 0.1339
epoch 17/200 loss 2.9294 train 0.3022 test 0.1615
epoch 18/200 loss 2.9027 train 0.2932 test 0.1543
epoch 19/200 loss 2.8745 train 0.2965 test 0.1823
epoch 20/200 loss 2.7868 train 0.3203 test 0.1649
epoch 21/200 loss 2.7114 train 0.3104 test 0.1782
epoch 22/200 loss 2.6255 train 0.3405 test 0.1686
epoch 23/200 loss 2.5399 train 0.3577 test 0.1770
epoch 24/200 loss 2.4075 train 0.3816 test 0.1825
epoch 25/200 loss 2.3363 train 0.4009 test 0.1830
epoch 26/200 loss 2.2397 train 0.4161 test 0.1959
epoch 27/200 loss 2.1010 train 0.4523 test 0.2047
epoch 28/200 loss 2.0073 train 0.4770 test 0.1950
epoch 29/200 loss 1.9509 train 0.4877 test 0.2101
epoch 30/200 loss 1.9047 train 0.4979 test 0.2069
epoch 31/200 loss 1.7566 train 0.5411 test 0.2101
epoch 32/200 loss 1.6984 train 0.5399 test 0.2004
epoch 33/200 loss 1.6082 train 0.5757 test 0.1928
epoch 34/200 loss 1.5853 train 0.5748 test 0.2070
epoch 35/200 loss 1.4127 train 0.6201 test 0.2061
epoch 36/200 loss 1.3177 train 0.6579 test 0.2284
epoch 37/200 loss 1.1809 train 0.6822 test 0.2167
epoch 38/200 loss 1.1957 train 0.6694 test 0.2114
epoch 39/200 loss 1.1236 train 0.6957 test 0.2065
epoch 40/200 loss 1.0778 train 0.7229 test 0.2078
epoch 41/200 loss 0.9382 train 0.7430 test 0.2360
epoch 42/200 loss 0.8424 train 0.7833 test 0.2231
epoch 43/200 loss 0.7669 train 0.8125 test 0.2276
epoch 44/200 loss 0.7417 train 0.8088 test 0.2095
epoch 45/200 loss 0.6989 train 0.8261 test 0.2310
epoch 46/200 loss 0.6401 train 0.8433 test 0.2147
epoch 47/200 loss 0.5231 train 0.8845 test 0.2145
epoch 48/200 loss 0.4691 train 0.8972 test 0.2484
epoch 49/200 loss 0.4391 train 0.9062 test 0.2369
epoch 50/200 loss 0.3789 train 0.9223 test 0.2285
epoch 51/200 loss 0.3574 train 0.9231 test 0.2372
epoch 52/200 loss 0.3370 train 0.9371 test 0.2462
epoch 53/200 loss 0.3091 train 0.9416 test 0.2598
epoch 54/200 loss 0.2862 train 0.9531 test 0.2539
epoch 55/200 loss 0.2318 train 0.9642 test 0.2506
epoch 56/200 loss 0.2411 train 0.9585 test 0.2565
epoch 57/200 loss 0.2164 train 0.9679 test 0.2493
epoch 58/200 loss 0.2251 train 0.9622 test 0.2641
epoch 59/200 loss 0.2010 train 0.9708 test 0.2589
epoch 60/200 loss 0.1631 train 0.9811 test 0.2668
epoch 61/200 loss 0.1305 train 0.9893 test 0.2795
epoch 62/200 loss 0.1068 train 0.9934 test 0.2776
epoch 63/200 loss 0.0951 train 0.9959 test 0.2817
epoch 64/200 loss 0.0964 train 0.9942 test 0.2785
epoch 65/200 loss 0.0958 train 0.9947 test 0.2820
epoch 66/200 loss 0.0904 train 0.9959 test 0.2749
epoch 67/200 loss 0.0773 train 0.9975 test 0.2822
epoch 68/200 loss 0.0800 train 0.9967 test 0.2845
epoch 69/200 loss 0.0854 train 0.9955 test 0.2670
epoch 70/200 loss 0.0824 train 0.9959 test 0.2784
epoch 71/200 loss 0.0763 train 0.9963 test 0.2803
epoch 72/200 loss 0.0675 train 0.9975 test 0.2845
epoch 73/200 loss 0.0704 train 0.9959 test 0.2823
epoch 74/200 loss 0.0635 train 0.9975 test 0.2922
epoch 75/200 loss 0.0541 train 0.9992 test 0.2943
epoch 76/200 loss 0.0510 train 1.0000 test 0.2956
epoch 77/200 loss 0.0474 train 1.0000 test 0.2984
epoch 78/200 loss 0.0467 train 1.0000 test 0.2974
epoch 79/200 loss 0.0450 train 1.0000 test 0.2962
epoch 80/200 loss 0.0436 train 0.9996 test 0.2966
epoch 81/200 loss 0.0423 train 1.0000 test 0.2961
epoch 82/200 loss 0.0420 train 1.0000 test 0.2991
epoch 83/200 loss 0.0416 train 1.0000 test 0.2993
epoch 84/200 loss 0.0394 train 1.0000 test 0.2979
epoch 85/200 loss 0.0385 train 1.0000 test 0.3015
epoch 86/200 loss 0.0382 train 1.0000 test 0.2978
epoch 87/200 loss 0.0360 train 1.0000 test 0.3008
epoch 88/200 loss 0.0380 train 1.0000 test 0.2996
epoch 89/200 loss 0.0369 train 1.0000 test 0.2997
epoch 90/200 loss 0.0353 train 1.0000 test 0.3014
epoch 91/200 loss 0.0351 train 1.0000 test 0.3000
epoch 92/200 loss 0.0338 train 1.0000 test 0.2990
epoch 93/200 loss 0.0349 train 1.0000 test 0.3005
epoch 94/200 loss 0.0321 train 1.0000 test 0.2989
epoch 95/200 loss 0.0317 train 1.0000 test 0.3017
epoch 96/200 loss 0.0316 train 1.0000 test 0.3028
epoch 97/200 loss 0.0309 train 1.0000 test 0.3005
epoch 98/200 loss 0.0307 train 1.0000 test 0.3010
epoch 99/200 loss 0.0299 train 1.0000 test 0.3023
epoch 100/200 loss 0.0291 train 1.0000 test 0.3029
epoch 101/200 loss 0.0296 train 1.0000 test 0.3008
epoch 102/200 loss 0.0293 train 1.0000 test 0.3030
epoch 103/200 loss 0.0282 train 1.0000 test 0.3018
epoch 104/200 loss 0.0280 train 1.0000 test 0.2989
epoch 105/200 loss 0.0276 train 1.0000 test 0.3027
epoch 106/200 loss 0.0268 train 1.0000 test 0.3015
epoch 107/200 loss 0.0265 train 1.0000 test 0.2994
epoch 108/200 loss 0.0268 train 1.0000 test 0.3001
epoch 109/200 loss 0.0252 train 1.0000 test 0.3016
epoch 110/200 loss 0.0251 train 1.0000 test 0.3039
epoch 111/200 loss 0.0242 train 1.0000 test 0.3018
epoch 112/200 loss 0.0242 train 1.0000 test 0.3007
epoch 113/200 loss 0.0244 train 1.0000 test 0.3018
epoch 114/200 loss 0.0240 train 1.0000 test 0.3008
epoch 115/200 loss 0.0231 train 1.0000 test 0.3027
epoch 116/200 loss 0.0229 train 1.0000 test 0.3008
epoch 117/200 loss 0.0230 train 1.0000 test 0.3018
epoch 118/200 loss 0.0227 train 1.0000 test 0.3002
epoch 119/200 loss 0.0211 train 1.0000 test 0.3023
epoch 120/200 loss 0.0219 train 1.0000 test 0.3008
epoch 121/200 loss 0.0210 train 1.0000 test 0.3028
epoch 122/200 loss 0.0206 train 1.0000 test 0.3029
epoch 123/200 loss 0.0211 train 1.0000 test 0.3035
epoch 124/200 loss 0.0207 train 1.0000 test 0.3041
epoch 125/200 loss 0.0203 train 1.0000 test 0.3052
epoch 126/200 loss 0.0192 train 1.0000 test 0.3043
epoch 127/200 loss 0.0194 train 1.0000 test 0.3047
epoch 128/200 loss 0.0186 train 1.0000 test 0.3041
epoch 129/200 loss 0.0181 train 1.0000 test 0.3036
epoch 130/200 loss 0.0187 train 1.0000 test 0.3024
epoch 131/200 loss 0.0175 train 1.0000 test 0.3056
epoch 132/200 loss 0.0180 train 1.0000 test 0.3039
epoch 133/200 loss 0.0173 train 1.0000 test 0.3027
epoch 134/200 loss 0.0167 train 1.0000 test 0.3033
epoch 135/200 loss 0.0169 train 1.0000 test 0.3023
epoch 136/200 loss 0.0166 train 1.0000 test 0.3022
epoch 137/200 loss 0.0163 train 1.0000 test 0.3028
epoch 138/200 loss 0.0158 train 1.0000 test 0.3023
epoch 139/200 loss 0.0155 train 1.0000 test 0.3033
epoch 140/200 loss 0.0154 train 1.0000 test 0.3026
epoch 141/200 loss 0.0154 train 1.0000 test 0.3037
epoch 142/200 loss 0.0151 train 1.0000 test 0.3035
epoch 143/200 loss 0.0152 train 1.0000 test 0.3038
epoch 144/200 loss 0.0145 train 1.0000 test 0.3051
epoch 145/200 loss 0.0147 train 1.0000 test 0.3034
epoch 146/200 loss 0.0142 train 1.0000 test 0.3037
epoch 147/200 loss 0.0132 train 1.0000 test 0.3022
epoch 148/200 loss 0.0140 train 1.0000 test 0.3032
epoch 149/200 loss 0.0135 train 1.0000 test 0.3038
epoch 150/200 loss 0.0135 train 1.0000 test 0.3045
epoch 151/200 loss 0.0129 train 1.0000 test 0.3039
epoch 152/200 loss 0.0127 train 1.0000 test 0.3050
epoch 153/200 loss 0.0125 train 1.0000 test 0.3045
epoch 154/200 loss 0.0126 train 1.0000 test 0.3036
epoch 155/200 loss 0.0128 train 1.0000 test 0.3038
epoch 156/200 loss 0.0121 train 1.0000 test 0.3037
epoch 157/200 loss 0.0116 train 1.0000 test 0.3040
epoch 158/200 loss 0.0114 train 1.0000 test 0.3045
epoch 159/200 loss 0.0115 train 1.0000 test 0.3033
epoch 160/200 loss 0.0107 train 1.0000 test 0.3039
epoch 161/200 loss 0.0105 train 1.0000 test 0.3038
epoch 162/200 loss 0.0108 train 1.0000 test 0.3041
epoch 163/200 loss 0.0110 train 1.0000 test 0.3047
epoch 164/200 loss 0.0103 train 1.0000 test 0.3049
epoch 165/200 loss 0.0102 train 1.0000 test 0.3055
epoch 166/200 loss 0.0101 train 1.0000 test 0.3052
epoch 167/200 loss 0.0101 train 1.0000 test 0.3051
epoch 168/200 loss 0.0095 train 1.0000 test 0.3054
epoch 169/200 loss 0.0096 train 1.0000 test 0.3052
epoch 170/200 loss 0.0093 train 1.0000 test 0.3044
epoch 171/200 loss 0.0096 train 1.0000 test 0.3056
epoch 172/200 loss 0.0093 train 1.0000 test 0.3043
epoch 173/200 loss 0.0094 train 1.0000 test 0.3055
epoch 174/200 loss 0.0088 train 1.0000 test 0.3067
epoch 175/200 loss 0.0088 train 1.0000 test 0.3053
epoch 176/200 loss 0.0087 train 1.0000 test 0.3049
epoch 177/200 loss 0.0087 train 1.0000 test 0.3047
epoch 178/200 loss 0.0082 train 1.0000 test 0.3051
epoch 179/200 loss 0.0079 train 1.0000 test 0.3056
epoch 180/200 loss 0.0082 train 1.0000 test 0.3052
epoch 181/200 loss 0.0081 train 1.0000 test 0.3066
epoch 182/200 loss 0.0083 train 1.0000 test 0.3056
epoch 183/200 loss 0.0079 train 1.0000 test 0.3064
epoch 184/200 loss 0.0077 train 1.0000 test 0.3049
epoch 185/200 loss 0.0079 train 1.0000 test 0.3051
epoch 186/200 loss 0.0073 train 1.0000 test 0.3057
epoch 187/200 loss 0.0072 train 1.0000 test 0.3067
epoch 188/200 loss 0.0074 train 1.0000 test 0.3063
epoch 189/200 loss 0.0076 train 1.0000 test 0.3067
epoch 190/200 loss 0.0073 train 1.0000 test 0.3054
epoch 191/200 loss 0.0072 train 1.0000 test 0.3045
epoch 192/200 loss 0.0074 train 1.0000 test 0.3061
epoch 193/200 loss 0.0073 train 1.0000 test 0.3058
epoch 194/200 loss 0.0070 train 1.0000 test 0.3052
epoch 195/200 loss 0.0072 train 1.0000 test 0.3035
epoch 196/200 loss 0.0070 train 1.0000 test 0.3058
epoch 197/200 loss 0.0070 train 1.0000 test 0.3045
epoch 198/200 loss 0.0071 train 1.0000 test 0.3043
epoch 199/200 loss 0.0070 train 1.0000 test 0.3066
epoch 200/200 loss 0.0067 train 1.0000 test 0.3054
done: final 0.3054 best 0.3067 -> ./runs/auxmag3_c100_5pct/seed1
OCTAVE_DONE auxmag3_c100_5pct_seed1
OCTAVE_START auxmag3_c100_5pct_seed2
moment-aux target calibrated on 1024 images
[auxmag3_c100_5pct seed2] {"params_trainable": 11223216, "params_stem_trainable": 0, "params_stem_fixed_filters": 0, "flops_total": 556705792, "flops_stem": 0, "flops_image_size": 32}
epoch 1/200 loss 6.0146 train 0.0173 test 0.0365
epoch 2/200 loss 4.9749 train 0.0374 test 0.0564
epoch 3/200 loss 4.5343 train 0.0683 test 0.0668
epoch 4/200 loss 4.2611 train 0.0884 test 0.0892
epoch 5/200 loss 4.1117 train 0.1192 test 0.1014
epoch 6/200 loss 3.9395 train 0.1221 test 0.1038
epoch 7/200 loss 3.8336 train 0.1349 test 0.1049
epoch 8/200 loss 3.7724 train 0.1464 test 0.1170
epoch 9/200 loss 3.7106 train 0.1587 test 0.1137
epoch 10/200 loss 3.5687 train 0.1871 test 0.1259
epoch 11/200 loss 3.5037 train 0.1933 test 0.1156
epoch 12/200 loss 3.4095 train 0.1990 test 0.1416
epoch 13/200 loss 3.3065 train 0.2196 test 0.1365
epoch 14/200 loss 3.2470 train 0.2274 test 0.1474
epoch 15/200 loss 3.1541 train 0.2484 test 0.1579
epoch 16/200 loss 3.0427 train 0.2669 test 0.1459
epoch 17/200 loss 2.9841 train 0.2841 test 0.1561
epoch 18/200 loss 2.9156 train 0.2932 test 0.1395
epoch 19/200 loss 2.8370 train 0.3055 test 0.1673
epoch 20/200 loss 2.7272 train 0.3195 test 0.1699
epoch 21/200 loss 2.6612 train 0.3306 test 0.1692
epoch 22/200 loss 2.5754 train 0.3421 test 0.1645
epoch 23/200 loss 2.4574 train 0.3742 test 0.2041
epoch 24/200 loss 2.4204 train 0.3832 test 0.2040
epoch 25/200 loss 2.3436 train 0.3857 test 0.1779
epoch 26/200 loss 2.2631 train 0.4112 test 0.1967
epoch 27/200 loss 2.2011 train 0.4289 test 0.1865
epoch 28/200 loss 2.0586 train 0.4609 test 0.1914
epoch 29/200 loss 1.9780 train 0.4815 test 0.1966
epoch 30/200 loss 1.9698 train 0.4827 test 0.2117
epoch 31/200 loss 1.7905 train 0.5267 test 0.2138
epoch 32/200 loss 1.6329 train 0.5695 test 0.2039
epoch 33/200 loss 1.5913 train 0.5839 test 0.2088
epoch 34/200 loss 1.5765 train 0.5740 test 0.2145
epoch 35/200 loss 1.4158 train 0.6098 test 0.2087
epoch 36/200 loss 1.3462 train 0.6402 test 0.2325
epoch 37/200 loss 1.2110 train 0.6768 test 0.2146
epoch 38/200 loss 1.1212 train 0.7048 test 0.2309
epoch 39/200 loss 1.1260 train 0.6933 test 0.2156
epoch 40/200 loss 1.0172 train 0.7410 test 0.2321
epoch 41/200 loss 0.9475 train 0.7652 test 0.2228
epoch 42/200 loss 0.8449 train 0.7751 test 0.2324
epoch 43/200 loss 0.7825 train 0.8088 test 0.2255
epoch 44/200 loss 0.7231 train 0.8154 test 0.2437
epoch 45/200 loss 0.6044 train 0.8590 test 0.2324
epoch 46/200 loss 0.5747 train 0.8672 test 0.2182
epoch 47/200 loss 0.5777 train 0.8623 test 0.2298
epoch 48/200 loss 0.4781 train 0.8943 test 0.2280
epoch 49/200 loss 0.4387 train 0.9005 test 0.2455
epoch 50/200 loss 0.3926 train 0.9169 test 0.2472
epoch 51/200 loss 0.3361 train 0.9322 test 0.2451
epoch 52/200 loss 0.2969 train 0.9482 test 0.2395
epoch 53/200 loss 0.3037 train 0.9404 test 0.2485
epoch 54/200 loss 0.2860 train 0.9507 test 0.2628
epoch 55/200 loss 0.2605 train 0.9568 test 0.2635
epoch 56/200 loss 0.2285 train 0.9655 test 0.2621
epoch 57/200 loss 0.2314 train 0.9613 test 0.2744
epoch 58/200 loss 0.2259 train 0.9675 test 0.2658
epoch 59/200 loss 0.1849 train 0.9720 test 0.2687
epoch 60/200 loss 0.1754 train 0.9803 test 0.2575
epoch 61/200 loss 0.1705 train 0.9733 test 0.2543
epoch 62/200 loss 0.1643 train 0.9782 test 0.2718
epoch 63/200 loss 0.1537 train 0.9819 test 0.2614
epoch 64/200 loss 0.1273 train 0.9881 test 0.2690
epoch 65/200 loss 0.1124 train 0.9930 test 0.2661
epoch 66/200 loss 0.1084 train 0.9914 test 0.2852
epoch 67/200 loss 0.0899 train 0.9955 test 0.2802
epoch 68/200 loss 0.0773 train 0.9975 test 0.2865
epoch 69/200 loss 0.0711 train 0.9979 test 0.2921
epoch 70/200 loss 0.0635 train 0.9992 test 0.2966
epoch 71/200 loss 0.0566 train 0.9996 test 0.2990
epoch 72/200 loss 0.0529 train 0.9996 test 0.3026
epoch 73/200 loss 0.0527 train 0.9996 test 0.3016
epoch 74/200 loss 0.0504 train 1.0000 test 0.3018
epoch 75/200 loss 0.0482 train 0.9996 test 0.2991
epoch 76/200 loss 0.0481 train 0.9996 test 0.2992
epoch 77/200 loss 0.0488 train 1.0000 test 0.3046
epoch 78/200 loss 0.0460 train 1.0000 test 0.3046
epoch 79/200 loss 0.0435 train 1.0000 test 0.3038
epoch 80/200 loss 0.0412 train 1.0000 test 0.3049
epoch 81/200 loss 0.0414 train 1.0000 test 0.3026
epoch 82/200 loss 0.0416 train 1.0000 test 0.3056
epoch 83/200 loss 0.0406 train 1.0000 test 0.3069
epoch 84/200 loss 0.0396 train 1.0000 test 0.3052
epoch 85/200 loss 0.0402 train 1.0000 test 0.3056
epoch 86/200 loss 0.0396 train 1.0000 test 0.3057
epoch 87/200 loss 0.0384 train 1.0000 test 0.3047
epoch 88/200 loss 0.0365 train 1.0000 test 0.3046
epoch 89/200 loss 0.0361 train 1.0000 test 0.3038
epoch 90/200 loss 0.0352 train 1.0000 test 0.3015
epoch 91/200 loss 0.0362 train 1.0000 test 0.3048
epoch 92/200 loss 0.0339 train 1.0000 test 0.3069
epoch 93/200 loss 0.0347 train 1.0000 test 0.3058
epoch 94/200 loss 0.0344 train 1.0000 test 0.3072
epoch 95/200 loss 0.0326 train 1.0000 test 0.3059
epoch 96/200 loss 0.0324 train 1.0000 test 0.3052
epoch 97/200 loss 0.0328 train 1.0000 test 0.3047
epoch 98/200 loss 0.0310 train 1.0000 test 0.3059
epoch 99/200 loss 0.0312 train 1.0000 test 0.3060
epoch 100/200 loss 0.0305 train 1.0000 test 0.3085
epoch 101/200 loss 0.0297 train 1.0000 test 0.3079
epoch 102/200 loss 0.0296 train 1.0000 test 0.3064
epoch 103/200 loss 0.0293 train 1.0000 test 0.3083
epoch 104/200 loss 0.0284 train 1.0000 test 0.3047
epoch 105/200 loss 0.0277 train 1.0000 test 0.3052
epoch 106/200 loss 0.0282 train 1.0000 test 0.3054
epoch 107/200 loss 0.0277 train 1.0000 test 0.3047
epoch 108/200 loss 0.0273 train 1.0000 test 0.3070
epoch 109/200 loss 0.0261 train 1.0000 test 0.3073
epoch 110/200 loss 0.0259 train 1.0000 test 0.3076
epoch 111/200 loss 0.0253 train 1.0000 test 0.3066
epoch 112/200 loss 0.0251 train 1.0000 test 0.3053
epoch 113/200 loss 0.0251 train 1.0000 test 0.3063
epoch 114/200 loss 0.0245 train 1.0000 test 0.3081
epoch 115/200 loss 0.0242 train 1.0000 test 0.3058
epoch 116/200 loss 0.0237 train 1.0000 test 0.3055
epoch 117/200 loss 0.0235 train 1.0000 test 0.3068
epoch 118/200 loss 0.0236 train 1.0000 test 0.3060
epoch 119/200 loss 0.0236 train 1.0000 test 0.3064
epoch 120/200 loss 0.0223 train 1.0000 test 0.3106
epoch 121/200 loss 0.0223 train 1.0000 test 0.3092
epoch 122/200 loss 0.0218 train 1.0000 test 0.3112
epoch 123/200 loss 0.0212 train 1.0000 test 0.3084
epoch 124/200 loss 0.0210 train 1.0000 test 0.3054
epoch 125/200 loss 0.0204 train 1.0000 test 0.3099
epoch 126/200 loss 0.0200 train 1.0000 test 0.3089
epoch 127/200 loss 0.0201 train 1.0000 test 0.3108
epoch 128/200 loss 0.0195 train 1.0000 test 0.3104
epoch 129/200 loss 0.0192 train 1.0000 test 0.3074
epoch 130/200 loss 0.0186 train 1.0000 test 0.3090
epoch 131/200 loss 0.0194 train 1.0000 test 0.3093
epoch 132/200 loss 0.0176 train 1.0000 test 0.3076
epoch 133/200 loss 0.0178 train 1.0000 test 0.3089
epoch 134/200 loss 0.0174 train 1.0000 test 0.3082
epoch 135/200 loss 0.0166 train 1.0000 test 0.3097
epoch 136/200 loss 0.0174 train 1.0000 test 0.3092
epoch 137/200 loss 0.0164 train 1.0000 test 0.3077
epoch 138/200 loss 0.0167 train 1.0000 test 0.3078
epoch 139/200 loss 0.0164 train 1.0000 test 0.3072
epoch 140/200 loss 0.0158 train 1.0000 test 0.3089
epoch 141/200 loss 0.0154 train 1.0000 test 0.3093
epoch 142/200 loss 0.0152 train 1.0000 test 0.3091
epoch 143/200 loss 0.0154 train 1.0000 test 0.3083
epoch 144/200 loss 0.0149 train 1.0000 test 0.3077
epoch 145/200 loss 0.0143 train 1.0000 test 0.3104
epoch 146/200 loss 0.0142 train 1.0000 test 0.3096
epoch 147/200 loss 0.0141 train 1.0000 test 0.3092
epoch 148/200 loss 0.0134 train 1.0000 test 0.3091
epoch 149/200 loss 0.0135 train 1.0000 test 0.3086
epoch 150/200 loss 0.0131 train 1.0000 test 0.3116
epoch 151/200 loss 0.0131 train 1.0000 test 0.3094
epoch 152/200 loss 0.0125 train 1.0000 test 0.3097
epoch 153/200 loss 0.0127 train 1.0000 test 0.3097
epoch 154/200 loss 0.0127 train 1.0000 test 0.3095
epoch 155/200 loss 0.0128 train 1.0000 test 0.3114
epoch 156/200 loss 0.0119 train 1.0000 test 0.3121
epoch 157/200 loss 0.0115 train 1.0000 test 0.3101
epoch 158/200 loss 0.0116 train 1.0000 test 0.3093
epoch 159/200 loss 0.0119 train 1.0000 test 0.3081
epoch 160/200 loss 0.0114 train 1.0000 test 0.3108
epoch 161/200 loss 0.0117 train 1.0000 test 0.3114
epoch 162/200 loss 0.0109 train 1.0000 test 0.3102
epoch 163/200 loss 0.0109 train 1.0000 test 0.3099
epoch 164/200 loss 0.0105 train 1.0000 test 0.3087
epoch 165/200 loss 0.0105 train 1.0000 test 0.3104
epoch 166/200 loss 0.0101 train 1.0000 test 0.3101
epoch 167/200 loss 0.0097 train 1.0000 test 0.3103
epoch 168/200 loss 0.0102 train 1.0000 test 0.3115
epoch 169/200 loss 0.0094 train 1.0000 test 0.3106
epoch 170/200 loss 0.0095 train 1.0000 test 0.3104
epoch 171/200 loss 0.0092 train 1.0000 test 0.3113
epoch 172/200 loss 0.0091 train 1.0000 test 0.3112
epoch 173/200 loss 0.0088 train 1.0000 test 0.3111
epoch 174/200 loss 0.0092 train 1.0000 test 0.3122
epoch 175/200 loss 0.0092 train 1.0000 test 0.3114
epoch 176/200 loss 0.0086 train 1.0000 test 0.3101
epoch 177/200 loss 0.0086 train 1.0000 test 0.3105
epoch 178/200 loss 0.0086 train 1.0000 test 0.3110
epoch 179/200 loss 0.0084 train 1.0000 test 0.3114
epoch 180/200 loss 0.0082 train 1.0000 test 0.3097
epoch 181/200 loss 0.0081 train 1.0000 test 0.3100
epoch 182/200 loss 0.0080 train 1.0000 test 0.3117
epoch 183/200 loss 0.0078 train 1.0000 test 0.3108
epoch 184/200 loss 0.0075 train 1.0000 test 0.3101
epoch 185/200 loss 0.0077 train 1.0000 test 0.3109
epoch 186/200 loss 0.0073 train 1.0000 test 0.3118
epoch 187/200 loss 0.0078 train 1.0000 test 0.3111
epoch 188/200 loss 0.0073 train 1.0000 test 0.3118
epoch 189/200 loss 0.0073 train 1.0000 test 0.3106
epoch 190/200 loss 0.0069 train 1.0000 test 0.3102
epoch 191/200 loss 0.0074 train 1.0000 test 0.3114
epoch 192/200 loss 0.0070 train 1.0000 test 0.3108
epoch 193/200 loss 0.0069 train 1.0000 test 0.3104
epoch 194/200 loss 0.0072 train 1.0000 test 0.3103
epoch 195/200 loss 0.0073 train 1.0000 test 0.3105
epoch 196/200 loss 0.0069 train 1.0000 test 0.3114
epoch 197/200 loss 0.0073 train 1.0000 test 0.3093
epoch 198/200 loss 0.0073 train 1.0000 test 0.3109
epoch 199/200 loss 0.0072 train 1.0000 test 0.3110
epoch 200/200 loss 0.0070 train 1.0000 test 0.3114
done: final 0.3114 best 0.3122 -> ./runs/auxmag3_c100_5pct/seed2
OCTAVE_DONE auxmag3_c100_5pct_seed2
OCTAVE_CELL_DONE auxmag3_c100_5pct
OCTAVE_PROBE_START auxmag3_c100_5pct
auxmag3_c100_5pct seed0: probe train 58.30  test 42.62
auxmag3_c100_5pct seed1: probe train 59.00  test 43.24
auxmag3_c100_5pct seed2: probe train 59.02  test 44.59
PROBE_RESULT auxmag3_c100_5pct test 43.48+/-1.01 over 3 seeds -> runs/auxmag3_c100_5pct/linear_probe.json
OCTAVE_PROBE_DONE auxmag3_c100_5pct
OCTAVE_START auxmag3_tin_10pct_seed0
moment-aux target calibrated on 1024 images
[auxmag3_tin_10pct seed0] {"params_trainable": 11274516, "params_stem_trainable": 0, "params_stem_fixed_filters": 0, "flops_total": 2226720768, "flops_stem": 0, "flops_image_size": 64}
epoch 1/200 loss 5.9288 train 0.0164 test 0.0387
epoch 2/200 loss 5.0592 train 0.0451 test 0.0507
epoch 3/200 loss 4.7394 train 0.0606 test 0.0642
epoch 4/200 loss 4.4931 train 0.0871 test 0.0704
epoch 5/200 loss 4.3161 train 0.1056 test 0.0967
epoch 6/200 loss 4.1568 train 0.1213 test 0.0700
epoch 7/200 loss 4.0566 train 0.1311 test 0.0963
epoch 8/200 loss 3.9183 train 0.1523 test 0.1023
epoch 9/200 loss 3.8175 train 0.1606 test 0.1340
epoch 10/200 loss 3.7320 train 0.1740 test 0.1277
epoch 11/200 loss 3.6339 train 0.1875 test 0.1406
epoch 12/200 loss 3.5212 train 0.2065 test 0.1368
epoch 13/200 loss 3.4343 train 0.2255 test 0.1489
epoch 14/200 loss 3.3508 train 0.2296 test 0.1535
epoch 15/200 loss 3.2775 train 0.2438 test 0.1495
epoch 16/200 loss 3.1511 train 0.2666 test 0.1569
epoch 17/200 loss 3.0609 train 0.2896 test 0.1605
epoch 18/200 loss 3.0148 train 0.2848 test 0.1484
epoch 19/200 loss 2.9037 train 0.3148 test 0.1776
epoch 20/200 loss 2.8468 train 0.3219 test 0.1940
epoch 21/200 loss 2.7605 train 0.3392 test 0.2032
epoch 22/200 loss 2.6651 train 0.3544 test 0.1522
epoch 23/200 loss 2.5520 train 0.3832 test 0.1819
epoch 24/200 loss 2.4715 train 0.3918 test 0.2132
epoch 25/200 loss 2.4061 train 0.4084 test 0.2127
epoch 26/200 loss 2.3055 train 0.4235 test 0.1698
epoch 27/200 loss 2.2453 train 0.4377 test 0.2091
epoch 28/200 loss 2.1103 train 0.4719 test 0.1903
epoch 29/200 loss 2.0479 train 0.4821 test 0.1990
epoch 30/200 loss 1.9184 train 0.5133 test 0.2328
epoch 31/200 loss 1.8455 train 0.5260 test 0.2042
epoch 32/200 loss 1.7833 train 0.5422 test 0.2007
epoch 33/200 loss 1.6899 train 0.5650 test 0.1862
epoch 34/200 loss 1.5881 train 0.5875 test 0.2043
epoch 35/200 loss 1.5137 train 0.6104 test 0.2167
epoch 36/200 loss 1.4126 train 0.6326 test 0.2067
epoch 37/200 loss 1.3415 train 0.6490 test 0.2117
epoch 38/200 loss 1.2064 train 0.6862 test 0.1971
epoch 39/200 loss 1.0922 train 0.7203 test 0.2110
epoch 40/200 loss 1.1002 train 0.7100 test 0.1833
epoch 41/200 loss 0.9897 train 0.7360 test 0.2127
epoch 42/200 loss 0.9272 train 0.7572 test 0.1758
epoch 43/200 loss 0.8314 train 0.7844 test 0.2036
epoch 44/200 loss 0.7544 train 0.8069 test 0.2066
epoch 45/200 loss 0.6672 train 0.8285 test 0.2222
epoch 46/200 loss 0.6749 train 0.8327 test 0.2170
epoch 47/200 loss 0.5970 train 0.8524 test 0.2367
epoch 48/200 loss 0.5613 train 0.8620 test 0.2202
epoch 49/200 loss 0.5047 train 0.8831 test 0.2429
epoch 50/200 loss 0.4803 train 0.8896 test 0.2078
epoch 51/200 loss 0.4421 train 0.8967 test 0.2381
epoch 52/200 loss 0.3874 train 0.9152 test 0.2346
epoch 53/200 loss 0.4024 train 0.9097 test 0.2410
epoch 54/200 loss 0.3982 train 0.9114 test 0.2169
epoch 55/200 loss 0.3578 train 0.9252 test 0.2481
epoch 56/200 loss 0.3388 train 0.9309 test 0.2567
epoch 57/200 loss 0.3065 train 0.9389 test 0.2623
epoch 58/200 loss 0.2558 train 0.9543 test 0.2612
epoch 59/200 loss 0.2065 train 0.9678 test 0.2487
epoch 60/200 loss 0.1704 train 0.9762 test 0.2648
epoch 61/200 loss 0.1442 train 0.9833 test 0.2748
epoch 62/200 loss 0.0976 train 0.9932 test 0.3026
epoch 63/200 loss 0.0678 train 0.9975 test 0.3112
epoch 64/200 loss 0.0490 train 0.9991 test 0.3221
epoch 65/200 loss 0.0435 train 0.9994 test 0.3292
epoch 66/200 loss 0.0413 train 0.9998 test 0.3278
epoch 67/200 loss 0.0384 train 0.9999 test 0.3360
epoch 68/200 loss 0.0381 train 0.9999 test 0.3327
epoch 69/200 loss 0.0385 train 0.9998 test 0.3308
epoch 70/200 loss 0.0523 train 0.9986 test 0.3136
epoch 71/200 loss 0.0611 train 0.9987 test 0.3010
epoch 72/200 loss 0.0502 train 1.0000 test 0.3229
epoch 73/200 loss 0.0450 train 1.0000 test 0.3256
epoch 74/200 loss 0.0419 train 0.9994 test 0.3167
epoch 75/200 loss 0.0443 train 0.9997 test 0.3145
epoch 76/200 loss 0.0724 train 0.9981 test 0.2586
epoch 77/200 loss 1.3047 train 0.6875 test 0.0660
epoch 78/200 loss 2.0987 train 0.4707 test 0.1654
epoch 79/200 loss 1.2774 train 0.6724 test 0.2242
epoch 80/200 loss 0.8436 train 0.7887 test 0.1906
epoch 81/200 loss 0.5470 train 0.8795 test 0.2491
epoch 82/200 loss 0.3462 train 0.9371 test 0.2570
epoch 83/200 loss 0.2358 train 0.9641 test 0.2697
epoch 84/200 loss 0.1577 train 0.9812 test 0.2800
epoch 85/200 loss 0.1053 train 0.9917 test 0.3029
epoch 86/200 loss 0.0654 train 0.9969 test 0.3146
epoch 87/200 loss 0.0430 train 0.9994 test 0.3335
epoch 88/200 loss 0.0339 train 0.9999 test 0.3319
epoch 89/200 loss 0.0334 train 0.9995 test 0.3337
epoch 90/200 loss 0.0308 train 0.9999 test 0.3382
epoch 91/200 loss 0.0292 train 1.0000 test 0.3399
epoch 92/200 loss 0.0285 train 1.0000 test 0.3438
epoch 93/200 loss 0.0289 train 1.0000 test 0.3438
epoch 94/200 loss 0.0288 train 1.0000 test 0.3433
epoch 95/200 loss 0.0281 train 1.0000 test 0.3413
epoch 96/200 loss 0.0295 train 1.0000 test 0.3379
epoch 97/200 loss 0.0289 train 1.0000 test 0.3425
epoch 98/200 loss 0.0299 train 1.0000 test 0.3386
epoch 99/200 loss 0.0322 train 0.9998 test 0.3368
epoch 100/200 loss 0.0297 train 1.0000 test 0.3371
epoch 101/200 loss 0.0290 train 1.0000 test 0.3425
epoch 102/200 loss 0.0296 train 1.0000 test 0.3379
epoch 103/200 loss 0.0312 train 0.9999 test 0.3338
epoch 104/200 loss 0.0309 train 0.9998 test 0.3326
epoch 105/200 loss 0.1015 train 0.9916 test 0.2001
epoch 106/200 loss 0.9134 train 0.7956 test 0.1258
epoch 107/200 loss 1.3586 train 0.6515 test 0.2138
epoch 108/200 loss 0.7756 train 0.8206 test 0.2134
epoch 109/200 loss 0.3889 train 0.9297 test 0.2503
epoch 110/200 loss 0.2000 train 0.9738 test 0.2875
epoch 111/200 loss 0.0955 train 0.9931 test 0.3144
epoch 112/200 loss 0.0551 train 0.9979 test 0.3248
epoch 113/200 loss 0.0432 train 0.9975 test 0.3279
epoch 114/200 loss 0.0341 train 0.9992 test 0.3363
epoch 115/200 loss 0.0258 train 0.9999 test 0.3402
epoch 116/200 loss 0.0222 train 1.0000 test 0.3455
epoch 117/200 loss 0.0215 train 1.0000 test 0.3399
epoch 118/200 loss 0.0205 train 1.0000 test 0.3424
epoch 119/200 loss 0.0203 train 1.0000 test 0.3448
epoch 120/200 loss 0.0204 train 1.0000 test 0.3470
epoch 121/200 loss 0.0199 train 1.0000 test 0.3454
epoch 122/200 loss 0.0198 train 1.0000 test 0.3443
epoch 123/200 loss 0.0199 train 1.0000 test 0.3430
epoch 124/200 loss 0.0201 train 1.0000 test 0.3433
epoch 125/200 loss 0.0198 train 1.0000 test 0.3481
epoch 126/200 loss 0.0199 train 1.0000 test 0.3464
epoch 127/200 loss 0.0205 train 1.0000 test 0.3472
epoch 128/200 loss 0.0201 train 1.0000 test 0.3481
epoch 129/200 loss 0.0198 train 1.0000 test 0.3454
epoch 130/200 loss 0.0202 train 1.0000 test 0.3441
epoch 131/200 loss 0.0198 train 1.0000 test 0.3450
epoch 132/200 loss 0.0197 train 1.0000 test 0.3426
epoch 133/200 loss 0.0198 train 1.0000 test 0.3415
epoch 134/200 loss 0.0197 train 1.0000 test 0.3466
epoch 135/200 loss 0.0197 train 1.0000 test 0.3468
epoch 136/200 loss 0.0197 train 1.0000 test 0.3472
epoch 137/200 loss 0.0194 train 1.0000 test 0.3466
epoch 138/200 loss 0.0191 train 1.0000 test 0.3481
epoch 139/200 loss 0.0185 train 1.0000 test 0.3458
epoch 140/200 loss 0.0185 train 1.0000 test 0.3509
epoch 141/200 loss 0.0183 train 1.0000 test 0.3480
epoch 142/200 loss 0.0187 train 1.0000 test 0.3461
epoch 143/200 loss 0.0182 train 1.0000 test 0.3511
epoch 144/200 loss 0.0182 train 1.0000 test 0.3507
epoch 145/200 loss 0.0174 train 1.0000 test 0.3514
epoch 146/200 loss 0.0176 train 1.0000 test 0.3514
epoch 147/200 loss 0.0169 train 1.0000 test 0.3498
epoch 148/200 loss 0.0169 train 1.0000 test 0.3476
epoch 149/200 loss 0.0170 train 1.0000 test 0.3480
epoch 150/200 loss 0.0166 train 1.0000 test 0.3517
epoch 151/200 loss 0.0168 train 1.0000 test 0.3494
epoch 152/200 loss 0.0163 train 1.0000 test 0.3496
epoch 153/200 loss 0.0164 train 1.0000 test 0.3489
epoch 154/200 loss 0.0163 train 1.0000 test 0.3495
epoch 155/200 loss 0.0167 train 1.0000 test 0.3474
epoch 156/200 loss 0.0159 train 1.0000 test 0.3499
epoch 157/200 loss 0.0161 train 1.0000 test 0.3526
epoch 158/200 loss 0.0154 train 1.0000 test 0.3534
epoch 159/200 loss 0.0154 train 1.0000 test 0.3525
epoch 160/200 loss 0.0155 train 1.0000 test 0.3507
epoch 161/200 loss 0.0149 train 1.0000 test 0.3530
epoch 162/200 loss 0.0152 train 1.0000 test 0.3501
epoch 163/200 loss 0.0151 train 1.0000 test 0.3549
epoch 164/200 loss 0.0147 train 1.0000 test 0.3537
epoch 165/200 loss 0.0144 train 1.0000 test 0.3511
epoch 166/200 loss 0.0146 train 1.0000 test 0.3514
epoch 167/200 loss 0.0145 train 1.0000 test 0.3512
epoch 168/200 loss 0.0145 train 1.0000 test 0.3519
epoch 169/200 loss 0.0139 train 1.0000 test 0.3533
epoch 170/200 loss 0.0139 train 1.0000 test 0.3523
epoch 171/200 loss 0.0139 train 1.0000 test 0.3547
epoch 172/200 loss 0.0139 train 1.0000 test 0.3543
epoch 173/200 loss 0.0136 train 1.0000 test 0.3544
epoch 174/200 loss 0.0135 train 1.0000 test 0.3539
epoch 175/200 loss 0.0134 train 1.0000 test 0.3549
epoch 176/200 loss 0.0133 train 1.0000 test 0.3555
epoch 177/200 loss 0.0130 train 1.0000 test 0.3561
epoch 178/200 loss 0.0129 train 1.0000 test 0.3550
epoch 179/200 loss 0.0128 train 1.0000 test 0.3550
epoch 180/200 loss 0.0130 train 1.0000 test 0.3558
epoch 181/200 loss 0.0128 train 1.0000 test 0.3535
epoch 182/200 loss 0.0126 train 1.0000 test 0.3564
epoch 183/200 loss 0.0130 train 1.0000 test 0.3545
epoch 184/200 loss 0.0128 train 1.0000 test 0.3546
epoch 185/200 loss 0.0127 train 1.0000 test 0.3552
epoch 186/200 loss 0.0126 train 1.0000 test 0.3543
epoch 187/200 loss 0.0126 train 1.0000 test 0.3554
epoch 188/200 loss 0.0126 train 1.0000 test 0.3554
epoch 189/200 loss 0.0123 train 1.0000 test 0.3556
epoch 190/200 loss 0.0124 train 1.0000 test 0.3552
epoch 191/200 loss 0.0124 train 1.0000 test 0.3561
epoch 192/200 loss 0.0124 train 1.0000 test 0.3534
epoch 193/200 loss 0.0125 train 1.0000 test 0.3557
epoch 194/200 loss 0.0124 train 1.0000 test 0.3543
epoch 195/200 loss 0.0120 train 1.0000 test 0.3547
epoch 196/200 loss 0.0122 train 1.0000 test 0.3549
epoch 197/200 loss 0.0117 train 1.0000 test 0.3557
epoch 198/200 loss 0.0123 train 1.0000 test 0.3557
epoch 199/200 loss 0.0123 train 1.0000 test 0.3563
epoch 200/200 loss 0.0119 train 1.0000 test 0.3546
done: final 0.3546 best 0.3564 -> ./runs/auxmag3_tin_10pct/seed0
OCTAVE_DONE auxmag3_tin_10pct_seed0
OCTAVE_START auxmag3_tin_10pct_seed1
moment-aux target calibrated on 1024 images
[auxmag3_tin_10pct seed1] {"params_trainable": 11274516, "params_stem_trainable": 0, "params_stem_fixed_filters": 0, "flops_total": 2226720768, "flops_stem": 0, "flops_image_size": 64}
epoch 1/200 loss 5.8710 train 0.0152 test 0.0324
epoch 2/200 loss 5.0382 train 0.0433 test 0.0512
epoch 3/200 loss 4.7336 train 0.0635 test 0.0665
epoch 4/200 loss 4.5035 train 0.0827 test 0.0637
epoch 5/200 loss 4.3286 train 0.1057 test 0.0928
epoch 6/200 loss 4.1737 train 0.1208 test 0.0917
epoch 7/200 loss 4.0672 train 0.1311 test 0.0895
epoch 8/200 loss 3.9473 train 0.1500 test 0.1112
epoch 9/200 loss 3.8267 train 0.1595 test 0.1254
epoch 10/200 loss 3.7185 train 0.1818 test 0.0991
epoch 11/200 loss 3.6313 train 0.1955 test 0.1317
epoch 12/200 loss 3.5361 train 0.2029 test 0.1304
epoch 13/200 loss 3.4385 train 0.2257 test 0.1407
epoch 14/200 loss 3.3538 train 0.2357 test 0.0926
epoch 15/200 loss 3.2544 train 0.2455 test 0.1713
epoch 16/200 loss 3.1784 train 0.2582 test 0.1752
epoch 17/200 loss 3.0952 train 0.2798 test 0.1635
epoch 18/200 loss 2.9898 train 0.2949 test 0.1635
epoch 19/200 loss 2.9144 train 0.3087 test 0.1569
epoch 20/200 loss 2.8546 train 0.3190 test 0.1608
epoch 21/200 loss 2.7358 train 0.3402 test 0.1840
epoch 22/200 loss 2.6717 train 0.3530 test 0.2161
epoch 23/200 loss 2.5589 train 0.3821 test 0.1390
epoch 24/200 loss 2.4857 train 0.3865 test 0.2003
epoch 25/200 loss 2.3999 train 0.4106 test 0.2092
epoch 26/200 loss 2.3039 train 0.4251 test 0.1799
epoch 27/200 loss 2.2055 train 0.4518 test 0.2082
epoch 28/200 loss 2.1160 train 0.4657 test 0.2066
epoch 29/200 loss 2.0261 train 0.4889 test 0.1910
epoch 30/200 loss 1.9339 train 0.5090 test 0.2188
epoch 31/200 loss 1.8406 train 0.5262 test 0.2088
epoch 32/200 loss 1.7782 train 0.5388 test 0.2009
epoch 33/200 loss 1.6904 train 0.5618 test 0.2130
epoch 34/200 loss 1.5699 train 0.5877 test 0.2014
epoch 35/200 loss 1.4967 train 0.6108 test 0.2095
epoch 36/200 loss 1.3849 train 0.6328 test 0.1920
epoch 37/200 loss 1.3034 train 0.6568 test 0.2148
epoch 38/200 loss 1.2280 train 0.6763 test 0.2211
epoch 39/200 loss 1.0898 train 0.7150 test 0.2273
epoch 40/200 loss 1.0634 train 0.7201 test 0.2297
epoch 41/200 loss 0.9706 train 0.7469 test 0.2193
epoch 42/200 loss 0.8786 train 0.7719 test 0.2221
epoch 43/200 loss 0.8382 train 0.7849 test 0.2043
epoch 44/200 loss 0.7800 train 0.7947 test 0.2433
epoch 45/200 loss 0.6491 train 0.8360 test 0.2089
epoch 46/200 loss 0.6730 train 0.8274 test 0.2220
epoch 47/200 loss 0.6409 train 0.8377 test 0.2456
epoch 48/200 loss 0.5378 train 0.8677 test 0.2401
epoch 49/200 loss 0.5255 train 0.8727 test 0.2304
epoch 50/200 loss 0.4630 train 0.8890 test 0.2315
epoch 51/200 loss 0.4097 train 0.9111 test 0.2430
epoch 52/200 loss 0.3461 train 0.9303 test 0.2535
epoch 53/200 loss 0.3001 train 0.9424 test 0.2441
epoch 54/200 loss 0.2447 train 0.9584 test 0.2690
epoch 55/200 loss 0.2440 train 0.9593 test 0.2608
epoch 56/200 loss 0.2708 train 0.9481 test 0.2386
epoch 57/200 loss 0.2840 train 0.9482 test 0.2455
epoch 58/200 loss 0.3096 train 0.9402 test 0.2377
epoch 59/200 loss 0.4563 train 0.8920 test 0.1935
epoch 60/200 loss 0.5029 train 0.8792 test 0.2206
epoch 61/200 loss 0.4663 train 0.8888 test 0.2384
epoch 62/200 loss 0.3572 train 0.9233 test 0.2421
epoch 63/200 loss 0.2634 train 0.9541 test 0.2643
epoch 64/200 loss 0.1578 train 0.9803 test 0.2897
epoch 65/200 loss 0.0850 train 0.9957 test 0.3119
epoch 66/200 loss 0.0591 train 0.9985 test 0.3261
epoch 67/200 loss 0.0466 train 0.9991 test 0.3287
epoch 68/200 loss 0.0428 train 0.9991 test 0.3301
epoch 69/200 loss 0.0398 train 0.9998 test 0.3327
epoch 70/200 loss 0.0379 train 1.0000 test 0.3372
epoch 71/200 loss 0.0397 train 0.9996 test 0.3292
epoch 72/200 loss 0.0375 train 1.0000 test 0.3336
epoch 73/200 loss 0.0363 train 1.0000 test 0.3386
epoch 74/200 loss 0.0380 train 1.0000 test 0.3339
epoch 75/200 loss 0.0381 train 1.0000 test 0.3352
epoch 76/200 loss 0.0389 train 0.9999 test 0.3392
epoch 77/200 loss 0.0381 train 1.0000 test 0.3401
epoch 78/200 loss 0.0400 train 0.9998 test 0.3287
epoch 79/200 loss 0.0604 train 0.9985 test 0.2900
epoch 80/200 loss 0.2601 train 0.9639 test 0.1286
epoch 81/200 loss 1.8797 train 0.5326 test 0.1412
epoch 82/200 loss 1.5133 train 0.6095 test 0.1934
epoch 83/200 loss 0.8500 train 0.7989 test 0.2381
epoch 84/200 loss 0.4739 train 0.9031 test 0.2536
epoch 85/200 loss 0.3284 train 0.9400 test 0.2535
epoch 86/200 loss 0.2131 train 0.9680 test 0.2769
epoch 87/200 loss 0.1387 train 0.9869 test 0.3009
epoch 88/200 loss 0.0862 train 0.9939 test 0.3092
epoch 89/200 loss 0.0632 train 0.9973 test 0.3227
epoch 90/200 loss 0.0457 train 0.9991 test 0.3312
epoch 91/200 loss 0.0336 train 0.9999 test 0.3370
epoch 92/200 loss 0.0294 train 1.0000 test 0.3391
epoch 93/200 loss 0.0284 train 1.0000 test 0.3413
epoch 94/200 loss 0.0276 train 1.0000 test 0.3409
epoch 95/200 loss 0.0280 train 1.0000 test 0.3414
epoch 96/200 loss 0.0290 train 1.0000 test 0.3403
epoch 97/200 loss 0.0288 train 0.9999 test 0.3420
epoch 98/200 loss 0.0287 train 1.0000 test 0.3417
epoch 99/200 loss 0.0295 train 1.0000 test 0.3388
epoch 100/200 loss 0.0314 train 0.9998 test 0.3409
epoch 101/200 loss 0.0292 train 1.0000 test 0.3429
epoch 102/200 loss 0.0282 train 1.0000 test 0.3406
epoch 103/200 loss 0.0283 train 1.0000 test 0.3405
epoch 104/200 loss 0.0292 train 0.9999 test 0.3393
epoch 105/200 loss 0.0419 train 0.9987 test 0.3219
epoch 106/200 loss 0.0901 train 0.9963 test 0.2833
epoch 107/200 loss 0.1298 train 0.9932 test 0.2693
epoch 108/200 loss 0.4015 train 0.9289 test 0.1605
epoch 109/200 loss 1.1291 train 0.7176 test 0.1832
epoch 110/200 loss 0.7883 train 0.8156 test 0.2232
epoch 111/200 loss 0.4018 train 0.9238 test 0.2529
epoch 112/200 loss 0.1787 train 0.9771 test 0.2785
epoch 113/200 loss 0.0734 train 0.9973 test 0.3254
epoch 114/200 loss 0.0372 train 0.9992 test 0.3298
epoch 115/200 loss 0.0299 train 0.9996 test 0.3364
epoch 116/200 loss 0.0243 train 1.0000 test 0.3439
epoch 117/200 loss 0.0222 train 1.0000 test 0.3431
epoch 118/200 loss 0.0210 train 1.0000 test 0.3428
epoch 119/200 loss 0.0202 train 1.0000 test 0.3467
epoch 120/200 loss 0.0207 train 1.0000 test 0.3449
epoch 121/200 loss 0.0200 train 1.0000 test 0.3455
epoch 122/200 loss 0.0197 train 1.0000 test 0.3448
epoch 123/200 loss 0.0196 train 1.0000 test 0.3441
epoch 124/200 loss 0.0199 train 1.0000 test 0.3458
epoch 125/200 loss 0.0198 train 1.0000 test 0.3483
epoch 126/200 loss 0.0200 train 1.0000 test 0.3498
epoch 127/200 loss 0.0197 train 1.0000 test 0.3492
epoch 128/200 loss 0.0196 train 1.0000 test 0.3492
epoch 129/200 loss 0.0199 train 1.0000 test 0.3460
epoch 130/200 loss 0.0194 train 1.0000 test 0.3491
epoch 131/200 loss 0.0194 train 1.0000 test 0.3502
epoch 132/200 loss 0.0196 train 1.0000 test 0.3469
epoch 133/200 loss 0.0193 train 1.0000 test 0.3474
epoch 134/200 loss 0.0195 train 1.0000 test 0.3493
epoch 135/200 loss 0.0192 train 1.0000 test 0.3493
epoch 136/200 loss 0.0193 train 1.0000 test 0.3491
epoch 137/200 loss 0.0189 train 1.0000 test 0.3525
epoch 138/200 loss 0.0191 train 1.0000 test 0.3509
epoch 139/200 loss 0.0186 train 1.0000 test 0.3494
epoch 140/200 loss 0.0183 train 1.0000 test 0.3477
epoch 141/200 loss 0.0184 train 1.0000 test 0.3515
epoch 142/200 loss 0.0184 train 1.0000 test 0.3480
epoch 143/200 loss 0.0186 train 1.0000 test 0.3503
epoch 144/200 loss 0.0182 train 1.0000 test 0.3501
epoch 145/200 loss 0.0179 train 1.0000 test 0.3496
epoch 146/200 loss 0.0178 train 1.0000 test 0.3489
epoch 147/200 loss 0.0172 train 1.0000 test 0.3503
epoch 148/200 loss 0.0172 train 1.0000 test 0.3509
epoch 149/200 loss 0.0172 train 1.0000 test 0.3510
epoch 150/200 loss 0.0178 train 1.0000 test 0.3506
epoch 151/200 loss 0.0167 train 1.0000 test 0.3524
epoch 152/200 loss 0.0166 train 1.0000 test 0.3538
epoch 153/200 loss 0.0167 train 0.9999 test 0.3538
epoch 154/200 loss 0.0168 train 1.0000 test 0.3527
epoch 155/200 loss 0.0166 train 1.0000 test 0.3551
epoch 156/200 loss 0.0163 train 1.0000 test 0.3525
epoch 157/200 loss 0.0161 train 1.0000 test 0.3515
epoch 158/200 loss 0.0161 train 1.0000 test 0.3538
epoch 159/200 loss 0.0155 train 1.0000 test 0.3531
epoch 160/200 loss 0.0156 train 1.0000 test 0.3540
epoch 161/200 loss 0.0155 train 1.0000 test 0.3538
epoch 162/200 loss 0.0154 train 1.0000 test 0.3543
epoch 163/200 loss 0.0150 train 1.0000 test 0.3515
epoch 164/200 loss 0.0149 train 1.0000 test 0.3532
epoch 165/200 loss 0.0152 train 1.0000 test 0.3549
epoch 166/200 loss 0.0148 train 1.0000 test 0.3508
epoch 167/200 loss 0.0146 train 1.0000 test 0.3564
epoch 168/200 loss 0.0146 train 1.0000 test 0.3557
epoch 169/200 loss 0.0142 train 1.0000 test 0.3539
epoch 170/200 loss 0.0145 train 1.0000 test 0.3552
epoch 171/200 loss 0.0142 train 1.0000 test 0.3524
epoch 172/200 loss 0.0138 train 1.0000 test 0.3543
epoch 173/200 loss 0.0138 train 1.0000 test 0.3537
epoch 174/200 loss 0.0139 train 1.0000 test 0.3541
epoch 175/200 loss 0.0134 train 1.0000 test 0.3543
epoch 176/200 loss 0.0136 train 1.0000 test 0.3543
epoch 177/200 loss 0.0136 train 1.0000 test 0.3564
epoch 178/200 loss 0.0135 train 1.0000 test 0.3568
epoch 179/200 loss 0.0132 train 1.0000 test 0.3535
epoch 180/200 loss 0.0131 train 1.0000 test 0.3567
epoch 181/200 loss 0.0132 train 1.0000 test 0.3548
epoch 182/200 loss 0.0130 train 1.0000 test 0.3537
epoch 183/200 loss 0.0132 train 1.0000 test 0.3559
epoch 184/200 loss 0.0132 train 1.0000 test 0.3550
epoch 185/200 loss 0.0127 train 1.0000 test 0.3573
epoch 186/200 loss 0.0130 train 1.0000 test 0.3567
epoch 187/200 loss 0.0130 train 1.0000 test 0.3560
epoch 188/200 loss 0.0126 train 1.0000 test 0.3572
epoch 189/200 loss 0.0130 train 1.0000 test 0.3557
epoch 190/200 loss 0.0125 train 1.0000 test 0.3553
epoch 191/200 loss 0.0129 train 1.0000 test 0.3542
epoch 192/200 loss 0.0125 train 1.0000 test 0.3558
epoch 193/200 loss 0.0124 train 1.0000 test 0.3554
epoch 194/200 loss 0.0126 train 1.0000 test 0.3552
epoch 195/200 loss 0.0123 train 1.0000 test 0.3542
epoch 196/200 loss 0.0127 train 1.0000 test 0.3528
epoch 197/200 loss 0.0125 train 1.0000 test 0.3541
epoch 198/200 loss 0.0124 train 1.0000 test 0.3550
epoch 199/200 loss 0.0123 train 1.0000 test 0.3562
epoch 200/200 loss 0.0123 train 1.0000 test 0.3553
done: final 0.3553 best 0.3573 -> ./runs/auxmag3_tin_10pct/seed1
OCTAVE_DONE auxmag3_tin_10pct_seed1
OCTAVE_START auxmag3_tin_10pct_seed2
moment-aux target calibrated on 1024 images
[auxmag3_tin_10pct seed2] {"params_trainable": 11274516, "params_stem_trainable": 0, "params_stem_fixed_filters": 0, "flops_total": 2226720768, "flops_stem": 0, "flops_image_size": 64}
epoch 1/200 loss 5.9024 train 0.0168 test 0.0299
epoch 2/200 loss 5.0589 train 0.0420 test 0.0457
epoch 3/200 loss 4.7448 train 0.0606 test 0.0681
epoch 4/200 loss 4.4974 train 0.0864 test 0.0644
epoch 5/200 loss 4.3217 train 0.1020 test 0.1028
epoch 6/200 loss 4.1678 train 0.1226 test 0.0946
epoch 7/200 loss 4.0239 train 0.1413 test 0.1150
epoch 8/200 loss 3.9029 train 0.1534 test 0.1253
epoch 9/200 loss 3.8084 train 0.1627 test 0.1234
epoch 10/200 loss 3.6868 train 0.1835 test 0.1361
epoch 11/200 loss 3.6169 train 0.1914 test 0.1217
epoch 12/200 loss 3.5110 train 0.2140 test 0.1430
epoch 13/200 loss 3.4284 train 0.2233 test 0.1608
epoch 14/200 loss 3.3420 train 0.2373 test 0.1533
epoch 15/200 loss 3.2377 train 0.2531 test 0.1479
epoch 16/200 loss 3.1854 train 0.2590 test 0.1583
epoch 17/200 loss 3.0733 train 0.2821 test 0.1584
epoch 18/200 loss 2.9836 train 0.2985 test 0.1882
epoch 19/200 loss 2.8983 train 0.3155 test 0.1820
epoch 20/200 loss 2.8294 train 0.3246 test 0.1264
epoch 21/200 loss 2.7457 train 0.3390 test 0.1652
epoch 22/200 loss 2.6690 train 0.3556 test 0.1863
epoch 23/200 loss 2.5801 train 0.3705 test 0.2133
epoch 24/200 loss 2.4893 train 0.3884 test 0.1900
epoch 25/200 loss 2.4091 train 0.4059 test 0.1978
epoch 26/200 loss 2.3134 train 0.4244 test 0.2161
epoch 27/200 loss 2.2290 train 0.4476 test 0.1968
epoch 28/200 loss 2.1340 train 0.4611 test 0.1775
epoch 29/200 loss 2.0395 train 0.4865 test 0.2018
epoch 30/200 loss 1.9849 train 0.4946 test 0.2159
epoch 31/200 loss 1.8610 train 0.5221 test 0.2061
epoch 32/200 loss 1.7809 train 0.5408 test 0.2180
epoch 33/200 loss 1.6594 train 0.5706 test 0.1947
epoch 34/200 loss 1.5999 train 0.5835 test 0.2195
epoch 35/200 loss 1.5000 train 0.6076 test 0.1515
epoch 36/200 loss 1.4394 train 0.6185 test 0.1851
epoch 37/200 loss 1.3092 train 0.6521 test 0.1886
epoch 38/200 loss 1.2522 train 0.6676 test 0.2054
epoch 39/200 loss 1.1657 train 0.6904 test 0.2194
epoch 40/200 loss 1.1092 train 0.7126 test 0.2306
epoch 41/200 loss 0.9656 train 0.7455 test 0.2383
epoch 42/200 loss 0.8839 train 0.7713 test 0.2220
epoch 43/200 loss 0.8714 train 0.7699 test 0.1996
epoch 44/200 loss 0.8164 train 0.7822 test 0.2200
epoch 45/200 loss 0.7595 train 0.8045 test 0.2176
epoch 46/200 loss 0.6784 train 0.8308 test 0.2318
epoch 47/200 loss 0.6061 train 0.8480 test 0.2294
epoch 48/200 loss 0.5262 train 0.8756 test 0.2290
epoch 49/200 loss 0.4925 train 0.8828 test 0.2265
epoch 50/200 loss 0.4437 train 0.9015 test 0.2576
epoch 51/200 loss 0.4542 train 0.8941 test 0.2386
epoch 52/200 loss 0.4404 train 0.8993 test 0.2588
epoch 53/200 loss 0.3772 train 0.9198 test 0.2590
epoch 54/200 loss 0.3024 train 0.9439 test 0.2523
epoch 55/200 loss 0.2728 train 0.9479 test 0.2397
epoch 56/200 loss 0.3035 train 0.9404 test 0.2418
epoch 57/200 loss 0.2902 train 0.9451 test 0.2418
epoch 58/200 loss 0.3515 train 0.9265 test 0.2229
epoch 59/200 loss 0.4303 train 0.9023 test 0.2208
epoch 60/200 loss 0.4101 train 0.9054 test 0.2289
epoch 61/200 loss 0.3819 train 0.9152 test 0.2346
epoch 62/200 loss 0.2935 train 0.9444 test 0.2599
epoch 63/200 loss 0.1970 train 0.9693 test 0.2665
epoch 64/200 loss 0.1393 train 0.9837 test 0.2916
epoch 65/200 loss 0.0931 train 0.9931 test 0.3010
epoch 66/200 loss 0.0685 train 0.9967 test 0.3099
epoch 67/200 loss 0.0512 train 0.9991 test 0.3300
epoch 68/200 loss 0.0448 train 0.9991 test 0.3277
epoch 69/200 loss 0.0440 train 0.9995 test 0.3324
epoch 70/200 loss 0.0385 train 0.9999 test 0.3356
epoch 71/200 loss 0.0386 train 0.9997 test 0.3333
epoch 72/200 loss 0.0383 train 0.9997 test 0.3382
epoch 73/200 loss 0.0440 train 0.9993 test 0.3305
epoch 74/200 loss 0.0419 train 0.9997 test 0.3372
epoch 75/200 loss 0.0396 train 1.0000 test 0.3394
epoch 76/200 loss 0.0385 train 1.0000 test 0.3344
epoch 77/200 loss 0.0381 train 1.0000 test 0.3369
epoch 78/200 loss 0.0398 train 1.0000 test 0.3363
epoch 79/200 loss 0.0404 train 0.9998 test 0.3215
epoch 80/200 loss 0.0461 train 0.9999 test 0.3225
epoch 81/200 loss 0.0695 train 0.9987 test 0.2701
epoch 82/200 loss 0.8430 train 0.8090 test 0.0735
epoch 83/200 loss 2.2326 train 0.4405 test 0.1521
epoch 84/200 loss 1.3559 train 0.6590 test 0.1894
epoch 85/200 loss 0.8409 train 0.7938 test 0.2225
epoch 86/200 loss 0.5127 train 0.8890 test 0.2242
epoch 87/200 loss 0.3504 train 0.9375 test 0.2711
epoch 88/200 loss 0.2070 train 0.9722 test 0.2801
epoch 89/200 loss 0.1293 train 0.9868 test 0.2984
epoch 90/200 loss 0.0788 train 0.9962 test 0.3222
epoch 91/200 loss 0.0555 train 0.9980 test 0.3255
epoch 92/200 loss 0.0394 train 0.9996 test 0.3380
epoch 93/200 loss 0.0329 train 0.9999 test 0.3380
epoch 94/200 loss 0.0305 train 0.9999 test 0.3422
epoch 95/200 loss 0.0290 train 1.0000 test 0.3458
epoch 96/200 loss 0.0287 train 1.0000 test 0.3501
epoch 97/200 loss 0.0276 train 1.0000 test 0.3464
epoch 98/200 loss 0.0286 train 1.0000 test 0.3476
epoch 99/200 loss 0.0275 train 1.0000 test 0.3501
epoch 100/200 loss 0.0282 train 1.0000 test 0.3469
epoch 101/200 loss 0.0293 train 1.0000 test 0.3451
epoch 102/200 loss 0.0291 train 1.0000 test 0.3460
epoch 103/200 loss 0.0286 train 1.0000 test 0.3494
epoch 104/200 loss 0.0282 train 1.0000 test 0.3468
epoch 105/200 loss 0.0282 train 1.0000 test 0.3461
epoch 106/200 loss 0.0284 train 1.0000 test 0.3441
epoch 107/200 loss 0.0293 train 1.0000 test 0.3399
epoch 108/200 loss 0.0286 train 1.0000 test 0.3485
epoch 109/200 loss 0.0274 train 1.0000 test 0.3435
epoch 110/200 loss 0.0363 train 0.9989 test 0.3203
epoch 111/200 loss 0.0900 train 0.9957 test 0.2714
epoch 112/200 loss 0.4415 train 0.9243 test 0.1536
epoch 113/200 loss 1.1476 train 0.7240 test 0.1184
epoch 114/200 loss 0.8302 train 0.8024 test 0.1978
epoch 115/200 loss 0.4067 train 0.9236 test 0.2585
epoch 116/200 loss 0.1927 train 0.9752 test 0.2994
epoch 117/200 loss 0.0843 train 0.9944 test 0.3184
epoch 118/200 loss 0.0424 train 0.9994 test 0.3351
epoch 119/200 loss 0.0283 train 0.9998 test 0.3438
epoch 120/200 loss 0.0236 train 1.0000 test 0.3462
epoch 121/200 loss 0.0220 train 1.0000 test 0.3461
epoch 122/200 loss 0.0202 train 1.0000 test 0.3508
epoch 123/200 loss 0.0197 train 1.0000 test 0.3468
epoch 124/200 loss 0.0198 train 1.0000 test 0.3474
epoch 125/200 loss 0.0204 train 0.9997 test 0.3413
epoch 126/200 loss 0.0201 train 0.9999 test 0.3489
epoch 127/200 loss 0.0195 train 1.0000 test 0.3457
epoch 128/200 loss 0.0190 train 1.0000 test 0.3456
epoch 129/200 loss 0.0187 train 1.0000 test 0.3524
epoch 130/200 loss 0.0183 train 1.0000 test 0.3508
epoch 131/200 loss 0.0186 train 1.0000 test 0.3524
epoch 132/200 loss 0.0186 train 1.0000 test 0.3484
epoch 133/200 loss 0.0186 train 1.0000 test 0.3502
epoch 134/200 loss 0.0183 train 1.0000 test 0.3504
epoch 135/200 loss 0.0186 train 1.0000 test 0.3527
epoch 136/200 loss 0.0182 train 1.0000 test 0.3536
epoch 137/200 loss 0.0184 train 1.0000 test 0.3523
epoch 138/200 loss 0.0185 train 0.9999 test 0.3477
epoch 139/200 loss 0.0184 train 1.0000 test 0.3518
epoch 140/200 loss 0.0184 train 1.0000 test 0.3501
epoch 141/200 loss 0.0183 train 1.0000 test 0.3555
epoch 142/200 loss 0.0179 train 1.0000 test 0.3520
epoch 143/200 loss 0.0173 train 1.0000 test 0.3520
epoch 144/200 loss 0.0178 train 1.0000 test 0.3537
epoch 145/200 loss 0.0173 train 1.0000 test 0.3506
epoch 146/200 loss 0.0171 train 1.0000 test 0.3553
epoch 147/200 loss 0.0173 train 1.0000 test 0.3521
epoch 148/200 loss 0.0172 train 1.0000 test 0.3552
epoch 149/200 loss 0.0168 train 1.0000 test 0.3533
epoch 150/200 loss 0.0166 train 1.0000 test 0.3538
epoch 151/200 loss 0.0166 train 1.0000 test 0.3541
epoch 152/200 loss 0.0163 train 1.0000 test 0.3549
epoch 153/200 loss 0.0162 train 1.0000 test 0.3554
epoch 154/200 loss 0.0163 train 1.0000 test 0.3552
epoch 155/200 loss 0.0158 train 1.0000 test 0.3541
epoch 156/200 loss 0.0158 train 1.0000 test 0.3543
epoch 157/200 loss 0.0156 train 1.0000 test 0.3577
epoch 158/200 loss 0.0156 train 1.0000 test 0.3562
epoch 159/200 loss 0.0157 train 1.0000 test 0.3565
epoch 160/200 loss 0.0150 train 1.0000 test 0.3561
epoch 161/200 loss 0.0151 train 1.0000 test 0.3557
epoch 162/200 loss 0.0149 train 1.0000 test 0.3544
epoch 163/200 loss 0.0151 train 1.0000 test 0.3542
epoch 164/200 loss 0.0148 train 1.0000 test 0.3554
epoch 165/200 loss 0.0145 train 1.0000 test 0.3586
epoch 166/200 loss 0.0146 train 1.0000 test 0.3563
epoch 167/200 loss 0.0146 train 1.0000 test 0.3568
epoch 168/200 loss 0.0144 train 1.0000 test 0.3563
epoch 169/200 loss 0.0141 train 1.0000 test 0.3579
epoch 170/200 loss 0.0140 train 1.0000 test 0.3564
epoch 171/200 loss 0.0141 train 1.0000 test 0.3569
epoch 172/200 loss 0.0140 train 1.0000 test 0.3556
epoch 173/200 loss 0.0139 train 1.0000 test 0.3568
epoch 174/200 loss 0.0136 train 1.0000 test 0.3571
epoch 175/200 loss 0.0137 train 1.0000 test 0.3570
epoch 176/200 loss 0.0133 train 1.0000 test 0.3589
epoch 177/200 loss 0.0133 train 1.0000 test 0.3582
epoch 178/200 loss 0.0132 train 1.0000 test 0.3580
epoch 179/200 loss 0.0134 train 1.0000 test 0.3574
epoch 180/200 loss 0.0134 train 1.0000 test 0.3574
epoch 181/200 loss 0.0132 train 1.0000 test 0.3557
epoch 182/200 loss 0.0132 train 1.0000 test 0.3554
epoch 183/200 loss 0.0128 train 1.0000 test 0.3563
epoch 184/200 loss 0.0128 train 1.0000 test 0.3570
epoch 185/200 loss 0.0125 train 1.0000 test 0.3590
epoch 186/200 loss 0.0128 train 1.0000 test 0.3597
epoch 187/200 loss 0.0127 train 1.0000 test 0.3577
epoch 188/200 loss 0.0128 train 1.0000 test 0.3557
epoch 189/200 loss 0.0126 train 1.0000 test 0.3558
epoch 190/200 loss 0.0124 train 1.0000 test 0.3575
epoch 191/200 loss 0.0129 train 1.0000 test 0.3575
epoch 192/200 loss 0.0126 train 1.0000 test 0.3559
epoch 193/200 loss 0.0126 train 1.0000 test 0.3583
epoch 194/200 loss 0.0124 train 1.0000 test 0.3574
epoch 195/200 loss 0.0125 train 1.0000 test 0.3565
epoch 196/200 loss 0.0121 train 1.0000 test 0.3563
epoch 197/200 loss 0.0122 train 1.0000 test 0.3565
epoch 198/200 loss 0.0124 train 1.0000 test 0.3582
epoch 199/200 loss 0.0125 train 1.0000 test 0.3571
epoch 200/200 loss 0.0123 train 1.0000 test 0.3558
done: final 0.3558 best 0.3597 -> ./runs/auxmag3_tin_10pct/seed2
OCTAVE_DONE auxmag3_tin_10pct_seed2
OCTAVE_CELL_DONE auxmag3_tin_10pct
OCTAVE_PROBE_START auxmag3_tin_10pct
auxmag3_tin_10pct seed0: probe train 56.58  test 41.89
auxmag3_tin_10pct seed1: probe train 56.69  test 41.95
auxmag3_tin_10pct seed2: probe train 56.83  test 42.03
PROBE_RESULT auxmag3_tin_10pct test 41.96+/-0.07 over 3 seeds -> runs/auxmag3_tin_10pct/linear_probe.json
OCTAVE_PROBE_DONE auxmag3_tin_10pct
OCTAVE_COMPLETE
