PROBE4_START stl_none_20pct
stl_none_20pct seed0: probe train 87.52  test 60.64
       5 shots/class (n=   50): test 50.94
      10 shots/class (n=  100): test 52.83
      25 shots/class (n=  250): test 54.31
      50 shots/class (n=  500): test 54.56
     100 shots/class (n= 1000): test 54.79
     250 shots/class (n= 2500): test 57.06
stl_none_20pct seed1: probe train 87.68  test 59.63
       5 shots/class (n=   50): test 49.24
      10 shots/class (n=  100): test 51.74
      25 shots/class (n=  250): test 53.53
      50 shots/class (n=  500): test 53.78
     100 shots/class (n= 1000): test 53.83
     250 shots/class (n= 2500): test 56.15
stl_none_20pct seed2: probe train 88.30  test 59.75
       5 shots/class (n=   50): test 50.56
      10 shots/class (n=  100): test 52.18
      25 shots/class (n=  250): test 53.71
      50 shots/class (n=  500): test 54.13
     100 shots/class (n= 1000): test 54.43
     250 shots/class (n= 2500): test 56.03
PROBE_RESULT stl_none_20pct test 60.00+/-0.55 over 3 seeds -> runs/stl_none_20pct/linear_probe.json
PROBE4_DONE stl_none_20pct
PROBE4_START stl_aux_20pct
stl_aux_20pct seed0: probe train 89.44  test 63.96
       5 shots/class (n=   50): test 54.56
      10 shots/class (n=  100): test 55.90
      25 shots/class (n=  250): test 57.24
      50 shots/class (n=  500): test 57.63
     100 shots/class (n= 1000): test 57.89
     250 shots/class (n= 2500): test 60.68
stl_aux_20pct seed1: probe train 89.46  test 65.20
       5 shots/class (n=   50): test 55.81
      10 shots/class (n=  100): test 57.45
      25 shots/class (n=  250): test 58.84
      50 shots/class (n=  500): test 59.03
     100 shots/class (n= 1000): test 59.38
     250 shots/class (n= 2500): test 61.88
stl_aux_20pct seed2: probe train 90.32  test 65.76
       5 shots/class (n=   50): test 54.99
      10 shots/class (n=  100): test 56.63
      25 shots/class (n=  250): test 58.56
      50 shots/class (n=  500): test 59.01
     100 shots/class (n= 1000): test 59.30
     250 shots/class (n= 2500): test 61.93
PROBE_RESULT stl_aux_20pct test 64.98+/-0.92 over 3 seeds -> runs/stl_aux_20pct/linear_probe.json
PROBE4_DONE stl_aux_20pct
PROBE4_START stl_none_50pct
stl_none_50pct seed0: probe train 97.90  test 73.11
       5 shots/class (n=   50): test 71.18
      10 shots/class (n=  100): test 71.76
      25 shots/class (n=  250): test 72.16
      50 shots/class (n=  500): test 72.61
     100 shots/class (n= 1000): test 72.79
     250 shots/class (n= 2500): test 72.66
stl_none_50pct seed1: probe train 98.54  test 73.69
       5 shots/class (n=   50): test 71.70
      10 shots/class (n=  100): test 72.48
      25 shots/class (n=  250): test 72.80
      50 shots/class (n=  500): test 73.11
     100 shots/class (n= 1000): test 73.20
     250 shots/class (n= 2500): test 73.39
stl_none_50pct seed2: probe train 98.44  test 73.70
       5 shots/class (n=   50): test 71.54
      10 shots/class (n=  100): test 73.13
      25 shots/class (n=  250): test 73.16
      50 shots/class (n=  500): test 73.54
     100 shots/class (n= 1000): test 73.48
     250 shots/class (n= 2500): test 73.31
PROBE_RESULT stl_none_50pct test 73.50+/-0.34 over 3 seeds -> runs/stl_none_50pct/linear_probe.json
PROBE4_DONE stl_none_50pct
PROBE4_START stl_aux_50pct
stl_aux_50pct seed0: probe train 98.56  test 76.53
       5 shots/class (n=   50): test 75.30
      10 shots/class (n=  100): test 75.58
      25 shots/class (n=  250): test 76.04
      50 shots/class (n=  500): test 76.19
     100 shots/class (n= 1000): test 76.39
     250 shots/class (n= 2500): test 76.58
stl_aux_50pct seed1: probe train 98.32  test 76.63
       5 shots/class (n=   50): test 73.90
      10 shots/class (n=  100): test 75.31
      25 shots/class (n=  250): test 75.96
      50 shots/class (n=  500): test 76.34
     100 shots/class (n= 1000): test 76.31
     250 shots/class (n= 2500): test 76.31
stl_aux_50pct seed2: probe train 98.64  test 76.96
       5 shots/class (n=   50): test 74.13
      10 shots/class (n=  100): test 75.10
      25 shots/class (n=  250): test 75.83
      50 shots/class (n=  500): test 75.90
     100 shots/class (n= 1000): test 76.36
     250 shots/class (n= 2500): test 76.25
PROBE_RESULT stl_aux_50pct test 76.70+/-0.23 over 3 seeds -> runs/stl_aux_50pct/linear_probe.json
PROBE4_DONE stl_aux_50pct
PROBE4_START c10_none_2pct
c10_none_2pct seed0: probe train 64.63  test 61.07
       5 shots/class (n=   50): test 48.66
      10 shots/class (n=  100): test 51.43
      25 shots/class (n=  250): test 51.92
      50 shots/class (n=  500): test 52.33
     100 shots/class (n= 1000): test 52.33
     250 shots/class (n= 2500): test 51.41
c10_none_2pct seed1: probe train 64.71  test 61.17
       5 shots/class (n=   50): test 49.15
      10 shots/class (n=  100): test 50.86
      25 shots/class (n=  250): test 51.25
      50 shots/class (n=  500): test 51.62
     100 shots/class (n= 1000): test 51.78
     250 shots/class (n= 2500): test 51.29
c10_none_2pct seed2: probe train 63.73  test 60.12
       5 shots/class (n=   50): test 48.14
      10 shots/class (n=  100): test 49.16
      25 shots/class (n=  250): test 49.46
      50 shots/class (n=  500): test 49.59
     100 shots/class (n= 1000): test 49.54
     250 shots/class (n= 2500): test 49.64
c10_none_2pct seed3: probe train 64.40  test 60.44
       5 shots/class (n=   50): test 50.05
      10 shots/class (n=  100): test 51.14
      25 shots/class (n=  250): test 51.76
      50 shots/class (n=  500): test 51.71
     100 shots/class (n= 1000): test 52.08
     250 shots/class (n= 2500): test 51.18
c10_none_2pct seed4: probe train 64.51  test 61.20
       5 shots/class (n=   50): test 49.07
      10 shots/class (n=  100): test 50.16
      25 shots/class (n=  250): test 50.90
      50 shots/class (n=  500): test 50.99
     100 shots/class (n= 1000): test 51.19
     250 shots/class (n= 2500): test 50.98
c10_none_2pct seed5: probe train 65.10  test 61.52
       5 shots/class (n=   50): test 49.91
      10 shots/class (n=  100): test 50.91
      25 shots/class (n=  250): test 51.64
      50 shots/class (n=  500): test 51.66
     100 shots/class (n= 1000): test 51.81
     250 shots/class (n= 2500): test 51.41
c10_none_2pct seed6: probe train 64.53  test 61.58
       5 shots/class (n=   50): test 49.89
      10 shots/class (n=  100): test 51.32
      25 shots/class (n=  250): test 51.86
      50 shots/class (n=  500): test 52.37
     100 shots/class (n= 1000): test 52.46
     250 shots/class (n= 2500): test 51.59
c10_none_2pct seed7: probe train 64.49  test 60.68
       5 shots/class (n=   50): test 49.35
      10 shots/class (n=  100): test 51.07
      25 shots/class (n=  250): test 51.37
      50 shots/class (n=  500): test 51.68
     100 shots/class (n= 1000): test 51.77
     250 shots/class (n= 2500): test 50.78
c10_none_2pct seed8: probe train 63.98  test 60.60
       5 shots/class (n=   50): test 49.34
      10 shots/class (n=  100): test 50.20
      25 shots/class (n=  250): test 50.67
      50 shots/class (n=  500): test 50.57
     100 shots/class (n= 1000): test 50.87
     250 shots/class (n= 2500): test 50.24
c10_none_2pct seed9: probe train 65.36  test 61.61
       5 shots/class (n=   50): test 49.33
      10 shots/class (n=  100): test 50.92
      25 shots/class (n=  250): test 51.24
      50 shots/class (n=  500): test 51.63
     100 shots/class (n= 1000): test 51.85
     250 shots/class (n= 2500): test 51.83
PROBE_RESULT c10_none_2pct test 61.00+/-0.52 over 10 seeds -> runs/c10_none_2pct/linear_probe.json
PROBE4_DONE c10_none_2pct
PROBE4_START c10_aux_2pct
c10_aux_2pct seed0: probe train 69.84  test 66.65
       5 shots/class (n=   50): test 56.39
      10 shots/class (n=  100): test 57.15
      25 shots/class (n=  250): test 57.75
      50 shots/class (n=  500): test 57.95
     100 shots/class (n= 1000): test 58.07
     250 shots/class (n= 2500): test 56.99
c10_aux_2pct seed1: probe train 69.94  test 66.97
       5 shots/class (n=   50): test 56.26
      10 shots/class (n=  100): test 57.76
      25 shots/class (n=  250): test 58.44
      50 shots/class (n=  500): test 58.62
     100 shots/class (n= 1000): test 58.42
     250 shots/class (n= 2500): test 57.53
c10_aux_2pct seed2: probe train 70.17  test 65.97
       5 shots/class (n=   50): test 56.38
      10 shots/class (n=  100): test 57.48
      25 shots/class (n=  250): test 57.85
      50 shots/class (n=  500): test 58.16
     100 shots/class (n= 1000): test 58.28
     250 shots/class (n= 2500): test 56.76
c10_aux_2pct seed3: probe train 69.92  test 66.40
       5 shots/class (n=   50): test 55.72
      10 shots/class (n=  100): test 57.04
      25 shots/class (n=  250): test 57.79
      50 shots/class (n=  500): test 57.92
     100 shots/class (n= 1000): test 57.97
     250 shots/class (n= 2500): test 57.94
c10_aux_2pct seed4: probe train 70.44  test 67.12
       5 shots/class (n=   50): test 56.90
      10 shots/class (n=  100): test 57.91
      25 shots/class (n=  250): test 58.03
      50 shots/class (n=  500): test 57.88
     100 shots/class (n= 1000): test 58.04
     250 shots/class (n= 2500): test 57.90
c10_aux_2pct seed5: probe train 70.03  test 66.73
       5 shots/class (n=   50): test 56.41
      10 shots/class (n=  100): test 57.72
      25 shots/class (n=  250): test 58.37
      50 shots/class (n=  500): test 58.16
     100 shots/class (n= 1000): test 58.34
     250 shots/class (n= 2500): test 58.48
c10_aux_2pct seed6: probe train 69.17  test 65.47
       5 shots/class (n=   50): test 55.89
      10 shots/class (n=  100): test 56.92
      25 shots/class (n=  250): test 57.09
      50 shots/class (n=  500): test 57.08
     100 shots/class (n= 1000): test 57.35
     250 shots/class (n= 2500): test 55.94
c10_aux_2pct seed7: probe train 69.23  test 66.36
       5 shots/class (n=   50): test 56.79
      10 shots/class (n=  100): test 57.87
      25 shots/class (n=  250): test 58.31
      50 shots/class (n=  500): test 58.31
     100 shots/class (n= 1000): test 58.12
     250 shots/class (n= 2500): test 56.77
c10_aux_2pct seed8: probe train 69.95  test 66.60
       5 shots/class (n=   50): test 56.90
      10 shots/class (n=  100): test 58.04
      25 shots/class (n=  250): test 58.67
      50 shots/class (n=  500): test 58.38
     100 shots/class (n= 1000): test 58.69
     250 shots/class (n= 2500): test 57.12
c10_aux_2pct seed9: probe train 70.08  test 66.90
       5 shots/class (n=   50): test 56.29
      10 shots/class (n=  100): test 57.88
      25 shots/class (n=  250): test 58.27
      50 shots/class (n=  500): test 58.23
     100 shots/class (n= 1000): test 58.43
     250 shots/class (n= 2500): test 57.17
PROBE_RESULT c10_aux_2pct test 66.52+/-0.50 over 10 seeds -> runs/c10_aux_2pct/linear_probe.json
PROBE4_DONE c10_aux_2pct
PROBE4_START c10_none_5pct
c10_none_5pct seed0: probe train 76.52  test 72.87
       5 shots/class (n=   50): test 67.39
      10 shots/class (n=  100): test 68.12
      25 shots/class (n=  250): test 68.32
      50 shots/class (n=  500): test 68.37
     100 shots/class (n= 1000): test 68.66
     250 shots/class (n= 2500): test 68.85
c10_none_5pct seed1: probe train 76.16  test 72.45
       5 shots/class (n=   50): test 67.27
      10 shots/class (n=  100): test 68.14
      25 shots/class (n=  250): test 68.65
      50 shots/class (n=  500): test 68.81
     100 shots/class (n= 1000): test 69.06
     250 shots/class (n= 2500): test 69.06
c10_none_5pct seed2: probe train 76.88  test 72.85
       5 shots/class (n=   50): test 68.00
      10 shots/class (n=  100): test 68.49
      25 shots/class (n=  250): test 68.66
      50 shots/class (n=  500): test 68.79
     100 shots/class (n= 1000): test 68.93
     250 shots/class (n= 2500): test 68.99
PROBE_RESULT c10_none_5pct test 72.72+/-0.24 over 3 seeds -> runs/c10_none_5pct/linear_probe.json
PROBE4_DONE c10_none_5pct
PROBE4_START c10_aux_5pct
c10_aux_5pct seed0: probe train 80.50  test 77.24
       5 shots/class (n=   50): test 72.89
      10 shots/class (n=  100): test 72.98
      25 shots/class (n=  250): test 73.56
      50 shots/class (n=  500): test 73.70
     100 shots/class (n= 1000): test 73.67
     250 shots/class (n= 2500): test 73.51
c10_aux_5pct seed1: probe train 80.52  test 76.32
       5 shots/class (n=   50): test 72.59
      10 shots/class (n=  100): test 72.69
      25 shots/class (n=  250): test 73.33
      50 shots/class (n=  500): test 73.46
     100 shots/class (n= 1000): test 73.26
     250 shots/class (n= 2500): test 73.44
c10_aux_5pct seed2: probe train 80.29  test 76.52
       5 shots/class (n=   50): test 72.19
      10 shots/class (n=  100): test 72.58
      25 shots/class (n=  250): test 72.82
      50 shots/class (n=  500): test 72.79
     100 shots/class (n= 1000): test 72.88
     250 shots/class (n= 2500): test 73.17
PROBE_RESULT c10_aux_5pct test 76.69+/-0.48 over 3 seeds -> runs/c10_aux_5pct/linear_probe.json
PROBE4_DONE c10_aux_5pct
PROBE4_START c10_none_10pct
c10_none_10pct seed0: probe train 85.99  test 82.50
       5 shots/class (n=   50): test 80.10
      10 shots/class (n=  100): test 80.55
      25 shots/class (n=  250): test 80.55
      50 shots/class (n=  500): test 80.46
     100 shots/class (n= 1000): test 80.55
     250 shots/class (n= 2500): test 80.49
c10_none_10pct seed1: probe train 85.49  test 81.94
       5 shots/class (n=   50): test 79.57
      10 shots/class (n=  100): test 79.63
      25 shots/class (n=  250): test 79.81
      50 shots/class (n=  500): test 79.84
     100 shots/class (n= 1000): test 80.06
     250 shots/class (n= 2500): test 80.01
c10_none_10pct seed2: probe train 86.27  test 83.06
       5 shots/class (n=   50): test 80.99
      10 shots/class (n=  100): test 81.12
      25 shots/class (n=  250): test 81.29
      50 shots/class (n=  500): test 81.41
     100 shots/class (n= 1000): test 81.44
     250 shots/class (n= 2500): test 81.36
PROBE_RESULT c10_none_10pct test 82.50+/-0.56 over 3 seeds -> runs/c10_none_10pct/linear_probe.json
PROBE4_DONE c10_none_10pct
PROBE4_START c10_aux_10pct
c10_aux_10pct seed0: probe train 86.08  test 83.33
       5 shots/class (n=   50): test 81.26
      10 shots/class (n=  100): test 81.08
      25 shots/class (n=  250): test 81.64
      50 shots/class (n=  500): test 81.64
     100 shots/class (n= 1000): test 81.69
     250 shots/class (n= 2500): test 81.76
c10_aux_10pct seed1: probe train 86.24  test 83.08
       5 shots/class (n=   50): test 81.25
      10 shots/class (n=  100): test 81.32
      25 shots/class (n=  250): test 81.49
      50 shots/class (n=  500): test 81.80
     100 shots/class (n= 1000): test 81.91
     250 shots/class (n= 2500): test 81.86
c10_aux_10pct seed2: probe train 86.15  test 83.04
       5 shots/class (n=   50): test 81.08
      10 shots/class (n=  100): test 81.12
      25 shots/class (n=  250): test 81.47
      50 shots/class (n=  500): test 81.52
     100 shots/class (n= 1000): test 81.57
     250 shots/class (n= 2500): test 81.55
PROBE_RESULT c10_aux_10pct test 83.15+/-0.16 over 3 seeds -> runs/c10_aux_10pct/linear_probe.json
PROBE4_DONE c10_aux_10pct
PROBE4_COMPLETE
