PROBE3_START super1_none
super1_none seed0: probe train 41.98  test 36.44
       5 shots/class (n=  100): test 17.50
      10 shots/class (n=  200): test 18.35
      25 shots/class (n=  500): test 21.62
      50 shots/class (n= 1000): test 23.24
     100 shots/class (n= 2000): test 24.16
     250 shots/class (n= 5000): test 27.78
super1_none seed1: probe train 42.16  test 36.98
       5 shots/class (n=  100): test 17.78
      10 shots/class (n=  200): test 18.80
      25 shots/class (n=  500): test 22.06
      50 shots/class (n= 1000): test 23.12
     100 shots/class (n= 2000): test 23.40
     250 shots/class (n= 5000): test 27.16
super1_none seed2: probe train 42.50  test 37.37
       5 shots/class (n=  100): test 17.13
      10 shots/class (n=  200): test 18.28
      25 shots/class (n=  500): test 21.68
      50 shots/class (n= 1000): test 23.00
     100 shots/class (n= 2000): test 24.19
     250 shots/class (n= 5000): test 26.92
PROBE_RESULT super1_none test 36.93+/-0.47 over 3 seeds -> runs/super1_none/linear_probe.json
PROBE3_DONE super1_none
PROBE3_START super1_aux
super1_aux seed0: probe train 46.04  test 41.39
       5 shots/class (n=  100): test 18.15
      10 shots/class (n=  200): test 18.96
      25 shots/class (n=  500): test 24.64
      50 shots/class (n= 1000): test 26.58
     100 shots/class (n= 2000): test 27.82
     250 shots/class (n= 5000): test 29.86
super1_aux seed1: probe train 45.79  test 40.89
       5 shots/class (n=  100): test 18.86
      10 shots/class (n=  200): test 20.50
      25 shots/class (n=  500): test 24.92
      50 shots/class (n= 1000): test 25.92
     100 shots/class (n= 2000): test 27.86
     250 shots/class (n= 5000): test 30.35
super1_aux seed2: probe train 46.17  test 40.71
       5 shots/class (n=  100): test 19.97
      10 shots/class (n=  200): test 20.97
      25 shots/class (n=  500): test 24.33
      50 shots/class (n= 1000): test 25.81
     100 shots/class (n= 2000): test 26.75
     250 shots/class (n= 5000): test 29.41
PROBE_RESULT super1_aux test 41.00+/-0.35 over 3 seeds -> runs/super1_aux/linear_probe.json
PROBE3_DONE super1_aux
PROBE3_START super5_none
super5_none seed0: probe train 55.78  test 49.40
       5 shots/class (n=  100): test 30.95
      10 shots/class (n=  200): test 32.37
      25 shots/class (n=  500): test 34.93
      50 shots/class (n= 1000): test 37.30
     100 shots/class (n= 2000): test 36.94
     250 shots/class (n= 5000): test 38.13
super5_none seed1: probe train 56.21  test 49.58
       5 shots/class (n=  100): test 32.05
      10 shots/class (n=  200): test 33.08
      25 shots/class (n=  500): test 36.59
      50 shots/class (n= 1000): test 38.43
     100 shots/class (n= 2000): test 38.02
     250 shots/class (n= 5000): test 39.07
super5_none seed2: probe train 56.38  test 49.52
       5 shots/class (n=  100): test 31.14
      10 shots/class (n=  200): test 32.83
      25 shots/class (n=  500): test 36.07
      50 shots/class (n= 1000): test 37.89
     100 shots/class (n= 2000): test 37.77
     250 shots/class (n= 5000): test 38.69
PROBE_RESULT super5_none test 49.50+/-0.09 over 3 seeds -> runs/super5_none/linear_probe.json
PROBE3_DONE super5_none
PROBE3_START super5_aux
super5_aux seed0: probe train 60.96  test 54.74
       5 shots/class (n=  100): test 36.50
      10 shots/class (n=  200): test 37.41
      25 shots/class (n=  500): test 41.21
      50 shots/class (n= 1000): test 42.01
     100 shots/class (n= 2000): test 43.82
     250 shots/class (n= 5000): test 44.14
super5_aux seed1: probe train 61.70  test 54.42
       5 shots/class (n=  100): test 37.47
      10 shots/class (n=  200): test 39.25
      25 shots/class (n=  500): test 41.53
      50 shots/class (n= 1000): test 42.18
     100 shots/class (n= 2000): test 43.82
     250 shots/class (n= 5000): test 44.75
super5_aux seed2: probe train 61.84  test 55.66
       5 shots/class (n=  100): test 35.90
      10 shots/class (n=  200): test 39.33
      25 shots/class (n=  500): test 42.07
      50 shots/class (n= 1000): test 42.93
     100 shots/class (n= 2000): test 44.71
     250 shots/class (n= 5000): test 45.02
PROBE_RESULT super5_aux test 54.94+/-0.64 over 3 seeds -> runs/super5_aux/linear_probe.json
PROBE3_DONE super5_aux
PROBE3_DEFER super2_none (1/3 seeds)
PROBE3_DEFER super2_aux (0/3 seeds)
PROBE3_COMPLETE
PROBE3_SKIP super1_none
PROBE3_SKIP super1_aux
PROBE3_SKIP super5_none
PROBE3_SKIP super5_aux
PROBE3_START super2_none
super2_none seed0: probe train 46.40  test 40.89
       5 shots/class (n=  100): test 21.33
      10 shots/class (n=  200): test 22.49
      25 shots/class (n=  500): test 25.52
      50 shots/class (n= 1000): test 27.40
     100 shots/class (n= 2000): test 28.18
     250 shots/class (n= 5000): test 30.11
super2_none seed1: probe train 46.63  test 41.83
       5 shots/class (n=  100): test 19.63
      10 shots/class (n=  200): test 21.54
      25 shots/class (n=  500): test 26.47
      50 shots/class (n= 1000): test 27.05
     100 shots/class (n= 2000): test 28.60
     250 shots/class (n= 5000): test 30.31
super2_none seed2: probe train 46.77  test 41.85
       5 shots/class (n=  100): test 20.11
      10 shots/class (n=  200): test 21.44
      25 shots/class (n=  500): test 26.06
      50 shots/class (n= 1000): test 27.40
     100 shots/class (n= 2000): test 28.66
     250 shots/class (n= 5000): test 30.39
PROBE_RESULT super2_none test 41.52+/-0.55 over 3 seeds -> runs/super2_none/linear_probe.json
PROBE3_DONE super2_none
PROBE3_START super2_aux
super2_aux seed0: probe train 52.49  test 47.30
       5 shots/class (n=  100): test 22.72
      10 shots/class (n=  200): test 27.34
      25 shots/class (n=  500): test 31.66
      50 shots/class (n= 1000): test 32.55
     100 shots/class (n= 2000): test 33.63
     250 shots/class (n= 5000): test 35.42
super2_aux seed1: probe train 52.28  test 46.73
       5 shots/class (n=  100): test 24.75
      10 shots/class (n=  200): test 27.38
      25 shots/class (n=  500): test 31.07
      50 shots/class (n= 1000): test 32.66
     100 shots/class (n= 2000): test 33.82
     250 shots/class (n= 5000): test 35.36
super2_aux seed2: probe train 51.92  test 46.53
       5 shots/class (n=  100): test 23.61
      10 shots/class (n=  200): test 26.32
      25 shots/class (n=  500): test 32.12
      50 shots/class (n= 1000): test 32.93
     100 shots/class (n= 2000): test 33.68
     250 shots/class (n= 5000): test 33.94
PROBE_RESULT super2_aux test 46.85+/-0.40 over 3 seeds -> runs/super2_aux/linear_probe.json
PROBE3_DONE super2_aux
PROBE3_COMPLETE
