2026-08-08T12:19:35+02:00 queue start: 45 tasks, SLOTS=3, need 9000MiB
2026-08-08T12:46:36+02:00 gpu free, running
2026-08-08T12:46:40+02:00 [3] rc=0 :: ~/venvs/momentstem/bin/python train.py --config configs/sensorfusion/sf_eurosatms_rgb_none_1pct.yaml --seed 2
2026-08-08T12:46:41+02:00 [2] rc=0 :: ~/venvs/momentstem/bin/python train.py --config configs/sensorfusion/sf_eurosatms_rgb_none_1pct.yaml --seed 1
2026-08-08T12:46:41+02:00 [1] rc=0 :: ~/venvs/momentstem/bin/python train.py --config configs/sensorfusion/sf_eurosatms_rgb_none_1pct.yaml --seed 0
2026-08-08T13:14:52+02:00 [6] rc=0 :: ~/venvs/momentstem/bin/python train.py --config configs/sensorfusion/sf_eurosatms_rgb_none_2pct.yaml --seed 2
2026-08-08T13:14:53+02:00 [5] rc=0 :: ~/venvs/momentstem/bin/python train.py --config configs/sensorfusion/sf_eurosatms_rgb_none_2pct.yaml --seed 1
2026-08-08T13:14:53+02:00 [4] rc=0 :: ~/venvs/momentstem/bin/python train.py --config configs/sensorfusion/sf_eurosatms_rgb_none_2pct.yaml --seed 0
2026-08-08T13:29:47+02:00 [7] rc=0 :: ~/venvs/momentstem/bin/python train.py --config configs/sensorfusion/sf_eurosatms_rgb_aux_1pct.yaml --seed 0
2026-08-08T13:29:49+02:00 [9] rc=0 :: ~/venvs/momentstem/bin/python train.py --config configs/sensorfusion/sf_eurosatms_rgb_aux_1pct.yaml --seed 2
2026-08-08T13:29:49+02:00 [8] rc=0 :: ~/venvs/momentstem/bin/python train.py --config configs/sensorfusion/sf_eurosatms_rgb_aux_1pct.yaml --seed 1
2026-08-08T13:44:10+02:00 [11] rc=0 :: ~/venvs/momentstem/bin/python train.py --config configs/sensorfusion/sf_eurosatms_rgb_aux_2pct.yaml --seed 1
2026-08-08T13:44:13+02:00 [12] rc=0 :: ~/venvs/momentstem/bin/python train.py --config configs/sensorfusion/sf_eurosatms_rgb_aux_2pct.yaml --seed 2
2026-08-08T13:44:14+02:00 [10] rc=0 :: ~/venvs/momentstem/bin/python train.py --config configs/sensorfusion/sf_eurosatms_rgb_aux_2pct.yaml --seed 0
2026-08-08T13:57:35+02:00 [13] rc=0 :: ~/venvs/momentstem/bin/python train.py --config configs/sensorfusion/sf_eurosatms_nir_none_1pct.yaml --seed 0
2026-08-08T13:57:37+02:00 [15] rc=0 :: ~/venvs/momentstem/bin/python train.py --config configs/sensorfusion/sf_eurosatms_nir_none_1pct.yaml --seed 2
2026-08-08T13:57:37+02:00 [14] rc=0 :: ~/venvs/momentstem/bin/python train.py --config configs/sensorfusion/sf_eurosatms_nir_none_1pct.yaml --seed 1
2026-08-08T14:12:03+02:00 [16] rc=0 :: ~/venvs/momentstem/bin/python train.py --config configs/sensorfusion/sf_eurosatms_nir_none_2pct.yaml --seed 0
2026-08-08T14:12:03+02:00 [17] rc=0 :: ~/venvs/momentstem/bin/python train.py --config configs/sensorfusion/sf_eurosatms_nir_none_2pct.yaml --seed 1
2026-08-08T14:12:04+02:00 [18] rc=0 :: ~/venvs/momentstem/bin/python train.py --config configs/sensorfusion/sf_eurosatms_nir_none_2pct.yaml --seed 2
2026-08-08T14:25:21+02:00 [19] rc=0 :: ~/venvs/momentstem/bin/python train.py --config configs/sensorfusion/sf_eurosatms_nir_aux_1pct.yaml --seed 0
2026-08-08T14:25:22+02:00 [20] rc=0 :: ~/venvs/momentstem/bin/python train.py --config configs/sensorfusion/sf_eurosatms_nir_aux_1pct.yaml --seed 1
2026-08-08T14:25:22+02:00 [21] rc=0 :: ~/venvs/momentstem/bin/python train.py --config configs/sensorfusion/sf_eurosatms_nir_aux_1pct.yaml --seed 2
2026-08-08T14:39:56+02:00 [23] rc=0 :: ~/venvs/momentstem/bin/python train.py --config configs/sensorfusion/sf_eurosatms_nir_aux_2pct.yaml --seed 1
2026-08-08T14:39:58+02:00 [24] rc=0 :: ~/venvs/momentstem/bin/python train.py --config configs/sensorfusion/sf_eurosatms_nir_aux_2pct.yaml --seed 2
2026-08-08T14:39:58+02:00 [22] rc=0 :: ~/venvs/momentstem/bin/python train.py --config configs/sensorfusion/sf_eurosatms_nir_aux_2pct.yaml --seed 0
2026-08-08T14:53:04+02:00 [26] rc=0 :: ~/venvs/momentstem/bin/python train.py --config configs/sensorfusion/sf_eurosatms_all_none_1pct.yaml --seed 1
2026-08-08T14:53:05+02:00 [25] rc=0 :: ~/venvs/momentstem/bin/python train.py --config configs/sensorfusion/sf_eurosatms_all_none_1pct.yaml --seed 0
2026-08-08T14:53:11+02:00 [27] rc=0 :: ~/venvs/momentstem/bin/python train.py --config configs/sensorfusion/sf_eurosatms_all_none_1pct.yaml --seed 2
2026-08-08T15:07:27+02:00 [29] rc=0 :: ~/venvs/momentstem/bin/python train.py --config configs/sensorfusion/sf_eurosatms_all_none_2pct.yaml --seed 1
2026-08-08T15:07:29+02:00 [28] rc=0 :: ~/venvs/momentstem/bin/python train.py --config configs/sensorfusion/sf_eurosatms_all_none_2pct.yaml --seed 0
2026-08-08T15:07:34+02:00 [30] rc=0 :: ~/venvs/momentstem/bin/python train.py --config configs/sensorfusion/sf_eurosatms_all_none_2pct.yaml --seed 2
2026-08-08T15:20:27+02:00 [31] rc=0 :: ~/venvs/momentstem/bin/python train.py --config configs/sensorfusion/sf_eurosatms_all_aux_1pct.yaml --seed 0
2026-08-08T15:20:47+02:00 [32] rc=0 :: ~/venvs/momentstem/bin/python train.py --config configs/sensorfusion/sf_eurosatms_all_aux_1pct.yaml --seed 1
2026-08-08T15:20:48+02:00 [33] rc=0 :: ~/venvs/momentstem/bin/python train.py --config configs/sensorfusion/sf_eurosatms_all_aux_1pct.yaml --seed 2
2026-08-08T15:34:48+02:00 [34] rc=0 :: ~/venvs/momentstem/bin/python train.py --config configs/sensorfusion/sf_eurosatms_all_aux_2pct.yaml --seed 0
2026-08-08T15:35:07+02:00 [35] rc=0 :: ~/venvs/momentstem/bin/python train.py --config configs/sensorfusion/sf_eurosatms_all_aux_2pct.yaml --seed 1
2026-08-08T15:35:08+02:00 [36] rc=0 :: ~/venvs/momentstem/bin/python train.py --config configs/sensorfusion/sf_eurosatms_all_aux_2pct.yaml --seed 2
2026-08-08T15:35:28+02:00 [37] rc=0 :: ~/venvs/momentstem/bin/python analysis/linear_probe.py --config configs/sslbudget/diagsslbudget_simsiam800_c10
2026-08-08T15:35:50+02:00 [40] rc=0 :: ~/venvs/momentstem/bin/python analysis/linear_probe.py --config configs/sensorfusion/diagsfvit_eurosatms_rgb_n
2026-08-08T15:35:51+02:00 [39] rc=0 :: ~/venvs/momentstem/bin/python analysis/decision_fusion.py --cells scripts/df_cells_c100_7.txt --out results/de
2026-08-08T15:36:11+02:00 [38] rc=0 :: ~/venvs/momentstem/bin/python analysis/decision_fusion.py --cells scripts/df_cells_c100_10.txt --out results/d
2026-08-08T15:36:15+02:00 [41] rc=0 :: ~/venvs/momentstem/bin/python analysis/linear_probe.py --config configs/sensorfusion/diagsfvit_eurosatms_rgb_a
2026-08-08T15:36:16+02:00 [42] rc=0 :: ~/venvs/momentstem/bin/python analysis/linear_probe.py --config configs/sensorfusion/diagsfvit_eurosatms_nir_n
2026-08-08T15:36:38+02:00 [43] rc=0 :: ~/venvs/momentstem/bin/python analysis/linear_probe.py --config configs/sensorfusion/diagsfvit_eurosatms_nir_a
2026-08-08T15:36:41+02:00 [45] rc=0 :: ~/venvs/momentstem/bin/python analysis/linear_probe.py --config configs/sensorfusion/diagsfvit_eurosatms_all_a
2026-08-08T15:36:41+02:00 [44] rc=0 :: ~/venvs/momentstem/bin/python analysis/linear_probe.py --config configs/sensorfusion/diagsfvit_eurosatms_all_n
2026-08-08T15:52:46+02:00 [46] rc=0 :: ~/venvs/momentstem/bin/python train.py --config configs/sensorfusion/sf_so2sat_sar_none_5pct.yaml --seed 0
2026-08-08T15:53:04+02:00 [48] rc=0 :: ~/venvs/momentstem/bin/python train.py --config configs/sensorfusion/sf_so2sat_sar_none_5pct.yaml --seed 2
2026-08-08T15:53:05+02:00 [47] rc=0 :: ~/venvs/momentstem/bin/python train.py --config configs/sensorfusion/sf_so2sat_sar_none_5pct.yaml --seed 1
2026-08-08T16:08:58+02:00 [49] rc=0 :: ~/venvs/momentstem/bin/python train.py --config configs/sensorfusion/sf_so2sat_sar_aux_5pct.yaml --seed 0
2026-08-08T16:09:27+02:00 [50] rc=0 :: ~/venvs/momentstem/bin/python train.py --config configs/sensorfusion/sf_so2sat_sar_aux_5pct.yaml --seed 1
2026-08-08T16:09:35+02:00 [51] rc=0 :: ~/venvs/momentstem/bin/python train.py --config configs/sensorfusion/sf_so2sat_sar_aux_5pct.yaml --seed 2
2026-08-08T16:25:14+02:00 [52] rc=0 :: ~/venvs/momentstem/bin/python train.py --config configs/sensorfusion/sf_so2sat_opt_none_5pct.yaml --seed 0
2026-08-08T16:25:44+02:00 [53] rc=0 :: ~/venvs/momentstem/bin/python train.py --config configs/sensorfusion/sf_so2sat_opt_none_5pct.yaml --seed 1
2026-08-08T16:25:56+02:00 [54] rc=0 :: ~/venvs/momentstem/bin/python train.py --config configs/sensorfusion/sf_so2sat_opt_none_5pct.yaml --seed 2
2026-08-08T16:41:38+02:00 [55] rc=0 :: ~/venvs/momentstem/bin/python train.py --config configs/sensorfusion/sf_so2sat_opt_aux_5pct.yaml --seed 0
2026-08-08T16:42:12+02:00 [56] rc=0 :: ~/venvs/momentstem/bin/python train.py --config configs/sensorfusion/sf_so2sat_opt_aux_5pct.yaml --seed 1
2026-08-08T16:42:23+02:00 [57] rc=0 :: ~/venvs/momentstem/bin/python train.py --config configs/sensorfusion/sf_so2sat_opt_aux_5pct.yaml --seed 2
2026-08-08T16:58:26+02:00 [58] rc=0 :: ~/venvs/momentstem/bin/python train.py --config configs/sensorfusion/sf_so2sat_all_none_5pct.yaml --seed 0
2026-08-08T16:59:08+02:00 [59] rc=0 :: ~/venvs/momentstem/bin/python train.py --config configs/sensorfusion/sf_so2sat_all_none_5pct.yaml --seed 1
2026-08-08T16:59:20+02:00 [60] rc=0 :: ~/venvs/momentstem/bin/python train.py --config configs/sensorfusion/sf_so2sat_all_none_5pct.yaml --seed 2
2026-08-08T17:15:28+02:00 [61] rc=0 :: ~/venvs/momentstem/bin/python train.py --config configs/sensorfusion/sf_so2sat_all_aux_5pct.yaml --seed 0
2026-08-08T17:16:09+02:00 [62] rc=0 :: ~/venvs/momentstem/bin/python train.py --config configs/sensorfusion/sf_so2sat_all_aux_5pct.yaml --seed 1
2026-08-08T17:16:30+02:00 [63] rc=0 :: ~/venvs/momentstem/bin/python train.py --config configs/sensorfusion/sf_so2sat_all_aux_5pct.yaml --seed 2
2026-08-08T17:38:04+02:00 [64] rc=0 :: ~/venvs/momentstem/bin/python train.py --config configs/sensorfusion/sf_so2sat_sar_none_25pct.yaml --seed 0
2026-08-08T17:38:45+02:00 [65] rc=0 :: ~/venvs/momentstem/bin/python train.py --config configs/sensorfusion/sf_so2sat_sar_none_25pct.yaml --seed 1
2026-08-08T17:39:11+02:00 [66] rc=0 :: ~/venvs/momentstem/bin/python train.py --config configs/sensorfusion/sf_so2sat_sar_none_25pct.yaml --seed 2
2026-08-08T18:01:07+02:00 [67] rc=0 :: ~/venvs/momentstem/bin/python train.py --config configs/sensorfusion/sf_so2sat_sar_aux_25pct.yaml --seed 0
2026-08-08T18:01:45+02:00 [68] rc=0 :: ~/venvs/momentstem/bin/python train.py --config configs/sensorfusion/sf_so2sat_sar_aux_25pct.yaml --seed 1
2026-08-08T18:02:14+02:00 [69] rc=0 :: ~/venvs/momentstem/bin/python train.py --config configs/sensorfusion/sf_so2sat_sar_aux_25pct.yaml --seed 2
2026-08-08T18:23:45+02:00 [70] rc=0 :: ~/venvs/momentstem/bin/python train.py --config configs/sensorfusion/sf_so2sat_opt_none_25pct.yaml --seed 0
2026-08-08T18:24:29+02:00 [71] rc=0 :: ~/venvs/momentstem/bin/python train.py --config configs/sensorfusion/sf_so2sat_opt_none_25pct.yaml --seed 1
2026-08-08T18:24:58+02:00 [72] rc=0 :: ~/venvs/momentstem/bin/python train.py --config configs/sensorfusion/sf_so2sat_opt_none_25pct.yaml --seed 2
2026-08-08T18:46:52+02:00 [73] rc=0 :: ~/venvs/momentstem/bin/python train.py --config configs/sensorfusion/sf_so2sat_opt_aux_25pct.yaml --seed 0
2026-08-08T18:47:29+02:00 [74] rc=0 :: ~/venvs/momentstem/bin/python train.py --config configs/sensorfusion/sf_so2sat_opt_aux_25pct.yaml --seed 1
2026-08-08T18:48:00+02:00 [75] rc=0 :: ~/venvs/momentstem/bin/python train.py --config configs/sensorfusion/sf_so2sat_opt_aux_25pct.yaml --seed 2
2026-08-08T19:10:27+02:00 [76] rc=0 :: ~/venvs/momentstem/bin/python train.py --config configs/sensorfusion/sf_so2sat_all_none_25pct.yaml --seed 0
2026-08-08T19:10:56+02:00 [77] rc=0 :: ~/venvs/momentstem/bin/python train.py --config configs/sensorfusion/sf_so2sat_all_none_25pct.yaml --seed 1
2026-08-08T19:11:11+02:00 [78] rc=0 :: ~/venvs/momentstem/bin/python train.py --config configs/sensorfusion/sf_so2sat_all_none_25pct.yaml --seed 2
2026-08-08T19:34:13+02:00 [79] rc=0 :: ~/venvs/momentstem/bin/python train.py --config configs/sensorfusion/sf_so2sat_all_aux_25pct.yaml --seed 0
2026-08-08T19:34:44+02:00 [80] rc=0 :: ~/venvs/momentstem/bin/python train.py --config configs/sensorfusion/sf_so2sat_all_aux_25pct.yaml --seed 1
2026-08-08T19:34:49+02:00 [81] rc=0 :: ~/venvs/momentstem/bin/python train.py --config configs/sensorfusion/sf_so2sat_all_aux_25pct.yaml --seed 2
2026-08-08T19:49:02+02:00 [82] rc=0 :: ~/venvs/momentstem/bin/python train.py --config configs/sensorfusion/sf_so2sat_sar_none_1pct.yaml --seed 0
2026-08-08T19:49:49+02:00 [83] rc=0 :: ~/venvs/momentstem/bin/python train.py --config configs/sensorfusion/sf_so2sat_sar_none_1pct.yaml --seed 1
2026-08-08T19:49:49+02:00 [84] rc=0 :: ~/venvs/momentstem/bin/python train.py --config configs/sensorfusion/sf_so2sat_sar_none_1pct.yaml --seed 2
2026-08-08T20:03:51+02:00 [85] rc=0 :: ~/venvs/momentstem/bin/python train.py --config configs/sensorfusion/sf_so2sat_sar_aux_1pct.yaml --seed 0
2026-08-08T20:04:51+02:00 [86] rc=0 :: ~/venvs/momentstem/bin/python train.py --config configs/sensorfusion/sf_so2sat_sar_aux_1pct.yaml --seed 1
2026-08-08T20:04:53+02:00 [87] rc=0 :: ~/venvs/momentstem/bin/python train.py --config configs/sensorfusion/sf_so2sat_sar_aux_1pct.yaml --seed 2
2026-08-08T20:18:42+02:00 [88] rc=0 :: ~/venvs/momentstem/bin/python train.py --config configs/sensorfusion/sf_so2sat_opt_none_1pct.yaml --seed 0
2026-08-08T20:19:49+02:00 [89] rc=0 :: ~/venvs/momentstem/bin/python train.py --config configs/sensorfusion/sf_so2sat_opt_none_1pct.yaml --seed 1
2026-08-08T20:19:57+02:00 [90] rc=0 :: ~/venvs/momentstem/bin/python train.py --config configs/sensorfusion/sf_so2sat_opt_none_1pct.yaml --seed 2
2026-08-08T20:33:39+02:00 [91] rc=0 :: ~/venvs/momentstem/bin/python train.py --config configs/sensorfusion/sf_so2sat_opt_aux_1pct.yaml --seed 0
2026-08-08T20:34:49+02:00 [92] rc=0 :: ~/venvs/momentstem/bin/python train.py --config configs/sensorfusion/sf_so2sat_opt_aux_1pct.yaml --seed 1
2026-08-08T20:34:58+02:00 [93] rc=0 :: ~/venvs/momentstem/bin/python train.py --config configs/sensorfusion/sf_so2sat_opt_aux_1pct.yaml --seed 2
2026-08-08T20:49:21+02:00 [94] rc=0 :: ~/venvs/momentstem/bin/python train.py --config configs/sensorfusion/sf_so2sat_all_none_1pct.yaml --seed 0
2026-08-08T20:50:35+02:00 [95] rc=0 :: ~/venvs/momentstem/bin/python train.py --config configs/sensorfusion/sf_so2sat_all_none_1pct.yaml --seed 1
2026-08-08T20:50:44+02:00 [96] rc=0 :: ~/venvs/momentstem/bin/python train.py --config configs/sensorfusion/sf_so2sat_all_none_1pct.yaml --seed 2
2026-08-08T21:05:04+02:00 [97] rc=0 :: ~/venvs/momentstem/bin/python train.py --config configs/sensorfusion/sf_so2sat_all_aux_1pct.yaml --seed 0
2026-08-08T21:05:17+02:00 [100] rc=0 :: ~/venvs/momentstem/bin/python train.py --config configs/sensorfusion/sf_so2sat_sar_none_2pct.yaml --seed 0
2026-08-08T21:05:27+02:00 [101] rc=0 :: ~/venvs/momentstem/bin/python train.py --config configs/sensorfusion/sf_so2sat_sar_none_2pct.yaml --seed 1
2026-08-08T21:05:37+02:00 [102] rc=0 :: ~/venvs/momentstem/bin/python train.py --config configs/sensorfusion/sf_so2sat_sar_none_2pct.yaml --seed 2
2026-08-08T21:05:47+02:00 [103] rc=0 :: ~/venvs/momentstem/bin/python train.py --config configs/sensorfusion/sf_so2sat_sar_aux_2pct.yaml --seed 0
2026-08-08T21:05:57+02:00 [104] rc=0 :: ~/venvs/momentstem/bin/python train.py --config configs/sensorfusion/sf_so2sat_sar_aux_2pct.yaml --seed 1
2026-08-08T21:06:06+02:00 [98] rc=0 :: ~/venvs/momentstem/bin/python train.py --config configs/sensorfusion/sf_so2sat_all_aux_1pct.yaml --seed 1
2026-08-08T21:06:07+02:00 [105] rc=0 :: ~/venvs/momentstem/bin/python train.py --config configs/sensorfusion/sf_so2sat_sar_aux_2pct.yaml --seed 2
2026-08-08T21:06:12+02:00 [99] rc=0 :: ~/venvs/momentstem/bin/python train.py --config configs/sensorfusion/sf_so2sat_all_aux_1pct.yaml --seed 2
2026-08-08T21:06:17+02:00 [108] rc=0 :: ~/venvs/momentstem/bin/python train.py --config configs/sensorfusion/sf_so2sat_opt_none_2pct.yaml --seed 2
2026-08-08T21:06:17+02:00 [106] rc=0 :: ~/venvs/momentstem/bin/python train.py --config configs/sensorfusion/sf_so2sat_opt_none_2pct.yaml --seed 0
2026-08-08T21:06:17+02:00 [107] rc=0 :: ~/venvs/momentstem/bin/python train.py --config configs/sensorfusion/sf_so2sat_opt_none_2pct.yaml --seed 1
2026-08-08T21:06:27+02:00 [109] rc=0 :: ~/venvs/momentstem/bin/python train.py --config configs/sensorfusion/sf_so2sat_opt_aux_2pct.yaml --seed 0
2026-08-08T21:06:27+02:00 [110] rc=0 :: ~/venvs/momentstem/bin/python train.py --config configs/sensorfusion/sf_so2sat_opt_aux_2pct.yaml --seed 1
2026-08-08T21:06:27+02:00 [111] rc=0 :: ~/venvs/momentstem/bin/python train.py --config configs/sensorfusion/sf_so2sat_opt_aux_2pct.yaml --seed 2
2026-08-08T21:06:37+02:00 [113] rc=0 :: ~/venvs/momentstem/bin/python train.py --config configs/sensorfusion/sf_so2sat_all_none_2pct.yaml --seed 1
2026-08-08T21:06:37+02:00 [112] rc=0 :: ~/venvs/momentstem/bin/python train.py --config configs/sensorfusion/sf_so2sat_all_none_2pct.yaml --seed 0
2026-08-08T21:06:37+02:00 [114] rc=0 :: ~/venvs/momentstem/bin/python train.py --config configs/sensorfusion/sf_so2sat_all_none_2pct.yaml --seed 2
2026-08-08T21:06:47+02:00 [116] rc=0 :: ~/venvs/momentstem/bin/python train.py --config configs/sensorfusion/sf_so2sat_all_aux_2pct.yaml --seed 1
2026-08-08T21:06:47+02:00 [115] rc=0 :: ~/venvs/momentstem/bin/python train.py --config configs/sensorfusion/sf_so2sat_all_aux_2pct.yaml --seed 0
2026-08-08T21:06:47+02:00 [117] rc=0 :: ~/venvs/momentstem/bin/python train.py --config configs/sensorfusion/sf_so2sat_all_aux_2pct.yaml --seed 2
2026-08-08T21:06:57+02:00 [119] rc=0 :: ~/venvs/momentstem/bin/python train.py --config configs/sensorfusion/sf_so2sat_sar_none_10pct.yaml --seed 1
2026-08-08T21:06:57+02:00 [118] rc=0 :: ~/venvs/momentstem/bin/python train.py --config configs/sensorfusion/sf_so2sat_sar_none_10pct.yaml --seed 0
2026-08-08T21:06:57+02:00 [120] rc=0 :: ~/venvs/momentstem/bin/python train.py --config configs/sensorfusion/sf_so2sat_sar_none_10pct.yaml --seed 2
2026-08-08T21:07:07+02:00 [121] rc=0 :: ~/venvs/momentstem/bin/python train.py --config configs/sensorfusion/sf_so2sat_sar_aux_10pct.yaml --seed 0
2026-08-08T21:07:07+02:00 [122] rc=0 :: ~/venvs/momentstem/bin/python train.py --config configs/sensorfusion/sf_so2sat_sar_aux_10pct.yaml --seed 1
2026-08-08T21:07:07+02:00 [123] rc=0 :: ~/venvs/momentstem/bin/python train.py --config configs/sensorfusion/sf_so2sat_sar_aux_10pct.yaml --seed 2
2026-08-08T21:07:17+02:00 [124] rc=0 :: ~/venvs/momentstem/bin/python train.py --config configs/sensorfusion/sf_so2sat_opt_none_10pct.yaml --seed 0
2026-08-08T21:07:17+02:00 [126] rc=0 :: ~/venvs/momentstem/bin/python train.py --config configs/sensorfusion/sf_so2sat_opt_none_10pct.yaml --seed 2
2026-08-08T21:07:17+02:00 [125] rc=0 :: ~/venvs/momentstem/bin/python train.py --config configs/sensorfusion/sf_so2sat_opt_none_10pct.yaml --seed 1
2026-08-08T21:07:27+02:00 [127] rc=0 :: ~/venvs/momentstem/bin/python train.py --config configs/sensorfusion/sf_so2sat_opt_aux_10pct.yaml --seed 0
2026-08-08T21:07:27+02:00 [129] rc=0 :: ~/venvs/momentstem/bin/python train.py --config configs/sensorfusion/sf_so2sat_opt_aux_10pct.yaml --seed 2
2026-08-08T21:07:27+02:00 [128] rc=0 :: ~/venvs/momentstem/bin/python train.py --config configs/sensorfusion/sf_so2sat_opt_aux_10pct.yaml --seed 1
2026-08-08T21:07:37+02:00 [131] rc=0 :: ~/venvs/momentstem/bin/python train.py --config configs/sensorfusion/sf_so2sat_all_none_10pct.yaml --seed 1
2026-08-08T21:07:37+02:00 [130] rc=0 :: ~/venvs/momentstem/bin/python train.py --config configs/sensorfusion/sf_so2sat_all_none_10pct.yaml --seed 0
2026-08-08T21:07:37+02:00 [132] rc=0 :: ~/venvs/momentstem/bin/python train.py --config configs/sensorfusion/sf_so2sat_all_none_10pct.yaml --seed 2
2026-08-08T21:07:47+02:00 [134] rc=0 :: ~/venvs/momentstem/bin/python train.py --config configs/sensorfusion/sf_so2sat_all_aux_10pct.yaml --seed 1
2026-08-08T21:07:47+02:00 [135] rc=0 :: ~/venvs/momentstem/bin/python train.py --config configs/sensorfusion/sf_so2sat_all_aux_10pct.yaml --seed 2
2026-08-08T21:07:47+02:00 [133] rc=0 :: ~/venvs/momentstem/bin/python train.py --config configs/sensorfusion/sf_so2sat_all_aux_10pct.yaml --seed 0
2026-08-08T21:07:47+02:00 QUEUE_COMPLETE  ok=135 failed=0
