2026-08-08T00:23:56+02:00 waiting for GPU (need 9000 MiB free)
2026-08-08T04:59:58+02:00 GPU free (14490 MiB), starting
2026-08-08T04:59:58+02:00 local half: 18 runs, SLOTS=3
2026-08-08T05:42:39+02:00 done sf_eurosatms_rgb_none_25pct seed1 rc=0
2026-08-08T05:42:44+02:00 done sf_eurosatms_rgb_none_25pct seed0 rc=0
2026-08-08T05:42:45+02:00 done sf_eurosatms_rgb_none_25pct seed2 rc=0
2026-08-08T06:20:26+02:00 done sf_eurosatms_rgb_aux_25pct seed2 rc=0
2026-08-08T06:20:30+02:00 done sf_eurosatms_rgb_aux_25pct seed1 rc=0
2026-08-08T06:20:30+02:00 done sf_eurosatms_rgb_aux_25pct seed0 rc=0
2026-08-08T06:57:36+02:00 done sf_eurosatms_nir_none_25pct seed0 rc=0
2026-08-08T06:58:01+02:00 done sf_eurosatms_nir_none_25pct seed2 rc=0
2026-08-08T06:58:02+02:00 done sf_eurosatms_nir_none_25pct seed1 rc=0
2026-08-08T07:35:23+02:00 done sf_eurosatms_nir_aux_25pct seed0 rc=0
2026-08-08T07:36:13+02:00 done sf_eurosatms_nir_aux_25pct seed2 rc=0
2026-08-08T07:36:13+02:00 done sf_eurosatms_nir_aux_25pct seed1 rc=0
2026-08-08T08:12:36+02:00 done sf_eurosatms_all_none_25pct seed0 rc=0
2026-08-08T08:13:41+02:00 done sf_eurosatms_all_none_25pct seed1 rc=0
2026-08-08T08:13:45+02:00 done sf_eurosatms_all_none_25pct seed2 rc=0
2026-08-08T08:50:33+02:00 done sf_eurosatms_all_aux_25pct seed0 rc=0
2026-08-08T08:51:34+02:00 done sf_eurosatms_all_aux_25pct seed2 rc=0
2026-08-08T08:51:35+02:00 done sf_eurosatms_all_aux_25pct seed1 rc=0
2026-08-08T08:51:35+02:00 SF_LOCAL_COMPLETE
