/home/amughrabi/projects/MomentsCNNEncoder/scripts/simsiam_pretrain.py:116: FutureWarning: `torch.cuda.amp.GradScaler(args...)` is deprecated. Please use `torch.amp.GradScaler('cuda', args...)` instead.
  scaler = torch.cuda.amp.GradScaler()
/home/amughrabi/projects/MomentsCNNEncoder/scripts/simsiam_pretrain.py:124: FutureWarning: `torch.cuda.amp.autocast(args...)` is deprecated. Please use `torch.amp.autocast('cuda', args...)` instead.
  with torch.cuda.amp.autocast():
simsiam epoch 1/800 loss -0.0158
simsiam epoch 10/800 loss -0.3792
simsiam epoch 20/800 loss -0.4750
simsiam epoch 30/800 loss -0.5179
simsiam epoch 40/800 loss -0.5276
simsiam epoch 50/800 loss -0.5328
simsiam epoch 60/800 loss -0.5341
simsiam epoch 70/800 loss -0.5319
simsiam epoch 80/800 loss -0.5431
simsiam epoch 90/800 loss -0.5416
simsiam epoch 100/800 loss -0.5594
simsiam epoch 110/800 loss -0.5541
simsiam epoch 120/800 loss -0.5593
simsiam epoch 130/800 loss -0.5471
simsiam epoch 140/800 loss -0.5598
simsiam epoch 150/800 loss -0.5599
simsiam epoch 160/800 loss -0.5718
simsiam epoch 170/800 loss -0.5767
simsiam epoch 180/800 loss -0.5796
simsiam epoch 190/800 loss -0.5786
simsiam epoch 200/800 loss -0.5739
simsiam epoch 210/800 loss -0.5699
simsiam epoch 220/800 loss -0.5838
simsiam epoch 230/800 loss -0.5773
simsiam epoch 240/800 loss -0.5886
simsiam epoch 250/800 loss -0.5839
simsiam epoch 260/800 loss -0.5841
simsiam epoch 270/800 loss -0.5969
simsiam epoch 280/800 loss -0.5977
simsiam epoch 290/800 loss -0.5967
simsiam epoch 300/800 loss -0.5810
simsiam epoch 310/800 loss -0.5946
simsiam epoch 320/800 loss -0.6084
simsiam epoch 330/800 loss -0.6013
simsiam epoch 340/800 loss -0.5917
simsiam epoch 350/800 loss -0.6048
simsiam epoch 360/800 loss -0.5952
simsiam epoch 370/800 loss -0.5972
simsiam epoch 380/800 loss -0.5990
simsiam epoch 390/800 loss -0.6113
simsiam epoch 400/800 loss -0.6026
simsiam epoch 410/800 loss -0.6087
simsiam epoch 420/800 loss -0.6014
simsiam epoch 430/800 loss -0.6058
simsiam epoch 440/800 loss -0.6045
simsiam epoch 450/800 loss -0.6110
simsiam epoch 460/800 loss -0.6103
simsiam epoch 470/800 loss -0.6090
simsiam epoch 480/800 loss -0.6105
simsiam epoch 490/800 loss -0.6101
simsiam epoch 500/800 loss -0.6131
simsiam epoch 510/800 loss -0.6106
simsiam epoch 520/800 loss -0.6074
simsiam epoch 530/800 loss -0.6179
simsiam epoch 540/800 loss -0.6204
simsiam epoch 550/800 loss -0.6255
simsiam epoch 560/800 loss -0.6101
simsiam epoch 570/800 loss -0.6170
simsiam epoch 580/800 loss -0.6227
simsiam epoch 590/800 loss -0.6184
simsiam epoch 600/800 loss -0.6178
simsiam epoch 610/800 loss -0.6172
simsiam epoch 620/800 loss -0.6171
simsiam epoch 630/800 loss -0.6117
simsiam epoch 640/800 loss -0.6214
simsiam epoch 650/800 loss -0.6128
simsiam epoch 660/800 loss -0.6209
simsiam epoch 670/800 loss -0.6265
simsiam epoch 680/800 loss -0.6108
simsiam epoch 690/800 loss -0.6196
simsiam epoch 700/800 loss -0.6255
simsiam epoch 710/800 loss -0.6204
simsiam epoch 720/800 loss -0.6250
simsiam epoch 730/800 loss -0.6217
simsiam epoch 740/800 loss -0.6249
simsiam epoch 750/800 loss -0.6171
simsiam epoch 760/800 loss -0.6240
simsiam epoch 770/800 loss -0.6251
simsiam epoch 780/800 loss -0.6195
simsiam epoch 790/800 loss -0.6197
simsiam epoch 800/800 loss -0.6200
saved 120 tensors (15200 steps) -> runs/simsiam_pre800_c100_5pct/seed1/pretrain.pt
