/home/amughrabi/projects/MomentsCNNEncoder/scripts/simsiam_pretrain.py:116: FutureWarning: `torch.cuda.amp.GradScaler(args...)` is deprecated. Please use `torch.amp.GradScaler('cuda', args...)` instead.
  scaler = torch.cuda.amp.GradScaler()
/home/amughrabi/projects/MomentsCNNEncoder/scripts/simsiam_pretrain.py:124: FutureWarning: `torch.cuda.amp.autocast(args...)` is deprecated. Please use `torch.amp.autocast('cuda', args...)` instead.
  with torch.cuda.amp.autocast():
simsiam epoch 1/800 loss -0.0143
simsiam epoch 10/800 loss -0.3981
simsiam epoch 20/800 loss -0.4762
simsiam epoch 30/800 loss -0.5090
simsiam epoch 40/800 loss -0.5283
simsiam epoch 50/800 loss -0.5398
simsiam epoch 60/800 loss -0.5525
simsiam epoch 70/800 loss -0.5455
simsiam epoch 80/800 loss -0.5489
simsiam epoch 90/800 loss -0.5563
simsiam epoch 100/800 loss -0.5543
simsiam epoch 110/800 loss -0.5544
simsiam epoch 120/800 loss -0.5504
simsiam epoch 130/800 loss -0.5499
simsiam epoch 140/800 loss -0.5577
simsiam epoch 150/800 loss -0.5693
simsiam epoch 160/800 loss -0.5732
simsiam epoch 170/800 loss -0.5797
simsiam epoch 180/800 loss -0.5800
simsiam epoch 190/800 loss -0.5872
simsiam epoch 200/800 loss -0.5861
simsiam epoch 210/800 loss -0.5942
simsiam epoch 220/800 loss -0.5877
simsiam epoch 230/800 loss -0.5942
simsiam epoch 240/800 loss -0.5856
simsiam epoch 250/800 loss -0.5967
simsiam epoch 260/800 loss -0.5823
simsiam epoch 270/800 loss -0.6004
simsiam epoch 280/800 loss -0.5967
simsiam epoch 290/800 loss -0.5921
simsiam epoch 300/800 loss -0.5891
simsiam epoch 310/800 loss -0.6050
simsiam epoch 320/800 loss -0.6080
simsiam epoch 330/800 loss -0.6150
simsiam epoch 340/800 loss -0.6030
simsiam epoch 350/800 loss -0.6143
simsiam epoch 360/800 loss -0.6057
simsiam epoch 370/800 loss -0.6126
simsiam epoch 380/800 loss -0.6185
simsiam epoch 390/800 loss -0.6122
simsiam epoch 400/800 loss -0.6197
simsiam epoch 410/800 loss -0.6153
simsiam epoch 420/800 loss -0.6179
simsiam epoch 430/800 loss -0.6150
simsiam epoch 440/800 loss -0.6245
simsiam epoch 450/800 loss -0.6175
simsiam epoch 460/800 loss -0.6179
simsiam epoch 470/800 loss -0.6262
simsiam epoch 480/800 loss -0.6206
simsiam epoch 490/800 loss -0.6286
simsiam epoch 500/800 loss -0.6201
simsiam epoch 510/800 loss -0.6228
simsiam epoch 520/800 loss -0.6240
simsiam epoch 530/800 loss -0.6210
simsiam epoch 540/800 loss -0.6236
simsiam epoch 550/800 loss -0.6269
simsiam epoch 560/800 loss -0.6217
simsiam epoch 570/800 loss -0.6357
simsiam epoch 580/800 loss -0.6282
simsiam epoch 590/800 loss -0.6311
simsiam epoch 600/800 loss -0.6408
simsiam epoch 610/800 loss -0.6267
simsiam epoch 620/800 loss -0.6270
simsiam epoch 630/800 loss -0.6245
simsiam epoch 640/800 loss -0.6272
simsiam epoch 650/800 loss -0.6356
simsiam epoch 660/800 loss -0.6305
simsiam epoch 670/800 loss -0.6239
simsiam epoch 680/800 loss -0.6289
simsiam epoch 690/800 loss -0.6380
simsiam epoch 700/800 loss -0.6222
simsiam epoch 710/800 loss -0.6283
simsiam epoch 720/800 loss -0.6326
simsiam epoch 730/800 loss -0.6346
simsiam epoch 740/800 loss -0.6312
simsiam epoch 750/800 loss -0.6341
simsiam epoch 760/800 loss -0.6332
simsiam epoch 770/800 loss -0.6269
simsiam epoch 780/800 loss -0.6310
simsiam epoch 790/800 loss -0.6336
simsiam epoch 800/800 loss -0.6346
saved 120 tensors (15200 steps) -> runs/simsiam_pre800_c100_5pct/seed2/pretrain.pt
