/home/amughrabi/projects/MomentsCNNEncoder/scripts/simsiam_pretrain.py:116: FutureWarning: `torch.cuda.amp.GradScaler(args...)` is deprecated. Please use `torch.amp.GradScaler('cuda', args...)` instead.
  scaler = torch.cuda.amp.GradScaler()
/home/amughrabi/projects/MomentsCNNEncoder/scripts/simsiam_pretrain.py:124: FutureWarning: `torch.cuda.amp.autocast(args...)` is deprecated. Please use `torch.amp.autocast('cuda', args...)` instead.
  with torch.cuda.amp.autocast():
simsiam epoch 1/800 loss -0.0157
simsiam epoch 10/800 loss -0.3862
simsiam epoch 20/800 loss -0.4852
simsiam epoch 30/800 loss -0.5258
simsiam epoch 40/800 loss -0.5214
simsiam epoch 50/800 loss -0.5319
simsiam epoch 60/800 loss -0.5340
simsiam epoch 70/800 loss -0.5545
simsiam epoch 80/800 loss -0.5470
simsiam epoch 90/800 loss -0.5457
simsiam epoch 100/800 loss -0.5519
simsiam epoch 110/800 loss -0.5610
simsiam epoch 120/800 loss -0.5613
simsiam epoch 130/800 loss -0.5671
simsiam epoch 140/800 loss -0.5618
simsiam epoch 150/800 loss -0.5776
simsiam epoch 160/800 loss -0.5814
simsiam epoch 170/800 loss -0.5728
simsiam epoch 180/800 loss -0.5738
simsiam epoch 190/800 loss -0.5815
simsiam epoch 200/800 loss -0.5925
simsiam epoch 210/800 loss -0.5899
simsiam epoch 220/800 loss -0.5870
simsiam epoch 230/800 loss -0.5924
simsiam epoch 240/800 loss -0.5931
simsiam epoch 250/800 loss -0.5860
simsiam epoch 260/800 loss -0.5828
simsiam epoch 270/800 loss -0.5900
simsiam epoch 280/800 loss -0.5895
simsiam epoch 290/800 loss -0.5853
simsiam epoch 300/800 loss -0.5944
simsiam epoch 310/800 loss -0.5840
simsiam epoch 320/800 loss -0.5950
simsiam epoch 330/800 loss -0.6016
simsiam epoch 340/800 loss -0.5883
simsiam epoch 350/800 loss -0.6039
simsiam epoch 360/800 loss -0.6001
simsiam epoch 370/800 loss -0.5946
simsiam epoch 380/800 loss -0.5984
simsiam epoch 390/800 loss -0.6006
simsiam epoch 400/800 loss -0.6114
simsiam epoch 410/800 loss -0.6146
simsiam epoch 420/800 loss -0.6112
simsiam epoch 430/800 loss -0.6085
/home/amughrabi/projects/MomentsCNNEncoder/scripts/simsiam_pretrain.py:116: FutureWarning: `torch.cuda.amp.GradScaler(args...)` is deprecated. Please use `torch.amp.GradScaler('cuda', args...)` instead.
  scaler = torch.cuda.amp.GradScaler()
/home/amughrabi/projects/MomentsCNNEncoder/scripts/simsiam_pretrain.py:124: FutureWarning: `torch.cuda.amp.autocast(args...)` is deprecated. Please use `torch.amp.autocast('cuda', args...)` instead.
  with torch.cuda.amp.autocast():
simsiam epoch 1/800 loss -0.0157
simsiam epoch 10/800 loss -0.3862
simsiam epoch 20/800 loss -0.4852
simsiam epoch 30/800 loss -0.5258
simsiam epoch 40/800 loss -0.5214
simsiam epoch 50/800 loss -0.5319
simsiam epoch 60/800 loss -0.5340
simsiam epoch 70/800 loss -0.5545
simsiam epoch 80/800 loss -0.5470
simsiam epoch 90/800 loss -0.5457
simsiam epoch 100/800 loss -0.5519
simsiam epoch 110/800 loss -0.5610
simsiam epoch 120/800 loss -0.5613
simsiam epoch 130/800 loss -0.5671
simsiam epoch 140/800 loss -0.5618
simsiam epoch 150/800 loss -0.5776
simsiam epoch 160/800 loss -0.5814
simsiam epoch 170/800 loss -0.5728
simsiam epoch 180/800 loss -0.5738
simsiam epoch 190/800 loss -0.5815
simsiam epoch 200/800 loss -0.5925
simsiam epoch 210/800 loss -0.5899
simsiam epoch 220/800 loss -0.5870
simsiam epoch 230/800 loss -0.5924
simsiam epoch 240/800 loss -0.5931
simsiam epoch 250/800 loss -0.5860
simsiam epoch 260/800 loss -0.5828
simsiam epoch 270/800 loss -0.5900
simsiam epoch 280/800 loss -0.5895
simsiam epoch 290/800 loss -0.5853
simsiam epoch 300/800 loss -0.5944
simsiam epoch 310/800 loss -0.5840
simsiam epoch 320/800 loss -0.5950
simsiam epoch 330/800 loss -0.6016
simsiam epoch 340/800 loss -0.5883
simsiam epoch 350/800 loss -0.6039
simsiam epoch 360/800 loss -0.6001
simsiam epoch 370/800 loss -0.5946
simsiam epoch 380/800 loss -0.5984
simsiam epoch 390/800 loss -0.6006
simsiam epoch 400/800 loss -0.6114
simsiam epoch 410/800 loss -0.6146
simsiam epoch 420/800 loss -0.6112
simsiam epoch 430/800 loss -0.6085
simsiam epoch 440/800 loss -0.6106
simsiam epoch 450/800 loss -0.6092
simsiam epoch 460/800 loss -0.6047
simsiam epoch 470/800 loss -0.6112
simsiam epoch 480/800 loss -0.6131
simsiam epoch 490/800 loss -0.6097
simsiam epoch 500/800 loss -0.6138
simsiam epoch 510/800 loss -0.6207
simsiam epoch 520/800 loss -0.6162
simsiam epoch 530/800 loss -0.6151
simsiam epoch 540/800 loss -0.6180
simsiam epoch 550/800 loss -0.6132
simsiam epoch 560/800 loss -0.6245
simsiam epoch 570/800 loss -0.6095
simsiam epoch 580/800 loss -0.6173
simsiam epoch 590/800 loss -0.6226
simsiam epoch 600/800 loss -0.6126
simsiam epoch 610/800 loss -0.6175
simsiam epoch 620/800 loss -0.6160
simsiam epoch 630/800 loss -0.6267
simsiam epoch 640/800 loss -0.6254
simsiam epoch 650/800 loss -0.6093
simsiam epoch 660/800 loss -0.6307
simsiam epoch 670/800 loss -0.6276
simsiam epoch 680/800 loss -0.6231
simsiam epoch 690/800 loss -0.6065
simsiam epoch 700/800 loss -0.6223
simsiam epoch 710/800 loss -0.6271
simsiam epoch 720/800 loss -0.6227
simsiam epoch 730/800 loss -0.6325
simsiam epoch 740/800 loss -0.6236
simsiam epoch 750/800 loss -0.6201
simsiam epoch 760/800 loss -0.6219
simsiam epoch 770/800 loss -0.6247
simsiam epoch 780/800 loss -0.6177
simsiam epoch 790/800 loss -0.6273
simsiam epoch 800/800 loss -0.6250
saved 120 tensors (15200 steps) -> runs/simsiam_pre800_c100_5pct/seed0/pretrain.pt
