Traceback (most recent call last):
  File "/home/amughrabi/projects/MomentsCNNEncoder/train.py", line 439, in <module>
    main()
  File "/home/amughrabi/projects/MomentsCNNEncoder/train.py", line 226, in main
    raise ValueError("init_from requires a diag* config name")
ValueError: init_from requires a diag* config name
init_from runs/simsiam_pre800_c100_5pct/seed0/pretrain.pt: 120 tensors, 2 left at fresh init
[diagsslbudget_simsiam800_c100_5pct seed0] {"params_trainable": 11220132, "params_stem_trainable": 0, "params_stem_fixed_filters": 0, "flops_total": 556705792, "flops_stem": 0, "flops_image_size": 32}
epoch 1/200 loss 4.5288 train 0.0234 test 0.0340
epoch 2/200 loss 4.2465 train 0.0489 test 0.0475
epoch 3/200 loss 4.0645 train 0.0765 test 0.0627
epoch 4/200 loss 3.9584 train 0.0892 test 0.0783
epoch 5/200 loss 3.8531 train 0.0970 test 0.0761
epoch 6/200 loss 3.7768 train 0.1044 test 0.0900
epoch 7/200 loss 3.6759 train 0.1283 test 0.0991
epoch 8/200 loss 3.5992 train 0.1332 test 0.0913
epoch 9/200 loss 3.5830 train 0.1316 test 0.0980
epoch 10/200 loss 3.4979 train 0.1464 test 0.1087
epoch 11/200 loss 3.4362 train 0.1567 test 0.1126
epoch 12/200 loss 3.3442 train 0.1830 test 0.1146
epoch 13/200 loss 3.3034 train 0.1813 test 0.1119
epoch 14/200 loss 3.2330 train 0.1953 test 0.1213
epoch 15/200 loss 3.1568 train 0.2060 test 0.1272
epoch 16/200 loss 3.0754 train 0.2266 test 0.1322
epoch 17/200 loss 3.0402 train 0.2274 test 0.1347
epoch 18/200 loss 2.9495 train 0.2422 test 0.1456
epoch 19/200 loss 2.8773 train 0.2586 test 0.1375
epoch 20/200 loss 2.8105 train 0.2706 test 0.1562
epoch 21/200 loss 2.6856 train 0.3026 test 0.1520
epoch 22/200 loss 2.6473 train 0.2998 test 0.1472
epoch 23/200 loss 2.5725 train 0.3314 test 0.1526
epoch 24/200 loss 2.5128 train 0.3236 test 0.1530
epoch 25/200 loss 2.3749 train 0.3594 test 0.1799
epoch 26/200 loss 2.3026 train 0.3692 test 0.1590
epoch 27/200 loss 2.2133 train 0.3840 test 0.1727
epoch 28/200 loss 2.0750 train 0.4005 test 0.1854
epoch 29/200 loss 2.0515 train 0.4334 test 0.1679
epoch 30/200 loss 1.9575 train 0.4424 test 0.1632
epoch 31/200 loss 1.8258 train 0.4819 test 0.1911
epoch 32/200 loss 1.7008 train 0.5111 test 0.1896
epoch 33/200 loss 1.6390 train 0.5226 test 0.1820
epoch 34/200 loss 1.5711 train 0.5391 test 0.1739
epoch 35/200 loss 1.4647 train 0.5662 test 0.1831
epoch 36/200 loss 1.3356 train 0.6040 test 0.1804
epoch 37/200 loss 1.2206 train 0.6336 test 0.1943
epoch 38/200 loss 1.0577 train 0.6875 test 0.1804
epoch 39/200 loss 0.9594 train 0.7023 test 0.1909
epoch 40/200 loss 1.0227 train 0.6854 test 0.1935
epoch 41/200 loss 1.0353 train 0.6801 test 0.1958
epoch 42/200 loss 0.8934 train 0.7315 test 0.1792
epoch 43/200 loss 0.8449 train 0.7410 test 0.2026
epoch 44/200 loss 0.7732 train 0.7706 test 0.2148
epoch 45/200 loss 0.6541 train 0.8104 test 0.2088
epoch 46/200 loss 0.5084 train 0.8553 test 0.2081
epoch 47/200 loss 0.3852 train 0.8960 test 0.2174
epoch 48/200 loss 0.3447 train 0.9100 test 0.2049
epoch 49/200 loss 0.3514 train 0.8988 test 0.2217
epoch 50/200 loss 0.3508 train 0.9067 test 0.2255
epoch 51/200 loss 0.3019 train 0.9161 test 0.2166
epoch 52/200 loss 0.2554 train 0.9285 test 0.2323
epoch 53/200 loss 0.2452 train 0.9354 test 0.2212
epoch 54/200 loss 0.2177 train 0.9387 test 0.2144
epoch 55/200 loss 0.2182 train 0.9404 test 0.2293
epoch 56/200 loss 0.1925 train 0.9515 test 0.2197
epoch 57/200 loss 0.1821 train 0.9552 test 0.2175
epoch 58/200 loss 0.2010 train 0.9457 test 0.2219
epoch 59/200 loss 0.1998 train 0.9391 test 0.2217
epoch 60/200 loss 0.1992 train 0.9465 test 0.2216
epoch 61/200 loss 0.1424 train 0.9683 test 0.2248
epoch 62/200 loss 0.1204 train 0.9770 test 0.2360
epoch 63/200 loss 0.0970 train 0.9794 test 0.2488
epoch 64/200 loss 0.0917 train 0.9786 test 0.2389
epoch 65/200 loss 0.0668 train 0.9889 test 0.2432
epoch 66/200 loss 0.0480 train 0.9897 test 0.2495
epoch 67/200 loss 0.0344 train 0.9955 test 0.2544
epoch 68/200 loss 0.0357 train 0.9934 test 0.2532
epoch 69/200 loss 0.0401 train 0.9955 test 0.2445
epoch 70/200 loss 0.0311 train 0.9963 test 0.2504
epoch 71/200 loss 0.0236 train 0.9979 test 0.2591
epoch 72/200 loss 0.0291 train 0.9967 test 0.2459
epoch 73/200 loss 0.0204 train 0.9979 test 0.2555
epoch 74/200 loss 0.0130 train 0.9996 test 0.2583
epoch 75/200 loss 0.0127 train 0.9992 test 0.2642
epoch 76/200 loss 0.0104 train 0.9992 test 0.2587
epoch 77/200 loss 0.0113 train 0.9996 test 0.2683
epoch 78/200 loss 0.0091 train 0.9996 test 0.2627
epoch 79/200 loss 0.0079 train 1.0000 test 0.2669
epoch 80/200 loss 0.0071 train 0.9996 test 0.2681
epoch 81/200 loss 0.0065 train 1.0000 test 0.2675
epoch 82/200 loss 0.0060 train 1.0000 test 0.2676
epoch 83/200 loss 0.0061 train 1.0000 test 0.2694
epoch 84/200 loss 0.0055 train 1.0000 test 0.2698
epoch 85/200 loss 0.0059 train 1.0000 test 0.2682
epoch 86/200 loss 0.0058 train 1.0000 test 0.2691
epoch 87/200 loss 0.0061 train 1.0000 test 0.2717
epoch 88/200 loss 0.0059 train 1.0000 test 0.2718
epoch 89/200 loss 0.0060 train 1.0000 test 0.2711
epoch 90/200 loss 0.0057 train 1.0000 test 0.2692
epoch 91/200 loss 0.0062 train 1.0000 test 0.2707
epoch 92/200 loss 0.0062 train 1.0000 test 0.2714
epoch 93/200 loss 0.0064 train 1.0000 test 0.2722
epoch 94/200 loss 0.0060 train 1.0000 test 0.2712
epoch 95/200 loss 0.0061 train 1.0000 test 0.2706
epoch 96/200 loss 0.0063 train 1.0000 test 0.2721
epoch 97/200 loss 0.0057 train 1.0000 test 0.2699
epoch 98/200 loss 0.0066 train 1.0000 test 0.2718
epoch 99/200 loss 0.0064 train 1.0000 test 0.2691
epoch 100/200 loss 0.0062 train 1.0000 test 0.2718
epoch 101/200 loss 0.0068 train 1.0000 test 0.2727
epoch 102/200 loss 0.0067 train 1.0000 test 0.2706
epoch 103/200 loss 0.0067 train 1.0000 test 0.2718
epoch 104/200 loss 0.0060 train 1.0000 test 0.2713
epoch 105/200 loss 0.0068 train 1.0000 test 0.2721
epoch 106/200 loss 0.0072 train 1.0000 test 0.2710
epoch 107/200 loss 0.0070 train 1.0000 test 0.2702
epoch 108/200 loss 0.0070 train 1.0000 test 0.2718
epoch 109/200 loss 0.0065 train 1.0000 test 0.2720
epoch 110/200 loss 0.0063 train 1.0000 test 0.2716
epoch 111/200 loss 0.0067 train 1.0000 test 0.2717
epoch 112/200 loss 0.0070 train 1.0000 test 0.2731
epoch 113/200 loss 0.0067 train 1.0000 test 0.2727
epoch 114/200 loss 0.0073 train 1.0000 test 0.2714
epoch 115/200 loss 0.0070 train 1.0000 test 0.2716
epoch 116/200 loss 0.0064 train 1.0000 test 0.2725
epoch 117/200 loss 0.0064 train 1.0000 test 0.2719
epoch 118/200 loss 0.0064 train 1.0000 test 0.2729
epoch 119/200 loss 0.0069 train 1.0000 test 0.2726
epoch 120/200 loss 0.0072 train 1.0000 test 0.2712
epoch 121/200 loss 0.0067 train 1.0000 test 0.2754
epoch 122/200 loss 0.0071 train 1.0000 test 0.2735
epoch 123/200 loss 0.0068 train 1.0000 test 0.2735
epoch 124/200 loss 0.0070 train 1.0000 test 0.2732
epoch 125/200 loss 0.0067 train 1.0000 test 0.2722
epoch 126/200 loss 0.0069 train 1.0000 test 0.2737
epoch 127/200 loss 0.0068 train 1.0000 test 0.2743
epoch 128/200 loss 0.0069 train 1.0000 test 0.2733
epoch 129/200 loss 0.0067 train 1.0000 test 0.2739
epoch 130/200 loss 0.0066 train 1.0000 test 0.2746
epoch 131/200 loss 0.0066 train 1.0000 test 0.2758
epoch 132/200 loss 0.0070 train 1.0000 test 0.2748
epoch 133/200 loss 0.0071 train 1.0000 test 0.2746
epoch 134/200 loss 0.0071 train 1.0000 test 0.2736
epoch 135/200 loss 0.0065 train 1.0000 test 0.2749
epoch 136/200 loss 0.0064 train 1.0000 test 0.2735
epoch 137/200 loss 0.0062 train 1.0000 test 0.2738
epoch 138/200 loss 0.0064 train 1.0000 test 0.2733
epoch 139/200 loss 0.0068 train 1.0000 test 0.2733
epoch 140/200 loss 0.0063 train 1.0000 test 0.2754
epoch 141/200 loss 0.0064 train 1.0000 test 0.2746
epoch 142/200 loss 0.0066 train 1.0000 test 0.2740
epoch 143/200 loss 0.0068 train 1.0000 test 0.2740
epoch 144/200 loss 0.0066 train 1.0000 test 0.2751
epoch 145/200 loss 0.0070 train 1.0000 test 0.2731
epoch 146/200 loss 0.0071 train 1.0000 test 0.2748
epoch 147/200 loss 0.0066 train 1.0000 test 0.2758
epoch 148/200 loss 0.0067 train 1.0000 test 0.2741
epoch 149/200 loss 0.0062 train 1.0000 test 0.2755
epoch 150/200 loss 0.0066 train 1.0000 test 0.2768
epoch 151/200 loss 0.0063 train 1.0000 test 0.2739
epoch 152/200 loss 0.0067 train 1.0000 test 0.2757
epoch 153/200 loss 0.0065 train 1.0000 test 0.2755
epoch 154/200 loss 0.0070 train 1.0000 test 0.2750
epoch 155/200 loss 0.0064 train 1.0000 test 0.2747
epoch 156/200 loss 0.0066 train 1.0000 test 0.2761
epoch 157/200 loss 0.0068 train 1.0000 test 0.2754
epoch 158/200 loss 0.0064 train 1.0000 test 0.2759
epoch 159/200 loss 0.0064 train 1.0000 test 0.2773
epoch 160/200 loss 0.0064 train 1.0000 test 0.2766
epoch 161/200 loss 0.0061 train 1.0000 test 0.2755
epoch 162/200 loss 0.0066 train 1.0000 test 0.2776
epoch 163/200 loss 0.0062 train 1.0000 test 0.2761
epoch 164/200 loss 0.0065 train 1.0000 test 0.2751
epoch 165/200 loss 0.0063 train 1.0000 test 0.2769
epoch 166/200 loss 0.0065 train 1.0000 test 0.2759
epoch 167/200 loss 0.0068 train 1.0000 test 0.2760
epoch 168/200 loss 0.0064 train 1.0000 test 0.2763
epoch 169/200 loss 0.0067 train 1.0000 test 0.2765
epoch 170/200 loss 0.0064 train 1.0000 test 0.2756
epoch 171/200 loss 0.0063 train 1.0000 test 0.2763
epoch 172/200 loss 0.0065 train 1.0000 test 0.2748
epoch 173/200 loss 0.0069 train 1.0000 test 0.2755
epoch 174/200 loss 0.0066 train 1.0000 test 0.2761
epoch 175/200 loss 0.0064 train 1.0000 test 0.2763
epoch 176/200 loss 0.0069 train 1.0000 test 0.2760
epoch 177/200 loss 0.0065 train 1.0000 test 0.2760
epoch 178/200 loss 0.0063 train 1.0000 test 0.2764
epoch 179/200 loss 0.0067 train 1.0000 test 0.2766
epoch 180/200 loss 0.0063 train 1.0000 test 0.2767
epoch 181/200 loss 0.0066 train 1.0000 test 0.2771
epoch 182/200 loss 0.0066 train 1.0000 test 0.2756
epoch 183/200 loss 0.0067 train 1.0000 test 0.2768
epoch 184/200 loss 0.0064 train 1.0000 test 0.2772
epoch 185/200 loss 0.0067 train 1.0000 test 0.2762
epoch 186/200 loss 0.0068 train 1.0000 test 0.2754
epoch 187/200 loss 0.0066 train 1.0000 test 0.2750
epoch 188/200 loss 0.0067 train 1.0000 test 0.2746
epoch 189/200 loss 0.0070 train 1.0000 test 0.2758
epoch 190/200 loss 0.0064 train 1.0000 test 0.2757
epoch 191/200 loss 0.0063 train 1.0000 test 0.2767
epoch 192/200 loss 0.0062 train 1.0000 test 0.2756
epoch 193/200 loss 0.0062 train 1.0000 test 0.2754
epoch 194/200 loss 0.0065 train 1.0000 test 0.2753
epoch 195/200 loss 0.0069 train 1.0000 test 0.2757
epoch 196/200 loss 0.0066 train 1.0000 test 0.2764
epoch 197/200 loss 0.0068 train 1.0000 test 0.2764
epoch 198/200 loss 0.0066 train 1.0000 test 0.2769
epoch 199/200 loss 0.0062 train 1.0000 test 0.2753
epoch 200/200 loss 0.0066 train 1.0000 test 0.2753
done: final 0.2753 best 0.2776 -> ./runs/diagsslbudget_simsiam800_c100_5pct/seed0
