Traceback (most recent call last):
  File "${HOME}/projects/MomentsCNNEncoder/train.py", line 439, in <module>
    main()
  File "${HOME}/projects/MomentsCNNEncoder/train.py", line 226, in main
    raise ValueError("init_from requires a diag* config name")
ValueError: init_from requires a diag* config name
init_from runs/simsiam_pre800_c100_5pct/seed2/pretrain.pt: 120 tensors, 2 left at fresh init
[diagsslbudget_simsiam800_c100_5pct seed2] {"params_trainable": 11220132, "params_stem_trainable": 0, "params_stem_fixed_filters": 0, "flops_total": 556705792, "flops_stem": 0, "flops_image_size": 32}
epoch 1/200 loss 4.5211 train 0.0263 test 0.0286
epoch 2/200 loss 4.2328 train 0.0559 test 0.0521
epoch 3/200 loss 4.0514 train 0.0740 test 0.0701
epoch 4/200 loss 3.9123 train 0.0921 test 0.0787
epoch 5/200 loss 3.8100 train 0.1036 test 0.0762
epoch 6/200 loss 3.6941 train 0.1160 test 0.0969
epoch 7/200 loss 3.6325 train 0.1279 test 0.0812
epoch 8/200 loss 3.5919 train 0.1349 test 0.1008
epoch 9/200 loss 3.5037 train 0.1579 test 0.1131
epoch 10/200 loss 3.4218 train 0.1678 test 0.0963
epoch 11/200 loss 3.4045 train 0.1562 test 0.1117
epoch 12/200 loss 3.3087 train 0.1760 test 0.1243
epoch 13/200 loss 3.2389 train 0.1937 test 0.1271
epoch 14/200 loss 3.1799 train 0.2056 test 0.1374
epoch 15/200 loss 3.1024 train 0.2220 test 0.1448
epoch 16/200 loss 3.0076 train 0.2356 test 0.1599
epoch 17/200 loss 2.9367 train 0.2459 test 0.1397
epoch 18/200 loss 2.9434 train 0.2525 test 0.1423
epoch 19/200 loss 2.8269 train 0.2619 test 0.1510
epoch 20/200 loss 2.7352 train 0.2940 test 0.1576
epoch 21/200 loss 2.6663 train 0.2899 test 0.1572
epoch 22/200 loss 2.5795 train 0.3228 test 0.1762
epoch 23/200 loss 2.4527 train 0.3532 test 0.1654
epoch 24/200 loss 2.4575 train 0.3433 test 0.1664
epoch 25/200 loss 2.3689 train 0.3647 test 0.1470
epoch 26/200 loss 2.3435 train 0.3565 test 0.1616
epoch 27/200 loss 2.2165 train 0.3824 test 0.1832
epoch 28/200 loss 2.0862 train 0.4260 test 0.1800
epoch 29/200 loss 1.9932 train 0.4383 test 0.1887
epoch 30/200 loss 1.8661 train 0.4556 test 0.1878
epoch 31/200 loss 1.8159 train 0.4729 test 0.1908
epoch 32/200 loss 1.6759 train 0.5312 test 0.1895
epoch 33/200 loss 1.5840 train 0.5452 test 0.1921
epoch 34/200 loss 1.5196 train 0.5555 test 0.1769
epoch 35/200 loss 1.4043 train 0.5884 test 0.1789
epoch 36/200 loss 1.3090 train 0.6061 test 0.2028
epoch 37/200 loss 1.2318 train 0.6332 test 0.1779
epoch 38/200 loss 1.1913 train 0.6340 test 0.1972
epoch 39/200 loss 1.1278 train 0.6604 test 0.1506
epoch 40/200 loss 0.9758 train 0.7155 test 0.1954
epoch 41/200 loss 0.9131 train 0.7253 test 0.2006
epoch 42/200 loss 0.8350 train 0.7521 test 0.1916
epoch 43/200 loss 0.7648 train 0.7817 test 0.1846
epoch 44/200 loss 0.7270 train 0.7784 test 0.1881
epoch 45/200 loss 0.6385 train 0.8121 test 0.2052
epoch 46/200 loss 0.5196 train 0.8499 test 0.2188
epoch 47/200 loss 0.5093 train 0.8495 test 0.2119
epoch 48/200 loss 0.4788 train 0.8565 test 0.1888
epoch 49/200 loss 0.4562 train 0.8688 test 0.2111
epoch 50/200 loss 0.4678 train 0.8614 test 0.1968
epoch 51/200 loss 0.4055 train 0.8816 test 0.1953
epoch 52/200 loss 0.3756 train 0.8894 test 0.1979
epoch 53/200 loss 0.3512 train 0.8980 test 0.2242
epoch 54/200 loss 0.3010 train 0.9132 test 0.2161
epoch 55/200 loss 0.2430 train 0.9285 test 0.2280
epoch 56/200 loss 0.1650 train 0.9642 test 0.2292
epoch 57/200 loss 0.1288 train 0.9725 test 0.2397
epoch 58/200 loss 0.1251 train 0.9696 test 0.2227
epoch 59/200 loss 0.0975 train 0.9766 test 0.2418
epoch 60/200 loss 0.0871 train 0.9803 test 0.2346
epoch 61/200 loss 0.0735 train 0.9831 test 0.2352
epoch 62/200 loss 0.0709 train 0.9844 test 0.2438
epoch 63/200 loss 0.0558 train 0.9901 test 0.2421
epoch 64/200 loss 0.0445 train 0.9947 test 0.2471
epoch 65/200 loss 0.0347 train 0.9955 test 0.2519
epoch 66/200 loss 0.0274 train 0.9979 test 0.2500
epoch 67/200 loss 0.0238 train 0.9996 test 0.2536
epoch 68/200 loss 0.0157 train 0.9992 test 0.2578
epoch 69/200 loss 0.0126 train 0.9996 test 0.2584
epoch 70/200 loss 0.0103 train 0.9996 test 0.2580
epoch 71/200 loss 0.0087 train 1.0000 test 0.2647
epoch 72/200 loss 0.0091 train 1.0000 test 0.2639
epoch 73/200 loss 0.0081 train 1.0000 test 0.2641
epoch 74/200 loss 0.0080 train 1.0000 test 0.2644
epoch 75/200 loss 0.0066 train 1.0000 test 0.2656
epoch 76/200 loss 0.0070 train 1.0000 test 0.2636
epoch 77/200 loss 0.0073 train 1.0000 test 0.2671
epoch 78/200 loss 0.0074 train 0.9996 test 0.2688
epoch 79/200 loss 0.0079 train 0.9996 test 0.2679
epoch 80/200 loss 0.0125 train 0.9996 test 0.2644
epoch 81/200 loss 0.0089 train 1.0000 test 0.2668
epoch 82/200 loss 0.0074 train 1.0000 test 0.2702
epoch 83/200 loss 0.0070 train 1.0000 test 0.2696
epoch 84/200 loss 0.0066 train 1.0000 test 0.2653
epoch 85/200 loss 0.0068 train 1.0000 test 0.2699
epoch 86/200 loss 0.0066 train 1.0000 test 0.2700
epoch 87/200 loss 0.0072 train 1.0000 test 0.2722
epoch 88/200 loss 0.0072 train 1.0000 test 0.2704
epoch 89/200 loss 0.0073 train 1.0000 test 0.2702
epoch 90/200 loss 0.0068 train 1.0000 test 0.2698
epoch 91/200 loss 0.0068 train 1.0000 test 0.2686
epoch 92/200 loss 0.0066 train 1.0000 test 0.2693
epoch 93/200 loss 0.0068 train 1.0000 test 0.2716
epoch 94/200 loss 0.0068 train 1.0000 test 0.2705
epoch 95/200 loss 0.0067 train 1.0000 test 0.2730
epoch 96/200 loss 0.0065 train 1.0000 test 0.2718
epoch 97/200 loss 0.0070 train 1.0000 test 0.2727
epoch 98/200 loss 0.0068 train 1.0000 test 0.2728
epoch 99/200 loss 0.0071 train 0.9996 test 0.2723
epoch 100/200 loss 0.0071 train 1.0000 test 0.2722
epoch 101/200 loss 0.0074 train 1.0000 test 0.2718
epoch 102/200 loss 0.0072 train 1.0000 test 0.2738
epoch 103/200 loss 0.0070 train 1.0000 test 0.2718
epoch 104/200 loss 0.0076 train 1.0000 test 0.2708
epoch 105/200 loss 0.0070 train 1.0000 test 0.2715
epoch 106/200 loss 0.0072 train 1.0000 test 0.2743
epoch 107/200 loss 0.0072 train 1.0000 test 0.2738
epoch 108/200 loss 0.0072 train 1.0000 test 0.2717
epoch 109/200 loss 0.0066 train 1.0000 test 0.2738
epoch 110/200 loss 0.0072 train 1.0000 test 0.2734
epoch 111/200 loss 0.0074 train 1.0000 test 0.2729
epoch 112/200 loss 0.0073 train 1.0000 test 0.2743
epoch 113/200 loss 0.0074 train 1.0000 test 0.2762
epoch 114/200 loss 0.0069 train 1.0000 test 0.2747
epoch 115/200 loss 0.0068 train 1.0000 test 0.2728
epoch 116/200 loss 0.0074 train 1.0000 test 0.2730
epoch 117/200 loss 0.0075 train 1.0000 test 0.2726
epoch 118/200 loss 0.0075 train 1.0000 test 0.2737
epoch 119/200 loss 0.0073 train 1.0000 test 0.2717
epoch 120/200 loss 0.0067 train 1.0000 test 0.2741
epoch 121/200 loss 0.0070 train 1.0000 test 0.2741
epoch 122/200 loss 0.0071 train 1.0000 test 0.2747
epoch 123/200 loss 0.0071 train 1.0000 test 0.2736
epoch 124/200 loss 0.0070 train 1.0000 test 0.2733
epoch 125/200 loss 0.0065 train 1.0000 test 0.2732
epoch 126/200 loss 0.0072 train 1.0000 test 0.2711
epoch 127/200 loss 0.0075 train 1.0000 test 0.2734
epoch 128/200 loss 0.0066 train 1.0000 test 0.2713
epoch 129/200 loss 0.0069 train 1.0000 test 0.2723
epoch 130/200 loss 0.0070 train 1.0000 test 0.2742
epoch 131/200 loss 0.0074 train 1.0000 test 0.2755
epoch 132/200 loss 0.0064 train 1.0000 test 0.2748
epoch 133/200 loss 0.0066 train 1.0000 test 0.2749
epoch 134/200 loss 0.0067 train 1.0000 test 0.2747
epoch 135/200 loss 0.0064 train 1.0000 test 0.2743
epoch 136/200 loss 0.0071 train 1.0000 test 0.2741
epoch 137/200 loss 0.0066 train 1.0000 test 0.2728
epoch 138/200 loss 0.0070 train 1.0000 test 0.2755
epoch 139/200 loss 0.0072 train 1.0000 test 0.2748
epoch 140/200 loss 0.0067 train 1.0000 test 0.2735
epoch 141/200 loss 0.0064 train 1.0000 test 0.2762
epoch 142/200 loss 0.0067 train 1.0000 test 0.2741
epoch 143/200 loss 0.0070 train 1.0000 test 0.2732
epoch 144/200 loss 0.0069 train 1.0000 test 0.2725
epoch 145/200 loss 0.0068 train 1.0000 test 0.2754
epoch 146/200 loss 0.0068 train 1.0000 test 0.2751
epoch 147/200 loss 0.0066 train 1.0000 test 0.2759
epoch 148/200 loss 0.0064 train 1.0000 test 0.2748
epoch 149/200 loss 0.0066 train 1.0000 test 0.2746
epoch 150/200 loss 0.0063 train 1.0000 test 0.2735
epoch 151/200 loss 0.0070 train 1.0000 test 0.2740
epoch 152/200 loss 0.0064 train 1.0000 test 0.2751
epoch 153/200 loss 0.0067 train 1.0000 test 0.2750
epoch 154/200 loss 0.0068 train 1.0000 test 0.2732
epoch 155/200 loss 0.0071 train 1.0000 test 0.2749
epoch 156/200 loss 0.0066 train 1.0000 test 0.2751
epoch 157/200 loss 0.0061 train 1.0000 test 0.2765
epoch 158/200 loss 0.0065 train 1.0000 test 0.2758
epoch 159/200 loss 0.0069 train 1.0000 test 0.2752
epoch 160/200 loss 0.0066 train 1.0000 test 0.2762
epoch 161/200 loss 0.0070 train 1.0000 test 0.2755
epoch 162/200 loss 0.0065 train 1.0000 test 0.2759
epoch 163/200 loss 0.0069 train 1.0000 test 0.2759
epoch 164/200 loss 0.0070 train 1.0000 test 0.2753
epoch 165/200 loss 0.0069 train 1.0000 test 0.2766
epoch 166/200 loss 0.0064 train 1.0000 test 0.2764
epoch 167/200 loss 0.0063 train 1.0000 test 0.2759
epoch 168/200 loss 0.0068 train 1.0000 test 0.2770
epoch 169/200 loss 0.0062 train 1.0000 test 0.2767
epoch 170/200 loss 0.0066 train 1.0000 test 0.2750
epoch 171/200 loss 0.0064 train 1.0000 test 0.2769
epoch 172/200 loss 0.0064 train 1.0000 test 0.2761
epoch 173/200 loss 0.0064 train 1.0000 test 0.2755
epoch 174/200 loss 0.0071 train 1.0000 test 0.2764
epoch 175/200 loss 0.0067 train 1.0000 test 0.2766
epoch 176/200 loss 0.0065 train 1.0000 test 0.2754
epoch 177/200 loss 0.0068 train 1.0000 test 0.2751
epoch 178/200 loss 0.0069 train 1.0000 test 0.2761
epoch 179/200 loss 0.0067 train 1.0000 test 0.2766
epoch 180/200 loss 0.0063 train 1.0000 test 0.2752
epoch 181/200 loss 0.0065 train 1.0000 test 0.2755
epoch 182/200 loss 0.0065 train 1.0000 test 0.2766
epoch 183/200 loss 0.0065 train 1.0000 test 0.2769
epoch 184/200 loss 0.0062 train 1.0000 test 0.2754
epoch 185/200 loss 0.0070 train 1.0000 test 0.2781
epoch 186/200 loss 0.0065 train 1.0000 test 0.2764
epoch 187/200 loss 0.0066 train 1.0000 test 0.2763
epoch 188/200 loss 0.0065 train 1.0000 test 0.2762
epoch 189/200 loss 0.0067 train 1.0000 test 0.2756
epoch 190/200 loss 0.0060 train 1.0000 test 0.2766
epoch 191/200 loss 0.0066 train 1.0000 test 0.2765
epoch 192/200 loss 0.0064 train 1.0000 test 0.2764
epoch 193/200 loss 0.0062 train 1.0000 test 0.2765
epoch 194/200 loss 0.0066 train 1.0000 test 0.2772
epoch 195/200 loss 0.0067 train 1.0000 test 0.2761
epoch 196/200 loss 0.0063 train 1.0000 test 0.2764
epoch 197/200 loss 0.0066 train 1.0000 test 0.2771
epoch 198/200 loss 0.0066 train 1.0000 test 0.2765
epoch 199/200 loss 0.0065 train 1.0000 test 0.2768
epoch 200/200 loss 0.0063 train 1.0000 test 0.2770
done: final 0.2770 best 0.2781 -> ./runs/diagsslbudget_simsiam800_c100_5pct/seed2
