Traceback (most recent call last):
  File "${HOME}/projects/MomentsCNNEncoder/train.py", line 439, in <module>
    main()
  File "${HOME}/projects/MomentsCNNEncoder/train.py", line 226, in main
    raise ValueError("init_from requires a diag* config name")
ValueError: init_from requires a diag* config name
init_from runs/simsiam_pre800_c100_5pct/seed1/pretrain.pt: 120 tensors, 2 left at fresh init
[diagsslbudget_simsiam800_c100_5pct seed1] {"params_trainable": 11220132, "params_stem_trainable": 0, "params_stem_fixed_filters": 0, "flops_total": 556705792, "flops_stem": 0, "flops_image_size": 32}
epoch 1/200 loss 4.5276 train 0.0275 test 0.0309
epoch 2/200 loss 4.2430 train 0.0489 test 0.0475
epoch 3/200 loss 4.0678 train 0.0765 test 0.0697
epoch 4/200 loss 3.9501 train 0.0847 test 0.0792
epoch 5/200 loss 3.8567 train 0.1007 test 0.0758
epoch 6/200 loss 3.7285 train 0.1271 test 0.1007
epoch 7/200 loss 3.6433 train 0.1262 test 0.0911
epoch 8/200 loss 3.6110 train 0.1201 test 0.0968
epoch 9/200 loss 3.5384 train 0.1484 test 0.1106
epoch 10/200 loss 3.4409 train 0.1480 test 0.1156
epoch 11/200 loss 3.3773 train 0.1723 test 0.1104
epoch 12/200 loss 3.2986 train 0.1904 test 0.1209
epoch 13/200 loss 3.2466 train 0.1920 test 0.1215
epoch 14/200 loss 3.2140 train 0.2044 test 0.1320
epoch 15/200 loss 3.1201 train 0.2167 test 0.1468
epoch 16/200 loss 3.0237 train 0.2340 test 0.1367
epoch 17/200 loss 2.9503 train 0.2529 test 0.1431
epoch 18/200 loss 2.8951 train 0.2656 test 0.1493
epoch 19/200 loss 2.9129 train 0.2471 test 0.1267
epoch 20/200 loss 2.7702 train 0.2808 test 0.1539
epoch 21/200 loss 2.6749 train 0.2948 test 0.1648
epoch 22/200 loss 2.5915 train 0.3080 test 0.1575
epoch 23/200 loss 2.5309 train 0.3178 test 0.1482
epoch 24/200 loss 2.4583 train 0.3331 test 0.1578
epoch 25/200 loss 2.3818 train 0.3590 test 0.1675
epoch 26/200 loss 2.2872 train 0.3709 test 0.1715
epoch 27/200 loss 2.1371 train 0.4100 test 0.1667
epoch 28/200 loss 2.0337 train 0.4239 test 0.1721
epoch 29/200 loss 2.0068 train 0.4424 test 0.1779
epoch 30/200 loss 1.9335 train 0.4461 test 0.1636
epoch 31/200 loss 1.7986 train 0.4885 test 0.1933
epoch 32/200 loss 1.7144 train 0.4992 test 0.1804
epoch 33/200 loss 1.5699 train 0.5436 test 0.1783
epoch 34/200 loss 1.5732 train 0.5415 test 0.1915
epoch 35/200 loss 1.4318 train 0.5748 test 0.1847
epoch 36/200 loss 1.2944 train 0.6061 test 0.1931
epoch 37/200 loss 1.1847 train 0.6451 test 0.1798
epoch 38/200 loss 1.1418 train 0.6583 test 0.1853
epoch 39/200 loss 1.1169 train 0.6595 test 0.1751
epoch 40/200 loss 1.0407 train 0.6891 test 0.1929
epoch 41/200 loss 0.9029 train 0.7270 test 0.1923
epoch 42/200 loss 0.8347 train 0.7529 test 0.1865
epoch 43/200 loss 0.7677 train 0.7701 test 0.1928
epoch 44/200 loss 0.6597 train 0.8022 test 0.1994
epoch 45/200 loss 0.5528 train 0.8405 test 0.1922
epoch 46/200 loss 0.5458 train 0.8318 test 0.1863
epoch 47/200 loss 0.4946 train 0.8544 test 0.2043
epoch 48/200 loss 0.4202 train 0.8816 test 0.2076
epoch 49/200 loss 0.3643 train 0.8976 test 0.1860
epoch 50/200 loss 0.3326 train 0.9046 test 0.2134
epoch 51/200 loss 0.3075 train 0.9100 test 0.2181
epoch 52/200 loss 0.2680 train 0.9276 test 0.2034
epoch 53/200 loss 0.2405 train 0.9354 test 0.2146
epoch 54/200 loss 0.2241 train 0.9412 test 0.2157
epoch 55/200 loss 0.2021 train 0.9474 test 0.2184
epoch 56/200 loss 0.1743 train 0.9556 test 0.2141
epoch 57/200 loss 0.2005 train 0.9437 test 0.2057
epoch 58/200 loss 0.2079 train 0.9375 test 0.2156
epoch 59/200 loss 0.1863 train 0.9511 test 0.2178
epoch 60/200 loss 0.1666 train 0.9613 test 0.2182
epoch 61/200 loss 0.1518 train 0.9622 test 0.2156
epoch 62/200 loss 0.1093 train 0.9778 test 0.2302
epoch 63/200 loss 0.0969 train 0.9774 test 0.2356
epoch 64/200 loss 0.0808 train 0.9823 test 0.2288
epoch 65/200 loss 0.0783 train 0.9807 test 0.2307
epoch 66/200 loss 0.0743 train 0.9823 test 0.2320
epoch 67/200 loss 0.0631 train 0.9889 test 0.2328
epoch 68/200 loss 0.0643 train 0.9860 test 0.2386
epoch 69/200 loss 0.0473 train 0.9893 test 0.2393
epoch 70/200 loss 0.0421 train 0.9926 test 0.2415
epoch 71/200 loss 0.0312 train 0.9955 test 0.2447
epoch 72/200 loss 0.0202 train 0.9979 test 0.2562
epoch 73/200 loss 0.0149 train 0.9988 test 0.2539
epoch 74/200 loss 0.0118 train 0.9992 test 0.2571
epoch 75/200 loss 0.0094 train 0.9996 test 0.2584
epoch 76/200 loss 0.0102 train 0.9988 test 0.2609
epoch 77/200 loss 0.0091 train 0.9992 test 0.2611
epoch 78/200 loss 0.0100 train 0.9992 test 0.2655
epoch 79/200 loss 0.0081 train 0.9992 test 0.2660
epoch 80/200 loss 0.0060 train 1.0000 test 0.2627
epoch 81/200 loss 0.0065 train 1.0000 test 0.2645
epoch 82/200 loss 0.0064 train 1.0000 test 0.2615
epoch 83/200 loss 0.0072 train 0.9996 test 0.2628
epoch 84/200 loss 0.0064 train 1.0000 test 0.2625
epoch 85/200 loss 0.0065 train 1.0000 test 0.2649
epoch 86/200 loss 0.0067 train 1.0000 test 0.2628
epoch 87/200 loss 0.0055 train 1.0000 test 0.2643
epoch 88/200 loss 0.0065 train 1.0000 test 0.2636
epoch 89/200 loss 0.0058 train 1.0000 test 0.2636
epoch 90/200 loss 0.0057 train 1.0000 test 0.2634
epoch 91/200 loss 0.0065 train 1.0000 test 0.2634
epoch 92/200 loss 0.0063 train 1.0000 test 0.2645
epoch 93/200 loss 0.0063 train 1.0000 test 0.2657
epoch 94/200 loss 0.0060 train 1.0000 test 0.2648
epoch 95/200 loss 0.0060 train 1.0000 test 0.2638
epoch 96/200 loss 0.0060 train 1.0000 test 0.2647
epoch 97/200 loss 0.0062 train 1.0000 test 0.2635
epoch 98/200 loss 0.0062 train 1.0000 test 0.2624
epoch 99/200 loss 0.0062 train 1.0000 test 0.2628
epoch 100/200 loss 0.0064 train 1.0000 test 0.2652
epoch 101/200 loss 0.0064 train 1.0000 test 0.2630
epoch 102/200 loss 0.0065 train 1.0000 test 0.2637
epoch 103/200 loss 0.0060 train 1.0000 test 0.2663
epoch 104/200 loss 0.0063 train 1.0000 test 0.2647
epoch 105/200 loss 0.0058 train 1.0000 test 0.2645
epoch 106/200 loss 0.0066 train 1.0000 test 0.2649
epoch 107/200 loss 0.0066 train 1.0000 test 0.2656
epoch 108/200 loss 0.0068 train 1.0000 test 0.2659
epoch 109/200 loss 0.0063 train 1.0000 test 0.2651
epoch 110/200 loss 0.0066 train 1.0000 test 0.2657
epoch 111/200 loss 0.0064 train 1.0000 test 0.2649
epoch 112/200 loss 0.0066 train 1.0000 test 0.2652
epoch 113/200 loss 0.0068 train 1.0000 test 0.2646
epoch 114/200 loss 0.0067 train 1.0000 test 0.2660
epoch 115/200 loss 0.0066 train 1.0000 test 0.2671
epoch 116/200 loss 0.0068 train 1.0000 test 0.2642
epoch 117/200 loss 0.0069 train 1.0000 test 0.2653
epoch 118/200 loss 0.0067 train 1.0000 test 0.2667
epoch 119/200 loss 0.0063 train 1.0000 test 0.2644
epoch 120/200 loss 0.0069 train 1.0000 test 0.2650
epoch 121/200 loss 0.0067 train 1.0000 test 0.2656
epoch 122/200 loss 0.0066 train 1.0000 test 0.2664
epoch 123/200 loss 0.0067 train 1.0000 test 0.2662
epoch 124/200 loss 0.0072 train 1.0000 test 0.2642
epoch 125/200 loss 0.0067 train 1.0000 test 0.2659
epoch 126/200 loss 0.0068 train 1.0000 test 0.2650
epoch 127/200 loss 0.0068 train 1.0000 test 0.2664
epoch 128/200 loss 0.0063 train 1.0000 test 0.2655
epoch 129/200 loss 0.0067 train 1.0000 test 0.2649
epoch 130/200 loss 0.0070 train 1.0000 test 0.2655
epoch 131/200 loss 0.0065 train 1.0000 test 0.2665
epoch 132/200 loss 0.0067 train 1.0000 test 0.2662
epoch 133/200 loss 0.0065 train 1.0000 test 0.2658
epoch 134/200 loss 0.0065 train 1.0000 test 0.2671
epoch 135/200 loss 0.0071 train 1.0000 test 0.2659
epoch 136/200 loss 0.0067 train 1.0000 test 0.2650
epoch 137/200 loss 0.0067 train 1.0000 test 0.2660
epoch 138/200 loss 0.0068 train 1.0000 test 0.2659
epoch 139/200 loss 0.0062 train 1.0000 test 0.2659
epoch 140/200 loss 0.0066 train 1.0000 test 0.2659
epoch 141/200 loss 0.0066 train 1.0000 test 0.2655
epoch 142/200 loss 0.0066 train 1.0000 test 0.2653
epoch 143/200 loss 0.0073 train 1.0000 test 0.2657
epoch 144/200 loss 0.0065 train 1.0000 test 0.2653
epoch 145/200 loss 0.0069 train 1.0000 test 0.2664
epoch 146/200 loss 0.0071 train 1.0000 test 0.2663
epoch 147/200 loss 0.0063 train 1.0000 test 0.2670
epoch 148/200 loss 0.0073 train 1.0000 test 0.2664
epoch 149/200 loss 0.0071 train 1.0000 test 0.2668
epoch 150/200 loss 0.0068 train 1.0000 test 0.2677
epoch 151/200 loss 0.0066 train 1.0000 test 0.2657
epoch 152/200 loss 0.0064 train 1.0000 test 0.2662
epoch 153/200 loss 0.0069 train 1.0000 test 0.2677
epoch 154/200 loss 0.0067 train 1.0000 test 0.2671
epoch 155/200 loss 0.0068 train 1.0000 test 0.2672
epoch 156/200 loss 0.0069 train 1.0000 test 0.2659
epoch 157/200 loss 0.0065 train 1.0000 test 0.2669
epoch 158/200 loss 0.0067 train 1.0000 test 0.2659
epoch 159/200 loss 0.0069 train 1.0000 test 0.2686
epoch 160/200 loss 0.0064 train 1.0000 test 0.2690
epoch 161/200 loss 0.0063 train 1.0000 test 0.2660
epoch 162/200 loss 0.0065 train 1.0000 test 0.2665
epoch 163/200 loss 0.0069 train 1.0000 test 0.2664
epoch 164/200 loss 0.0066 train 1.0000 test 0.2656
epoch 165/200 loss 0.0067 train 1.0000 test 0.2664
epoch 166/200 loss 0.0066 train 1.0000 test 0.2674
epoch 167/200 loss 0.0069 train 1.0000 test 0.2667
epoch 168/200 loss 0.0063 train 1.0000 test 0.2667
epoch 169/200 loss 0.0065 train 1.0000 test 0.2665
epoch 170/200 loss 0.0064 train 1.0000 test 0.2673
epoch 171/200 loss 0.0067 train 1.0000 test 0.2680
epoch 172/200 loss 0.0067 train 1.0000 test 0.2675
epoch 173/200 loss 0.0067 train 1.0000 test 0.2677
epoch 174/200 loss 0.0068 train 1.0000 test 0.2672
epoch 175/200 loss 0.0064 train 1.0000 test 0.2663
epoch 176/200 loss 0.0064 train 1.0000 test 0.2666
epoch 177/200 loss 0.0070 train 1.0000 test 0.2669
epoch 178/200 loss 0.0064 train 1.0000 test 0.2670
epoch 179/200 loss 0.0064 train 1.0000 test 0.2671
epoch 180/200 loss 0.0065 train 1.0000 test 0.2670
epoch 181/200 loss 0.0067 train 1.0000 test 0.2663
epoch 182/200 loss 0.0066 train 1.0000 test 0.2667
epoch 183/200 loss 0.0068 train 1.0000 test 0.2687
epoch 184/200 loss 0.0062 train 1.0000 test 0.2663
epoch 185/200 loss 0.0067 train 1.0000 test 0.2669
epoch 186/200 loss 0.0062 train 1.0000 test 0.2675
epoch 187/200 loss 0.0062 train 1.0000 test 0.2657
epoch 188/200 loss 0.0064 train 1.0000 test 0.2672
epoch 189/200 loss 0.0065 train 1.0000 test 0.2671
epoch 190/200 loss 0.0064 train 1.0000 test 0.2671
epoch 191/200 loss 0.0063 train 1.0000 test 0.2665
epoch 192/200 loss 0.0066 train 1.0000 test 0.2665
epoch 193/200 loss 0.0064 train 1.0000 test 0.2660
epoch 194/200 loss 0.0063 train 1.0000 test 0.2670
epoch 195/200 loss 0.0068 train 1.0000 test 0.2650
epoch 196/200 loss 0.0065 train 1.0000 test 0.2663
epoch 197/200 loss 0.0066 train 1.0000 test 0.2663
epoch 198/200 loss 0.0067 train 1.0000 test 0.2654
epoch 199/200 loss 0.0065 train 1.0000 test 0.2656
epoch 200/200 loss 0.0061 train 1.0000 test 0.2655
done: final 0.2655 best 0.2690 -> ./runs/diagsslbudget_simsiam800_c100_5pct/seed1
