TIN20_START tin20_none_seed0
Traceback (most recent call last):
  File "/home/amughrabi/projects/MomentsCNNEncoder/train.py", line 328, in <module>
    main()
  File "/home/amughrabi/projects/MomentsCNNEncoder/train.py", line 166, in main
    calib = data_mod.calibration_batch(cfg["dataset"], args.data_root).to(device)
            ^^^^^^^^^^^^^^^^^^^^^^^^^^^^^^^^^^^^^^^^^^^^^^^^^^^^^^^^^^
  File "/home/amughrabi/projects/MomentsCNNEncoder/data.py", line 307, in calibration_batch
    raise ValueError(f"unknown dataset {dataset!r}")
ValueError: unknown dataset 'tin20'
TIN20_RETRY tin20_none_seed0 attempt 1
[tin20_none seed0] {"params_trainable": 11179092, "params_stem_trainable": 0, "params_stem_fixed_filters": 0, "flops_total": 2226628608, "flops_stem": 0, "flops_image_size": 64}
epoch 1/200 loss 3.0124 train 0.0737 test 0.0860
epoch 2/200 loss 2.8551 train 0.1105 test 0.1320
epoch 3/200 loss 2.7914 train 0.1574 test 0.1110
epoch 4/200 loss 2.7147 train 0.1719 test 0.1520
epoch 5/200 loss 2.6081 train 0.2188 test 0.1910
epoch 6/200 loss 2.5338 train 0.2366 test 0.1900
epoch 7/200 loss 2.5154 train 0.2366 test 0.1860
epoch 8/200 loss 2.5112 train 0.2333 test 0.1950
epoch 9/200 loss 2.4361 train 0.2433 test 0.2160
epoch 10/200 loss 2.3740 train 0.2746 test 0.2170
epoch 11/200 loss 2.3336 train 0.2902 test 0.1980
epoch 12/200 loss 2.3074 train 0.2969 test 0.2150
epoch 13/200 loss 2.3086 train 0.2924 test 0.2030
epoch 14/200 loss 2.2587 train 0.3292 test 0.2130
epoch 15/200 loss 2.2839 train 0.2857 test 0.2450
epoch 16/200 loss 2.2106 train 0.3449 test 0.2540
epoch 17/200 loss 2.1864 train 0.3438 test 0.2200
epoch 18/200 loss 2.1447 train 0.3426 test 0.2340
epoch 19/200 loss 2.0653 train 0.3806 test 0.2060
epoch 20/200 loss 2.1059 train 0.3638 test 0.2470
epoch 21/200 loss 2.0872 train 0.3683 test 0.2230
epoch 22/200 loss 2.0156 train 0.3783 test 0.2320
epoch 23/200 loss 1.9888 train 0.3962 test 0.2560
epoch 24/200 loss 2.0125 train 0.3839 test 0.2920
epoch 25/200 loss 1.9663 train 0.4085 test 0.2670
epoch 26/200 loss 1.8998 train 0.4085 test 0.2700
epoch 27/200 loss 1.8748 train 0.4007 test 0.2800
epoch 28/200 loss 1.7899 train 0.4420 test 0.2760
epoch 29/200 loss 1.7950 train 0.4598 test 0.2590
epoch 30/200 loss 1.7338 train 0.4609 test 0.2270
epoch 31/200 loss 1.7416 train 0.4397 test 0.2940
epoch 32/200 loss 1.7426 train 0.4688 test 0.2490
epoch 33/200 loss 1.6573 train 0.4955 test 0.2690
epoch 34/200 loss 1.7035 train 0.4375 test 0.2790
epoch 35/200 loss 1.6469 train 0.4888 test 0.2730
epoch 36/200 loss 1.6269 train 0.4855 test 0.3190
epoch 37/200 loss 1.5524 train 0.5100 test 0.2990
epoch 38/200 loss 1.5397 train 0.5089 test 0.2880
epoch 39/200 loss 1.4560 train 0.5368 test 0.3080
epoch 40/200 loss 1.4720 train 0.5391 test 0.2910
epoch 41/200 loss 1.4590 train 0.5324 test 0.3160
epoch 42/200 loss 1.3801 train 0.5558 test 0.3090
epoch 43/200 loss 1.3610 train 0.5804 test 0.3160
epoch 44/200 loss 1.3090 train 0.5926 test 0.2730
epoch 45/200 loss 1.3220 train 0.5748 test 0.3010
epoch 46/200 loss 1.2482 train 0.6116 test 0.2820
epoch 47/200 loss 1.2142 train 0.6116 test 0.2960
epoch 48/200 loss 1.1367 train 0.6507 test 0.3190
epoch 49/200 loss 1.1216 train 0.6496 test 0.3030
epoch 50/200 loss 1.0856 train 0.6518 test 0.3270
epoch 51/200 loss 0.9881 train 0.7020 test 0.3050
epoch 52/200 loss 0.9887 train 0.6763 test 0.3000
epoch 53/200 loss 0.9782 train 0.6931 test 0.3100
epoch 54/200 loss 0.9531 train 0.6920 test 0.3350
epoch 55/200 loss 0.9146 train 0.7210 test 0.3420
epoch 56/200 loss 0.8648 train 0.7344 test 0.3290
epoch 57/200 loss 0.8188 train 0.7489 test 0.3390
epoch 58/200 loss 0.7799 train 0.7556 test 0.2940
epoch 59/200 loss 0.6955 train 0.7868 test 0.3290
epoch 60/200 loss 0.6927 train 0.7679 test 0.3170
epoch 61/200 loss 0.6947 train 0.7846 test 0.3430
epoch 62/200 loss 0.6212 train 0.8103 test 0.3540
epoch 63/200 loss 0.6517 train 0.8047 test 0.3560
epoch 64/200 loss 0.6037 train 0.8103 test 0.3080
epoch 65/200 loss 0.5722 train 0.8170 test 0.3560
epoch 66/200 loss 0.5689 train 0.8248 test 0.3780
epoch 67/200 loss 0.5269 train 0.8225 test 0.3490
epoch 68/200 loss 0.4929 train 0.8415 test 0.3340
epoch 69/200 loss 0.4162 train 0.8638 test 0.3140
epoch 70/200 loss 0.4386 train 0.8527 test 0.3370
epoch 71/200 loss 0.4421 train 0.8616 test 0.3300
epoch 72/200 loss 0.3789 train 0.8850 test 0.3020
epoch 73/200 loss 0.3747 train 0.9040 test 0.3590
epoch 74/200 loss 0.4058 train 0.8783 test 0.3480
epoch 75/200 loss 0.3496 train 0.8973 test 0.3710
epoch 76/200 loss 0.3793 train 0.8962 test 0.3210
epoch 77/200 loss 0.3388 train 0.8973 test 0.3090
epoch 78/200 loss 0.3246 train 0.9107 test 0.3470
epoch 79/200 loss 0.3232 train 0.9096 test 0.3350
epoch 80/200 loss 0.2920 train 0.9107 test 0.3460
epoch 81/200 loss 0.2721 train 0.9241 test 0.3620
epoch 82/200 loss 0.2791 train 0.9174 test 0.3550
epoch 83/200 loss 0.2401 train 0.9453 test 0.3340
epoch 84/200 loss 0.1820 train 0.9487 test 0.3840
epoch 85/200 loss 0.1296 train 0.9721 test 0.3770
epoch 86/200 loss 0.1314 train 0.9721 test 0.3580
epoch 87/200 loss 0.1075 train 0.9777 test 0.3540
epoch 88/200 loss 0.1028 train 0.9732 test 0.4060
epoch 89/200 loss 0.0961 train 0.9799 test 0.3660
epoch 90/200 loss 0.0839 train 0.9855 test 0.3850
epoch 91/200 loss 0.0622 train 0.9911 test 0.4020
epoch 92/200 loss 0.0587 train 0.9911 test 0.3890
epoch 93/200 loss 0.0522 train 0.9944 test 0.3760
epoch 94/200 loss 0.0290 train 1.0000 test 0.4010
epoch 95/200 loss 0.0249 train 1.0000 test 0.4090
epoch 96/200 loss 0.0221 train 0.9989 test 0.4190
epoch 97/200 loss 0.0178 train 1.0000 test 0.4080
epoch 98/200 loss 0.0146 train 1.0000 test 0.4150
epoch 99/200 loss 0.0132 train 1.0000 test 0.4220
epoch 100/200 loss 0.0125 train 0.9989 test 0.4240
epoch 101/200 loss 0.0100 train 1.0000 test 0.4170
epoch 102/200 loss 0.0096 train 1.0000 test 0.4170
epoch 103/200 loss 0.0102 train 1.0000 test 0.4160
epoch 104/200 loss 0.0088 train 1.0000 test 0.4240
epoch 105/200 loss 0.0099 train 1.0000 test 0.4320
epoch 106/200 loss 0.0072 train 1.0000 test 0.4280
epoch 107/200 loss 0.0084 train 1.0000 test 0.4230
epoch 108/200 loss 0.0066 train 1.0000 test 0.4250
epoch 109/200 loss 0.0072 train 1.0000 test 0.4290
epoch 110/200 loss 0.0076 train 1.0000 test 0.4230
epoch 111/200 loss 0.0073 train 0.9989 test 0.4190
epoch 112/200 loss 0.0063 train 1.0000 test 0.4230
epoch 113/200 loss 0.0106 train 0.9989 test 0.4370
epoch 114/200 loss 0.0126 train 0.9989 test 0.4360
epoch 115/200 loss 0.0073 train 1.0000 test 0.4230
epoch 116/200 loss 0.0156 train 0.9967 test 0.4220
epoch 117/200 loss 0.0102 train 0.9989 test 0.4220
epoch 118/200 loss 0.0104 train 0.9989 test 0.4180
epoch 119/200 loss 0.0086 train 1.0000 test 0.4280
epoch 120/200 loss 0.0085 train 1.0000 test 0.4320
epoch 121/200 loss 0.0076 train 1.0000 test 0.4260
epoch 122/200 loss 0.0063 train 1.0000 test 0.4260
epoch 123/200 loss 0.0060 train 1.0000 test 0.4250
epoch 124/200 loss 0.0055 train 1.0000 test 0.4260
epoch 125/200 loss 0.0057 train 1.0000 test 0.4240
epoch 126/200 loss 0.0072 train 0.9989 test 0.4300
epoch 127/200 loss 0.0067 train 1.0000 test 0.4310
epoch 128/200 loss 0.0062 train 1.0000 test 0.4300
epoch 129/200 loss 0.0054 train 1.0000 test 0.4310
epoch 130/200 loss 0.0048 train 1.0000 test 0.4270
epoch 131/200 loss 0.0049 train 1.0000 test 0.4280
epoch 132/200 loss 0.0048 train 1.0000 test 0.4320
epoch 133/200 loss 0.0045 train 1.0000 test 0.4310
epoch 134/200 loss 0.0054 train 1.0000 test 0.4350
epoch 135/200 loss 0.0061 train 1.0000 test 0.4360
epoch 136/200 loss 0.0060 train 1.0000 test 0.4330
epoch 137/200 loss 0.0047 train 1.0000 test 0.4350
epoch 138/200 loss 0.0051 train 1.0000 test 0.4300
epoch 139/200 loss 0.0060 train 1.0000 test 0.4370
epoch 140/200 loss 0.0052 train 1.0000 test 0.4350
epoch 141/200 loss 0.0048 train 1.0000 test 0.4270
epoch 142/200 loss 0.0051 train 1.0000 test 0.4280
epoch 143/200 loss 0.0042 train 1.0000 test 0.4320
epoch 144/200 loss 0.0043 train 1.0000 test 0.4360
epoch 145/200 loss 0.0047 train 1.0000 test 0.4350
epoch 146/200 loss 0.0044 train 1.0000 test 0.4330
epoch 147/200 loss 0.0042 train 1.0000 test 0.4270
epoch 148/200 loss 0.0042 train 1.0000 test 0.4290
epoch 149/200 loss 0.0048 train 1.0000 test 0.4280
epoch 150/200 loss 0.0053 train 1.0000 test 0.4300
epoch 151/200 loss 0.0044 train 1.0000 test 0.4320
epoch 152/200 loss 0.0043 train 1.0000 test 0.4310
epoch 153/200 loss 0.0047 train 1.0000 test 0.4310
epoch 154/200 loss 0.0046 train 1.0000 test 0.4300
epoch 155/200 loss 0.0039 train 1.0000 test 0.4270
epoch 156/200 loss 0.0042 train 1.0000 test 0.4290
epoch 157/200 loss 0.0057 train 1.0000 test 0.4260
epoch 158/200 loss 0.0058 train 1.0000 test 0.4300
epoch 159/200 loss 0.0044 train 1.0000 test 0.4290
epoch 160/200 loss 0.0045 train 1.0000 test 0.4290
epoch 161/200 loss 0.0040 train 1.0000 test 0.4280
epoch 162/200 loss 0.0051 train 1.0000 test 0.4290
epoch 163/200 loss 0.0044 train 1.0000 test 0.4270
epoch 164/200 loss 0.0044 train 1.0000 test 0.4280
epoch 165/200 loss 0.0044 train 1.0000 test 0.4310
epoch 166/200 loss 0.0047 train 1.0000 test 0.4280
epoch 167/200 loss 0.0040 train 1.0000 test 0.4270
epoch 168/200 loss 0.0044 train 1.0000 test 0.4310
epoch 169/200 loss 0.0049 train 1.0000 test 0.4270
epoch 170/200 loss 0.0043 train 1.0000 test 0.4260
epoch 171/200 loss 0.0055 train 1.0000 test 0.4280
epoch 172/200 loss 0.0043 train 1.0000 test 0.4300
epoch 173/200 loss 0.0046 train 1.0000 test 0.4290
epoch 174/200 loss 0.0044 train 1.0000 test 0.4270
epoch 175/200 loss 0.0044 train 1.0000 test 0.4290
epoch 176/200 loss 0.0043 train 1.0000 test 0.4290
epoch 177/200 loss 0.0052 train 1.0000 test 0.4300
epoch 178/200 loss 0.0040 train 1.0000 test 0.4310
epoch 179/200 loss 0.0043 train 1.0000 test 0.4350
epoch 180/200 loss 0.0045 train 1.0000 test 0.4320
epoch 181/200 loss 0.0036 train 1.0000 test 0.4310
epoch 182/200 loss 0.0045 train 1.0000 test 0.4300
epoch 183/200 loss 0.0041 train 1.0000 test 0.4310
epoch 184/200 loss 0.0038 train 1.0000 test 0.4320
epoch 185/200 loss 0.0039 train 1.0000 test 0.4330
epoch 186/200 loss 0.0053 train 1.0000 test 0.4310
epoch 187/200 loss 0.0044 train 1.0000 test 0.4330
epoch 188/200 loss 0.0045 train 1.0000 test 0.4340
epoch 189/200 loss 0.0040 train 1.0000 test 0.4370
epoch 190/200 loss 0.0039 train 1.0000 test 0.4320
epoch 191/200 loss 0.0043 train 1.0000 test 0.4320
epoch 192/200 loss 0.0035 train 1.0000 test 0.4310
epoch 193/200 loss 0.0042 train 1.0000 test 0.4310
epoch 194/200 loss 0.0042 train 1.0000 test 0.4300
epoch 195/200 loss 0.0041 train 1.0000 test 0.4300
epoch 196/200 loss 0.0046 train 1.0000 test 0.4290
epoch 197/200 loss 0.0043 train 1.0000 test 0.4270
epoch 198/200 loss 0.0042 train 1.0000 test 0.4330
epoch 199/200 loss 0.0046 train 1.0000 test 0.4290
epoch 200/200 loss 0.0045 train 1.0000 test 0.4320
done: final 0.4320 best 0.4370 -> ./runs/tin20_none/seed0
TIN20_DONE tin20_none_seed0
TIN20_START tin20_none_seed1
[tin20_none seed1] {"params_trainable": 11179092, "params_stem_trainable": 0, "params_stem_fixed_filters": 0, "flops_total": 2226628608, "flops_stem": 0, "flops_image_size": 64}
epoch 1/200 loss 3.0173 train 0.0513 test 0.1070
epoch 2/200 loss 2.8820 train 0.1328 test 0.1290
epoch 3/200 loss 2.7237 train 0.1674 test 0.1660
epoch 4/200 loss 2.6974 train 0.1931 test 0.1440
epoch 5/200 loss 2.6558 train 0.2009 test 0.1530
epoch 6/200 loss 2.5914 train 0.2188 test 0.1870
epoch 7/200 loss 2.5235 train 0.2076 test 0.2050
epoch 8/200 loss 2.4868 train 0.2467 test 0.1940
epoch 9/200 loss 2.5068 train 0.2132 test 0.2190
epoch 10/200 loss 2.4957 train 0.2455 test 0.1750
epoch 11/200 loss 2.4109 train 0.2612 test 0.2330
epoch 12/200 loss 2.3808 train 0.2746 test 0.1850
epoch 13/200 loss 2.3358 train 0.2746 test 0.2110
epoch 14/200 loss 2.2594 train 0.3103 test 0.2170
epoch 15/200 loss 2.2653 train 0.2913 test 0.2160
epoch 16/200 loss 2.2273 train 0.2891 test 0.2310
epoch 17/200 loss 2.2283 train 0.3315 test 0.2050
epoch 18/200 loss 2.1403 train 0.3460 test 0.2260
epoch 19/200 loss 2.1424 train 0.3460 test 0.2460
epoch 20/200 loss 2.1025 train 0.3638 test 0.2340
epoch 21/200 loss 2.0522 train 0.3694 test 0.2410
epoch 22/200 loss 2.0453 train 0.3661 test 0.2480
epoch 23/200 loss 2.0039 train 0.3906 test 0.2430
epoch 24/200 loss 1.9864 train 0.3873 test 0.2030
epoch 25/200 loss 1.8941 train 0.4062 test 0.2610
epoch 26/200 loss 1.9391 train 0.4163 test 0.2580
epoch 27/200 loss 1.8900 train 0.4420 test 0.2770
epoch 28/200 loss 1.8208 train 0.4520 test 0.2720
epoch 29/200 loss 1.7794 train 0.4397 test 0.2520
epoch 30/200 loss 1.7912 train 0.4509 test 0.2760
epoch 31/200 loss 1.7418 train 0.4688 test 0.2810
epoch 32/200 loss 1.7424 train 0.4397 test 0.2130
epoch 33/200 loss 1.7557 train 0.4487 test 0.2790
epoch 34/200 loss 1.6078 train 0.5078 test 0.2740
epoch 35/200 loss 1.5906 train 0.4922 test 0.2600
epoch 36/200 loss 1.5636 train 0.5100 test 0.3060
epoch 37/200 loss 1.5166 train 0.5290 test 0.2810
epoch 38/200 loss 1.4429 train 0.5491 test 0.3010
epoch 39/200 loss 1.3980 train 0.5446 test 0.2930
epoch 40/200 loss 1.4123 train 0.5469 test 0.3020
epoch 41/200 loss 1.4212 train 0.5435 test 0.3000
epoch 42/200 loss 1.3983 train 0.5614 test 0.3060
epoch 43/200 loss 1.3387 train 0.5592 test 0.2870
epoch 44/200 loss 1.2016 train 0.6172 test 0.3070
epoch 45/200 loss 1.2388 train 0.5949 test 0.2940
epoch 46/200 loss 1.1765 train 0.6228 test 0.3090
epoch 47/200 loss 1.1278 train 0.6484 test 0.3030
epoch 48/200 loss 1.0718 train 0.6596 test 0.3070
epoch 49/200 loss 1.1232 train 0.6451 test 0.3410
epoch 50/200 loss 1.0651 train 0.6708 test 0.2760
epoch 51/200 loss 1.0239 train 0.6775 test 0.2710
epoch 52/200 loss 0.9759 train 0.6987 test 0.3150
epoch 53/200 loss 0.9453 train 0.7042 test 0.2920
epoch 54/200 loss 0.9327 train 0.6975 test 0.3160
epoch 55/200 loss 0.8408 train 0.7422 test 0.3080
epoch 56/200 loss 0.8301 train 0.7310 test 0.3340
epoch 57/200 loss 0.7917 train 0.7444 test 0.3290
epoch 58/200 loss 0.7152 train 0.7846 test 0.3100
epoch 59/200 loss 0.7197 train 0.7623 test 0.3570
epoch 60/200 loss 0.7153 train 0.7645 test 0.3150
epoch 61/200 loss 0.6954 train 0.7879 test 0.3260
epoch 62/200 loss 0.6822 train 0.7857 test 0.3230
epoch 63/200 loss 0.6787 train 0.7835 test 0.3540
epoch 64/200 loss 0.6014 train 0.7991 test 0.3320
epoch 65/200 loss 0.5761 train 0.8259 test 0.3150
epoch 66/200 loss 0.5391 train 0.8382 test 0.3500
epoch 67/200 loss 0.5164 train 0.8348 test 0.3140
epoch 68/200 loss 0.5050 train 0.8371 test 0.3430
epoch 69/200 loss 0.4999 train 0.8393 test 0.3340
epoch 70/200 loss 0.4768 train 0.8538 test 0.3140
epoch 71/200 loss 0.4425 train 0.8761 test 0.3440
epoch 72/200 loss 0.4306 train 0.8717 test 0.3180
epoch 73/200 loss 0.3593 train 0.8984 test 0.3250
epoch 74/200 loss 0.2903 train 0.9219 test 0.3640
epoch 75/200 loss 0.2851 train 0.9241 test 0.3480
epoch 76/200 loss 0.2790 train 0.9219 test 0.3460
epoch 77/200 loss 0.2617 train 0.9196 test 0.3390
epoch 78/200 loss 0.2183 train 0.9442 test 0.3700
epoch 79/200 loss 0.1782 train 0.9565 test 0.3410
epoch 80/200 loss 0.1730 train 0.9554 test 0.3770
epoch 81/200 loss 0.1726 train 0.9565 test 0.3600
epoch 82/200 loss 0.1775 train 0.9487 test 0.3610
epoch 83/200 loss 0.1875 train 0.9431 test 0.3340
epoch 84/200 loss 0.1593 train 0.9587 test 0.3470
epoch 85/200 loss 0.1650 train 0.9554 test 0.3360
epoch 86/200 loss 0.1642 train 0.9587 test 0.3710
epoch 87/200 loss 0.1483 train 0.9609 test 0.3850
epoch 88/200 loss 0.1584 train 0.9509 test 0.3340
epoch 89/200 loss 0.1443 train 0.9598 test 0.3480
epoch 90/200 loss 0.1736 train 0.9554 test 0.3590
epoch 91/200 loss 0.1138 train 0.9754 test 0.3770
epoch 92/200 loss 0.0933 train 0.9766 test 0.3690
epoch 93/200 loss 0.0760 train 0.9833 test 0.3720
epoch 94/200 loss 0.0684 train 0.9866 test 0.3720
epoch 95/200 loss 0.0535 train 0.9933 test 0.3600
epoch 96/200 loss 0.0441 train 0.9967 test 0.3650
epoch 97/200 loss 0.0498 train 0.9922 test 0.3790
epoch 98/200 loss 0.0329 train 0.9967 test 0.3820
epoch 99/200 loss 0.0331 train 0.9989 test 0.3930
epoch 100/200 loss 0.0306 train 0.9967 test 0.4040
epoch 101/200 loss 0.0182 train 1.0000 test 0.4020
epoch 102/200 loss 0.0198 train 0.9989 test 0.3920
epoch 103/200 loss 0.0157 train 1.0000 test 0.3860
epoch 104/200 loss 0.0110 train 1.0000 test 0.3940
epoch 105/200 loss 0.0101 train 1.0000 test 0.4030
epoch 106/200 loss 0.0094 train 1.0000 test 0.4070
epoch 107/200 loss 0.0087 train 1.0000 test 0.4090
epoch 108/200 loss 0.0097 train 0.9989 test 0.3930
epoch 109/200 loss 0.0086 train 1.0000 test 0.3890
epoch 110/200 loss 0.0100 train 1.0000 test 0.4000
epoch 111/200 loss 0.0085 train 1.0000 test 0.4040
epoch 112/200 loss 0.0076 train 1.0000 test 0.4000
epoch 113/200 loss 0.0069 train 1.0000 test 0.3970
epoch 114/200 loss 0.0066 train 1.0000 test 0.3980
epoch 115/200 loss 0.0066 train 1.0000 test 0.4000
epoch 116/200 loss 0.0061 train 1.0000 test 0.4030
epoch 117/200 loss 0.0069 train 1.0000 test 0.3990
epoch 118/200 loss 0.0060 train 1.0000 test 0.3990
epoch 119/200 loss 0.0059 train 1.0000 test 0.4020
epoch 120/200 loss 0.0061 train 1.0000 test 0.3960
epoch 121/200 loss 0.0058 train 1.0000 test 0.4010
epoch 122/200 loss 0.0058 train 1.0000 test 0.4060
epoch 123/200 loss 0.0066 train 1.0000 test 0.4030
epoch 124/200 loss 0.0053 train 1.0000 test 0.4080
epoch 125/200 loss 0.0060 train 1.0000 test 0.4050
epoch 126/200 loss 0.0064 train 1.0000 test 0.4030
epoch 127/200 loss 0.0055 train 1.0000 test 0.4040
epoch 128/200 loss 0.0054 train 1.0000 test 0.4000
epoch 129/200 loss 0.0054 train 1.0000 test 0.3980
epoch 130/200 loss 0.0055 train 1.0000 test 0.4000
epoch 131/200 loss 0.0057 train 1.0000 test 0.4040
epoch 132/200 loss 0.0053 train 1.0000 test 0.4040
epoch 133/200 loss 0.0049 train 1.0000 test 0.4010
epoch 134/200 loss 0.0051 train 1.0000 test 0.3990
epoch 135/200 loss 0.0057 train 1.0000 test 0.4010
epoch 136/200 loss 0.0060 train 1.0000 test 0.4040
epoch 137/200 loss 0.0053 train 1.0000 test 0.4000
epoch 138/200 loss 0.0048 train 1.0000 test 0.3990
epoch 139/200 loss 0.0055 train 1.0000 test 0.3970
epoch 140/200 loss 0.0051 train 1.0000 test 0.3970
epoch 141/200 loss 0.0045 train 1.0000 test 0.3990
epoch 142/200 loss 0.0052 train 1.0000 test 0.3970
epoch 143/200 loss 0.0045 train 1.0000 test 0.3960
epoch 144/200 loss 0.0046 train 1.0000 test 0.3990
epoch 145/200 loss 0.0046 train 1.0000 test 0.4010
epoch 146/200 loss 0.0051 train 1.0000 test 0.4010
epoch 147/200 loss 0.0046 train 1.0000 test 0.4000
epoch 148/200 loss 0.0043 train 1.0000 test 0.3990
epoch 149/200 loss 0.0053 train 1.0000 test 0.3990
epoch 150/200 loss 0.0054 train 1.0000 test 0.3990
epoch 151/200 loss 0.0043 train 1.0000 test 0.4020
epoch 152/200 loss 0.0057 train 1.0000 test 0.4060
epoch 153/200 loss 0.0051 train 1.0000 test 0.4030
epoch 154/200 loss 0.0042 train 1.0000 test 0.4050
epoch 155/200 loss 0.0047 train 1.0000 test 0.4050
epoch 156/200 loss 0.0048 train 1.0000 test 0.4020
epoch 157/200 loss 0.0047 train 1.0000 test 0.4020
epoch 158/200 loss 0.0040 train 1.0000 test 0.4010
epoch 159/200 loss 0.0044 train 1.0000 test 0.4000
epoch 160/200 loss 0.0054 train 1.0000 test 0.4030
epoch 161/200 loss 0.0044 train 1.0000 test 0.4010
epoch 162/200 loss 0.0039 train 1.0000 test 0.4030
epoch 163/200 loss 0.0044 train 1.0000 test 0.4020
epoch 164/200 loss 0.0045 train 1.0000 test 0.4020
epoch 165/200 loss 0.0051 train 1.0000 test 0.4040
epoch 166/200 loss 0.0046 train 1.0000 test 0.4030
epoch 167/200 loss 0.0049 train 1.0000 test 0.4020
epoch 168/200 loss 0.0040 train 1.0000 test 0.4050
epoch 169/200 loss 0.0047 train 1.0000 test 0.4050
epoch 170/200 loss 0.0047 train 1.0000 test 0.4050
epoch 171/200 loss 0.0045 train 1.0000 test 0.4080
epoch 172/200 loss 0.0046 train 1.0000 test 0.4070
epoch 173/200 loss 0.0043 train 1.0000 test 0.4040
epoch 174/200 loss 0.0041 train 1.0000 test 0.4020
epoch 175/200 loss 0.0046 train 1.0000 test 0.4030
epoch 176/200 loss 0.0046 train 1.0000 test 0.4030
epoch 177/200 loss 0.0050 train 1.0000 test 0.4020
epoch 178/200 loss 0.0039 train 1.0000 test 0.4030
epoch 179/200 loss 0.0040 train 1.0000 test 0.4060
epoch 180/200 loss 0.0044 train 1.0000 test 0.4080
epoch 181/200 loss 0.0042 train 1.0000 test 0.4050
epoch 182/200 loss 0.0044 train 1.0000 test 0.4040
epoch 183/200 loss 0.0055 train 1.0000 test 0.4040
epoch 184/200 loss 0.0048 train 1.0000 test 0.4060
epoch 185/200 loss 0.0048 train 1.0000 test 0.4030
epoch 186/200 loss 0.0049 train 1.0000 test 0.4010
epoch 187/200 loss 0.0044 train 1.0000 test 0.4020
epoch 188/200 loss 0.0051 train 1.0000 test 0.4020
epoch 189/200 loss 0.0042 train 1.0000 test 0.4050
epoch 190/200 loss 0.0042 train 1.0000 test 0.4020
epoch 191/200 loss 0.0053 train 1.0000 test 0.4020
epoch 192/200 loss 0.0052 train 1.0000 test 0.4010
epoch 193/200 loss 0.0041 train 1.0000 test 0.4020
epoch 194/200 loss 0.0040 train 1.0000 test 0.4020
epoch 195/200 loss 0.0043 train 1.0000 test 0.4030
epoch 196/200 loss 0.0044 train 1.0000 test 0.4010
epoch 197/200 loss 0.0038 train 1.0000 test 0.4020
epoch 198/200 loss 0.0038 train 1.0000 test 0.4000
epoch 199/200 loss 0.0048 train 1.0000 test 0.4040
epoch 200/200 loss 0.0045 train 1.0000 test 0.4050
done: final 0.4050 best 0.4090 -> ./runs/tin20_none/seed1
TIN20_DONE tin20_none_seed1
TIN20_START tin20_none_seed2
[tin20_none seed2] {"params_trainable": 11179092, "params_stem_trainable": 0, "params_stem_fixed_filters": 0, "flops_total": 2226628608, "flops_stem": 0, "flops_image_size": 64}
epoch 1/200 loss 2.9978 train 0.0569 test 0.0890
epoch 2/200 loss 2.8551 train 0.1217 test 0.1370
epoch 3/200 loss 2.6981 train 0.1674 test 0.1440
epoch 4/200 loss 2.6462 train 0.1908 test 0.1680
epoch 5/200 loss 2.5865 train 0.2299 test 0.1740
epoch 6/200 loss 2.5756 train 0.2232 test 0.1880
epoch 7/200 loss 2.5004 train 0.2679 test 0.1960
epoch 8/200 loss 2.4714 train 0.2567 test 0.2120
epoch 9/200 loss 2.4319 train 0.2667 test 0.1930
epoch 10/200 loss 2.4164 train 0.2690 test 0.1870
epoch 11/200 loss 2.4086 train 0.2522 test 0.2100
epoch 12/200 loss 2.3447 train 0.2746 test 0.2300
epoch 13/200 loss 2.3193 train 0.3002 test 0.2120
epoch 14/200 loss 2.3028 train 0.3069 test 0.2060
epoch 15/200 loss 2.2135 train 0.3371 test 0.2310
epoch 16/200 loss 2.1751 train 0.3270 test 0.2510
epoch 17/200 loss 2.1307 train 0.3438 test 0.2070
epoch 18/200 loss 2.1394 train 0.3449 test 0.2310
epoch 19/200 loss 2.1279 train 0.3404 test 0.2330
epoch 20/200 loss 2.0729 train 0.3717 test 0.2260
epoch 21/200 loss 2.0197 train 0.3996 test 0.2380
epoch 22/200 loss 1.9989 train 0.3951 test 0.2350
epoch 23/200 loss 1.9575 train 0.4074 test 0.2630
epoch 24/200 loss 1.8962 train 0.4152 test 0.2510
epoch 25/200 loss 1.8721 train 0.4408 test 0.2460
epoch 26/200 loss 1.8372 train 0.4152 test 0.2710
epoch 27/200 loss 1.8452 train 0.4308 test 0.2880
epoch 28/200 loss 1.7664 train 0.4632 test 0.2710
epoch 29/200 loss 1.8037 train 0.4598 test 0.2780
epoch 30/200 loss 1.7294 train 0.4542 test 0.2720
epoch 31/200 loss 1.7080 train 0.4554 test 0.2660
epoch 32/200 loss 1.6579 train 0.4866 test 0.2840
epoch 33/200 loss 1.6182 train 0.4978 test 0.2860
epoch 34/200 loss 1.6000 train 0.5045 test 0.2900
epoch 35/200 loss 1.6032 train 0.4955 test 0.2520
epoch 36/200 loss 1.6297 train 0.4900 test 0.2570
epoch 37/200 loss 1.5110 train 0.5156 test 0.3060
epoch 38/200 loss 1.5063 train 0.5312 test 0.2960
epoch 39/200 loss 1.4444 train 0.5647 test 0.2890
epoch 40/200 loss 1.3722 train 0.5525 test 0.2600
epoch 41/200 loss 1.4046 train 0.5469 test 0.3200
epoch 42/200 loss 1.3385 train 0.5681 test 0.2760
epoch 43/200 loss 1.3025 train 0.5926 test 0.3060
epoch 44/200 loss 1.2596 train 0.6083 test 0.3320
epoch 45/200 loss 1.1918 train 0.6406 test 0.3350
epoch 46/200 loss 1.1514 train 0.6350 test 0.3320
epoch 47/200 loss 1.1437 train 0.6328 test 0.3390
epoch 48/200 loss 1.0414 train 0.6708 test 0.3150
epoch 49/200 loss 0.9619 train 0.7087 test 0.3350
epoch 50/200 loss 0.9033 train 0.7221 test 0.3090
epoch 51/200 loss 0.8784 train 0.7333 test 0.3280
epoch 52/200 loss 0.9123 train 0.7065 test 0.3130
epoch 53/200 loss 0.9542 train 0.6908 test 0.3140
epoch 54/200 loss 0.8398 train 0.7321 test 0.3260
epoch 55/200 loss 0.7642 train 0.7645 test 0.3540
epoch 56/200 loss 0.7382 train 0.7712 test 0.3410
epoch 57/200 loss 0.7002 train 0.7812 test 0.3560
epoch 58/200 loss 0.6447 train 0.8147 test 0.3470
epoch 59/200 loss 0.6700 train 0.7868 test 0.3230
epoch 60/200 loss 0.6458 train 0.8036 test 0.3480
epoch 61/200 loss 0.6670 train 0.7790 test 0.3480
epoch 62/200 loss 0.6080 train 0.8047 test 0.3250
epoch 63/200 loss 0.6138 train 0.8092 test 0.3220
epoch 64/200 loss 0.5787 train 0.8203 test 0.3390
epoch 65/200 loss 0.5823 train 0.8192 test 0.3410
epoch 66/200 loss 0.4640 train 0.8527 test 0.3490
epoch 67/200 loss 0.4542 train 0.8627 test 0.3230
epoch 68/200 loss 0.4237 train 0.8750 test 0.3490
epoch 69/200 loss 0.3463 train 0.9085 test 0.3590
epoch 70/200 loss 0.3227 train 0.9129 test 0.3250
epoch 71/200 loss 0.3397 train 0.9018 test 0.3480
epoch 72/200 loss 0.2650 train 0.9219 test 0.3660
epoch 73/200 loss 0.2742 train 0.9297 test 0.3330
epoch 74/200 loss 0.2624 train 0.9241 test 0.3640
epoch 75/200 loss 0.3189 train 0.9018 test 0.3390
epoch 76/200 loss 0.3165 train 0.9040 test 0.3110
epoch 77/200 loss 0.3336 train 0.8984 test 0.3500
epoch 78/200 loss 0.2843 train 0.9096 test 0.3520
epoch 79/200 loss 0.2948 train 0.9118 test 0.3620
epoch 80/200 loss 0.2203 train 0.9431 test 0.3590
epoch 81/200 loss 0.1884 train 0.9475 test 0.3600
epoch 82/200 loss 0.1669 train 0.9632 test 0.3770
epoch 83/200 loss 0.1523 train 0.9643 test 0.3500
epoch 84/200 loss 0.1695 train 0.9609 test 0.3660
epoch 85/200 loss 0.1414 train 0.9676 test 0.3640
epoch 86/200 loss 0.1178 train 0.9821 test 0.3700
epoch 87/200 loss 0.0944 train 0.9799 test 0.3640
epoch 88/200 loss 0.0943 train 0.9821 test 0.3730
epoch 89/200 loss 0.0725 train 0.9855 test 0.3520
epoch 90/200 loss 0.0730 train 0.9911 test 0.3720
epoch 91/200 loss 0.0604 train 0.9900 test 0.3710
epoch 92/200 loss 0.0492 train 0.9967 test 0.3970
epoch 93/200 loss 0.0464 train 0.9933 test 0.3630
epoch 94/200 loss 0.0403 train 0.9911 test 0.3840
epoch 95/200 loss 0.0389 train 0.9955 test 0.3890
epoch 96/200 loss 0.0309 train 0.9967 test 0.3770
epoch 97/200 loss 0.0249 train 0.9989 test 0.3690
epoch 98/200 loss 0.0222 train 0.9989 test 0.3900
epoch 99/200 loss 0.0204 train 0.9978 test 0.4020
epoch 100/200 loss 0.0181 train 1.0000 test 0.3900
epoch 101/200 loss 0.0135 train 1.0000 test 0.3970
epoch 102/200 loss 0.0134 train 0.9989 test 0.4050
epoch 103/200 loss 0.0124 train 0.9989 test 0.3960
epoch 104/200 loss 0.0157 train 0.9989 test 0.3880
epoch 105/200 loss 0.0112 train 1.0000 test 0.3940
epoch 106/200 loss 0.0109 train 1.0000 test 0.3990
epoch 107/200 loss 0.0092 train 1.0000 test 0.4140
epoch 108/200 loss 0.0082 train 1.0000 test 0.4110
epoch 109/200 loss 0.0078 train 1.0000 test 0.4070
epoch 110/200 loss 0.0089 train 0.9989 test 0.3970
epoch 111/200 loss 0.0064 train 1.0000 test 0.3930
epoch 112/200 loss 0.0084 train 1.0000 test 0.3930
epoch 113/200 loss 0.0065 train 1.0000 test 0.4010
epoch 114/200 loss 0.0065 train 1.0000 test 0.3880
epoch 115/200 loss 0.0055 train 1.0000 test 0.3990
epoch 116/200 loss 0.0065 train 0.9989 test 0.3930
epoch 117/200 loss 0.0079 train 0.9989 test 0.3960
epoch 118/200 loss 0.0058 train 1.0000 test 0.3940
epoch 119/200 loss 0.0066 train 1.0000 test 0.4010
epoch 120/200 loss 0.0054 train 1.0000 test 0.4070
epoch 121/200 loss 0.0054 train 1.0000 test 0.4070
epoch 122/200 loss 0.0055 train 1.0000 test 0.4050
epoch 123/200 loss 0.0053 train 1.0000 test 0.4010
epoch 124/200 loss 0.0060 train 1.0000 test 0.4000
epoch 125/200 loss 0.0077 train 0.9989 test 0.4030
epoch 126/200 loss 0.0065 train 0.9989 test 0.4020
epoch 127/200 loss 0.0064 train 1.0000 test 0.4100
epoch 128/200 loss 0.0059 train 1.0000 test 0.4030
epoch 129/200 loss 0.0067 train 1.0000 test 0.4010
epoch 130/200 loss 0.0055 train 1.0000 test 0.4030
epoch 131/200 loss 0.0048 train 1.0000 test 0.4030
epoch 132/200 loss 0.0041 train 1.0000 test 0.4020
epoch 133/200 loss 0.0040 train 1.0000 test 0.4050
epoch 134/200 loss 0.0045 train 1.0000 test 0.4070
epoch 135/200 loss 0.0048 train 1.0000 test 0.4090
epoch 136/200 loss 0.0043 train 1.0000 test 0.4040
epoch 137/200 loss 0.0046 train 1.0000 test 0.4050
epoch 138/200 loss 0.0044 train 1.0000 test 0.4050
epoch 139/200 loss 0.0039 train 1.0000 test 0.4040
epoch 140/200 loss 0.0044 train 1.0000 test 0.4070
epoch 141/200 loss 0.0042 train 1.0000 test 0.4040
epoch 142/200 loss 0.0036 train 1.0000 test 0.4010
epoch 143/200 loss 0.0049 train 1.0000 test 0.3990
epoch 144/200 loss 0.0046 train 1.0000 test 0.3990
epoch 145/200 loss 0.0043 train 1.0000 test 0.4000
epoch 146/200 loss 0.0045 train 1.0000 test 0.4000
epoch 147/200 loss 0.0044 train 1.0000 test 0.4050
epoch 148/200 loss 0.0038 train 1.0000 test 0.4020
epoch 149/200 loss 0.0048 train 1.0000 test 0.4040
epoch 150/200 loss 0.0043 train 1.0000 test 0.4020
epoch 151/200 loss 0.0049 train 1.0000 test 0.4040
epoch 152/200 loss 0.0047 train 1.0000 test 0.4050
epoch 153/200 loss 0.0043 train 1.0000 test 0.4050
epoch 154/200 loss 0.0046 train 1.0000 test 0.4020
epoch 155/200 loss 0.0053 train 1.0000 test 0.4040
epoch 156/200 loss 0.0050 train 1.0000 test 0.4050
epoch 157/200 loss 0.0041 train 1.0000 test 0.4020
epoch 158/200 loss 0.0054 train 1.0000 test 0.4050
epoch 159/200 loss 0.0048 train 1.0000 test 0.4040
epoch 160/200 loss 0.0042 train 1.0000 test 0.4050
epoch 161/200 loss 0.0040 train 1.0000 test 0.4060
epoch 162/200 loss 0.0041 train 1.0000 test 0.4080
epoch 163/200 loss 0.0046 train 1.0000 test 0.4030
epoch 164/200 loss 0.0038 train 1.0000 test 0.4030
epoch 165/200 loss 0.0043 train 1.0000 test 0.4050
epoch 166/200 loss 0.0045 train 1.0000 test 0.4040
epoch 167/200 loss 0.0046 train 1.0000 test 0.4010
epoch 168/200 loss 0.0042 train 1.0000 test 0.4060
epoch 169/200 loss 0.0041 train 1.0000 test 0.4070
epoch 170/200 loss 0.0045 train 1.0000 test 0.4070
epoch 171/200 loss 0.0041 train 1.0000 test 0.4060
epoch 172/200 loss 0.0037 train 1.0000 test 0.4080
epoch 173/200 loss 0.0042 train 1.0000 test 0.4060
epoch 174/200 loss 0.0051 train 1.0000 test 0.4040
epoch 175/200 loss 0.0052 train 1.0000 test 0.4070
epoch 176/200 loss 0.0039 train 1.0000 test 0.4050
epoch 177/200 loss 0.0039 train 1.0000 test 0.4050
epoch 178/200 loss 0.0042 train 1.0000 test 0.4050
epoch 179/200 loss 0.0037 train 1.0000 test 0.4080
epoch 180/200 loss 0.0042 train 1.0000 test 0.4100
epoch 181/200 loss 0.0041 train 1.0000 test 0.4060
epoch 182/200 loss 0.0040 train 1.0000 test 0.4060
epoch 183/200 loss 0.0043 train 1.0000 test 0.4090
epoch 184/200 loss 0.0044 train 1.0000 test 0.4070
epoch 185/200 loss 0.0043 train 1.0000 test 0.4050
epoch 186/200 loss 0.0038 train 1.0000 test 0.4070
epoch 187/200 loss 0.0044 train 1.0000 test 0.4070
epoch 188/200 loss 0.0039 train 1.0000 test 0.4050
epoch 189/200 loss 0.0042 train 1.0000 test 0.4070
epoch 190/200 loss 0.0038 train 1.0000 test 0.4080
epoch 191/200 loss 0.0040 train 1.0000 test 0.4070
epoch 192/200 loss 0.0049 train 1.0000 test 0.4080
epoch 193/200 loss 0.0034 train 1.0000 test 0.4090
epoch 194/200 loss 0.0044 train 1.0000 test 0.4110
epoch 195/200 loss 0.0038 train 1.0000 test 0.4070
epoch 196/200 loss 0.0039 train 1.0000 test 0.4050
epoch 197/200 loss 0.0041 train 1.0000 test 0.4050
epoch 198/200 loss 0.0044 train 1.0000 test 0.4070
epoch 199/200 loss 0.0051 train 1.0000 test 0.4070
epoch 200/200 loss 0.0041 train 1.0000 test 0.4070
done: final 0.4070 best 0.4140 -> ./runs/tin20_none/seed2
TIN20_DONE tin20_none_seed2
TIN20_CELL_DONE tin20_none
TIN20_START tin20_aux_seed0
moment-aux target calibrated on 1024 images
[tin20_aux seed0] {"params_trainable": 11181148, "params_stem_trainable": 0, "params_stem_fixed_filters": 0, "flops_total": 2226628608, "flops_stem": 0, "flops_image_size": 64}
epoch 1/200 loss 4.8734 train 0.0614 test 0.0650
epoch 2/200 loss 3.9588 train 0.1016 test 0.1150
epoch 3/200 loss 3.6309 train 0.1295 test 0.1080
epoch 4/200 loss 3.3318 train 0.1629 test 0.1410
epoch 5/200 loss 3.0259 train 0.1842 test 0.2320
epoch 6/200 loss 2.8462 train 0.2422 test 0.2210
epoch 7/200 loss 2.7665 train 0.2600 test 0.2210
epoch 8/200 loss 2.7331 train 0.2511 test 0.2320
epoch 9/200 loss 2.6557 train 0.2712 test 0.2480
epoch 10/200 loss 2.5495 train 0.3002 test 0.2630
epoch 11/200 loss 2.4692 train 0.3326 test 0.2500
epoch 12/200 loss 2.4105 train 0.3382 test 0.2410
epoch 13/200 loss 2.3781 train 0.3326 test 0.2550
epoch 14/200 loss 2.3423 train 0.3549 test 0.2410
epoch 15/200 loss 2.3691 train 0.3460 test 0.2460
epoch 16/200 loss 2.2718 train 0.3728 test 0.2670
epoch 17/200 loss 2.2818 train 0.3594 test 0.2200
epoch 18/200 loss 2.1706 train 0.4085 test 0.2420
epoch 19/200 loss 2.0663 train 0.4185 test 0.2560
epoch 20/200 loss 2.1013 train 0.4141 test 0.3140
epoch 21/200 loss 2.0224 train 0.4554 test 0.2670
epoch 22/200 loss 1.9909 train 0.4241 test 0.2630
epoch 23/200 loss 1.9495 train 0.4487 test 0.3160
epoch 24/200 loss 1.9499 train 0.4353 test 0.3230
epoch 25/200 loss 1.8899 train 0.4888 test 0.2930
epoch 26/200 loss 1.8273 train 0.4754 test 0.3060
epoch 27/200 loss 1.8167 train 0.4788 test 0.3200
epoch 28/200 loss 1.6839 train 0.5234 test 0.3440
epoch 29/200 loss 1.7245 train 0.5190 test 0.3090
epoch 30/200 loss 1.6868 train 0.5179 test 0.3000
epoch 31/200 loss 1.6391 train 0.5391 test 0.2880
epoch 32/200 loss 1.6673 train 0.5212 test 0.3120
epoch 33/200 loss 1.5986 train 0.5469 test 0.3240
epoch 34/200 loss 1.5667 train 0.5547 test 0.2990
epoch 35/200 loss 1.4958 train 0.5781 test 0.3140
epoch 36/200 loss 1.4189 train 0.5971 test 0.3180
epoch 37/200 loss 1.3518 train 0.6116 test 0.3500
epoch 38/200 loss 1.3375 train 0.6094 test 0.3440
epoch 39/200 loss 1.2933 train 0.6172 test 0.3420
epoch 40/200 loss 1.2703 train 0.6283 test 0.3290
epoch 41/200 loss 1.3011 train 0.6172 test 0.3120
epoch 42/200 loss 1.1470 train 0.6819 test 0.3550
epoch 43/200 loss 1.1875 train 0.6696 test 0.3100
epoch 44/200 loss 1.1417 train 0.6696 test 0.3040
epoch 45/200 loss 1.2013 train 0.6473 test 0.3290
epoch 46/200 loss 1.0240 train 0.7266 test 0.3410
epoch 47/200 loss 0.9583 train 0.7377 test 0.3310
epoch 48/200 loss 0.9211 train 0.7545 test 0.3160
epoch 49/200 loss 0.8991 train 0.7500 test 0.3640
epoch 50/200 loss 0.8845 train 0.7578 test 0.3730
epoch 51/200 loss 0.7971 train 0.7969 test 0.3420
epoch 52/200 loss 0.7881 train 0.7879 test 0.4010
epoch 53/200 loss 0.7452 train 0.7924 test 0.3320
epoch 54/200 loss 0.7282 train 0.8092 test 0.3520
epoch 55/200 loss 0.6753 train 0.8214 test 0.3790
epoch 56/200 loss 0.6932 train 0.8203 test 0.3590
epoch 57/200 loss 0.6853 train 0.7924 test 0.3490
epoch 58/200 loss 0.6248 train 0.8404 test 0.3620
epoch 59/200 loss 0.5800 train 0.8460 test 0.3160
epoch 60/200 loss 0.5340 train 0.8549 test 0.3740
epoch 61/200 loss 0.5437 train 0.8728 test 0.3800
epoch 62/200 loss 0.5356 train 0.8683 test 0.3510
epoch 63/200 loss 0.4959 train 0.8783 test 0.3910
epoch 64/200 loss 0.4407 train 0.9074 test 0.3940
epoch 65/200 loss 0.4609 train 0.8828 test 0.3970
epoch 66/200 loss 0.4235 train 0.9107 test 0.3830
epoch 67/200 loss 0.3633 train 0.9141 test 0.3780
epoch 68/200 loss 0.3223 train 0.9431 test 0.4010
epoch 69/200 loss 0.2633 train 0.9632 test 0.3620
epoch 70/200 loss 0.2410 train 0.9688 test 0.4000
epoch 71/200 loss 0.2296 train 0.9665 test 0.4060
epoch 72/200 loss 0.2207 train 0.9643 test 0.3940
epoch 73/200 loss 0.2016 train 0.9699 test 0.4050
epoch 74/200 loss 0.2205 train 0.9565 test 0.4320
epoch 75/200 loss 0.1847 train 0.9777 test 0.3940
epoch 76/200 loss 0.1728 train 0.9743 test 0.4110
epoch 77/200 loss 0.1748 train 0.9777 test 0.4190
epoch 78/200 loss 0.1522 train 0.9877 test 0.4210
epoch 79/200 loss 0.1412 train 0.9888 test 0.3960
epoch 80/200 loss 0.1348 train 0.9866 test 0.4230
epoch 81/200 loss 0.1169 train 0.9944 test 0.4200
epoch 82/200 loss 0.1018 train 0.9955 test 0.4180
epoch 83/200 loss 0.1061 train 0.9955 test 0.4030
epoch 84/200 loss 0.1070 train 0.9922 test 0.4240
epoch 85/200 loss 0.0962 train 0.9933 test 0.4450
epoch 86/200 loss 0.0957 train 0.9933 test 0.4190
epoch 87/200 loss 0.0926 train 0.9933 test 0.4180
epoch 88/200 loss 0.0880 train 0.9955 test 0.4500
epoch 89/200 loss 0.0806 train 0.9967 test 0.4490
epoch 90/200 loss 0.0793 train 0.9955 test 0.4380
epoch 91/200 loss 0.0752 train 0.9978 test 0.4560
epoch 92/200 loss 0.0661 train 0.9989 test 0.4550
epoch 93/200 loss 0.0599 train 1.0000 test 0.4460
epoch 94/200 loss 0.0569 train 1.0000 test 0.4530
epoch 95/200 loss 0.0544 train 0.9989 test 0.4480
epoch 96/200 loss 0.0519 train 1.0000 test 0.4580
epoch 97/200 loss 0.0499 train 1.0000 test 0.4600
epoch 98/200 loss 0.0484 train 1.0000 test 0.4590
epoch 99/200 loss 0.0466 train 1.0000 test 0.4560
epoch 100/200 loss 0.0454 train 1.0000 test 0.4620
epoch 101/200 loss 0.0440 train 1.0000 test 0.4540
epoch 102/200 loss 0.0420 train 1.0000 test 0.4510
epoch 103/200 loss 0.0428 train 1.0000 test 0.4550
epoch 104/200 loss 0.0407 train 1.0000 test 0.4520
epoch 105/200 loss 0.0423 train 1.0000 test 0.4630
epoch 106/200 loss 0.0394 train 1.0000 test 0.4670
epoch 107/200 loss 0.0404 train 0.9989 test 0.4540
epoch 108/200 loss 0.0371 train 1.0000 test 0.4500
epoch 109/200 loss 0.0364 train 1.0000 test 0.4480
epoch 110/200 loss 0.0364 train 1.0000 test 0.4540
epoch 111/200 loss 0.0358 train 0.9989 test 0.4530
epoch 112/200 loss 0.0351 train 1.0000 test 0.4570
epoch 113/200 loss 0.0341 train 1.0000 test 0.4520
epoch 114/200 loss 0.0332 train 1.0000 test 0.4520
epoch 115/200 loss 0.0329 train 1.0000 test 0.4520
epoch 116/200 loss 0.0322 train 1.0000 test 0.4530
epoch 117/200 loss 0.0315 train 1.0000 test 0.4540
epoch 118/200 loss 0.0305 train 1.0000 test 0.4600
epoch 119/200 loss 0.0301 train 1.0000 test 0.4520
epoch 120/200 loss 0.0295 train 1.0000 test 0.4580
epoch 121/200 loss 0.0291 train 1.0000 test 0.4560
epoch 122/200 loss 0.0289 train 1.0000 test 0.4540
epoch 123/200 loss 0.0279 train 1.0000 test 0.4540
epoch 124/200 loss 0.0263 train 1.0000 test 0.4560
epoch 125/200 loss 0.0263 train 1.0000 test 0.4590
epoch 126/200 loss 0.0258 train 1.0000 test 0.4560
epoch 127/200 loss 0.0250 train 1.0000 test 0.4610
epoch 128/200 loss 0.0247 train 1.0000 test 0.4590
epoch 129/200 loss 0.0232 train 1.0000 test 0.4590
epoch 130/200 loss 0.0236 train 1.0000 test 0.4630
epoch 131/200 loss 0.0230 train 1.0000 test 0.4590
epoch 132/200 loss 0.0221 train 1.0000 test 0.4560
epoch 133/200 loss 0.0215 train 1.0000 test 0.4540
epoch 134/200 loss 0.0217 train 1.0000 test 0.4570
epoch 135/200 loss 0.0214 train 1.0000 test 0.4520
epoch 136/200 loss 0.0213 train 1.0000 test 0.4610
epoch 137/200 loss 0.0197 train 1.0000 test 0.4580
epoch 138/200 loss 0.0191 train 1.0000 test 0.4580
epoch 139/200 loss 0.0191 train 1.0000 test 0.4570
epoch 140/200 loss 0.0182 train 1.0000 test 0.4590
epoch 141/200 loss 0.0178 train 1.0000 test 0.4580
epoch 142/200 loss 0.0175 train 1.0000 test 0.4580
epoch 143/200 loss 0.0162 train 1.0000 test 0.4560
epoch 144/200 loss 0.0163 train 1.0000 test 0.4550
epoch 145/200 loss 0.0160 train 1.0000 test 0.4580
epoch 146/200 loss 0.0156 train 1.0000 test 0.4580
epoch 147/200 loss 0.0148 train 1.0000 test 0.4610
epoch 148/200 loss 0.0148 train 1.0000 test 0.4590
epoch 149/200 loss 0.0146 train 1.0000 test 0.4580
epoch 150/200 loss 0.0147 train 1.0000 test 0.4590
epoch 151/200 loss 0.0135 train 1.0000 test 0.4600
epoch 152/200 loss 0.0133 train 1.0000 test 0.4570
epoch 153/200 loss 0.0130 train 1.0000 test 0.4610
epoch 154/200 loss 0.0127 train 1.0000 test 0.4600
epoch 155/200 loss 0.0117 train 1.0000 test 0.4590
epoch 156/200 loss 0.0114 train 1.0000 test 0.4580
epoch 157/200 loss 0.0123 train 1.0000 test 0.4610
epoch 158/200 loss 0.0121 train 1.0000 test 0.4650
epoch 159/200 loss 0.0111 train 1.0000 test 0.4580
epoch 160/200 loss 0.0109 train 1.0000 test 0.4610
epoch 161/200 loss 0.0097 train 1.0000 test 0.4590
epoch 162/200 loss 0.0106 train 1.0000 test 0.4570
epoch 163/200 loss 0.0097 train 1.0000 test 0.4580
epoch 164/200 loss 0.0093 train 1.0000 test 0.4560
epoch 165/200 loss 0.0094 train 1.0000 test 0.4560
epoch 166/200 loss 0.0088 train 1.0000 test 0.4570
epoch 167/200 loss 0.0079 train 1.0000 test 0.4570
epoch 168/200 loss 0.0085 train 1.0000 test 0.4560
epoch 169/200 loss 0.0088 train 1.0000 test 0.4580
epoch 170/200 loss 0.0077 train 1.0000 test 0.4560
epoch 171/200 loss 0.0076 train 1.0000 test 0.4550
epoch 172/200 loss 0.0072 train 1.0000 test 0.4560
epoch 173/200 loss 0.0076 train 1.0000 test 0.4610
epoch 174/200 loss 0.0071 train 1.0000 test 0.4600
epoch 175/200 loss 0.0065 train 1.0000 test 0.4580
epoch 176/200 loss 0.0062 train 1.0000 test 0.4560
epoch 177/200 loss 0.0068 train 1.0000 test 0.4570
epoch 178/200 loss 0.0058 train 1.0000 test 0.4540
epoch 179/200 loss 0.0058 train 1.0000 test 0.4560
epoch 180/200 loss 0.0056 train 1.0000 test 0.4550
epoch 181/200 loss 0.0054 train 1.0000 test 0.4560
epoch 182/200 loss 0.0054 train 1.0000 test 0.4590
epoch 183/200 loss 0.0055 train 1.0000 test 0.4570
epoch 184/200 loss 0.0049 train 1.0000 test 0.4540
epoch 185/200 loss 0.0049 train 1.0000 test 0.4550
epoch 186/200 loss 0.0053 train 1.0000 test 0.4540
epoch 187/200 loss 0.0044 train 1.0000 test 0.4570
epoch 188/200 loss 0.0050 train 1.0000 test 0.4570
epoch 189/200 loss 0.0044 train 1.0000 test 0.4550
epoch 190/200 loss 0.0044 train 1.0000 test 0.4540
epoch 191/200 loss 0.0046 train 1.0000 test 0.4550
epoch 192/200 loss 0.0042 train 1.0000 test 0.4580
epoch 193/200 loss 0.0043 train 1.0000 test 0.4570
epoch 194/200 loss 0.0039 train 1.0000 test 0.4580
epoch 195/200 loss 0.0038 train 1.0000 test 0.4560
epoch 196/200 loss 0.0043 train 1.0000 test 0.4570
epoch 197/200 loss 0.0043 train 1.0000 test 0.4570
epoch 198/200 loss 0.0038 train 1.0000 test 0.4590
epoch 199/200 loss 0.0050 train 1.0000 test 0.4550
epoch 200/200 loss 0.0045 train 1.0000 test 0.4600
done: final 0.4600 best 0.4670 -> ./runs/tin20_aux/seed0
TIN20_DONE tin20_aux_seed0
TIN20_START tin20_aux_seed1
moment-aux target calibrated on 1024 images
[tin20_aux seed1] {"params_trainable": 11181148, "params_stem_trainable": 0, "params_stem_fixed_filters": 0, "flops_total": 2226628608, "flops_stem": 0, "flops_image_size": 64}
epoch 1/200 loss 4.6315 train 0.0525 test 0.0950
epoch 2/200 loss 3.9598 train 0.0926 test 0.1010
epoch 3/200 loss 3.5998 train 0.1395 test 0.1280
epoch 4/200 loss 3.2747 train 0.1775 test 0.1880
epoch 5/200 loss 3.0385 train 0.2042 test 0.1840
epoch 6/200 loss 2.8899 train 0.2254 test 0.2010
epoch 7/200 loss 2.7893 train 0.2143 test 0.2500
epoch 8/200 loss 2.6756 train 0.2768 test 0.2510
epoch 9/200 loss 2.6577 train 0.2723 test 0.2510
epoch 10/200 loss 2.6236 train 0.2946 test 0.2490
epoch 11/200 loss 2.4859 train 0.3147 test 0.2670
epoch 12/200 loss 2.4698 train 0.3092 test 0.2380
epoch 13/200 loss 2.4316 train 0.3382 test 0.2630
epoch 14/200 loss 2.3301 train 0.3638 test 0.2580
epoch 15/200 loss 2.3026 train 0.3583 test 0.2420
epoch 16/200 loss 2.2703 train 0.3583 test 0.2760
epoch 17/200 loss 2.2131 train 0.3839 test 0.2640
epoch 18/200 loss 2.1662 train 0.3862 test 0.2690
epoch 19/200 loss 2.0988 train 0.4308 test 0.2690
epoch 20/200 loss 2.0960 train 0.4196 test 0.2300
epoch 21/200 loss 2.0132 train 0.4219 test 0.2540
epoch 22/200 loss 2.0045 train 0.4319 test 0.3090
epoch 23/200 loss 1.9755 train 0.4442 test 0.2900
epoch 24/200 loss 1.9720 train 0.4487 test 0.2860
epoch 25/200 loss 1.9139 train 0.4587 test 0.2750
epoch 26/200 loss 1.8862 train 0.4710 test 0.2720
epoch 27/200 loss 1.8247 train 0.4933 test 0.3030
epoch 28/200 loss 1.7849 train 0.5089 test 0.3070
epoch 29/200 loss 1.7364 train 0.5067 test 0.3180
epoch 30/200 loss 1.6895 train 0.5268 test 0.3320
epoch 31/200 loss 1.6941 train 0.5067 test 0.2600
epoch 32/200 loss 1.6183 train 0.5201 test 0.2960
epoch 33/200 loss 1.6032 train 0.5346 test 0.3420
epoch 34/200 loss 1.5227 train 0.5904 test 0.3210
epoch 35/200 loss 1.4679 train 0.5804 test 0.2650
epoch 36/200 loss 1.4689 train 0.5748 test 0.3290
epoch 37/200 loss 1.4532 train 0.5904 test 0.2930
epoch 38/200 loss 1.3990 train 0.5982 test 0.3570
epoch 39/200 loss 1.2765 train 0.6395 test 0.3370
epoch 40/200 loss 1.3056 train 0.6150 test 0.3410
epoch 41/200 loss 1.2544 train 0.6540 test 0.3660
epoch 42/200 loss 1.1943 train 0.6696 test 0.2900
epoch 43/200 loss 1.1558 train 0.6741 test 0.3470
epoch 44/200 loss 1.0758 train 0.6931 test 0.3530
epoch 45/200 loss 1.1484 train 0.6585 test 0.3430
epoch 46/200 loss 1.0460 train 0.7098 test 0.3560
epoch 47/200 loss 1.0417 train 0.6853 test 0.3650
epoch 48/200 loss 0.9467 train 0.7433 test 0.3810
epoch 49/200 loss 0.9361 train 0.7333 test 0.3130
epoch 50/200 loss 0.8892 train 0.7411 test 0.3640
epoch 51/200 loss 0.8518 train 0.7478 test 0.3510
epoch 52/200 loss 0.8402 train 0.7712 test 0.3100
epoch 53/200 loss 0.8601 train 0.7667 test 0.3430
epoch 54/200 loss 0.8373 train 0.7567 test 0.3520
epoch 55/200 loss 0.7290 train 0.8170 test 0.3410
epoch 56/200 loss 0.6781 train 0.8248 test 0.3600
epoch 57/200 loss 0.6604 train 0.8192 test 0.3970
epoch 58/200 loss 0.5998 train 0.8348 test 0.3800
epoch 59/200 loss 0.5900 train 0.8482 test 0.3360
epoch 60/200 loss 0.6301 train 0.8214 test 0.3400
epoch 61/200 loss 0.5722 train 0.8571 test 0.3670
epoch 62/200 loss 0.5526 train 0.8571 test 0.3140
epoch 63/200 loss 0.5594 train 0.8504 test 0.3430
epoch 64/200 loss 0.4770 train 0.8839 test 0.3510
epoch 65/200 loss 0.4985 train 0.8806 test 0.3540
epoch 66/200 loss 0.4677 train 0.8828 test 0.3660
epoch 67/200 loss 0.4254 train 0.9085 test 0.3850
epoch 68/200 loss 0.3899 train 0.9062 test 0.3700
epoch 69/200 loss 0.3429 train 0.9252 test 0.3630
epoch 70/200 loss 0.3092 train 0.9464 test 0.3810
epoch 71/200 loss 0.3262 train 0.9263 test 0.3750
epoch 72/200 loss 0.2986 train 0.9342 test 0.4130
epoch 73/200 loss 0.2591 train 0.9498 test 0.3590
epoch 74/200 loss 0.2201 train 0.9665 test 0.4200
epoch 75/200 loss 0.2119 train 0.9743 test 0.4110
epoch 76/200 loss 0.1857 train 0.9732 test 0.4090
epoch 77/200 loss 0.1928 train 0.9710 test 0.3750
epoch 78/200 loss 0.1633 train 0.9799 test 0.3990
epoch 79/200 loss 0.1680 train 0.9799 test 0.4200
epoch 80/200 loss 0.1460 train 0.9833 test 0.3790
epoch 81/200 loss 0.1446 train 0.9788 test 0.3870
epoch 82/200 loss 0.1251 train 0.9866 test 0.3950
epoch 83/200 loss 0.1169 train 0.9933 test 0.4200
epoch 84/200 loss 0.1066 train 0.9922 test 0.4080
epoch 85/200 loss 0.0931 train 0.9955 test 0.4210
epoch 86/200 loss 0.0883 train 0.9933 test 0.4200
epoch 87/200 loss 0.0896 train 0.9955 test 0.4120
epoch 88/200 loss 0.0956 train 0.9888 test 0.3960
epoch 89/200 loss 0.0928 train 0.9933 test 0.4330
epoch 90/200 loss 0.0824 train 0.9944 test 0.4340
epoch 91/200 loss 0.0742 train 0.9978 test 0.4300
epoch 92/200 loss 0.0716 train 0.9978 test 0.4100
epoch 93/200 loss 0.0708 train 0.9978 test 0.4410
epoch 94/200 loss 0.0596 train 1.0000 test 0.4340
epoch 95/200 loss 0.0584 train 1.0000 test 0.4440
epoch 96/200 loss 0.0526 train 1.0000 test 0.4460
epoch 97/200 loss 0.0525 train 1.0000 test 0.4430
epoch 98/200 loss 0.0491 train 1.0000 test 0.4430
epoch 99/200 loss 0.0492 train 0.9989 test 0.4430
epoch 100/200 loss 0.0479 train 1.0000 test 0.4550
epoch 101/200 loss 0.0444 train 1.0000 test 0.4610
epoch 102/200 loss 0.0429 train 1.0000 test 0.4510
epoch 103/200 loss 0.0416 train 1.0000 test 0.4480
epoch 104/200 loss 0.0404 train 1.0000 test 0.4590
epoch 105/200 loss 0.0392 train 1.0000 test 0.4550
epoch 106/200 loss 0.0389 train 1.0000 test 0.4560
epoch 107/200 loss 0.0368 train 1.0000 test 0.4510
epoch 108/200 loss 0.0364 train 1.0000 test 0.4590
epoch 109/200 loss 0.0355 train 1.0000 test 0.4540
epoch 110/200 loss 0.0364 train 0.9989 test 0.4580
epoch 111/200 loss 0.0355 train 1.0000 test 0.4540
epoch 112/200 loss 0.0336 train 1.0000 test 0.4510
epoch 113/200 loss 0.0327 train 1.0000 test 0.4510
epoch 114/200 loss 0.0322 train 1.0000 test 0.4540
epoch 115/200 loss 0.0311 train 1.0000 test 0.4520
epoch 116/200 loss 0.0295 train 1.0000 test 0.4540
epoch 117/200 loss 0.0310 train 1.0000 test 0.4560
epoch 118/200 loss 0.0300 train 1.0000 test 0.4570
epoch 119/200 loss 0.0289 train 1.0000 test 0.4550
epoch 120/200 loss 0.0286 train 1.0000 test 0.4530
epoch 121/200 loss 0.0280 train 1.0000 test 0.4510
epoch 122/200 loss 0.0270 train 1.0000 test 0.4520
epoch 123/200 loss 0.0276 train 0.9989 test 0.4460
epoch 124/200 loss 0.0264 train 1.0000 test 0.4480
epoch 125/200 loss 0.0264 train 1.0000 test 0.4530
epoch 126/200 loss 0.0244 train 1.0000 test 0.4510
epoch 127/200 loss 0.0244 train 1.0000 test 0.4490
epoch 128/200 loss 0.0236 train 1.0000 test 0.4540
epoch 129/200 loss 0.0233 train 1.0000 test 0.4520
epoch 130/200 loss 0.0224 train 1.0000 test 0.4550
epoch 131/200 loss 0.0211 train 1.0000 test 0.4520
epoch 132/200 loss 0.0219 train 1.0000 test 0.4510
epoch 133/200 loss 0.0205 train 1.0000 test 0.4500
epoch 134/200 loss 0.0207 train 1.0000 test 0.4550
epoch 135/200 loss 0.0203 train 1.0000 test 0.4530
epoch 136/200 loss 0.0198 train 1.0000 test 0.4530
epoch 137/200 loss 0.0190 train 1.0000 test 0.4550
epoch 138/200 loss 0.0183 train 1.0000 test 0.4590
epoch 139/200 loss 0.0179 train 1.0000 test 0.4600
epoch 140/200 loss 0.0180 train 1.0000 test 0.4550
epoch 141/200 loss 0.0170 train 1.0000 test 0.4570
epoch 142/200 loss 0.0167 train 1.0000 test 0.4550
epoch 143/200 loss 0.0161 train 1.0000 test 0.4550
epoch 144/200 loss 0.0157 train 1.0000 test 0.4550
epoch 145/200 loss 0.0161 train 1.0000 test 0.4530
epoch 146/200 loss 0.0155 train 1.0000 test 0.4540
epoch 147/200 loss 0.0145 train 1.0000 test 0.4510
epoch 148/200 loss 0.0140 train 1.0000 test 0.4540
epoch 149/200 loss 0.0141 train 1.0000 test 0.4510
epoch 150/200 loss 0.0137 train 1.0000 test 0.4540
epoch 151/200 loss 0.0130 train 1.0000 test 0.4490
epoch 152/200 loss 0.0130 train 1.0000 test 0.4520
epoch 153/200 loss 0.0127 train 1.0000 test 0.4530
epoch 154/200 loss 0.0117 train 1.0000 test 0.4520
epoch 155/200 loss 0.0117 train 1.0000 test 0.4530
epoch 156/200 loss 0.0117 train 1.0000 test 0.4550
epoch 157/200 loss 0.0110 train 1.0000 test 0.4530
epoch 158/200 loss 0.0106 train 1.0000 test 0.4530
epoch 159/200 loss 0.0106 train 1.0000 test 0.4530
epoch 160/200 loss 0.0105 train 1.0000 test 0.4520
epoch 161/200 loss 0.0096 train 1.0000 test 0.4500
epoch 162/200 loss 0.0093 train 1.0000 test 0.4520
epoch 163/200 loss 0.0095 train 1.0000 test 0.4530
epoch 164/200 loss 0.0087 train 1.0000 test 0.4510
epoch 165/200 loss 0.0092 train 1.0000 test 0.4520
epoch 166/200 loss 0.0083 train 1.0000 test 0.4540
epoch 167/200 loss 0.0082 train 1.0000 test 0.4530
epoch 168/200 loss 0.0076 train 1.0000 test 0.4530
epoch 169/200 loss 0.0079 train 1.0000 test 0.4530
epoch 170/200 loss 0.0076 train 1.0000 test 0.4510
epoch 171/200 loss 0.0071 train 1.0000 test 0.4500
epoch 172/200 loss 0.0071 train 1.0000 test 0.4530
epoch 173/200 loss 0.0068 train 1.0000 test 0.4470
epoch 174/200 loss 0.0064 train 1.0000 test 0.4490
epoch 175/200 loss 0.0061 train 1.0000 test 0.4510
epoch 176/200 loss 0.0065 train 1.0000 test 0.4520
epoch 177/200 loss 0.0065 train 1.0000 test 0.4520
epoch 178/200 loss 0.0057 train 1.0000 test 0.4510
epoch 179/200 loss 0.0057 train 1.0000 test 0.4510
epoch 180/200 loss 0.0055 train 1.0000 test 0.4490
epoch 181/200 loss 0.0053 train 1.0000 test 0.4480
epoch 182/200 loss 0.0052 train 1.0000 test 0.4470
epoch 183/200 loss 0.0058 train 1.0000 test 0.4480
epoch 184/200 loss 0.0056 train 1.0000 test 0.4490
epoch 185/200 loss 0.0050 train 1.0000 test 0.4510
epoch 186/200 loss 0.0047 train 1.0000 test 0.4500
epoch 187/200 loss 0.0044 train 1.0000 test 0.4460
epoch 188/200 loss 0.0049 train 1.0000 test 0.4480
epoch 189/200 loss 0.0042 train 1.0000 test 0.4500
epoch 190/200 loss 0.0042 train 1.0000 test 0.4470
epoch 191/200 loss 0.0045 train 1.0000 test 0.4480
epoch 192/200 loss 0.0046 train 1.0000 test 0.4490
epoch 193/200 loss 0.0038 train 1.0000 test 0.4510
epoch 194/200 loss 0.0043 train 1.0000 test 0.4530
epoch 195/200 loss 0.0037 train 1.0000 test 0.4520
epoch 196/200 loss 0.0042 train 1.0000 test 0.4500
epoch 197/200 loss 0.0040 train 1.0000 test 0.4500
epoch 198/200 loss 0.0037 train 1.0000 test 0.4500
epoch 199/200 loss 0.0041 train 1.0000 test 0.4520
epoch 200/200 loss 0.0040 train 1.0000 test 0.4500
done: final 0.4500 best 0.4610 -> ./runs/tin20_aux/seed1
TIN20_DONE tin20_aux_seed1
TIN20_START tin20_aux_seed2
moment-aux target calibrated on 1024 images
[tin20_aux seed2] {"params_trainable": 11181148, "params_stem_trainable": 0, "params_stem_fixed_filters": 0, "flops_total": 2226628608, "flops_stem": 0, "flops_image_size": 64}
epoch 1/200 loss 4.6484 train 0.0603 test 0.0840
epoch 2/200 loss 3.9087 train 0.1261 test 0.1210
epoch 3/200 loss 3.5678 train 0.1574 test 0.1250
epoch 4/200 loss 3.2922 train 0.1842 test 0.1790
epoch 5/200 loss 3.0335 train 0.2109 test 0.1580
epoch 6/200 loss 2.9152 train 0.2344 test 0.2020
epoch 7/200 loss 2.7738 train 0.2645 test 0.2310
epoch 8/200 loss 2.7476 train 0.2701 test 0.2410
epoch 9/200 loss 2.6251 train 0.2969 test 0.2750
epoch 10/200 loss 2.5673 train 0.3025 test 0.2560
epoch 11/200 loss 2.4950 train 0.3002 test 0.2610
epoch 12/200 loss 2.4047 train 0.3337 test 0.2680
epoch 13/200 loss 2.3775 train 0.3393 test 0.2390
epoch 14/200 loss 2.4081 train 0.3404 test 0.2510
epoch 15/200 loss 2.3400 train 0.3527 test 0.2540
epoch 16/200 loss 2.2814 train 0.3650 test 0.2890
epoch 17/200 loss 2.1849 train 0.4007 test 0.2700
epoch 18/200 loss 2.1734 train 0.3750 test 0.2810
epoch 19/200 loss 2.1112 train 0.4040 test 0.2650
epoch 20/200 loss 2.0643 train 0.4263 test 0.2510
epoch 21/200 loss 1.9850 train 0.4576 test 0.2890
epoch 22/200 loss 1.9369 train 0.4587 test 0.2990
epoch 23/200 loss 1.8892 train 0.4643 test 0.3030
epoch 24/200 loss 1.8645 train 0.4777 test 0.2820
epoch 25/200 loss 1.7880 train 0.5123 test 0.3320
epoch 26/200 loss 1.7456 train 0.4788 test 0.3290
epoch 27/200 loss 1.7351 train 0.5246 test 0.3130
epoch 28/200 loss 1.6986 train 0.5391 test 0.3340
epoch 29/200 loss 1.7604 train 0.4955 test 0.2890
epoch 30/200 loss 1.7087 train 0.4877 test 0.2540
epoch 31/200 loss 1.6683 train 0.5056 test 0.2900
epoch 32/200 loss 1.5975 train 0.5547 test 0.3240
epoch 33/200 loss 1.5549 train 0.5569 test 0.2940
epoch 34/200 loss 1.4912 train 0.5636 test 0.3510
epoch 35/200 loss 1.3721 train 0.6083 test 0.3460
epoch 36/200 loss 1.4056 train 0.5871 test 0.3210
epoch 37/200 loss 1.3460 train 0.6228 test 0.3320
epoch 38/200 loss 1.3634 train 0.6060 test 0.3660
epoch 39/200 loss 1.3295 train 0.6127 test 0.3330
epoch 40/200 loss 1.2494 train 0.6373 test 0.3460
epoch 41/200 loss 1.2388 train 0.6496 test 0.3260
epoch 42/200 loss 1.1611 train 0.6674 test 0.3370
epoch 43/200 loss 1.2082 train 0.6562 test 0.3350
epoch 44/200 loss 1.0910 train 0.6975 test 0.3790
epoch 45/200 loss 1.0870 train 0.7042 test 0.3650
epoch 46/200 loss 1.0420 train 0.7176 test 0.3360
epoch 47/200 loss 1.0462 train 0.6942 test 0.3460
epoch 48/200 loss 0.9256 train 0.7377 test 0.3560
epoch 49/200 loss 0.9144 train 0.7556 test 0.3760
epoch 50/200 loss 0.8525 train 0.7511 test 0.3270
epoch 51/200 loss 0.8123 train 0.7835 test 0.3850
epoch 52/200 loss 0.8614 train 0.7489 test 0.3610
epoch 53/200 loss 0.8473 train 0.7757 test 0.3470
epoch 54/200 loss 0.7147 train 0.8192 test 0.3380
epoch 55/200 loss 0.6927 train 0.8348 test 0.3720
epoch 56/200 loss 0.6778 train 0.8248 test 0.3940
epoch 57/200 loss 0.6038 train 0.8348 test 0.3650
epoch 58/200 loss 0.5657 train 0.8493 test 0.3670
epoch 59/200 loss 0.5738 train 0.8482 test 0.3540
epoch 60/200 loss 0.6154 train 0.8248 test 0.3610
epoch 61/200 loss 0.6076 train 0.8348 test 0.3310
epoch 62/200 loss 0.5315 train 0.8705 test 0.3320
epoch 63/200 loss 0.5396 train 0.8560 test 0.3510
epoch 64/200 loss 0.4896 train 0.8783 test 0.3660
epoch 65/200 loss 0.4021 train 0.9107 test 0.3950
epoch 66/200 loss 0.3491 train 0.9263 test 0.4140
epoch 67/200 loss 0.2969 train 0.9464 test 0.3950
epoch 68/200 loss 0.2764 train 0.9509 test 0.3760
epoch 69/200 loss 0.3101 train 0.9453 test 0.4020
epoch 70/200 loss 0.2715 train 0.9520 test 0.3940
epoch 71/200 loss 0.2717 train 0.9475 test 0.3960
epoch 72/200 loss 0.2555 train 0.9453 test 0.3960
epoch 73/200 loss 0.2225 train 0.9621 test 0.4050
epoch 74/200 loss 0.2158 train 0.9576 test 0.3550
epoch 75/200 loss 0.2055 train 0.9621 test 0.4120
epoch 76/200 loss 0.1987 train 0.9754 test 0.3690
epoch 77/200 loss 0.1802 train 0.9710 test 0.3800
epoch 78/200 loss 0.2231 train 0.9565 test 0.4190
epoch 79/200 loss 0.2524 train 0.9509 test 0.3900
epoch 80/200 loss 0.1845 train 0.9699 test 0.3840
epoch 81/200 loss 0.1856 train 0.9743 test 0.4090
epoch 82/200 loss 0.1611 train 0.9754 test 0.4010
epoch 83/200 loss 0.1545 train 0.9754 test 0.4010
epoch 84/200 loss 0.1134 train 0.9933 test 0.4100
epoch 85/200 loss 0.1071 train 0.9900 test 0.4070
epoch 86/200 loss 0.0935 train 0.9922 test 0.4120
epoch 87/200 loss 0.0924 train 0.9955 test 0.4140
epoch 88/200 loss 0.0831 train 0.9978 test 0.4140
epoch 89/200 loss 0.0781 train 0.9978 test 0.4310
epoch 90/200 loss 0.0688 train 0.9989 test 0.4380
epoch 91/200 loss 0.0648 train 1.0000 test 0.4200
epoch 92/200 loss 0.0628 train 0.9978 test 0.4470
epoch 93/200 loss 0.0569 train 1.0000 test 0.4360
epoch 94/200 loss 0.0533 train 1.0000 test 0.4370
epoch 95/200 loss 0.0530 train 1.0000 test 0.4490
epoch 96/200 loss 0.0493 train 1.0000 test 0.4540
epoch 97/200 loss 0.0477 train 1.0000 test 0.4520
epoch 98/200 loss 0.0468 train 0.9989 test 0.4560
epoch 99/200 loss 0.0452 train 1.0000 test 0.4480
epoch 100/200 loss 0.0456 train 0.9989 test 0.4470
epoch 101/200 loss 0.0452 train 0.9989 test 0.4440
epoch 102/200 loss 0.0429 train 1.0000 test 0.4550
epoch 103/200 loss 0.0413 train 1.0000 test 0.4500
epoch 104/200 loss 0.0425 train 1.0000 test 0.4450
epoch 105/200 loss 0.0403 train 1.0000 test 0.4450
epoch 106/200 loss 0.0384 train 1.0000 test 0.4540
epoch 107/200 loss 0.0375 train 1.0000 test 0.4570
epoch 108/200 loss 0.0363 train 1.0000 test 0.4610
epoch 109/200 loss 0.0355 train 1.0000 test 0.4530
epoch 110/200 loss 0.0359 train 1.0000 test 0.4490
epoch 111/200 loss 0.0329 train 1.0000 test 0.4490
epoch 112/200 loss 0.0333 train 1.0000 test 0.4480
epoch 113/200 loss 0.0320 train 1.0000 test 0.4520
epoch 114/200 loss 0.0309 train 1.0000 test 0.4510
epoch 115/200 loss 0.0309 train 1.0000 test 0.4470
epoch 116/200 loss 0.0310 train 1.0000 test 0.4460
epoch 117/200 loss 0.0325 train 0.9989 test 0.4580
epoch 118/200 loss 0.0287 train 1.0000 test 0.4500
epoch 119/200 loss 0.0289 train 1.0000 test 0.4480
epoch 120/200 loss 0.0280 train 1.0000 test 0.4480
epoch 121/200 loss 0.0272 train 1.0000 test 0.4550
epoch 122/200 loss 0.0265 train 1.0000 test 0.4540
epoch 123/200 loss 0.0258 train 1.0000 test 0.4500
epoch 124/200 loss 0.0263 train 1.0000 test 0.4540
epoch 125/200 loss 0.0246 train 1.0000 test 0.4550
epoch 126/200 loss 0.0244 train 1.0000 test 0.4490
epoch 127/200 loss 0.0246 train 1.0000 test 0.4490
epoch 128/200 loss 0.0232 train 1.0000 test 0.4510
epoch 129/200 loss 0.0234 train 1.0000 test 0.4600
epoch 130/200 loss 0.0223 train 1.0000 test 0.4530
epoch 131/200 loss 0.0217 train 1.0000 test 0.4510
epoch 132/200 loss 0.0204 train 1.0000 test 0.4550
epoch 133/200 loss 0.0205 train 1.0000 test 0.4530
epoch 134/200 loss 0.0203 train 1.0000 test 0.4550
epoch 135/200 loss 0.0207 train 1.0000 test 0.4530
epoch 136/200 loss 0.0194 train 1.0000 test 0.4570
epoch 137/200 loss 0.0188 train 1.0000 test 0.4570
epoch 138/200 loss 0.0186 train 1.0000 test 0.4560
epoch 139/200 loss 0.0178 train 1.0000 test 0.4540
epoch 140/200 loss 0.0172 train 1.0000 test 0.4520
epoch 141/200 loss 0.0170 train 1.0000 test 0.4510
epoch 142/200 loss 0.0159 train 1.0000 test 0.4500
epoch 143/200 loss 0.0165 train 1.0000 test 0.4490
epoch 144/200 loss 0.0158 train 1.0000 test 0.4550
epoch 145/200 loss 0.0153 train 1.0000 test 0.4510
epoch 146/200 loss 0.0149 train 1.0000 test 0.4520
epoch 147/200 loss 0.0151 train 1.0000 test 0.4520
epoch 148/200 loss 0.0138 train 1.0000 test 0.4510
epoch 149/200 loss 0.0140 train 1.0000 test 0.4520
epoch 150/200 loss 0.0143 train 1.0000 test 0.4540
epoch 151/200 loss 0.0140 train 1.0000 test 0.4540
epoch 152/200 loss 0.0134 train 1.0000 test 0.4550
epoch 153/200 loss 0.0139 train 0.9989 test 0.4600
epoch 154/200 loss 0.0127 train 1.0000 test 0.4600
epoch 155/200 loss 0.0134 train 1.0000 test 0.4600
epoch 156/200 loss 0.0120 train 1.0000 test 0.4600
epoch 157/200 loss 0.0112 train 1.0000 test 0.4580
epoch 158/200 loss 0.0111 train 1.0000 test 0.4560
epoch 159/200 loss 0.0109 train 1.0000 test 0.4530
epoch 160/200 loss 0.0103 train 1.0000 test 0.4540
epoch 161/200 loss 0.0099 train 1.0000 test 0.4600
epoch 162/200 loss 0.0099 train 1.0000 test 0.4570
epoch 163/200 loss 0.0093 train 1.0000 test 0.4550
epoch 164/200 loss 0.0089 train 1.0000 test 0.4550
epoch 165/200 loss 0.0093 train 1.0000 test 0.4550
epoch 166/200 loss 0.0091 train 1.0000 test 0.4560
epoch 167/200 loss 0.0084 train 1.0000 test 0.4580
epoch 168/200 loss 0.0080 train 1.0000 test 0.4560
epoch 169/200 loss 0.0077 train 1.0000 test 0.4560
epoch 170/200 loss 0.0083 train 1.0000 test 0.4550
epoch 171/200 loss 0.0069 train 1.0000 test 0.4530
epoch 172/200 loss 0.0070 train 1.0000 test 0.4520
epoch 173/200 loss 0.0070 train 1.0000 test 0.4580
epoch 174/200 loss 0.0072 train 1.0000 test 0.4540
epoch 175/200 loss 0.0076 train 1.0000 test 0.4530
epoch 176/200 loss 0.0060 train 1.0000 test 0.4580
epoch 177/200 loss 0.0062 train 1.0000 test 0.4550
epoch 178/200 loss 0.0062 train 1.0000 test 0.4550
epoch 179/200 loss 0.0058 train 1.0000 test 0.4570
epoch 180/200 loss 0.0062 train 1.0000 test 0.4590
epoch 181/200 loss 0.0058 train 1.0000 test 0.4550
epoch 182/200 loss 0.0058 train 1.0000 test 0.4580
epoch 183/200 loss 0.0053 train 1.0000 test 0.4570
epoch 184/200 loss 0.0049 train 1.0000 test 0.4530
epoch 185/200 loss 0.0053 train 1.0000 test 0.4550
epoch 186/200 loss 0.0047 train 1.0000 test 0.4560
epoch 187/200 loss 0.0049 train 1.0000 test 0.4530
epoch 188/200 loss 0.0048 train 1.0000 test 0.4540
epoch 189/200 loss 0.0044 train 1.0000 test 0.4560
epoch 190/200 loss 0.0039 train 1.0000 test 0.4580
epoch 191/200 loss 0.0049 train 1.0000 test 0.4590
epoch 192/200 loss 0.0046 train 1.0000 test 0.4560
epoch 193/200 loss 0.0038 train 1.0000 test 0.4590
epoch 194/200 loss 0.0042 train 1.0000 test 0.4570
epoch 195/200 loss 0.0040 train 1.0000 test 0.4580
epoch 196/200 loss 0.0039 train 1.0000 test 0.4570
epoch 197/200 loss 0.0044 train 1.0000 test 0.4560
epoch 198/200 loss 0.0044 train 1.0000 test 0.4590
epoch 199/200 loss 0.0044 train 1.0000 test 0.4540
epoch 200/200 loss 0.0042 train 1.0000 test 0.4560
done: final 0.4560 best 0.4610 -> ./runs/tin20_aux/seed2
TIN20_DONE tin20_aux_seed2
TIN20_CELL_DONE tin20_aux
TIN20_PROBE_START tin20_none
tin20_none seed0: probe train 75.65  test 49.90
       5 shots/class (n=  100): test 39.20
      10 shots/class (n=  200): test 40.60
      25 shots/class (n=  500): test 41.50
      50 shots/class (n= 1000): test 43.30
     100 shots/class (n= 2000): test 43.30
     250 shots/class (n= 5000): test 48.40
tin20_none seed1: probe train 74.46  test 50.70
       5 shots/class (n=  100): test 36.60
      10 shots/class (n=  200): test 38.90
      25 shots/class (n=  500): test 39.40
      50 shots/class (n= 1000): test 40.50
     100 shots/class (n= 2000): test 40.50
     250 shots/class (n= 5000): test 46.50
tin20_none seed2: probe train 74.90  test 50.00
       5 shots/class (n=  100): test 35.30
      10 shots/class (n=  200): test 38.10
      25 shots/class (n=  500): test 39.40
      50 shots/class (n= 1000): test 39.50
     100 shots/class (n= 2000): test 40.80
     250 shots/class (n= 5000): test 45.30
PROBE_RESULT tin20_none test 50.20+/-0.44 over 3 seeds -> runs/tin20_none/linear_probe.json
TIN20_PROBE_DONE tin20_none
TIN20_PROBE_START tin20_aux
tin20_aux seed0: probe train 78.01  test 57.00
       5 shots/class (n=  100): test 43.40
      10 shots/class (n=  200): test 44.10
      25 shots/class (n=  500): test 46.10
      50 shots/class (n= 1000): test 46.10
     100 shots/class (n= 2000): test 46.80
     250 shots/class (n= 5000): test 49.20
tin20_aux seed1: probe train 77.56  test 55.30
       5 shots/class (n=  100): test 41.60
      10 shots/class (n=  200): test 44.50
      25 shots/class (n=  500): test 46.20
      50 shots/class (n= 1000): test 46.30
     100 shots/class (n= 2000): test 46.50
     250 shots/class (n= 5000): test 50.70
tin20_aux seed2: probe train 77.58  test 54.00
       5 shots/class (n=  100): test 41.30
      10 shots/class (n=  200): test 42.90
      25 shots/class (n=  500): test 45.00
      50 shots/class (n= 1000): test 45.80
     100 shots/class (n= 2000): test 44.50
     250 shots/class (n= 5000): test 50.40
PROBE_RESULT tin20_aux test 55.43+/-1.50 over 3 seeds -> runs/tin20_aux/linear_probe.json
TIN20_PROBE_DONE tin20_aux
TIN20_COMPLETE
