TINSUPER_START tinsuper_none_1pct_seed0
[tinsuper_none_1pct seed0] {"params_trainable": 11179092, "params_stem_trainable": 0, "params_stem_fixed_filters": 0, "flops_total": 2226628608, "flops_stem": 0, "flops_image_size": 64}
epoch 1/200 loss 3.0370 train 0.0469 test 0.0619
epoch 2/200 loss 2.9613 train 0.0949 test 0.0718
epoch 3/200 loss 2.9754 train 0.0859 test 0.0716
epoch 4/200 loss 2.9842 train 0.0871 test 0.0938
epoch 5/200 loss 2.8936 train 0.1116 test 0.0874
epoch 6/200 loss 2.8381 train 0.1127 test 0.0951
epoch 7/200 loss 2.8351 train 0.1183 test 0.0999
epoch 8/200 loss 2.8372 train 0.1183 test 0.0969
epoch 9/200 loss 2.7976 train 0.1429 test 0.1022
epoch 10/200 loss 2.7510 train 0.1384 test 0.0930
epoch 11/200 loss 2.7048 train 0.1484 test 0.1023
epoch 12/200 loss 2.6967 train 0.1429 test 0.1071
epoch 13/200 loss 2.6946 train 0.1585 test 0.0940
epoch 14/200 loss 2.7331 train 0.1451 test 0.1028
epoch 15/200 loss 2.6912 train 0.1496 test 0.0953
epoch 16/200 loss 2.6807 train 0.1663 test 0.1025
epoch 17/200 loss 2.6599 train 0.1585 test 0.0979
epoch 18/200 loss 2.6392 train 0.1763 test 0.1070
epoch 19/200 loss 2.6224 train 0.1708 test 0.1071
epoch 20/200 loss 2.5891 train 0.1830 test 0.1052
epoch 21/200 loss 2.6023 train 0.1853 test 0.1015
epoch 22/200 loss 2.5852 train 0.1819 test 0.1026
epoch 23/200 loss 2.5332 train 0.1975 test 0.1083
epoch 24/200 loss 2.5369 train 0.1808 test 0.1117
epoch 25/200 loss 2.5031 train 0.2154 test 0.1125
epoch 26/200 loss 2.5243 train 0.2087 test 0.1024
epoch 27/200 loss 2.4572 train 0.2243 test 0.1099
epoch 28/200 loss 2.4876 train 0.2210 test 0.1017
epoch 29/200 loss 2.4586 train 0.2310 test 0.1109
epoch 30/200 loss 2.4434 train 0.2310 test 0.1001
epoch 31/200 loss 2.4324 train 0.2165 test 0.1152
epoch 32/200 loss 2.4409 train 0.2232 test 0.1004
epoch 33/200 loss 2.4022 train 0.2377 test 0.1103
epoch 34/200 loss 2.3559 train 0.2522 test 0.1067
epoch 35/200 loss 2.3237 train 0.2422 test 0.1118
epoch 36/200 loss 2.3015 train 0.2623 test 0.1192
epoch 37/200 loss 2.3116 train 0.2667 test 0.0982
epoch 38/200 loss 2.2946 train 0.2790 test 0.1180
epoch 39/200 loss 2.2854 train 0.2723 test 0.1086
epoch 40/200 loss 2.2902 train 0.2757 test 0.1153
epoch 41/200 loss 2.2444 train 0.2969 test 0.1116
epoch 42/200 loss 2.2005 train 0.3036 test 0.1079
epoch 43/200 loss 2.1849 train 0.3103 test 0.1162
epoch 44/200 loss 2.1917 train 0.3170 test 0.1067
epoch 45/200 loss 2.1715 train 0.2958 test 0.1152
epoch 46/200 loss 2.1328 train 0.2969 test 0.1100
epoch 47/200 loss 2.0943 train 0.3248 test 0.1117
epoch 48/200 loss 2.0991 train 0.3348 test 0.1201
epoch 49/200 loss 2.0517 train 0.3516 test 0.1028
epoch 50/200 loss 2.0366 train 0.3382 test 0.1033
epoch 51/200 loss 2.0407 train 0.3571 test 0.1019
epoch 52/200 loss 2.0006 train 0.3728 test 0.1223
epoch 53/200 loss 1.9324 train 0.3895 test 0.1163
epoch 54/200 loss 1.9346 train 0.3583 test 0.1086
epoch 55/200 loss 1.8772 train 0.4163 test 0.1214
epoch 56/200 loss 1.9119 train 0.3929 test 0.1210
epoch 57/200 loss 1.8668 train 0.4118 test 0.1142
epoch 58/200 loss 1.8412 train 0.4062 test 0.1091
epoch 59/200 loss 1.7691 train 0.4342 test 0.1109
epoch 60/200 loss 1.7562 train 0.4498 test 0.1161
epoch 61/200 loss 1.7408 train 0.4319 test 0.1191
epoch 62/200 loss 1.6987 train 0.4688 test 0.1261
epoch 63/200 loss 1.6682 train 0.4554 test 0.1145
epoch 64/200 loss 1.6492 train 0.4754 test 0.1229
epoch 65/200 loss 1.6318 train 0.4743 test 0.1193
epoch 66/200 loss 1.5507 train 0.5190 test 0.1209
epoch 67/200 loss 1.4408 train 0.5413 test 0.1189
epoch 68/200 loss 1.4610 train 0.5525 test 0.1236
epoch 69/200 loss 1.3894 train 0.5792 test 0.1170
epoch 70/200 loss 1.3744 train 0.5625 test 0.1188
epoch 71/200 loss 1.3346 train 0.5871 test 0.1272
epoch 72/200 loss 1.3708 train 0.5558 test 0.1169
epoch 73/200 loss 1.3264 train 0.5647 test 0.1282
epoch 74/200 loss 1.2149 train 0.6217 test 0.1141
epoch 75/200 loss 1.2072 train 0.6250 test 0.1191
epoch 76/200 loss 1.1352 train 0.6507 test 0.1165
epoch 77/200 loss 1.1074 train 0.6529 test 0.1205
epoch 78/200 loss 0.9872 train 0.7031 test 0.1149
epoch 79/200 loss 1.0098 train 0.6819 test 0.1191
epoch 80/200 loss 0.9977 train 0.6975 test 0.1150
epoch 81/200 loss 0.8994 train 0.7165 test 0.1236
epoch 82/200 loss 0.8651 train 0.7511 test 0.1204
epoch 83/200 loss 0.8808 train 0.7199 test 0.1224
epoch 84/200 loss 0.8150 train 0.7545 test 0.1139
epoch 85/200 loss 0.7762 train 0.7612 test 0.1168
epoch 86/200 loss 0.7942 train 0.7612 test 0.1123
epoch 87/200 loss 0.6946 train 0.7902 test 0.1224
epoch 88/200 loss 0.6931 train 0.7902 test 0.1211
epoch 89/200 loss 0.6809 train 0.7913 test 0.1206
epoch 90/200 loss 0.6090 train 0.8147 test 0.1285
epoch 91/200 loss 0.5433 train 0.8337 test 0.1262
epoch 92/200 loss 0.5260 train 0.8348 test 0.1298
epoch 93/200 loss 0.5441 train 0.8337 test 0.1177
epoch 94/200 loss 0.4456 train 0.8705 test 0.1153
epoch 95/200 loss 0.4293 train 0.8806 test 0.1226
epoch 96/200 loss 0.3664 train 0.8940 test 0.1224
epoch 97/200 loss 0.3129 train 0.9196 test 0.1231
epoch 98/200 loss 0.3102 train 0.9208 test 0.1204
epoch 99/200 loss 0.2631 train 0.9397 test 0.1224
epoch 100/200 loss 0.2719 train 0.9364 test 0.1324
epoch 101/200 loss 0.2528 train 0.9263 test 0.1298
epoch 102/200 loss 0.2117 train 0.9498 test 0.1233
epoch 103/200 loss 0.2261 train 0.9408 test 0.1191
epoch 104/200 loss 0.1877 train 0.9643 test 0.1285
epoch 105/200 loss 0.1617 train 0.9699 test 0.1289
epoch 106/200 loss 0.1370 train 0.9743 test 0.1320
epoch 107/200 loss 0.0958 train 0.9866 test 0.1284
epoch 108/200 loss 0.0711 train 0.9911 test 0.1300
epoch 109/200 loss 0.0700 train 0.9922 test 0.1340
epoch 110/200 loss 0.0562 train 0.9922 test 0.1333
epoch 111/200 loss 0.0637 train 0.9955 test 0.1345
epoch 112/200 loss 0.0387 train 1.0000 test 0.1387
epoch 113/200 loss 0.0336 train 0.9978 test 0.1382
epoch 114/200 loss 0.0345 train 0.9967 test 0.1390
epoch 115/200 loss 0.0346 train 0.9967 test 0.1388
epoch 116/200 loss 0.0247 train 1.0000 test 0.1397
epoch 117/200 loss 0.0221 train 0.9978 test 0.1395
epoch 118/200 loss 0.0226 train 0.9978 test 0.1417
epoch 119/200 loss 0.0182 train 0.9989 test 0.1421
epoch 120/200 loss 0.0171 train 0.9989 test 0.1425
epoch 121/200 loss 0.0159 train 1.0000 test 0.1439
epoch 122/200 loss 0.0201 train 0.9978 test 0.1408
epoch 123/200 loss 0.0148 train 0.9989 test 0.1400
epoch 124/200 loss 0.0221 train 0.9955 test 0.1417
epoch 125/200 loss 0.0220 train 0.9978 test 0.1408
epoch 126/200 loss 0.0338 train 0.9967 test 0.1394
epoch 127/200 loss 0.0172 train 1.0000 test 0.1394
epoch 128/200 loss 0.0151 train 1.0000 test 0.1406
epoch 129/200 loss 0.0112 train 1.0000 test 0.1428
epoch 130/200 loss 0.0097 train 1.0000 test 0.1409
epoch 131/200 loss 0.0102 train 1.0000 test 0.1397
epoch 132/200 loss 0.0084 train 1.0000 test 0.1419
epoch 133/200 loss 0.0084 train 1.0000 test 0.1411
epoch 134/200 loss 0.0097 train 1.0000 test 0.1424
epoch 135/200 loss 0.0091 train 1.0000 test 0.1407
epoch 136/200 loss 0.0079 train 1.0000 test 0.1421
epoch 137/200 loss 0.0074 train 1.0000 test 0.1412
epoch 138/200 loss 0.0068 train 1.0000 test 0.1427
epoch 139/200 loss 0.0075 train 1.0000 test 0.1420
epoch 140/200 loss 0.0076 train 1.0000 test 0.1434
epoch 141/200 loss 0.0072 train 1.0000 test 0.1430
epoch 142/200 loss 0.0064 train 1.0000 test 0.1422
epoch 143/200 loss 0.0123 train 0.9967 test 0.1425
epoch 144/200 loss 0.0075 train 1.0000 test 0.1433
epoch 145/200 loss 0.0086 train 0.9989 test 0.1435
epoch 146/200 loss 0.0072 train 1.0000 test 0.1440
epoch 147/200 loss 0.0082 train 1.0000 test 0.1433
epoch 148/200 loss 0.0069 train 0.9989 test 0.1418
epoch 149/200 loss 0.0075 train 1.0000 test 0.1443
epoch 150/200 loss 0.0065 train 1.0000 test 0.1443
epoch 151/200 loss 0.0074 train 1.0000 test 0.1452
epoch 152/200 loss 0.0063 train 1.0000 test 0.1443
epoch 153/200 loss 0.0056 train 1.0000 test 0.1434
epoch 154/200 loss 0.0079 train 1.0000 test 0.1424
epoch 155/200 loss 0.0056 train 1.0000 test 0.1419
epoch 156/200 loss 0.0051 train 1.0000 test 0.1436
epoch 157/200 loss 0.0054 train 1.0000 test 0.1432
epoch 158/200 loss 0.0078 train 0.9989 test 0.1450
epoch 159/200 loss 0.0058 train 1.0000 test 0.1449
epoch 160/200 loss 0.0071 train 1.0000 test 0.1449
epoch 161/200 loss 0.0081 train 0.9989 test 0.1435
epoch 162/200 loss 0.0063 train 1.0000 test 0.1442
epoch 163/200 loss 0.0070 train 1.0000 test 0.1446
epoch 164/200 loss 0.0057 train 1.0000 test 0.1436
epoch 165/200 loss 0.0059 train 1.0000 test 0.1433
epoch 166/200 loss 0.0066 train 1.0000 test 0.1444
epoch 167/200 loss 0.0059 train 1.0000 test 0.1439
epoch 168/200 loss 0.0052 train 1.0000 test 0.1426
epoch 169/200 loss 0.0062 train 1.0000 test 0.1433
epoch 170/200 loss 0.0056 train 1.0000 test 0.1430
epoch 171/200 loss 0.0064 train 1.0000 test 0.1432
epoch 172/200 loss 0.0060 train 1.0000 test 0.1432
epoch 173/200 loss 0.0052 train 1.0000 test 0.1441
epoch 174/200 loss 0.0056 train 1.0000 test 0.1426
epoch 175/200 loss 0.0064 train 1.0000 test 0.1429
epoch 176/200 loss 0.0054 train 1.0000 test 0.1425
epoch 177/200 loss 0.0052 train 1.0000 test 0.1426
epoch 178/200 loss 0.0051 train 1.0000 test 0.1418
epoch 179/200 loss 0.0052 train 1.0000 test 0.1422
epoch 180/200 loss 0.0054 train 1.0000 test 0.1428
epoch 181/200 loss 0.0054 train 1.0000 test 0.1434
epoch 182/200 loss 0.0056 train 1.0000 test 0.1426
epoch 183/200 loss 0.0052 train 1.0000 test 0.1430
epoch 184/200 loss 0.0066 train 0.9989 test 0.1425
epoch 185/200 loss 0.0064 train 1.0000 test 0.1428
epoch 186/200 loss 0.0051 train 1.0000 test 0.1425
epoch 187/200 loss 0.0055 train 1.0000 test 0.1433
epoch 188/200 loss 0.0056 train 1.0000 test 0.1430
epoch 189/200 loss 0.0070 train 1.0000 test 0.1439
epoch 190/200 loss 0.0064 train 1.0000 test 0.1433
epoch 191/200 loss 0.0058 train 1.0000 test 0.1425
epoch 192/200 loss 0.0055 train 1.0000 test 0.1429
epoch 193/200 loss 0.0070 train 1.0000 test 0.1432
epoch 194/200 loss 0.0055 train 1.0000 test 0.1433
epoch 195/200 loss 0.0054 train 1.0000 test 0.1431
epoch 196/200 loss 0.0059 train 1.0000 test 0.1440
epoch 197/200 loss 0.0059 train 1.0000 test 0.1443
epoch 198/200 loss 0.0056 train 1.0000 test 0.1438
epoch 199/200 loss 0.0058 train 1.0000 test 0.1429
epoch 200/200 loss 0.0055 train 1.0000 test 0.1432
done: final 0.1432 best 0.1452 -> ./runs/tinsuper_none_1pct/seed0
TINSUPER_DONE tinsuper_none_1pct_seed0
TINSUPER_START tinsuper_none_1pct_seed1
[tinsuper_none_1pct seed1] {"params_trainable": 11179092, "params_stem_trainable": 0, "params_stem_fixed_filters": 0, "flops_total": 2226628608, "flops_stem": 0, "flops_image_size": 64}
epoch 1/200 loss 3.0410 train 0.0469 test 0.0754
epoch 2/200 loss 2.9904 train 0.0837 test 0.0782
epoch 3/200 loss 2.9394 train 0.0904 test 0.0852
epoch 4/200 loss 2.9347 train 0.0926 test 0.0918
epoch 5/200 loss 2.8876 train 0.1060 test 0.0777
epoch 6/200 loss 2.8590 train 0.1161 test 0.0964
epoch 7/200 loss 2.8387 train 0.1116 test 0.0952
epoch 8/200 loss 2.7922 train 0.1205 test 0.0902
epoch 9/200 loss 2.8034 train 0.1339 test 0.1046
epoch 10/200 loss 2.7600 train 0.1350 test 0.0978
epoch 11/200 loss 2.7405 train 0.1473 test 0.0980
epoch 12/200 loss 2.7275 train 0.1362 test 0.0972
epoch 13/200 loss 2.7133 train 0.1339 test 0.0976
epoch 14/200 loss 2.6827 train 0.1607 test 0.1011
epoch 15/200 loss 2.6893 train 0.1607 test 0.1087
epoch 16/200 loss 2.6406 train 0.1830 test 0.1053
epoch 17/200 loss 2.6223 train 0.1674 test 0.1120
epoch 18/200 loss 2.5979 train 0.1853 test 0.1055
epoch 19/200 loss 2.6080 train 0.1864 test 0.1059
epoch 20/200 loss 2.5761 train 0.1920 test 0.1069
epoch 21/200 loss 2.5558 train 0.1931 test 0.1022
epoch 22/200 loss 2.5279 train 0.1964 test 0.1060
epoch 23/200 loss 2.5322 train 0.1842 test 0.1051
epoch 24/200 loss 2.5151 train 0.1975 test 0.0978
epoch 25/200 loss 2.5207 train 0.1964 test 0.1109
epoch 26/200 loss 2.4958 train 0.2098 test 0.1014
epoch 27/200 loss 2.4584 train 0.2221 test 0.1134
epoch 28/200 loss 2.4458 train 0.2154 test 0.1133
epoch 29/200 loss 2.3883 train 0.2600 test 0.1140
epoch 30/200 loss 2.4128 train 0.2377 test 0.1054
epoch 31/200 loss 2.4430 train 0.2087 test 0.1085
epoch 32/200 loss 2.3791 train 0.2478 test 0.1095
epoch 33/200 loss 2.3569 train 0.2467 test 0.1084
epoch 34/200 loss 2.3690 train 0.2511 test 0.1145
epoch 35/200 loss 2.3400 train 0.2411 test 0.1060
epoch 36/200 loss 2.2924 train 0.2645 test 0.1160
epoch 37/200 loss 2.2639 train 0.2846 test 0.1050
epoch 38/200 loss 2.2564 train 0.3047 test 0.0996
epoch 39/200 loss 2.2531 train 0.2902 test 0.1103
epoch 40/200 loss 2.2629 train 0.2757 test 0.0872
epoch 41/200 loss 2.3023 train 0.2612 test 0.1157
epoch 42/200 loss 2.2027 train 0.2902 test 0.1134
epoch 43/200 loss 2.2144 train 0.3058 test 0.0977
epoch 44/200 loss 2.2040 train 0.2857 test 0.1221
epoch 45/200 loss 2.1426 train 0.3225 test 0.1109
epoch 46/200 loss 2.0581 train 0.3382 test 0.1196
epoch 47/200 loss 2.0528 train 0.3538 test 0.1053
epoch 48/200 loss 2.0298 train 0.3527 test 0.1083
epoch 49/200 loss 2.0788 train 0.3270 test 0.1141
epoch 50/200 loss 1.9985 train 0.3549 test 0.1132
epoch 51/200 loss 2.0319 train 0.3538 test 0.1101
epoch 52/200 loss 1.9555 train 0.3705 test 0.1213
epoch 53/200 loss 1.8954 train 0.3884 test 0.1184
epoch 54/200 loss 1.8907 train 0.4040 test 0.1199
epoch 55/200 loss 1.8393 train 0.4007 test 0.1156
epoch 56/200 loss 1.7960 train 0.4431 test 0.1220
epoch 57/200 loss 1.7211 train 0.4565 test 0.1168
epoch 58/200 loss 1.7243 train 0.4475 test 0.1146
epoch 59/200 loss 1.7271 train 0.4498 test 0.1129
epoch 60/200 loss 1.6514 train 0.4833 test 0.1215
epoch 61/200 loss 1.6601 train 0.4766 test 0.1074
epoch 62/200 loss 1.6467 train 0.4643 test 0.1170
epoch 63/200 loss 1.6518 train 0.4632 test 0.1106
epoch 64/200 loss 1.6210 train 0.4721 test 0.1223
epoch 65/200 loss 1.5857 train 0.4844 test 0.1101
epoch 66/200 loss 1.4724 train 0.5335 test 0.1202
epoch 67/200 loss 1.4796 train 0.5246 test 0.1176
epoch 68/200 loss 1.3982 train 0.5458 test 0.1106
epoch 69/200 loss 1.3831 train 0.5614 test 0.1196
epoch 70/200 loss 1.3525 train 0.5737 test 0.1223
epoch 71/200 loss 1.3707 train 0.5748 test 0.1181
epoch 72/200 loss 1.2839 train 0.5804 test 0.1102
epoch 73/200 loss 1.1702 train 0.6406 test 0.1204
epoch 74/200 loss 1.1825 train 0.6451 test 0.1130
epoch 75/200 loss 1.0862 train 0.6641 test 0.1161
epoch 76/200 loss 1.1114 train 0.6551 test 0.1220
epoch 77/200 loss 1.0578 train 0.6663 test 0.1123
epoch 78/200 loss 0.9675 train 0.7054 test 0.1260
epoch 79/200 loss 0.9120 train 0.7020 test 0.1248
epoch 80/200 loss 0.9378 train 0.7076 test 0.1132
epoch 81/200 loss 0.8940 train 0.7277 test 0.1170
epoch 82/200 loss 0.8593 train 0.7355 test 0.1145
epoch 83/200 loss 1.0026 train 0.6674 test 0.1116
epoch 84/200 loss 0.8837 train 0.7176 test 0.1164
epoch 85/200 loss 0.7408 train 0.7846 test 0.1160
epoch 86/200 loss 0.6375 train 0.8136 test 0.1209
epoch 87/200 loss 0.6483 train 0.8092 test 0.1262
epoch 88/200 loss 0.6009 train 0.8025 test 0.1280
epoch 89/200 loss 0.6233 train 0.8047 test 0.1205
epoch 90/200 loss 0.6233 train 0.8080 test 0.1192
epoch 91/200 loss 0.6088 train 0.8192 test 0.1165
epoch 92/200 loss 0.5701 train 0.8337 test 0.1170
epoch 93/200 loss 0.4918 train 0.8583 test 0.1198
epoch 94/200 loss 0.4156 train 0.8817 test 0.1314
epoch 95/200 loss 0.3705 train 0.9007 test 0.1220
epoch 96/200 loss 0.3383 train 0.9208 test 0.1177
epoch 97/200 loss 0.3376 train 0.9185 test 0.1196
epoch 98/200 loss 0.2917 train 0.9196 test 0.1301
epoch 99/200 loss 0.2694 train 0.9275 test 0.1179
epoch 100/200 loss 0.2369 train 0.9453 test 0.1239
epoch 101/200 loss 0.2089 train 0.9598 test 0.1153
epoch 102/200 loss 0.1741 train 0.9665 test 0.1197
epoch 103/200 loss 0.1181 train 0.9721 test 0.1277
epoch 104/200 loss 0.1053 train 0.9821 test 0.1236
epoch 105/200 loss 0.0939 train 0.9866 test 0.1248
epoch 106/200 loss 0.0835 train 0.9877 test 0.1249
epoch 107/200 loss 0.0755 train 0.9877 test 0.1224
epoch 108/200 loss 0.0755 train 0.9844 test 0.1248
epoch 109/200 loss 0.0594 train 0.9944 test 0.1292
epoch 110/200 loss 0.0505 train 0.9955 test 0.1279
epoch 111/200 loss 0.0416 train 0.9967 test 0.1326
epoch 112/200 loss 0.0310 train 0.9989 test 0.1332
epoch 113/200 loss 0.0258 train 0.9989 test 0.1315
epoch 114/200 loss 0.0223 train 1.0000 test 0.1321
epoch 115/200 loss 0.0174 train 1.0000 test 0.1338
epoch 116/200 loss 0.0180 train 0.9989 test 0.1342
epoch 117/200 loss 0.0148 train 1.0000 test 0.1312
epoch 118/200 loss 0.0121 train 1.0000 test 0.1295
epoch 119/200 loss 0.0119 train 1.0000 test 0.1317
epoch 120/200 loss 0.0122 train 1.0000 test 0.1336
epoch 121/200 loss 0.0101 train 1.0000 test 0.1338
epoch 122/200 loss 0.0116 train 1.0000 test 0.1354
epoch 123/200 loss 0.0112 train 1.0000 test 0.1356
epoch 124/200 loss 0.0095 train 1.0000 test 0.1366
epoch 125/200 loss 0.0123 train 0.9989 test 0.1337
epoch 126/200 loss 0.0145 train 0.9989 test 0.1340
epoch 127/200 loss 0.0090 train 1.0000 test 0.1311
epoch 128/200 loss 0.0100 train 1.0000 test 0.1329
epoch 129/200 loss 0.0108 train 1.0000 test 0.1345
epoch 130/200 loss 0.0091 train 1.0000 test 0.1354
epoch 131/200 loss 0.0097 train 1.0000 test 0.1357
epoch 132/200 loss 0.0080 train 1.0000 test 0.1358
epoch 133/200 loss 0.0093 train 1.0000 test 0.1356
epoch 134/200 loss 0.0096 train 0.9989 test 0.1337
epoch 135/200 loss 0.0083 train 1.0000 test 0.1339
epoch 136/200 loss 0.0074 train 1.0000 test 0.1358
epoch 137/200 loss 0.0068 train 1.0000 test 0.1352
epoch 138/200 loss 0.0077 train 1.0000 test 0.1349
epoch 139/200 loss 0.0095 train 1.0000 test 0.1344
epoch 140/200 loss 0.0075 train 1.0000 test 0.1334
epoch 141/200 loss 0.0092 train 1.0000 test 0.1346
epoch 142/200 loss 0.0072 train 1.0000 test 0.1357
epoch 143/200 loss 0.0086 train 1.0000 test 0.1351
epoch 144/200 loss 0.0068 train 1.0000 test 0.1367
epoch 145/200 loss 0.0067 train 1.0000 test 0.1346
epoch 146/200 loss 0.0062 train 1.0000 test 0.1360
epoch 147/200 loss 0.0065 train 1.0000 test 0.1357
epoch 148/200 loss 0.0058 train 1.0000 test 0.1361
epoch 149/200 loss 0.0061 train 1.0000 test 0.1364
epoch 150/200 loss 0.0070 train 1.0000 test 0.1342
epoch 151/200 loss 0.0060 train 1.0000 test 0.1357
epoch 152/200 loss 0.0069 train 1.0000 test 0.1365
epoch 153/200 loss 0.0066 train 1.0000 test 0.1370
epoch 154/200 loss 0.0063 train 1.0000 test 0.1372
epoch 155/200 loss 0.0061 train 1.0000 test 0.1357
epoch 156/200 loss 0.0082 train 1.0000 test 0.1371
epoch 157/200 loss 0.0055 train 1.0000 test 0.1361
epoch 158/200 loss 0.0056 train 1.0000 test 0.1365
epoch 159/200 loss 0.0063 train 1.0000 test 0.1363
epoch 160/200 loss 0.0069 train 1.0000 test 0.1368
epoch 161/200 loss 0.0077 train 1.0000 test 0.1366
epoch 162/200 loss 0.0055 train 1.0000 test 0.1356
epoch 163/200 loss 0.0057 train 1.0000 test 0.1353
epoch 164/200 loss 0.0069 train 1.0000 test 0.1365
epoch 165/200 loss 0.0054 train 1.0000 test 0.1356
epoch 166/200 loss 0.0060 train 1.0000 test 0.1363
epoch 167/200 loss 0.0062 train 1.0000 test 0.1373
epoch 168/200 loss 0.0054 train 1.0000 test 0.1363
epoch 169/200 loss 0.0054 train 1.0000 test 0.1368
epoch 170/200 loss 0.0054 train 1.0000 test 0.1367
epoch 171/200 loss 0.0060 train 1.0000 test 0.1369
epoch 172/200 loss 0.0062 train 1.0000 test 0.1362
epoch 173/200 loss 0.0054 train 1.0000 test 0.1371
epoch 174/200 loss 0.0055 train 1.0000 test 0.1378
epoch 175/200 loss 0.0060 train 1.0000 test 0.1373
epoch 176/200 loss 0.0060 train 1.0000 test 0.1373
epoch 177/200 loss 0.0059 train 1.0000 test 0.1377
epoch 178/200 loss 0.0056 train 1.0000 test 0.1371
epoch 179/200 loss 0.0066 train 1.0000 test 0.1370
epoch 180/200 loss 0.0067 train 1.0000 test 0.1369
epoch 181/200 loss 0.0060 train 1.0000 test 0.1374
epoch 182/200 loss 0.0059 train 1.0000 test 0.1383
epoch 183/200 loss 0.0070 train 1.0000 test 0.1378
epoch 184/200 loss 0.0068 train 0.9989 test 0.1380
epoch 185/200 loss 0.0061 train 1.0000 test 0.1372
epoch 186/200 loss 0.0062 train 1.0000 test 0.1371
epoch 187/200 loss 0.0050 train 1.0000 test 0.1369
epoch 188/200 loss 0.0065 train 1.0000 test 0.1368
epoch 189/200 loss 0.0066 train 1.0000 test 0.1378
epoch 190/200 loss 0.0062 train 1.0000 test 0.1371
epoch 191/200 loss 0.0062 train 1.0000 test 0.1374
epoch 192/200 loss 0.0058 train 1.0000 test 0.1368
epoch 193/200 loss 0.0055 train 1.0000 test 0.1372
epoch 194/200 loss 0.0059 train 1.0000 test 0.1374
epoch 195/200 loss 0.0064 train 1.0000 test 0.1386
epoch 196/200 loss 0.0054 train 1.0000 test 0.1372
epoch 197/200 loss 0.0054 train 1.0000 test 0.1371
epoch 198/200 loss 0.0067 train 1.0000 test 0.1370
epoch 199/200 loss 0.0050 train 1.0000 test 0.1371
epoch 200/200 loss 0.0056 train 1.0000 test 0.1375
done: final 0.1375 best 0.1386 -> ./runs/tinsuper_none_1pct/seed1
TINSUPER_DONE tinsuper_none_1pct_seed1
TINSUPER_START tinsuper_none_1pct_seed2
[tinsuper_none_1pct seed2] {"params_trainable": 11179092, "params_stem_trainable": 0, "params_stem_fixed_filters": 0, "flops_total": 2226628608, "flops_stem": 0, "flops_image_size": 64}
epoch 1/200 loss 3.0313 train 0.0480 test 0.0666
epoch 2/200 loss 2.9767 train 0.0938 test 0.0707
epoch 3/200 loss 2.9169 train 0.0949 test 0.0711
epoch 4/200 loss 2.8776 train 0.1105 test 0.0913
epoch 5/200 loss 2.8766 train 0.1071 test 0.0820
epoch 6/200 loss 2.8875 train 0.1105 test 0.0896
epoch 7/200 loss 2.8060 train 0.1529 test 0.1013
epoch 8/200 loss 2.8237 train 0.1384 test 0.0933
epoch 9/200 loss 2.7815 train 0.1239 test 0.1013
epoch 10/200 loss 2.7839 train 0.1328 test 0.0807
epoch 11/200 loss 2.7560 train 0.1317 test 0.0955
epoch 12/200 loss 2.7494 train 0.1395 test 0.1092
epoch 13/200 loss 2.7088 train 0.1507 test 0.1030
epoch 14/200 loss 2.6823 train 0.1473 test 0.1108
epoch 15/200 loss 2.6718 train 0.1507 test 0.1045
epoch 16/200 loss 2.6588 train 0.1596 test 0.1041
epoch 17/200 loss 2.6224 train 0.1752 test 0.1126
epoch 18/200 loss 2.6253 train 0.1730 test 0.1113
epoch 19/200 loss 2.5801 train 0.1830 test 0.1105
epoch 20/200 loss 2.5862 train 0.1775 test 0.1037
epoch 21/200 loss 2.5593 train 0.1842 test 0.1127
epoch 22/200 loss 2.5475 train 0.1897 test 0.1083
epoch 23/200 loss 2.5193 train 0.1987 test 0.1033
epoch 24/200 loss 2.5116 train 0.2054 test 0.1134
epoch 25/200 loss 2.5044 train 0.1964 test 0.0985
epoch 26/200 loss 2.5518 train 0.1830 test 0.1132
epoch 27/200 loss 2.4917 train 0.2109 test 0.0980
epoch 28/200 loss 2.4595 train 0.2188 test 0.1042
epoch 29/200 loss 2.4665 train 0.2132 test 0.1082
epoch 30/200 loss 2.4507 train 0.2422 test 0.1053
epoch 31/200 loss 2.4000 train 0.2623 test 0.1079
epoch 32/200 loss 2.3940 train 0.2288 test 0.1020
epoch 33/200 loss 2.3666 train 0.2556 test 0.1140
epoch 34/200 loss 2.3556 train 0.2422 test 0.1118
epoch 35/200 loss 2.3560 train 0.2623 test 0.1105
epoch 36/200 loss 2.3097 train 0.2690 test 0.1056
epoch 37/200 loss 2.2570 train 0.2790 test 0.1190
epoch 38/200 loss 2.2820 train 0.2667 test 0.1093
epoch 39/200 loss 2.3110 train 0.2500 test 0.1083
epoch 40/200 loss 2.2509 train 0.2868 test 0.1088
epoch 41/200 loss 2.2125 train 0.2790 test 0.1110
epoch 42/200 loss 2.2130 train 0.2913 test 0.1119
epoch 43/200 loss 2.1341 train 0.3192 test 0.1067
epoch 44/200 loss 2.1655 train 0.2835 test 0.1046
epoch 45/200 loss 2.1354 train 0.3080 test 0.1180
epoch 46/200 loss 2.1282 train 0.3125 test 0.1149
epoch 47/200 loss 2.0737 train 0.3415 test 0.1158
epoch 48/200 loss 2.0893 train 0.3393 test 0.1179
epoch 49/200 loss 2.0189 train 0.3650 test 0.1084
epoch 50/200 loss 1.9813 train 0.3839 test 0.1212
epoch 51/200 loss 1.9358 train 0.3772 test 0.1146
epoch 52/200 loss 1.9387 train 0.3761 test 0.1135
epoch 53/200 loss 1.9388 train 0.3996 test 0.1181
epoch 54/200 loss 1.9004 train 0.3917 test 0.1126
epoch 55/200 loss 1.8889 train 0.3873 test 0.1184
epoch 56/200 loss 1.8335 train 0.4163 test 0.1124
epoch 57/200 loss 1.8188 train 0.4319 test 0.1215
epoch 58/200 loss 1.7898 train 0.4152 test 0.1257
epoch 59/200 loss 1.7831 train 0.4330 test 0.1126
epoch 60/200 loss 1.7319 train 0.4520 test 0.1189
epoch 61/200 loss 1.7515 train 0.4408 test 0.1152
epoch 62/200 loss 1.6353 train 0.4933 test 0.1133
epoch 63/200 loss 1.6275 train 0.4888 test 0.1200
epoch 64/200 loss 1.6781 train 0.4665 test 0.1212
epoch 65/200 loss 1.5295 train 0.5257 test 0.1268
epoch 66/200 loss 1.5262 train 0.5112 test 0.1154
epoch 67/200 loss 1.4610 train 0.5391 test 0.1209
epoch 68/200 loss 1.4220 train 0.5491 test 0.1208
epoch 69/200 loss 1.3220 train 0.5725 test 0.1256
epoch 70/200 loss 1.2730 train 0.6127 test 0.1224
epoch 71/200 loss 1.2810 train 0.5982 test 0.1172
epoch 72/200 loss 1.2589 train 0.6161 test 0.1171
epoch 73/200 loss 1.1798 train 0.6217 test 0.1245
epoch 74/200 loss 1.1412 train 0.6373 test 0.1087
epoch 75/200 loss 1.0945 train 0.6596 test 0.1214
epoch 76/200 loss 1.1352 train 0.6473 test 0.1116
epoch 77/200 loss 1.0642 train 0.6763 test 0.1026
epoch 78/200 loss 1.0033 train 0.6942 test 0.1278
epoch 79/200 loss 1.0525 train 0.6719 test 0.1139
epoch 80/200 loss 1.0193 train 0.6819 test 0.1125
epoch 81/200 loss 0.9208 train 0.7188 test 0.1187
epoch 82/200 loss 0.8619 train 0.7321 test 0.1188
epoch 83/200 loss 0.8652 train 0.7455 test 0.1147
epoch 84/200 loss 0.8016 train 0.7522 test 0.1142
epoch 85/200 loss 0.7619 train 0.7712 test 0.1224
epoch 86/200 loss 0.6888 train 0.8058 test 0.1222
epoch 87/200 loss 0.6004 train 0.8170 test 0.1130
epoch 88/200 loss 0.5635 train 0.8482 test 0.1232
epoch 89/200 loss 0.4870 train 0.8616 test 0.1241
epoch 90/200 loss 0.4224 train 0.8962 test 0.1276
epoch 91/200 loss 0.3299 train 0.9275 test 0.1205
epoch 92/200 loss 0.3442 train 0.9096 test 0.1227
epoch 93/200 loss 0.3387 train 0.9174 test 0.1217
epoch 94/200 loss 0.2883 train 0.9297 test 0.1299
epoch 95/200 loss 0.2933 train 0.9208 test 0.1230
epoch 96/200 loss 0.2986 train 0.9196 test 0.1217
epoch 97/200 loss 0.2621 train 0.9353 test 0.1253
epoch 98/200 loss 0.2782 train 0.9275 test 0.1265
epoch 99/200 loss 0.2824 train 0.9275 test 0.1179
epoch 100/200 loss 0.2876 train 0.9219 test 0.1260
epoch 101/200 loss 0.2799 train 0.9330 test 0.1249
epoch 102/200 loss 0.2102 train 0.9475 test 0.1300
epoch 103/200 loss 0.2283 train 0.9364 test 0.1217
epoch 104/200 loss 0.1971 train 0.9498 test 0.1294
epoch 105/200 loss 0.1710 train 0.9587 test 0.1261
epoch 106/200 loss 0.1575 train 0.9688 test 0.1257
epoch 107/200 loss 0.1346 train 0.9699 test 0.1316
epoch 108/200 loss 0.1412 train 0.9699 test 0.1333
epoch 109/200 loss 0.1136 train 0.9743 test 0.1300
epoch 110/200 loss 0.0999 train 0.9810 test 0.1316
epoch 111/200 loss 0.0678 train 0.9922 test 0.1344
epoch 112/200 loss 0.0631 train 0.9888 test 0.1342
epoch 113/200 loss 0.0536 train 0.9955 test 0.1267
epoch 114/200 loss 0.0830 train 0.9844 test 0.1275
epoch 115/200 loss 0.0646 train 0.9922 test 0.1362
epoch 116/200 loss 0.0573 train 0.9967 test 0.1290
epoch 117/200 loss 0.0455 train 0.9944 test 0.1287
epoch 118/200 loss 0.0353 train 0.9967 test 0.1366
epoch 119/200 loss 0.0263 train 0.9978 test 0.1400
epoch 120/200 loss 0.0249 train 1.0000 test 0.1334
epoch 121/200 loss 0.0237 train 0.9989 test 0.1350
epoch 122/200 loss 0.0161 train 0.9989 test 0.1359
epoch 123/200 loss 0.0158 train 1.0000 test 0.1384
epoch 124/200 loss 0.0119 train 1.0000 test 0.1390
epoch 125/200 loss 0.0142 train 1.0000 test 0.1389
epoch 126/200 loss 0.0107 train 1.0000 test 0.1373
epoch 127/200 loss 0.0099 train 1.0000 test 0.1368
epoch 128/200 loss 0.0094 train 1.0000 test 0.1358
epoch 129/200 loss 0.0086 train 1.0000 test 0.1382
epoch 130/200 loss 0.0111 train 1.0000 test 0.1399
epoch 131/200 loss 0.0118 train 0.9989 test 0.1391
epoch 132/200 loss 0.0069 train 1.0000 test 0.1395
epoch 133/200 loss 0.0081 train 1.0000 test 0.1409
epoch 134/200 loss 0.0094 train 0.9989 test 0.1384
epoch 135/200 loss 0.0077 train 1.0000 test 0.1370
epoch 136/200 loss 0.0071 train 1.0000 test 0.1370
epoch 137/200 loss 0.0073 train 1.0000 test 0.1384
epoch 138/200 loss 0.0064 train 1.0000 test 0.1388
epoch 139/200 loss 0.0074 train 1.0000 test 0.1393
epoch 140/200 loss 0.0073 train 0.9989 test 0.1398
epoch 141/200 loss 0.0071 train 1.0000 test 0.1401
epoch 142/200 loss 0.0080 train 1.0000 test 0.1400
epoch 143/200 loss 0.0064 train 1.0000 test 0.1415
epoch 144/200 loss 0.0066 train 1.0000 test 0.1425
epoch 145/200 loss 0.0067 train 1.0000 test 0.1412
epoch 146/200 loss 0.0064 train 1.0000 test 0.1405
epoch 147/200 loss 0.0051 train 1.0000 test 0.1418
epoch 148/200 loss 0.0052 train 1.0000 test 0.1410
epoch 149/200 loss 0.0054 train 1.0000 test 0.1414
epoch 150/200 loss 0.0056 train 1.0000 test 0.1398
epoch 151/200 loss 0.0052 train 1.0000 test 0.1409
epoch 152/200 loss 0.0057 train 1.0000 test 0.1409
epoch 153/200 loss 0.0062 train 1.0000 test 0.1408
epoch 154/200 loss 0.0052 train 1.0000 test 0.1406
epoch 155/200 loss 0.0055 train 1.0000 test 0.1413
epoch 156/200 loss 0.0058 train 1.0000 test 0.1405
epoch 157/200 loss 0.0051 train 1.0000 test 0.1403
epoch 158/200 loss 0.0042 train 1.0000 test 0.1405
epoch 159/200 loss 0.0058 train 1.0000 test 0.1400
epoch 160/200 loss 0.0054 train 1.0000 test 0.1398
epoch 161/200 loss 0.0051 train 1.0000 test 0.1401
epoch 162/200 loss 0.0047 train 1.0000 test 0.1409
epoch 163/200 loss 0.0054 train 1.0000 test 0.1400
epoch 164/200 loss 0.0050 train 1.0000 test 0.1412
epoch 165/200 loss 0.0052 train 1.0000 test 0.1406
epoch 166/200 loss 0.0057 train 1.0000 test 0.1408
epoch 167/200 loss 0.0051 train 1.0000 test 0.1411
epoch 168/200 loss 0.0044 train 1.0000 test 0.1407
epoch 169/200 loss 0.0044 train 1.0000 test 0.1404
epoch 170/200 loss 0.0048 train 1.0000 test 0.1408
epoch 171/200 loss 0.0045 train 1.0000 test 0.1410
epoch 172/200 loss 0.0047 train 1.0000 test 0.1417
epoch 173/200 loss 0.0049 train 1.0000 test 0.1410
epoch 174/200 loss 0.0053 train 1.0000 test 0.1409
epoch 175/200 loss 0.0062 train 1.0000 test 0.1413
epoch 176/200 loss 0.0052 train 1.0000 test 0.1405
epoch 177/200 loss 0.0053 train 1.0000 test 0.1402
epoch 178/200 loss 0.0046 train 1.0000 test 0.1417
epoch 179/200 loss 0.0043 train 1.0000 test 0.1414
epoch 180/200 loss 0.0047 train 1.0000 test 0.1409
epoch 181/200 loss 0.0041 train 1.0000 test 0.1420
epoch 182/200 loss 0.0050 train 1.0000 test 0.1424
epoch 183/200 loss 0.0043 train 1.0000 test 0.1418
epoch 184/200 loss 0.0058 train 1.0000 test 0.1415
epoch 185/200 loss 0.0043 train 1.0000 test 0.1412
epoch 186/200 loss 0.0053 train 1.0000 test 0.1417
epoch 187/200 loss 0.0045 train 1.0000 test 0.1414
epoch 188/200 loss 0.0068 train 1.0000 test 0.1406
epoch 189/200 loss 0.0039 train 1.0000 test 0.1409
epoch 190/200 loss 0.0065 train 1.0000 test 0.1410
epoch 191/200 loss 0.0055 train 1.0000 test 0.1415
epoch 192/200 loss 0.0049 train 1.0000 test 0.1423
epoch 193/200 loss 0.0041 train 1.0000 test 0.1412
epoch 194/200 loss 0.0051 train 1.0000 test 0.1410
epoch 195/200 loss 0.0058 train 1.0000 test 0.1411
epoch 196/200 loss 0.0049 train 1.0000 test 0.1413
epoch 197/200 loss 0.0042 train 1.0000 test 0.1403
epoch 198/200 loss 0.0051 train 1.0000 test 0.1415
epoch 199/200 loss 0.0046 train 1.0000 test 0.1414
epoch 200/200 loss 0.0048 train 1.0000 test 0.1416
done: final 0.1416 best 0.1425 -> ./runs/tinsuper_none_1pct/seed2
TINSUPER_DONE tinsuper_none_1pct_seed2
TINSUPER_CELL_DONE tinsuper_none_1pct
TINSUPER_START tinsuper_aux_1pct_seed0
moment-aux target calibrated on 1024 images
[tinsuper_aux_1pct seed0] {"params_trainable": 11181148, "params_stem_trainable": 0, "params_stem_fixed_filters": 0, "flops_total": 2226628608, "flops_stem": 0, "flops_image_size": 64}
epoch 1/200 loss 4.9736 train 0.0424 test 0.0556
epoch 2/200 loss 4.1016 train 0.0882 test 0.0590
epoch 3/200 loss 3.8444 train 0.0703 test 0.0654
epoch 4/200 loss 3.6255 train 0.0848 test 0.0924
epoch 5/200 loss 3.3629 train 0.1027 test 0.0913
epoch 6/200 loss 3.2158 train 0.1094 test 0.0943
epoch 7/200 loss 3.1691 train 0.1295 test 0.1068
epoch 8/200 loss 3.1314 train 0.1094 test 0.1028
epoch 9/200 loss 3.0619 train 0.1339 test 0.1178
epoch 10/200 loss 3.0020 train 0.1362 test 0.1073
epoch 11/200 loss 2.9249 train 0.1417 test 0.1079
epoch 12/200 loss 2.9060 train 0.1496 test 0.1114
epoch 13/200 loss 2.8899 train 0.1484 test 0.1028
epoch 14/200 loss 2.8986 train 0.1596 test 0.1088
epoch 15/200 loss 2.8505 train 0.1763 test 0.1127
epoch 16/200 loss 2.8289 train 0.1730 test 0.1128
epoch 17/200 loss 2.7868 train 0.1842 test 0.1115
epoch 18/200 loss 2.7233 train 0.1953 test 0.1114
epoch 19/200 loss 2.6993 train 0.2054 test 0.1180
epoch 20/200 loss 2.6979 train 0.1897 test 0.1214
epoch 21/200 loss 2.6842 train 0.2054 test 0.1106
epoch 22/200 loss 2.6595 train 0.2176 test 0.1206
epoch 23/200 loss 2.5850 train 0.2176 test 0.1076
epoch 24/200 loss 2.5885 train 0.2165 test 0.1183
epoch 25/200 loss 2.5568 train 0.2500 test 0.1203
epoch 26/200 loss 2.5917 train 0.2366 test 0.1200
epoch 27/200 loss 2.5324 train 0.2600 test 0.1266
epoch 28/200 loss 2.5164 train 0.2489 test 0.1202
epoch 29/200 loss 2.4721 train 0.2600 test 0.1248
epoch 30/200 loss 2.4563 train 0.2746 test 0.1301
epoch 31/200 loss 2.4497 train 0.2511 test 0.1135
epoch 32/200 loss 2.4327 train 0.2712 test 0.1233
epoch 33/200 loss 2.4355 train 0.2511 test 0.1205
epoch 34/200 loss 2.3348 train 0.2980 test 0.1161
epoch 35/200 loss 2.3161 train 0.2846 test 0.1198
epoch 36/200 loss 2.2665 train 0.3259 test 0.1282
epoch 37/200 loss 2.2300 train 0.3214 test 0.1153
epoch 38/200 loss 2.1737 train 0.3426 test 0.1294
epoch 39/200 loss 2.1713 train 0.3404 test 0.1198
epoch 40/200 loss 2.1214 train 0.3460 test 0.1339
epoch 41/200 loss 2.1260 train 0.3638 test 0.1179
epoch 42/200 loss 2.0438 train 0.3850 test 0.1161
epoch 43/200 loss 2.1059 train 0.3571 test 0.1214
epoch 44/200 loss 2.0896 train 0.3884 test 0.1292
epoch 45/200 loss 2.0312 train 0.3895 test 0.1122
epoch 46/200 loss 1.9740 train 0.4219 test 0.1198
epoch 47/200 loss 1.9387 train 0.4241 test 0.1212
epoch 48/200 loss 1.9264 train 0.4275 test 0.1309
epoch 49/200 loss 1.8643 train 0.4208 test 0.1129
epoch 50/200 loss 1.8541 train 0.4598 test 0.1283
epoch 51/200 loss 1.8186 train 0.4520 test 0.1243
epoch 52/200 loss 1.7331 train 0.4888 test 0.1368
epoch 53/200 loss 1.6705 train 0.5022 test 0.1327
epoch 54/200 loss 1.6261 train 0.5257 test 0.1207
epoch 55/200 loss 1.5939 train 0.5324 test 0.1251
epoch 56/200 loss 1.6462 train 0.4933 test 0.1361
epoch 57/200 loss 1.5315 train 0.5547 test 0.1233
epoch 58/200 loss 1.5300 train 0.5312 test 0.1083
epoch 59/200 loss 1.4691 train 0.5558 test 0.1227
epoch 60/200 loss 1.4291 train 0.5893 test 0.1286
epoch 61/200 loss 1.3515 train 0.6161 test 0.1252
epoch 62/200 loss 1.3002 train 0.6127 test 0.1322
epoch 63/200 loss 1.2354 train 0.6529 test 0.1309
epoch 64/200 loss 1.2163 train 0.6473 test 0.1240
epoch 65/200 loss 1.2198 train 0.6574 test 0.1287
epoch 66/200 loss 1.1825 train 0.6551 test 0.1258
epoch 67/200 loss 1.0818 train 0.6987 test 0.1257
epoch 68/200 loss 1.1197 train 0.6663 test 0.1181
epoch 69/200 loss 1.0297 train 0.7076 test 0.1210
epoch 70/200 loss 0.9760 train 0.7154 test 0.1325
epoch 71/200 loss 0.9345 train 0.7266 test 0.1352
epoch 72/200 loss 0.9036 train 0.7500 test 0.1204
epoch 73/200 loss 0.8957 train 0.7522 test 0.1234
epoch 74/200 loss 0.7731 train 0.7891 test 0.1348
epoch 75/200 loss 0.7573 train 0.8025 test 0.1316
epoch 76/200 loss 0.6655 train 0.8158 test 0.1292
epoch 77/200 loss 0.6847 train 0.8248 test 0.1241
epoch 78/200 loss 0.5559 train 0.8761 test 0.1216
epoch 79/200 loss 0.5716 train 0.8571 test 0.1186
epoch 80/200 loss 0.5611 train 0.8705 test 0.1305
epoch 81/200 loss 0.5465 train 0.8527 test 0.1283
epoch 82/200 loss 0.5352 train 0.8594 test 0.1355
epoch 83/200 loss 0.4812 train 0.8772 test 0.1254
epoch 84/200 loss 0.3907 train 0.9174 test 0.1292
epoch 85/200 loss 0.3423 train 0.9330 test 0.1276
epoch 86/200 loss 0.2916 train 0.9565 test 0.1391
epoch 87/200 loss 0.2490 train 0.9643 test 0.1358
epoch 88/200 loss 0.2393 train 0.9632 test 0.1434
epoch 89/200 loss 0.2029 train 0.9810 test 0.1454
epoch 90/200 loss 0.1810 train 0.9788 test 0.1404
epoch 91/200 loss 0.1562 train 0.9866 test 0.1397
epoch 92/200 loss 0.1730 train 0.9810 test 0.1400
epoch 93/200 loss 0.1812 train 0.9766 test 0.1354
epoch 94/200 loss 0.1441 train 0.9855 test 0.1397
epoch 95/200 loss 0.1335 train 0.9877 test 0.1454
epoch 96/200 loss 0.1271 train 0.9877 test 0.1406
epoch 97/200 loss 0.1160 train 0.9911 test 0.1385
epoch 98/200 loss 0.1000 train 0.9911 test 0.1432
epoch 99/200 loss 0.0898 train 1.0000 test 0.1470
epoch 100/200 loss 0.0875 train 0.9967 test 0.1476
epoch 101/200 loss 0.0833 train 0.9955 test 0.1459
epoch 102/200 loss 0.0798 train 0.9955 test 0.1474
epoch 103/200 loss 0.0735 train 0.9978 test 0.1447
epoch 104/200 loss 0.0697 train 0.9967 test 0.1430
epoch 105/200 loss 0.0630 train 0.9978 test 0.1461
epoch 106/200 loss 0.0592 train 1.0000 test 0.1455
epoch 107/200 loss 0.0538 train 1.0000 test 0.1474
epoch 108/200 loss 0.0499 train 1.0000 test 0.1480
epoch 109/200 loss 0.0492 train 1.0000 test 0.1493
epoch 110/200 loss 0.0467 train 1.0000 test 0.1510
epoch 111/200 loss 0.0461 train 1.0000 test 0.1497
epoch 112/200 loss 0.0438 train 1.0000 test 0.1517
epoch 113/200 loss 0.0427 train 1.0000 test 0.1511
epoch 114/200 loss 0.0407 train 1.0000 test 0.1485
epoch 115/200 loss 0.0396 train 1.0000 test 0.1470
epoch 116/200 loss 0.0393 train 1.0000 test 0.1490
epoch 117/200 loss 0.0390 train 1.0000 test 0.1500
epoch 118/200 loss 0.0379 train 1.0000 test 0.1499
epoch 119/200 loss 0.0362 train 1.0000 test 0.1506
epoch 120/200 loss 0.0355 train 1.0000 test 0.1498
epoch 121/200 loss 0.0339 train 1.0000 test 0.1509
epoch 122/200 loss 0.0346 train 1.0000 test 0.1505
epoch 123/200 loss 0.0335 train 1.0000 test 0.1505
epoch 124/200 loss 0.0325 train 1.0000 test 0.1506
epoch 125/200 loss 0.0322 train 1.0000 test 0.1499
epoch 126/200 loss 0.0308 train 1.0000 test 0.1489
epoch 127/200 loss 0.0294 train 1.0000 test 0.1489
epoch 128/200 loss 0.0293 train 1.0000 test 0.1492
epoch 129/200 loss 0.0275 train 1.0000 test 0.1494
epoch 130/200 loss 0.0271 train 1.0000 test 0.1501
epoch 131/200 loss 0.0266 train 1.0000 test 0.1496
epoch 132/200 loss 0.0258 train 1.0000 test 0.1496
epoch 133/200 loss 0.0257 train 1.0000 test 0.1494
epoch 134/200 loss 0.0249 train 1.0000 test 0.1510
epoch 135/200 loss 0.0242 train 1.0000 test 0.1508
epoch 136/200 loss 0.0244 train 1.0000 test 0.1502
epoch 137/200 loss 0.0233 train 1.0000 test 0.1510
epoch 138/200 loss 0.0219 train 1.0000 test 0.1520
epoch 139/200 loss 0.0220 train 1.0000 test 0.1510
epoch 140/200 loss 0.0219 train 1.0000 test 0.1513
epoch 141/200 loss 0.0215 train 1.0000 test 0.1515
epoch 142/200 loss 0.0206 train 1.0000 test 0.1513
epoch 143/200 loss 0.0201 train 1.0000 test 0.1505
epoch 144/200 loss 0.0200 train 1.0000 test 0.1515
epoch 145/200 loss 0.0193 train 1.0000 test 0.1514
epoch 146/200 loss 0.0179 train 1.0000 test 0.1514
epoch 147/200 loss 0.0180 train 1.0000 test 0.1518
epoch 148/200 loss 0.0171 train 1.0000 test 0.1519
epoch 149/200 loss 0.0168 train 1.0000 test 0.1520
epoch 150/200 loss 0.0164 train 1.0000 test 0.1518
epoch 151/200 loss 0.0170 train 1.0000 test 0.1516
epoch 152/200 loss 0.0155 train 1.0000 test 0.1512
epoch 153/200 loss 0.0146 train 1.0000 test 0.1505
epoch 154/200 loss 0.0157 train 1.0000 test 0.1500
epoch 155/200 loss 0.0140 train 1.0000 test 0.1500
epoch 156/200 loss 0.0132 train 1.0000 test 0.1503
epoch 157/200 loss 0.0132 train 1.0000 test 0.1504
epoch 158/200 loss 0.0141 train 1.0000 test 0.1505
epoch 159/200 loss 0.0129 train 1.0000 test 0.1505
epoch 160/200 loss 0.0127 train 1.0000 test 0.1501
epoch 161/200 loss 0.0117 train 1.0000 test 0.1511
epoch 162/200 loss 0.0122 train 1.0000 test 0.1514
epoch 163/200 loss 0.0118 train 1.0000 test 0.1516
epoch 164/200 loss 0.0106 train 1.0000 test 0.1506
epoch 165/200 loss 0.0106 train 1.0000 test 0.1508
epoch 166/200 loss 0.0117 train 1.0000 test 0.1500
epoch 167/200 loss 0.0096 train 1.0000 test 0.1509
epoch 168/200 loss 0.0097 train 1.0000 test 0.1505
epoch 169/200 loss 0.0095 train 1.0000 test 0.1504
epoch 170/200 loss 0.0087 train 1.0000 test 0.1507
epoch 171/200 loss 0.0087 train 1.0000 test 0.1498
epoch 172/200 loss 0.0089 train 1.0000 test 0.1506
epoch 173/200 loss 0.0079 train 1.0000 test 0.1515
epoch 174/200 loss 0.0076 train 1.0000 test 0.1511
epoch 175/200 loss 0.0078 train 1.0000 test 0.1513
epoch 176/200 loss 0.0073 train 1.0000 test 0.1494
epoch 177/200 loss 0.0065 train 1.0000 test 0.1499
epoch 178/200 loss 0.0066 train 1.0000 test 0.1506
epoch 179/200 loss 0.0064 train 1.0000 test 0.1491
epoch 180/200 loss 0.0063 train 1.0000 test 0.1503
epoch 181/200 loss 0.0062 train 1.0000 test 0.1503
epoch 182/200 loss 0.0064 train 1.0000 test 0.1500
epoch 183/200 loss 0.0058 train 1.0000 test 0.1502
epoch 184/200 loss 0.0059 train 1.0000 test 0.1507
epoch 185/200 loss 0.0062 train 1.0000 test 0.1500
epoch 186/200 loss 0.0048 train 1.0000 test 0.1498
epoch 187/200 loss 0.0051 train 1.0000 test 0.1510
epoch 188/200 loss 0.0052 train 1.0000 test 0.1508
epoch 189/200 loss 0.0059 train 1.0000 test 0.1507
epoch 190/200 loss 0.0072 train 0.9989 test 0.1515
epoch 191/200 loss 0.0046 train 1.0000 test 0.1508
epoch 192/200 loss 0.0044 train 1.0000 test 0.1515
epoch 193/200 loss 0.0055 train 1.0000 test 0.1508
epoch 194/200 loss 0.0045 train 1.0000 test 0.1505
epoch 195/200 loss 0.0051 train 1.0000 test 0.1503
epoch 196/200 loss 0.0045 train 1.0000 test 0.1501
epoch 197/200 loss 0.0049 train 1.0000 test 0.1504
epoch 198/200 loss 0.0044 train 1.0000 test 0.1507
epoch 199/200 loss 0.0046 train 1.0000 test 0.1502
epoch 200/200 loss 0.0043 train 1.0000 test 0.1504
done: final 0.1504 best 0.1520 -> ./runs/tinsuper_aux_1pct/seed0
TINSUPER_DONE tinsuper_aux_1pct_seed0
TINSUPER_START tinsuper_aux_1pct_seed1
moment-aux target calibrated on 1024 images
[tinsuper_aux_1pct seed1] {"params_trainable": 11181148, "params_stem_trainable": 0, "params_stem_fixed_filters": 0, "flops_total": 2226628608, "flops_stem": 0, "flops_image_size": 64}
epoch 1/200 loss 4.6810 train 0.0469 test 0.0624
epoch 2/200 loss 4.0304 train 0.0625 test 0.0686
epoch 3/200 loss 3.7696 train 0.0714 test 0.0864
epoch 4/200 loss 3.5434 train 0.0882 test 0.0994
epoch 5/200 loss 3.3334 train 0.1105 test 0.0829
epoch 6/200 loss 3.2079 train 0.1172 test 0.1017
epoch 7/200 loss 3.1485 train 0.1138 test 0.1020
epoch 8/200 loss 3.0704 train 0.1261 test 0.1031
epoch 9/200 loss 3.0560 train 0.1440 test 0.1160
epoch 10/200 loss 3.0114 train 0.1295 test 0.1076
epoch 11/200 loss 2.9590 train 0.1585 test 0.1054
epoch 12/200 loss 2.9420 train 0.1507 test 0.1060
epoch 13/200 loss 2.9085 train 0.1574 test 0.1055
epoch 14/200 loss 2.8427 train 0.1641 test 0.1152
epoch 15/200 loss 2.8489 train 0.1518 test 0.1225
epoch 16/200 loss 2.7891 train 0.1886 test 0.1217
epoch 17/200 loss 2.7566 train 0.1864 test 0.1186
epoch 18/200 loss 2.7028 train 0.2042 test 0.1148
epoch 19/200 loss 2.7049 train 0.1964 test 0.1082
epoch 20/200 loss 2.6998 train 0.2009 test 0.1102
epoch 21/200 loss 2.6449 train 0.2154 test 0.1266
epoch 22/200 loss 2.6247 train 0.2121 test 0.1236
epoch 23/200 loss 2.6273 train 0.2355 test 0.1145
epoch 24/200 loss 2.5917 train 0.2232 test 0.1128
epoch 25/200 loss 2.5871 train 0.2299 test 0.1240
epoch 26/200 loss 2.5387 train 0.2489 test 0.1242
epoch 27/200 loss 2.5456 train 0.2299 test 0.1157
epoch 28/200 loss 2.5349 train 0.2288 test 0.1159
epoch 29/200 loss 2.4638 train 0.2812 test 0.1265
epoch 30/200 loss 2.4167 train 0.2679 test 0.1217
epoch 31/200 loss 2.4531 train 0.2701 test 0.1155
epoch 32/200 loss 2.4498 train 0.2489 test 0.1230
epoch 33/200 loss 2.4127 train 0.2768 test 0.1097
epoch 34/200 loss 2.3409 train 0.2946 test 0.1193
epoch 35/200 loss 2.3388 train 0.2857 test 0.1149
epoch 36/200 loss 2.2789 train 0.3092 test 0.1240
epoch 37/200 loss 2.2433 train 0.3225 test 0.1318
epoch 38/200 loss 2.2408 train 0.3348 test 0.1108
epoch 39/200 loss 2.2514 train 0.3192 test 0.1133
epoch 40/200 loss 2.2439 train 0.3203 test 0.1135
epoch 41/200 loss 2.2626 train 0.3337 test 0.1206
epoch 42/200 loss 2.1489 train 0.3504 test 0.1260
epoch 43/200 loss 2.1346 train 0.3661 test 0.1127
epoch 44/200 loss 2.0539 train 0.3616 test 0.1256
epoch 45/200 loss 2.0304 train 0.3862 test 0.1268
epoch 46/200 loss 1.9596 train 0.3929 test 0.1304
epoch 47/200 loss 1.9219 train 0.4252 test 0.1210
epoch 48/200 loss 1.9251 train 0.4297 test 0.1191
epoch 49/200 loss 1.9378 train 0.3984 test 0.1283
epoch 50/200 loss 1.8312 train 0.4531 test 0.1365
epoch 51/200 loss 1.8688 train 0.4375 test 0.1205
epoch 52/200 loss 1.8039 train 0.4487 test 0.1195
epoch 53/200 loss 1.7836 train 0.4732 test 0.0983
epoch 54/200 loss 1.7614 train 0.4554 test 0.1108
epoch 55/200 loss 1.7377 train 0.4754 test 0.1369
epoch 56/200 loss 1.6735 train 0.4933 test 0.1272
epoch 57/200 loss 1.6388 train 0.5045 test 0.1362
epoch 58/200 loss 1.4865 train 0.5826 test 0.1255
epoch 59/200 loss 1.4852 train 0.5647 test 0.1278
epoch 60/200 loss 1.4089 train 0.6038 test 0.1276
epoch 61/200 loss 1.3492 train 0.6060 test 0.1284
epoch 62/200 loss 1.3800 train 0.5915 test 0.1259
epoch 63/200 loss 1.4405 train 0.5725 test 0.1239
epoch 64/200 loss 1.3941 train 0.5915 test 0.1163
epoch 65/200 loss 1.3403 train 0.5859 test 0.1164
epoch 66/200 loss 1.2069 train 0.6417 test 0.1187
epoch 67/200 loss 1.1899 train 0.6373 test 0.1139
epoch 68/200 loss 1.1043 train 0.6842 test 0.1201
epoch 69/200 loss 1.0518 train 0.7087 test 0.1231
epoch 70/200 loss 0.9783 train 0.7199 test 0.1229
epoch 71/200 loss 0.9743 train 0.7355 test 0.1272
epoch 72/200 loss 0.9680 train 0.7221 test 0.1296
epoch 73/200 loss 0.9197 train 0.7288 test 0.1247
epoch 74/200 loss 0.9111 train 0.7489 test 0.1244
epoch 75/200 loss 0.8645 train 0.7500 test 0.1185
epoch 76/200 loss 0.8632 train 0.7533 test 0.1192
epoch 77/200 loss 0.8712 train 0.7299 test 0.1303
epoch 78/200 loss 0.7328 train 0.7913 test 0.1225
epoch 79/200 loss 0.7250 train 0.8069 test 0.1298
epoch 80/200 loss 0.6199 train 0.8337 test 0.1260
epoch 81/200 loss 0.5914 train 0.8371 test 0.1199
epoch 82/200 loss 0.5334 train 0.8672 test 0.1289
epoch 83/200 loss 0.4627 train 0.8962 test 0.1398
epoch 84/200 loss 0.4461 train 0.9074 test 0.1299
epoch 85/200 loss 0.3903 train 0.9129 test 0.1269
epoch 86/200 loss 0.3448 train 0.9297 test 0.1429
epoch 87/200 loss 0.3171 train 0.9408 test 0.1309
epoch 88/200 loss 0.3239 train 0.9353 test 0.1370
epoch 89/200 loss 0.3471 train 0.9185 test 0.1313
epoch 90/200 loss 0.3072 train 0.9431 test 0.1389
epoch 91/200 loss 0.3046 train 0.9308 test 0.1304
epoch 92/200 loss 0.2816 train 0.9442 test 0.1307
epoch 93/200 loss 0.2784 train 0.9408 test 0.1278
epoch 94/200 loss 0.2697 train 0.9475 test 0.1353
epoch 95/200 loss 0.2199 train 0.9632 test 0.1428
epoch 96/200 loss 0.1883 train 0.9788 test 0.1323
epoch 97/200 loss 0.1777 train 0.9754 test 0.1395
epoch 98/200 loss 0.1469 train 0.9855 test 0.1467
epoch 99/200 loss 0.1432 train 0.9810 test 0.1453
epoch 100/200 loss 0.1298 train 0.9821 test 0.1392
epoch 101/200 loss 0.1045 train 0.9911 test 0.1414
epoch 102/200 loss 0.0983 train 0.9944 test 0.1463
epoch 103/200 loss 0.0771 train 1.0000 test 0.1492
epoch 104/200 loss 0.0719 train 0.9967 test 0.1480
epoch 105/200 loss 0.0719 train 0.9978 test 0.1458
epoch 106/200 loss 0.0639 train 0.9989 test 0.1467
epoch 107/200 loss 0.0604 train 1.0000 test 0.1470
epoch 108/200 loss 0.0537 train 1.0000 test 0.1460
epoch 109/200 loss 0.0502 train 1.0000 test 0.1467
epoch 110/200 loss 0.0490 train 1.0000 test 0.1490
epoch 111/200 loss 0.0462 train 1.0000 test 0.1513
epoch 112/200 loss 0.0439 train 1.0000 test 0.1508
epoch 113/200 loss 0.0419 train 1.0000 test 0.1493
epoch 114/200 loss 0.0406 train 1.0000 test 0.1510
epoch 115/200 loss 0.0394 train 1.0000 test 0.1506
epoch 116/200 loss 0.0385 train 1.0000 test 0.1504
epoch 117/200 loss 0.0382 train 1.0000 test 0.1514
epoch 118/200 loss 0.0356 train 1.0000 test 0.1505
epoch 119/200 loss 0.0351 train 1.0000 test 0.1503
epoch 120/200 loss 0.0340 train 1.0000 test 0.1522
epoch 121/200 loss 0.0335 train 1.0000 test 0.1525
epoch 122/200 loss 0.0329 train 1.0000 test 0.1519
epoch 123/200 loss 0.0312 train 1.0000 test 0.1505
epoch 124/200 loss 0.0302 train 1.0000 test 0.1509
epoch 125/200 loss 0.0311 train 1.0000 test 0.1509
epoch 126/200 loss 0.0304 train 1.0000 test 0.1513
epoch 127/200 loss 0.0287 train 1.0000 test 0.1525
epoch 128/200 loss 0.0284 train 1.0000 test 0.1519
epoch 129/200 loss 0.0276 train 1.0000 test 0.1507
epoch 130/200 loss 0.0271 train 1.0000 test 0.1498
epoch 131/200 loss 0.0263 train 1.0000 test 0.1501
epoch 132/200 loss 0.0251 train 1.0000 test 0.1513
epoch 133/200 loss 0.0250 train 1.0000 test 0.1523
epoch 134/200 loss 0.0245 train 1.0000 test 0.1517
epoch 135/200 loss 0.0241 train 1.0000 test 0.1526
epoch 136/200 loss 0.0230 train 1.0000 test 0.1526
epoch 137/200 loss 0.0218 train 1.0000 test 0.1528
epoch 138/200 loss 0.0226 train 1.0000 test 0.1536
epoch 139/200 loss 0.0229 train 1.0000 test 0.1526
epoch 140/200 loss 0.0212 train 1.0000 test 0.1521
epoch 141/200 loss 0.0211 train 1.0000 test 0.1535
epoch 142/200 loss 0.0192 train 1.0000 test 0.1536
epoch 143/200 loss 0.0195 train 1.0000 test 0.1534
epoch 144/200 loss 0.0191 train 1.0000 test 0.1526
epoch 145/200 loss 0.0185 train 1.0000 test 0.1518
epoch 146/200 loss 0.0173 train 1.0000 test 0.1523
epoch 147/200 loss 0.0172 train 1.0000 test 0.1516
epoch 148/200 loss 0.0165 train 1.0000 test 0.1513
epoch 149/200 loss 0.0161 train 1.0000 test 0.1515
epoch 150/200 loss 0.0158 train 1.0000 test 0.1509
epoch 151/200 loss 0.0154 train 1.0000 test 0.1513
epoch 152/200 loss 0.0157 train 1.0000 test 0.1520
epoch 153/200 loss 0.0151 train 1.0000 test 0.1531
epoch 154/200 loss 0.0146 train 1.0000 test 0.1525
epoch 155/200 loss 0.0139 train 1.0000 test 0.1536
epoch 156/200 loss 0.0142 train 1.0000 test 0.1533
epoch 157/200 loss 0.0127 train 1.0000 test 0.1528
epoch 158/200 loss 0.0122 train 1.0000 test 0.1534
epoch 159/200 loss 0.0118 train 1.0000 test 0.1517
epoch 160/200 loss 0.0123 train 1.0000 test 0.1519
epoch 161/200 loss 0.0124 train 1.0000 test 0.1522
epoch 162/200 loss 0.0110 train 1.0000 test 0.1526
epoch 163/200 loss 0.0116 train 1.0000 test 0.1523
epoch 164/200 loss 0.0109 train 1.0000 test 0.1526
epoch 165/200 loss 0.0102 train 1.0000 test 0.1520
epoch 166/200 loss 0.0102 train 1.0000 test 0.1522
epoch 167/200 loss 0.0098 train 1.0000 test 0.1528
epoch 168/200 loss 0.0089 train 1.0000 test 0.1517
epoch 169/200 loss 0.0089 train 1.0000 test 0.1522
epoch 170/200 loss 0.0083 train 1.0000 test 0.1522
epoch 171/200 loss 0.0087 train 1.0000 test 0.1524
epoch 172/200 loss 0.0088 train 1.0000 test 0.1519
epoch 173/200 loss 0.0073 train 1.0000 test 0.1518
epoch 174/200 loss 0.0076 train 1.0000 test 0.1528
epoch 175/200 loss 0.0071 train 1.0000 test 0.1526
epoch 176/200 loss 0.0076 train 1.0000 test 0.1512
epoch 177/200 loss 0.0076 train 1.0000 test 0.1510
epoch 178/200 loss 0.0070 train 1.0000 test 0.1503
epoch 179/200 loss 0.0069 train 1.0000 test 0.1512
epoch 180/200 loss 0.0072 train 1.0000 test 0.1511
epoch 181/200 loss 0.0064 train 1.0000 test 0.1511
epoch 182/200 loss 0.0060 train 1.0000 test 0.1512
epoch 183/200 loss 0.0071 train 1.0000 test 0.1514
epoch 184/200 loss 0.0057 train 1.0000 test 0.1518
epoch 185/200 loss 0.0059 train 1.0000 test 0.1529
epoch 186/200 loss 0.0052 train 1.0000 test 0.1531
epoch 187/200 loss 0.0050 train 1.0000 test 0.1524
epoch 188/200 loss 0.0057 train 1.0000 test 0.1520
epoch 189/200 loss 0.0058 train 1.0000 test 0.1515
epoch 190/200 loss 0.0051 train 1.0000 test 0.1516
epoch 191/200 loss 0.0051 train 1.0000 test 0.1516
epoch 192/200 loss 0.0052 train 1.0000 test 0.1528
epoch 193/200 loss 0.0053 train 1.0000 test 0.1523
epoch 194/200 loss 0.0046 train 1.0000 test 0.1529
epoch 195/200 loss 0.0051 train 1.0000 test 0.1522
epoch 196/200 loss 0.0045 train 1.0000 test 0.1527
epoch 197/200 loss 0.0046 train 1.0000 test 0.1526
epoch 198/200 loss 0.0052 train 1.0000 test 0.1524
epoch 199/200 loss 0.0040 train 1.0000 test 0.1517
epoch 200/200 loss 0.0050 train 1.0000 test 0.1516
done: final 0.1516 best 0.1536 -> ./runs/tinsuper_aux_1pct/seed1
TINSUPER_DONE tinsuper_aux_1pct_seed1
TINSUPER_START tinsuper_aux_1pct_seed2
moment-aux target calibrated on 1024 images
[tinsuper_aux_1pct seed2] {"params_trainable": 11181148, "params_stem_trainable": 0, "params_stem_fixed_filters": 0, "flops_total": 2226628608, "flops_stem": 0, "flops_image_size": 64}
epoch 1/200 loss 4.7523 train 0.0424 test 0.0624
epoch 2/200 loss 4.0560 train 0.0826 test 0.0663
epoch 3/200 loss 3.7596 train 0.0926 test 0.0638
epoch 4/200 loss 3.5332 train 0.1038 test 0.0875
epoch 5/200 loss 3.3717 train 0.1105 test 0.0909
epoch 6/200 loss 3.2904 train 0.1127 test 0.0993
epoch 7/200 loss 3.1469 train 0.1406 test 0.1044
epoch 8/200 loss 3.1085 train 0.1384 test 0.1028
epoch 9/200 loss 3.0076 train 0.1328 test 0.1072
epoch 10/200 loss 2.9930 train 0.1451 test 0.1013
epoch 11/200 loss 2.9481 train 0.1585 test 0.0942
epoch 12/200 loss 2.9360 train 0.1551 test 0.0996
epoch 13/200 loss 2.8705 train 0.1629 test 0.1139
epoch 14/200 loss 2.8373 train 0.1663 test 0.1182
epoch 15/200 loss 2.8267 train 0.1853 test 0.0963
epoch 16/200 loss 2.7908 train 0.1685 test 0.1211
epoch 17/200 loss 2.7077 train 0.1953 test 0.1179
epoch 18/200 loss 2.7334 train 0.1875 test 0.1166
epoch 19/200 loss 2.6716 train 0.2009 test 0.1148
epoch 20/200 loss 2.6504 train 0.2076 test 0.1185
epoch 21/200 loss 2.6514 train 0.2076 test 0.1115
epoch 22/200 loss 2.6483 train 0.2221 test 0.1159
epoch 23/200 loss 2.6056 train 0.2132 test 0.1066
epoch 24/200 loss 2.6089 train 0.2333 test 0.1258
epoch 25/200 loss 2.5812 train 0.2333 test 0.1103
epoch 26/200 loss 2.5986 train 0.2188 test 0.1158
epoch 27/200 loss 2.5503 train 0.2388 test 0.1129
epoch 28/200 loss 2.4693 train 0.2567 test 0.1279
epoch 29/200 loss 2.4570 train 0.2623 test 0.1228
epoch 30/200 loss 2.4088 train 0.3069 test 0.1098
epoch 31/200 loss 2.3829 train 0.2768 test 0.1190
epoch 32/200 loss 2.3709 train 0.2779 test 0.1096
epoch 33/200 loss 2.3927 train 0.2779 test 0.1183
epoch 34/200 loss 2.3227 train 0.2924 test 0.1237
epoch 35/200 loss 2.3450 train 0.2891 test 0.1152
epoch 36/200 loss 2.3000 train 0.3025 test 0.1282
epoch 37/200 loss 2.1918 train 0.3315 test 0.1321
epoch 38/200 loss 2.2150 train 0.3147 test 0.1238
epoch 39/200 loss 2.1968 train 0.3248 test 0.1170
epoch 40/200 loss 2.1880 train 0.3337 test 0.1138
epoch 41/200 loss 2.1621 train 0.3404 test 0.1219
epoch 42/200 loss 2.1382 train 0.3337 test 0.1263
epoch 43/200 loss 2.1135 train 0.3661 test 0.1149
epoch 44/200 loss 2.0610 train 0.3873 test 0.1226
epoch 45/200 loss 1.9963 train 0.3839 test 0.1373
epoch 46/200 loss 1.9759 train 0.3895 test 0.1248
epoch 47/200 loss 1.9317 train 0.3951 test 0.1141
epoch 48/200 loss 1.9566 train 0.4096 test 0.1290
epoch 49/200 loss 1.8619 train 0.4431 test 0.1295
epoch 50/200 loss 1.8018 train 0.4487 test 0.1121
epoch 51/200 loss 1.7417 train 0.4766 test 0.1290
epoch 52/200 loss 1.7467 train 0.4777 test 0.1225
epoch 53/200 loss 1.7062 train 0.4944 test 0.1364
epoch 54/200 loss 1.6757 train 0.4888 test 0.1269
epoch 55/200 loss 1.6422 train 0.5134 test 0.1274
epoch 56/200 loss 1.6261 train 0.5134 test 0.1306
epoch 57/200 loss 1.5950 train 0.5223 test 0.1210
epoch 58/200 loss 1.5096 train 0.5446 test 0.1247
epoch 59/200 loss 1.5762 train 0.5223 test 0.1203
epoch 60/200 loss 1.4752 train 0.5603 test 0.1198
epoch 61/200 loss 1.4610 train 0.5636 test 0.1134
epoch 62/200 loss 1.3274 train 0.6150 test 0.1294
epoch 63/200 loss 1.3099 train 0.6083 test 0.1257
epoch 64/200 loss 1.3080 train 0.6217 test 0.1139
epoch 65/200 loss 1.2617 train 0.6261 test 0.1367
epoch 66/200 loss 1.2052 train 0.6629 test 0.1233
epoch 67/200 loss 1.1232 train 0.6752 test 0.1318
epoch 68/200 loss 1.0519 train 0.6842 test 0.1323
epoch 69/200 loss 0.9967 train 0.7199 test 0.1351
epoch 70/200 loss 0.9720 train 0.7266 test 0.1310
epoch 71/200 loss 0.9361 train 0.7355 test 0.1262
epoch 72/200 loss 0.9885 train 0.7277 test 0.1176
epoch 73/200 loss 0.9700 train 0.7176 test 0.1296
epoch 74/200 loss 0.8718 train 0.7623 test 0.1278
epoch 75/200 loss 0.8961 train 0.7522 test 0.1250
epoch 76/200 loss 0.8313 train 0.7868 test 0.1247
epoch 77/200 loss 0.7911 train 0.7879 test 0.1311
epoch 78/200 loss 0.7696 train 0.7891 test 0.1250
epoch 79/200 loss 0.8474 train 0.7690 test 0.1310
epoch 80/200 loss 0.7430 train 0.7891 test 0.1292
epoch 81/200 loss 0.7103 train 0.8114 test 0.1430
epoch 82/200 loss 0.5845 train 0.8683 test 0.1274
epoch 83/200 loss 0.5428 train 0.8571 test 0.1203
epoch 84/200 loss 0.4199 train 0.9107 test 0.1267
epoch 85/200 loss 0.3660 train 0.9196 test 0.1365
epoch 86/200 loss 0.3292 train 0.9353 test 0.1407
epoch 87/200 loss 0.2964 train 0.9531 test 0.1324
epoch 88/200 loss 0.2588 train 0.9565 test 0.1384
epoch 89/200 loss 0.2524 train 0.9520 test 0.1298
epoch 90/200 loss 0.2231 train 0.9632 test 0.1365
epoch 91/200 loss 0.2003 train 0.9688 test 0.1282
epoch 92/200 loss 0.1977 train 0.9676 test 0.1401
epoch 93/200 loss 0.1870 train 0.9766 test 0.1382
epoch 94/200 loss 0.1764 train 0.9788 test 0.1361
epoch 95/200 loss 0.1599 train 0.9766 test 0.1427
epoch 96/200 loss 0.1393 train 0.9821 test 0.1332
epoch 97/200 loss 0.1136 train 0.9933 test 0.1435
epoch 98/200 loss 0.1064 train 0.9967 test 0.1440
epoch 99/200 loss 0.0993 train 0.9967 test 0.1439
epoch 100/200 loss 0.1036 train 0.9911 test 0.1507
epoch 101/200 loss 0.0901 train 0.9933 test 0.1412
epoch 102/200 loss 0.0895 train 0.9955 test 0.1426
epoch 103/200 loss 0.0800 train 0.9989 test 0.1380
epoch 104/200 loss 0.0690 train 0.9989 test 0.1424
epoch 105/200 loss 0.0666 train 0.9989 test 0.1445
epoch 106/200 loss 0.0646 train 0.9967 test 0.1428
epoch 107/200 loss 0.0597 train 0.9989 test 0.1465
epoch 108/200 loss 0.0537 train 0.9989 test 0.1469
epoch 109/200 loss 0.0493 train 1.0000 test 0.1468
epoch 110/200 loss 0.0478 train 1.0000 test 0.1478
epoch 111/200 loss 0.0456 train 1.0000 test 0.1515
epoch 112/200 loss 0.0438 train 1.0000 test 0.1504
epoch 113/200 loss 0.0443 train 0.9989 test 0.1491
epoch 114/200 loss 0.0463 train 1.0000 test 0.1492
epoch 115/200 loss 0.0407 train 1.0000 test 0.1483
epoch 116/200 loss 0.0428 train 0.9989 test 0.1478
epoch 117/200 loss 0.0427 train 0.9989 test 0.1486
epoch 118/200 loss 0.0432 train 0.9989 test 0.1473
epoch 119/200 loss 0.0398 train 1.0000 test 0.1482
epoch 120/200 loss 0.0371 train 1.0000 test 0.1483
epoch 121/200 loss 0.0396 train 0.9989 test 0.1491
epoch 122/200 loss 0.0349 train 1.0000 test 0.1489
epoch 123/200 loss 0.0345 train 1.0000 test 0.1488
epoch 124/200 loss 0.0327 train 1.0000 test 0.1485
epoch 125/200 loss 0.0328 train 1.0000 test 0.1480
epoch 126/200 loss 0.0309 train 1.0000 test 0.1491
epoch 127/200 loss 0.0302 train 1.0000 test 0.1493
epoch 128/200 loss 0.0293 train 1.0000 test 0.1504
epoch 129/200 loss 0.0287 train 1.0000 test 0.1491
epoch 130/200 loss 0.0284 train 1.0000 test 0.1499
epoch 131/200 loss 0.0280 train 1.0000 test 0.1501
epoch 132/200 loss 0.0264 train 1.0000 test 0.1488
epoch 133/200 loss 0.0262 train 1.0000 test 0.1478
epoch 134/200 loss 0.0247 train 1.0000 test 0.1489
epoch 135/200 loss 0.0249 train 1.0000 test 0.1497
epoch 136/200 loss 0.0236 train 1.0000 test 0.1492
epoch 137/200 loss 0.0226 train 1.0000 test 0.1500
epoch 138/200 loss 0.0222 train 1.0000 test 0.1508
epoch 139/200 loss 0.0220 train 1.0000 test 0.1497
epoch 140/200 loss 0.0216 train 1.0000 test 0.1493
epoch 141/200 loss 0.0205 train 1.0000 test 0.1501
epoch 142/200 loss 0.0206 train 1.0000 test 0.1497
epoch 143/200 loss 0.0196 train 1.0000 test 0.1494
epoch 144/200 loss 0.0197 train 1.0000 test 0.1489
epoch 145/200 loss 0.0196 train 1.0000 test 0.1495
epoch 146/200 loss 0.0194 train 1.0000 test 0.1486
epoch 147/200 loss 0.0176 train 1.0000 test 0.1479
epoch 148/200 loss 0.0172 train 1.0000 test 0.1499
epoch 149/200 loss 0.0169 train 1.0000 test 0.1501
epoch 150/200 loss 0.0162 train 1.0000 test 0.1513
epoch 151/200 loss 0.0157 train 1.0000 test 0.1510
epoch 152/200 loss 0.0157 train 1.0000 test 0.1502
epoch 153/200 loss 0.0157 train 1.0000 test 0.1512
epoch 154/200 loss 0.0143 train 1.0000 test 0.1511
epoch 155/200 loss 0.0142 train 1.0000 test 0.1507
epoch 156/200 loss 0.0147 train 1.0000 test 0.1509
epoch 157/200 loss 0.0135 train 1.0000 test 0.1506
epoch 158/200 loss 0.0124 train 1.0000 test 0.1512
epoch 159/200 loss 0.0134 train 1.0000 test 0.1512
epoch 160/200 loss 0.0126 train 1.0000 test 0.1507
epoch 161/200 loss 0.0123 train 1.0000 test 0.1502
epoch 162/200 loss 0.0117 train 1.0000 test 0.1497
epoch 163/200 loss 0.0115 train 1.0000 test 0.1503
epoch 164/200 loss 0.0106 train 1.0000 test 0.1496
epoch 165/200 loss 0.0105 train 1.0000 test 0.1501
epoch 166/200 loss 0.0104 train 1.0000 test 0.1501
epoch 167/200 loss 0.0098 train 1.0000 test 0.1500
epoch 168/200 loss 0.0091 train 1.0000 test 0.1516
epoch 169/200 loss 0.0086 train 1.0000 test 0.1500
epoch 170/200 loss 0.0086 train 1.0000 test 0.1519
epoch 171/200 loss 0.0086 train 1.0000 test 0.1517
epoch 172/200 loss 0.0081 train 1.0000 test 0.1515
epoch 173/200 loss 0.0081 train 1.0000 test 0.1516
epoch 174/200 loss 0.0082 train 1.0000 test 0.1515
epoch 175/200 loss 0.0083 train 1.0000 test 0.1517
epoch 176/200 loss 0.0072 train 1.0000 test 0.1507
epoch 177/200 loss 0.0076 train 1.0000 test 0.1507
epoch 178/200 loss 0.0068 train 1.0000 test 0.1517
epoch 179/200 loss 0.0059 train 1.0000 test 0.1509
epoch 180/200 loss 0.0063 train 1.0000 test 0.1507
epoch 181/200 loss 0.0059 train 1.0000 test 0.1517
epoch 182/200 loss 0.0061 train 1.0000 test 0.1511
epoch 183/200 loss 0.0059 train 1.0000 test 0.1514
epoch 184/200 loss 0.0062 train 1.0000 test 0.1503
epoch 185/200 loss 0.0054 train 1.0000 test 0.1511
epoch 186/200 loss 0.0059 train 1.0000 test 0.1516
epoch 187/200 loss 0.0054 train 1.0000 test 0.1513
epoch 188/200 loss 0.0059 train 1.0000 test 0.1509
epoch 189/200 loss 0.0048 train 1.0000 test 0.1512
epoch 190/200 loss 0.0061 train 1.0000 test 0.1514
epoch 191/200 loss 0.0054 train 1.0000 test 0.1505
epoch 192/200 loss 0.0046 train 1.0000 test 0.1507
epoch 193/200 loss 0.0044 train 1.0000 test 0.1512
epoch 194/200 loss 0.0050 train 1.0000 test 0.1513
epoch 195/200 loss 0.0048 train 1.0000 test 0.1514
epoch 196/200 loss 0.0045 train 1.0000 test 0.1514
epoch 197/200 loss 0.0038 train 1.0000 test 0.1513
epoch 198/200 loss 0.0048 train 1.0000 test 0.1512
epoch 199/200 loss 0.0041 train 1.0000 test 0.1512
epoch 200/200 loss 0.0045 train 1.0000 test 0.1506
done: final 0.1506 best 0.1519 -> ./runs/tinsuper_aux_1pct/seed2
TINSUPER_DONE tinsuper_aux_1pct_seed2
TINSUPER_CELL_DONE tinsuper_aux_1pct
TINSUPER_PROBE_START tinsuper_none_1pct default
tinsuper_none_1pct seed0: probe train 25.88  test 23.17
      25 shots/class (n=  500): test 10.28
      50 shots/class (n= 1000): test 11.94
     100 shots/class (n= 2000): test 12.85
     250 shots/class (n= 5000): test 15.03
tinsuper_none_1pct seed1: probe train 25.69  test 23.15
      25 shots/class (n=  500): test 10.60
      50 shots/class (n= 1000): test 11.40
     100 shots/class (n= 2000): test 12.63
     250 shots/class (n= 5000): test 14.62
tinsuper_none_1pct seed2: probe train 26.19  test 23.03
      25 shots/class (n=  500): test 10.03
      50 shots/class (n= 1000): test 11.97
     100 shots/class (n= 2000): test 12.76
     250 shots/class (n= 5000): test 14.97
PROBE_RESULT tinsuper_none_1pct test 23.12+/-0.08 over 3 seeds -> runs/tinsuper_none_1pct/linear_probe.json
TINSUPER_PROBE_DONE tinsuper_none_1pct default
TINSUPER_PROBE_START tinsuper_aux_1pct default
tinsuper_aux_1pct seed0: probe train 27.62  test 24.86
      25 shots/class (n=  500): test 11.40
      50 shots/class (n= 1000): test 12.69
     100 shots/class (n= 2000): test 13.59
     250 shots/class (n= 5000): test 15.95
tinsuper_aux_1pct seed1: probe train 27.83  test 24.35
      25 shots/class (n=  500): test 11.64
      50 shots/class (n= 1000): test 12.00
     100 shots/class (n= 2000): test 13.96
     250 shots/class (n= 5000): test 16.20
tinsuper_aux_1pct seed2: probe train 27.64  test 24.24
      25 shots/class (n=  500): test 11.01
      50 shots/class (n= 1000): test 12.73
     100 shots/class (n= 2000): test 13.71
     250 shots/class (n= 5000): test 15.84
PROBE_RESULT tinsuper_aux_1pct test 24.48+/-0.33 over 3 seeds -> runs/tinsuper_aux_1pct/linear_probe.json
TINSUPER_PROBE_DONE tinsuper_aux_1pct default
TINSUPER_PROBE_START tinsuper_none_1pct tin
tinsuper_none_1pct seed0: probe train 29.31  test 20.80
      25 shots/class (n= 5000): test 9.34
      50 shots/class (n=10000): test 11.80
     100 shots/class (n=20000): test 14.49
     250 shots/class (n=50000): test 18.79
tinsuper_none_1pct seed1: probe train 29.31  test 20.96
      25 shots/class (n= 5000): test 9.00
      50 shots/class (n=10000): test 11.13
     100 shots/class (n=20000): test 14.37
     250 shots/class (n=50000): test 18.57
tinsuper_none_1pct seed2: probe train 29.45  test 21.50
      25 shots/class (n= 5000): test 9.50
      50 shots/class (n=10000): test 11.65
     100 shots/class (n=20000): test 14.73
     250 shots/class (n=50000): test 18.94
PROBE_RESULT tinsuper_none_1pct test 21.09+/-0.37 over 3 seeds -> runs/tinsuper_none_1pct/linear_probe_tin.json
TINSUPER_PROBE_DONE tinsuper_none_1pct tin
TINSUPER_PROBE_START tinsuper_aux_1pct tin
tinsuper_aux_1pct seed0: probe train 32.90  test 23.43
      25 shots/class (n= 5000): test 11.37
      50 shots/class (n=10000): test 13.70
     100 shots/class (n=20000): test 16.77
     250 shots/class (n=50000): test 21.10
tinsuper_aux_1pct seed1: probe train 32.88  test 24.31
      25 shots/class (n= 5000): test 11.01
      50 shots/class (n=10000): test 13.68
     100 shots/class (n=20000): test 16.90
     250 shots/class (n=50000): test 20.95
tinsuper_aux_1pct seed2: probe train 32.50  test 23.16
      25 shots/class (n= 5000): test 10.62
      50 shots/class (n=10000): test 13.59
     100 shots/class (n=20000): test 16.88
     250 shots/class (n=50000): test 21.14
PROBE_RESULT tinsuper_aux_1pct test 23.63+/-0.60 over 3 seeds -> runs/tinsuper_aux_1pct/linear_probe_tin.json
TINSUPER_PROBE_DONE tinsuper_aux_1pct tin
TINSUPER_COMPLETE
