=== uf10_gaborwarm seed 0 ===
stem calibrated (True) on 1024 images
[uf10_gaborwarm seed0] {"params_trainable": 11226405, "params_stem_trainable": 1089, "params_stem_fixed_filters": 0, "flops_total": 563129344, "flops_stem": 1115136, "flops_image_size": 32}
stem frozen until epoch 50
epoch 1/200 loss 4.5455 train 0.0270 test 0.0405
epoch 2/200 loss 4.1926 train 0.0609 test 0.0809
epoch 3/200 loss 3.9989 train 0.0861 test 0.0914
epoch 4/200 loss 3.8409 train 0.1062 test 0.1017
epoch 5/200 loss 3.7286 train 0.1226 test 0.1182
epoch 6/200 loss 3.6330 train 0.1398 test 0.1265
epoch 7/200 loss 3.5474 train 0.1504 test 0.1317
epoch 8/200 loss 3.4207 train 0.1771 test 0.1339
epoch 9/200 loss 3.3400 train 0.1849 test 0.1573
epoch 10/200 loss 3.2291 train 0.2041 test 0.1624
epoch 11/200 loss 3.1391 train 0.2167 test 0.1776
epoch 12/200 loss 3.0659 train 0.2338 test 0.1743
epoch 13/200 loss 2.9910 train 0.2524 test 0.1825
epoch 14/200 loss 2.9395 train 0.2582 test 0.1883
epoch 15/200 loss 2.8195 train 0.2784 test 0.1974
epoch 16/200 loss 2.7548 train 0.2871 test 0.2166
epoch 17/200 loss 2.6662 train 0.3071 test 0.2095
epoch 18/200 loss 2.6041 train 0.3215 test 0.2068
epoch 19/200 loss 2.4993 train 0.3438 test 0.2169
epoch 20/200 loss 2.4615 train 0.3482 test 0.2336
epoch 21/200 loss 2.3635 train 0.3662 test 0.2391
epoch 22/200 loss 2.2668 train 0.3972 test 0.2507
epoch 23/200 loss 2.2443 train 0.3862 test 0.2476
epoch 24/200 loss 2.1340 train 0.4203 test 0.2483
epoch 25/200 loss 2.1005 train 0.4255 test 0.2446
epoch 26/200 loss 1.9498 train 0.4593 test 0.2607
epoch 27/200 loss 1.8827 train 0.4760 test 0.2580
epoch 28/200 loss 1.8385 train 0.4776 test 0.2639
epoch 29/200 loss 1.7585 train 0.5142 test 0.2572
epoch 30/200 loss 1.7088 train 0.5166 test 0.2757
epoch 31/200 loss 1.5776 train 0.5451 test 0.2626
epoch 32/200 loss 1.5113 train 0.5627 test 0.2725
epoch 33/200 loss 1.4299 train 0.5835 test 0.2620
epoch 34/200 loss 1.3610 train 0.6002 test 0.2620
epoch 35/200 loss 1.2871 train 0.6190 test 0.2818
epoch 36/200 loss 1.1931 train 0.6444 test 0.2852
epoch 37/200 loss 1.0904 train 0.6773 test 0.2665
epoch 38/200 loss 1.0543 train 0.6791 test 0.2616
epoch 39/200 loss 0.9584 train 0.7051 test 0.2678
epoch 40/200 loss 0.9074 train 0.7212 test 0.2845
epoch 41/200 loss 0.8364 train 0.7456 test 0.2890
epoch 42/200 loss 0.7681 train 0.7660 test 0.2872
epoch 43/200 loss 0.6810 train 0.7937 test 0.2939
epoch 44/200 loss 0.6334 train 0.8133 test 0.2930
epoch 45/200 loss 0.5969 train 0.8235 test 0.2944
epoch 46/200 loss 0.5257 train 0.8383 test 0.2923
epoch 47/200 loss 0.5204 train 0.8452 test 0.2773
epoch 48/200 loss 0.4695 train 0.8556 test 0.2808
epoch 49/200 loss 0.4920 train 0.8476 test 0.2933
epoch 50/200 loss 0.4683 train 0.8550 test 0.2727
stem unfrozen at epoch 50
epoch 51/200 loss 2.0919 train 0.4603 test 0.2292
epoch 52/200 loss 0.8626 train 0.7518 test 0.2842
epoch 53/200 loss 0.4441 train 0.8784 test 0.3073
epoch 54/200 loss 0.3055 train 0.9179 test 0.3151
epoch 55/200 loss 0.2323 train 0.9401 test 0.3205
epoch 56/200 loss 0.1850 train 0.9503 test 0.3216
epoch 57/200 loss 0.1583 train 0.9611 test 0.3284
epoch 58/200 loss 0.1313 train 0.9692 test 0.3146
epoch 59/200 loss 0.1315 train 0.9677 test 0.3297
epoch 60/200 loss 0.1298 train 0.9673 test 0.3249
epoch 61/200 loss 0.1349 train 0.9681 test 0.3143
epoch 62/200 loss 0.1588 train 0.9575 test 0.3229
epoch 63/200 loss 0.1547 train 0.9599 test 0.3007
epoch 64/200 loss 0.1778 train 0.9515 test 0.3168
epoch 65/200 loss 0.2194 train 0.9345 test 0.2950
epoch 66/200 loss 0.2507 train 0.9277 test 0.2960
epoch 67/200 loss 0.2709 train 0.9197 test 0.2914
epoch 68/200 loss 0.2461 train 0.9295 test 0.3096
epoch 69/200 loss 0.2056 train 0.9433 test 0.3119
epoch 70/200 loss 0.1501 train 0.9609 test 0.3153
epoch 71/200 loss 0.1015 train 0.9740 test 0.3237
epoch 72/200 loss 0.0970 train 0.9756 test 0.3417
epoch 73/200 loss 0.0772 train 0.9844 test 0.3433
epoch 74/200 loss 0.0574 train 0.9884 test 0.3440
epoch 75/200 loss 0.0381 train 0.9956 test 0.3520
epoch 76/200 loss 0.0322 train 0.9948 test 0.3553
epoch 77/200 loss 0.0322 train 0.9948 test 0.3596
epoch 78/200 loss 0.0227 train 0.9976 test 0.3601
epoch 79/200 loss 0.0184 train 0.9978 test 0.3683
epoch 80/200 loss 0.0182 train 0.9984 test 0.3662
epoch 81/200 loss 0.0125 train 0.9992 test 0.3727
epoch 82/200 loss 0.0077 train 1.0000 test 0.3808
epoch 83/200 loss 0.0076 train 0.9998 test 0.3781
epoch 84/200 loss 0.0070 train 0.9996 test 0.3787
epoch 85/200 loss 0.0096 train 0.9994 test 0.3749
epoch 86/200 loss 0.0072 train 0.9996 test 0.3799
epoch 87/200 loss 0.0062 train 0.9998 test 0.3818
epoch 88/200 loss 0.0063 train 0.9996 test 0.3835
epoch 89/200 loss 0.0065 train 0.9998 test 0.3824
epoch 90/200 loss 0.0073 train 0.9994 test 0.3814
epoch 91/200 loss 0.0075 train 0.9996 test 0.3821
epoch 92/200 loss 0.0071 train 0.9998 test 0.3821
epoch 93/200 loss 0.0073 train 0.9996 test 0.3830
epoch 94/200 loss 0.0072 train 1.0000 test 0.3832
epoch 95/200 loss 0.0082 train 0.9996 test 0.3822
epoch 96/200 loss 0.0074 train 0.9998 test 0.3827
epoch 97/200 loss 0.0074 train 0.9998 test 0.3847
epoch 98/200 loss 0.0079 train 0.9996 test 0.3864
epoch 99/200 loss 0.0077 train 0.9998 test 0.3852
epoch 100/200 loss 0.0079 train 0.9996 test 0.3840
epoch 101/200 loss 0.0077 train 0.9998 test 0.3855
epoch 102/200 loss 0.0075 train 0.9996 test 0.3868
epoch 103/200 loss 0.0076 train 0.9996 test 0.3848
epoch 104/200 loss 0.0076 train 0.9996 test 0.3851
epoch 105/200 loss 0.0078 train 0.9998 test 0.3855
epoch 106/200 loss 0.0077 train 0.9998 test 0.3873
epoch 107/200 loss 0.0077 train 0.9996 test 0.3852
epoch 108/200 loss 0.0077 train 1.0000 test 0.3895
epoch 109/200 loss 0.0077 train 0.9996 test 0.3881
epoch 110/200 loss 0.0076 train 0.9998 test 0.3863
epoch 111/200 loss 0.0079 train 0.9998 test 0.3870
epoch 112/200 loss 0.0079 train 1.0000 test 0.3899
epoch 113/200 loss 0.0076 train 1.0000 test 0.3887
epoch 114/200 loss 0.0075 train 0.9998 test 0.3848
epoch 115/200 loss 0.0078 train 0.9996 test 0.3873
epoch 116/200 loss 0.0076 train 0.9998 test 0.3878
epoch 117/200 loss 0.0073 train 1.0000 test 0.3881
epoch 118/200 loss 0.0079 train 0.9998 test 0.3868
epoch 119/200 loss 0.0073 train 0.9998 test 0.3880
epoch 120/200 loss 0.0076 train 0.9998 test 0.3901
epoch 121/200 loss 0.0077 train 0.9996 test 0.3896
epoch 122/200 loss 0.0076 train 0.9998 test 0.3881
epoch 123/200 loss 0.0074 train 0.9998 test 0.3872
epoch 124/200 loss 0.0074 train 0.9998 test 0.3882
epoch 125/200 loss 0.0077 train 0.9996 test 0.3884
epoch 126/200 loss 0.0077 train 0.9998 test 0.3851
epoch 127/200 loss 0.0075 train 0.9998 test 0.3925
epoch 128/200 loss 0.0073 train 1.0000 test 0.3885
epoch 129/200 loss 0.0074 train 0.9998 test 0.3872
epoch 130/200 loss 0.0070 train 1.0000 test 0.3897
epoch 131/200 loss 0.0072 train 0.9998 test 0.3901
epoch 132/200 loss 0.0073 train 0.9998 test 0.3885
epoch 133/200 loss 0.0070 train 0.9998 test 0.3902
epoch 134/200 loss 0.0067 train 0.9998 test 0.3907
epoch 135/200 loss 0.0071 train 0.9996 test 0.3906
epoch 136/200 loss 0.0070 train 1.0000 test 0.3909
epoch 137/200 loss 0.0070 train 0.9996 test 0.3902
epoch 138/200 loss 0.0068 train 0.9998 test 0.3927
epoch 139/200 loss 0.0068 train 0.9998 test 0.3904
epoch 140/200 loss 0.0072 train 0.9998 test 0.3924
epoch 141/200 loss 0.0073 train 0.9998 test 0.3915
epoch 142/200 loss 0.0069 train 0.9996 test 0.3925
epoch 143/200 loss 0.0069 train 0.9996 test 0.3919
epoch 144/200 loss 0.0070 train 0.9998 test 0.3917
epoch 145/200 loss 0.0069 train 0.9998 test 0.3907
epoch 146/200 loss 0.0068 train 1.0000 test 0.3916
epoch 147/200 loss 0.0066 train 1.0000 test 0.3899
epoch 148/200 loss 0.0067 train 0.9996 test 0.3907
epoch 149/200 loss 0.0067 train 0.9996 test 0.3916
epoch 150/200 loss 0.0066 train 0.9998 test 0.3917
epoch 151/200 loss 0.0066 train 0.9998 test 0.3924
epoch 152/200 loss 0.0066 train 0.9998 test 0.3925
epoch 153/200 loss 0.0064 train 0.9998 test 0.3919
epoch 154/200 loss 0.0067 train 1.0000 test 0.3897
epoch 155/200 loss 0.0066 train 0.9998 test 0.3912
epoch 156/200 loss 0.0064 train 1.0000 test 0.3926
epoch 157/200 loss 0.0063 train 0.9998 test 0.3912
epoch 158/200 loss 0.0063 train 1.0000 test 0.3919
epoch 159/200 loss 0.0061 train 1.0000 test 0.3938
epoch 160/200 loss 0.0066 train 0.9996 test 0.3925
epoch 161/200 loss 0.0064 train 1.0000 test 0.3924
epoch 162/200 loss 0.0067 train 0.9998 test 0.3939
epoch 163/200 loss 0.0063 train 0.9998 test 0.3912
epoch 164/200 loss 0.0063 train 0.9998 test 0.3926
epoch 165/200 loss 0.0064 train 0.9998 test 0.3942
epoch 166/200 loss 0.0063 train 0.9998 test 0.3931
epoch 167/200 loss 0.0064 train 1.0000 test 0.3930
epoch 168/200 loss 0.0069 train 0.9996 test 0.3923
epoch 169/200 loss 0.0066 train 1.0000 test 0.3931
epoch 170/200 loss 0.0064 train 0.9998 test 0.3925
epoch 171/200 loss 0.0066 train 0.9998 test 0.3920
epoch 172/200 loss 0.0065 train 1.0000 test 0.3934
epoch 173/200 loss 0.0064 train 0.9998 test 0.3936
epoch 174/200 loss 0.0063 train 1.0000 test 0.3930
epoch 175/200 loss 0.0063 train 1.0000 test 0.3940
epoch 176/200 loss 0.0063 train 0.9998 test 0.3922
epoch 177/200 loss 0.0063 train 1.0000 test 0.3935
epoch 178/200 loss 0.0064 train 0.9998 test 0.3937
epoch 179/200 loss 0.0063 train 0.9998 test 0.3946
epoch 180/200 loss 0.0062 train 1.0000 test 0.3930
epoch 181/200 loss 0.0065 train 1.0000 test 0.3927
epoch 182/200 loss 0.0064 train 1.0000 test 0.3941
epoch 183/200 loss 0.0062 train 0.9998 test 0.3931
epoch 184/200 loss 0.0061 train 1.0000 test 0.3925
epoch 185/200 loss 0.0062 train 1.0000 test 0.3939
epoch 186/200 loss 0.0065 train 0.9996 test 0.3933
epoch 187/200 loss 0.0062 train 1.0000 test 0.3923
epoch 188/200 loss 0.0062 train 1.0000 test 0.3917
epoch 189/200 loss 0.0062 train 1.0000 test 0.3927
epoch 190/200 loss 0.0061 train 1.0000 test 0.3935
epoch 191/200 loss 0.0058 train 1.0000 test 0.3936
epoch 192/200 loss 0.0061 train 1.0000 test 0.3934
epoch 193/200 loss 0.0064 train 1.0000 test 0.3933
epoch 194/200 loss 0.0063 train 1.0000 test 0.3934
epoch 195/200 loss 0.0062 train 0.9998 test 0.3939
epoch 196/200 loss 0.0060 train 1.0000 test 0.3939
epoch 197/200 loss 0.0061 train 1.0000 test 0.3928
epoch 198/200 loss 0.0062 train 1.0000 test 0.3945
epoch 199/200 loss 0.0061 train 1.0000 test 0.3924
epoch 200/200 loss 0.0061 train 1.0000 test 0.3921
done: final 0.3921 best 0.3946 -> ./runs/uf10_gaborwarm/seed0
=== uf15_gaborwarm seed 0 ===
stem calibrated (True) on 1024 images
[uf15_gaborwarm seed0] {"params_trainable": 11226405, "params_stem_trainable": 1089, "params_stem_fixed_filters": 0, "flops_total": 563129344, "flops_stem": 1115136, "flops_image_size": 32}
stem frozen until epoch 70
epoch 1/200 loss 4.4431 train 0.0391 test 0.0551
epoch 2/200 loss 4.0823 train 0.0814 test 0.0921
epoch 3/200 loss 3.8670 train 0.1026 test 0.1024
epoch 4/200 loss 3.7264 train 0.1245 test 0.1244
epoch 5/200 loss 3.5701 train 0.1529 test 0.1397
epoch 6/200 loss 3.4470 train 0.1724 test 0.1591
epoch 7/200 loss 3.3262 train 0.1928 test 0.1764
epoch 8/200 loss 3.2097 train 0.2105 test 0.1626
epoch 9/200 loss 3.1187 train 0.2313 test 0.1570
epoch 10/200 loss 3.0415 train 0.2462 test 0.1859
epoch 11/200 loss 2.9147 train 0.2660 test 0.1985
epoch 12/200 loss 2.8681 train 0.2749 test 0.2160
epoch 13/200 loss 2.7421 train 0.2914 test 0.2269
epoch 14/200 loss 2.6727 train 0.3098 test 0.2241
epoch 15/200 loss 2.6128 train 0.3103 test 0.2251
epoch 16/200 loss 2.5409 train 0.3345 test 0.2515
epoch 17/200 loss 2.4577 train 0.3565 test 0.2498
epoch 18/200 loss 2.3634 train 0.3666 test 0.2715
epoch 19/200 loss 2.2663 train 0.3895 test 0.2841
epoch 20/200 loss 2.1759 train 0.4118 test 0.2587
epoch 21/200 loss 2.1159 train 0.4225 test 0.2892
epoch 22/200 loss 2.0577 train 0.4328 test 0.2969
epoch 23/200 loss 1.9662 train 0.4511 test 0.2836
epoch 24/200 loss 1.9000 train 0.4697 test 0.3296
epoch 25/200 loss 1.8039 train 0.4906 test 0.3152
epoch 26/200 loss 1.7317 train 0.5097 test 0.3131
epoch 27/200 loss 1.6724 train 0.5232 test 0.3219
epoch 28/200 loss 1.6009 train 0.5467 test 0.2876
epoch 29/200 loss 1.5421 train 0.5486 test 0.3262
epoch 30/200 loss 1.5041 train 0.5649 test 0.3386
epoch 31/200 loss 1.3787 train 0.5962 test 0.3308
epoch 32/200 loss 1.3244 train 0.6156 test 0.3370
epoch 33/200 loss 1.2345 train 0.6324 test 0.3012
epoch 34/200 loss 1.1954 train 0.6421 test 0.3260
epoch 35/200 loss 1.1422 train 0.6606 test 0.3198
epoch 36/200 loss 1.1098 train 0.6651 test 0.3493
epoch 37/200 loss 1.0126 train 0.6967 test 0.3162
epoch 38/200 loss 0.9330 train 0.7166 test 0.3116
epoch 39/200 loss 0.8658 train 0.7344 test 0.3413
epoch 40/200 loss 0.8379 train 0.7447 test 0.3514
epoch 41/200 loss 0.7575 train 0.7676 test 0.3631
epoch 42/200 loss 0.7889 train 0.7581 test 0.3266
epoch 43/200 loss 0.7274 train 0.7767 test 0.3325
epoch 44/200 loss 0.6751 train 0.7891 test 0.3362
epoch 45/200 loss 0.5944 train 0.8171 test 0.3385
epoch 46/200 loss 0.5726 train 0.8209 test 0.3468
epoch 47/200 loss 0.5914 train 0.8095 test 0.3433
epoch 48/200 loss 0.5897 train 0.8175 test 0.3449
epoch 49/200 loss 0.5008 train 0.8471 test 0.3486
epoch 50/200 loss 0.4425 train 0.8641 test 0.3388
epoch 51/200 loss 0.3994 train 0.8823 test 0.3578
epoch 52/200 loss 0.3852 train 0.8863 test 0.3695
epoch 53/200 loss 0.3657 train 0.8893 test 0.3389
epoch 54/200 loss 0.3477 train 0.8932 test 0.3524
epoch 55/200 loss 0.3969 train 0.8773 test 0.3418
epoch 56/200 loss 0.3866 train 0.8843 test 0.3561
epoch 57/200 loss 0.3287 train 0.8963 test 0.3517
epoch 58/200 loss 0.3031 train 0.9102 test 0.3591
epoch 59/200 loss 0.2933 train 0.9129 test 0.3627
epoch 60/200 loss 0.2752 train 0.9193 test 0.3713
epoch 61/200 loss 0.2395 train 0.9305 test 0.3587
epoch 62/200 loss 0.2382 train 0.9304 test 0.3700
epoch 63/200 loss 0.2384 train 0.9274 test 0.3640
epoch 64/200 loss 0.2477 train 0.9252 test 0.3579
epoch 65/200 loss 0.2231 train 0.9379 test 0.3733
epoch 66/200 loss 0.2091 train 0.9422 test 0.3334
epoch 67/200 loss 0.2061 train 0.9399 test 0.3839
epoch 68/200 loss 0.2000 train 0.9450 test 0.3830
epoch 69/200 loss 0.1831 train 0.9488 test 0.3715
epoch 70/200 loss 0.1942 train 0.9465 test 0.3822
stem unfrozen at epoch 70
epoch 71/200 loss 1.7346 train 0.5397 test 0.2951
epoch 72/200 loss 0.5388 train 0.8477 test 0.3638
epoch 73/200 loss 0.2144 train 0.9454 test 0.3859
epoch 74/200 loss 0.1251 train 0.9723 test 0.4124
epoch 75/200 loss 0.1101 train 0.9749 test 0.3915
epoch 76/200 loss 0.0956 train 0.9797 test 0.4118
epoch 77/200 loss 0.0697 train 0.9863 test 0.4173
epoch 78/200 loss 0.0511 train 0.9907 test 0.4230
epoch 79/200 loss 0.0365 train 0.9946 test 0.4173
epoch 80/200 loss 0.0223 train 0.9981 test 0.4403
epoch 81/200 loss 0.0188 train 0.9987 test 0.4476
epoch 82/200 loss 0.0130 train 0.9997 test 0.4478
epoch 83/200 loss 0.0116 train 0.9996 test 0.4515
epoch 84/200 loss 0.0113 train 0.9993 test 0.4488
epoch 85/200 loss 0.0128 train 0.9989 test 0.4483
epoch 86/200 loss 0.0098 train 0.9997 test 0.4549
epoch 87/200 loss 0.0094 train 0.9995 test 0.4492
epoch 88/200 loss 0.0135 train 0.9985 test 0.4481
epoch 89/200 loss 0.0219 train 0.9972 test 0.4405
epoch 90/200 loss 0.0178 train 0.9988 test 0.4566
epoch 91/200 loss 0.0109 train 0.9997 test 0.4576
epoch 92/200 loss 0.0170 train 0.9991 test 0.4511
epoch 93/200 loss 0.0146 train 0.9992 test 0.4576
epoch 94/200 loss 0.0105 train 0.9997 test 0.4628
epoch 95/200 loss 0.0092 train 0.9999 test 0.4611
epoch 96/200 loss 0.0086 train 0.9999 test 0.4635
epoch 97/200 loss 0.0091 train 0.9997 test 0.4633
epoch 98/200 loss 0.0091 train 0.9997 test 0.4590
epoch 99/200 loss 0.0089 train 0.9999 test 0.4630
epoch 100/200 loss 0.0088 train 0.9999 test 0.4641
epoch 101/200 loss 0.0086 train 0.9999 test 0.4649
epoch 102/200 loss 0.0086 train 0.9997 test 0.4654
epoch 103/200 loss 0.0090 train 0.9999 test 0.4671
epoch 104/200 loss 0.0087 train 0.9997 test 0.4691
epoch 105/200 loss 0.0088 train 0.9997 test 0.4696
epoch 106/200 loss 0.0090 train 0.9999 test 0.4628
epoch 107/200 loss 0.0090 train 0.9999 test 0.4656
epoch 108/200 loss 0.0092 train 0.9999 test 0.4650
epoch 109/200 loss 0.0087 train 0.9997 test 0.4691
epoch 110/200 loss 0.0086 train 0.9999 test 0.4677
epoch 111/200 loss 0.0087 train 0.9999 test 0.4673
epoch 112/200 loss 0.0089 train 0.9997 test 0.4640
epoch 113/200 loss 0.0085 train 0.9999 test 0.4664
epoch 114/200 loss 0.0085 train 0.9999 test 0.4647
epoch 115/200 loss 0.0084 train 0.9999 test 0.4623
epoch 116/200 loss 0.0086 train 0.9999 test 0.4631
epoch 117/200 loss 0.0082 train 0.9999 test 0.4672
epoch 118/200 loss 0.0083 train 0.9999 test 0.4646
epoch 119/200 loss 0.0081 train 0.9997 test 0.4683
epoch 120/200 loss 0.0081 train 1.0000 test 0.4698
epoch 121/200 loss 0.0078 train 0.9999 test 0.4709
epoch 122/200 loss 0.0078 train 0.9999 test 0.4695
epoch 123/200 loss 0.0079 train 1.0000 test 0.4710
epoch 124/200 loss 0.0082 train 0.9997 test 0.4661
epoch 125/200 loss 0.0080 train 0.9999 test 0.4656
epoch 126/200 loss 0.0076 train 0.9999 test 0.4664
epoch 127/200 loss 0.0075 train 0.9999 test 0.4678
epoch 128/200 loss 0.0076 train 0.9997 test 0.4688
epoch 129/200 loss 0.0075 train 0.9999 test 0.4695
epoch 130/200 loss 0.0075 train 0.9999 test 0.4688
epoch 131/200 loss 0.0075 train 1.0000 test 0.4689
epoch 132/200 loss 0.0088 train 0.9997 test 0.4644
epoch 133/200 loss 0.0098 train 0.9996 test 0.4640
epoch 134/200 loss 0.0119 train 0.9989 test 0.4519
epoch 135/200 loss 0.0214 train 0.9985 test 0.4442
epoch 136/200 loss 0.0426 train 0.9947 test 0.4139
epoch 137/200 loss 0.1564 train 0.9705 test 0.3235
epoch 138/200 loss 0.4433 train 0.8955 test 0.3261
epoch 139/200 loss 0.4240 train 0.8963 test 0.3801
epoch 140/200 loss 0.2686 train 0.9386 test 0.3885
epoch 141/200 loss 0.1580 train 0.9682 test 0.4049
epoch 142/200 loss 0.0763 train 0.9876 test 0.4292
epoch 143/200 loss 0.0550 train 0.9929 test 0.4393
epoch 144/200 loss 0.0273 train 0.9973 test 0.4501
epoch 145/200 loss 0.0137 train 0.9995 test 0.4623
epoch 146/200 loss 0.0097 train 0.9996 test 0.4611
epoch 147/200 loss 0.0087 train 0.9997 test 0.4665
epoch 148/200 loss 0.0066 train 0.9999 test 0.4669
epoch 149/200 loss 0.0061 train 0.9999 test 0.4680
epoch 150/200 loss 0.0060 train 0.9996 test 0.4680
epoch 151/200 loss 0.0055 train 1.0000 test 0.4695
epoch 152/200 loss 0.0052 train 0.9999 test 0.4673
epoch 153/200 loss 0.0051 train 0.9999 test 0.4671
epoch 154/200 loss 0.0049 train 0.9999 test 0.4708
epoch 155/200 loss 0.0049 train 0.9999 test 0.4687
epoch 156/200 loss 0.0049 train 0.9997 test 0.4690
epoch 157/200 loss 0.0050 train 0.9999 test 0.4660
epoch 158/200 loss 0.0044 train 1.0000 test 0.4701
epoch 159/200 loss 0.0050 train 0.9997 test 0.4692
epoch 160/200 loss 0.0044 train 1.0000 test 0.4687
epoch 161/200 loss 0.0045 train 1.0000 test 0.4692
epoch 162/200 loss 0.0044 train 1.0000 test 0.4699
epoch 163/200 loss 0.0042 train 1.0000 test 0.4705
epoch 164/200 loss 0.0042 train 1.0000 test 0.4715
epoch 165/200 loss 0.0043 train 1.0000 test 0.4717
epoch 166/200 loss 0.0045 train 0.9997 test 0.4723
epoch 167/200 loss 0.0042 train 1.0000 test 0.4738
epoch 168/200 loss 0.0044 train 0.9999 test 0.4720
epoch 169/200 loss 0.0048 train 0.9996 test 0.4725
epoch 170/200 loss 0.0043 train 1.0000 test 0.4724
epoch 171/200 loss 0.0044 train 1.0000 test 0.4708
epoch 172/200 loss 0.0045 train 1.0000 test 0.4719
epoch 173/200 loss 0.0044 train 1.0000 test 0.4745
epoch 174/200 loss 0.0040 train 1.0000 test 0.4736
epoch 175/200 loss 0.0044 train 1.0000 test 0.4724
epoch 176/200 loss 0.0046 train 0.9999 test 0.4724
epoch 177/200 loss 0.0041 train 1.0000 test 0.4720
epoch 178/200 loss 0.0043 train 0.9999 test 0.4734
epoch 179/200 loss 0.0045 train 1.0000 test 0.4714
epoch 180/200 loss 0.0044 train 1.0000 test 0.4728
epoch 181/200 loss 0.0042 train 1.0000 test 0.4729
epoch 182/200 loss 0.0044 train 1.0000 test 0.4717
epoch 183/200 loss 0.0043 train 1.0000 test 0.4727
epoch 184/200 loss 0.0043 train 0.9999 test 0.4717
epoch 185/200 loss 0.0042 train 1.0000 test 0.4725
epoch 186/200 loss 0.0042 train 1.0000 test 0.4720
epoch 187/200 loss 0.0041 train 1.0000 test 0.4731
epoch 188/200 loss 0.0043 train 1.0000 test 0.4736
epoch 189/200 loss 0.0043 train 1.0000 test 0.4707
epoch 190/200 loss 0.0044 train 0.9997 test 0.4721
epoch 191/200 loss 0.0043 train 1.0000 test 0.4722
epoch 192/200 loss 0.0042 train 0.9999 test 0.4726
epoch 193/200 loss 0.0042 train 1.0000 test 0.4723
epoch 194/200 loss 0.0045 train 0.9999 test 0.4729
epoch 195/200 loss 0.0045 train 0.9999 test 0.4727
epoch 196/200 loss 0.0046 train 0.9999 test 0.4744
epoch 197/200 loss 0.0042 train 1.0000 test 0.4732
epoch 198/200 loss 0.0042 train 1.0000 test 0.4724
epoch 199/200 loss 0.0043 train 1.0000 test 0.4730
epoch 200/200 loss 0.0043 train 0.9999 test 0.4720
done: final 0.4720 best 0.4745 -> ./runs/uf15_gaborwarm/seed0
=== uf10_gaborwarm seed 1 ===
stem calibrated (True) on 1024 images
[uf10_gaborwarm seed1] {"params_trainable": 11226405, "params_stem_trainable": 1089, "params_stem_fixed_filters": 0, "flops_total": 563129344, "flops_stem": 1115136, "flops_image_size": 32}
stem frozen until epoch 50
epoch 1/200 loss 4.5530 train 0.0282 test 0.0405
epoch 2/200 loss 4.2349 train 0.0571 test 0.0723
epoch 3/200 loss 4.0029 train 0.0817 test 0.0944
epoch 4/200 loss 3.8534 train 0.1122 test 0.0996
epoch 5/200 loss 3.7757 train 0.1186 test 0.1154
epoch 6/200 loss 3.6498 train 0.1334 test 0.1243
epoch 7/200 loss 3.5306 train 0.1591 test 0.1431
epoch 8/200 loss 3.4414 train 0.1679 test 0.1397
epoch 9/200 loss 3.3529 train 0.1901 test 0.1616
epoch 10/200 loss 3.2579 train 0.2041 test 0.1673
epoch 11/200 loss 3.1801 train 0.2097 test 0.1552
epoch 12/200 loss 3.0853 train 0.2306 test 0.1777
epoch 13/200 loss 2.9850 train 0.2534 test 0.1851
epoch 14/200 loss 2.9366 train 0.2586 test 0.1946
epoch 15/200 loss 2.8534 train 0.2670 test 0.2018
epoch 16/200 loss 2.7617 train 0.2907 test 0.1948
epoch 17/200 loss 2.6843 train 0.2999 test 0.2225
epoch 18/200 loss 2.6124 train 0.3163 test 0.2229
epoch 19/200 loss 2.5429 train 0.3355 test 0.2314
epoch 20/200 loss 2.4544 train 0.3492 test 0.2353
epoch 21/200 loss 2.3841 train 0.3552 test 0.2510
epoch 22/200 loss 2.3245 train 0.3692 test 0.2017
epoch 23/200 loss 2.2217 train 0.3926 test 0.2433
epoch 24/200 loss 2.1482 train 0.4028 test 0.2372
epoch 25/200 loss 2.0680 train 0.4265 test 0.2347
epoch 26/200 loss 2.0016 train 0.4477 test 0.2804
epoch 27/200 loss 1.9374 train 0.4625 test 0.2491
epoch 28/200 loss 1.8536 train 0.4852 test 0.2713
epoch 29/200 loss 1.7749 train 0.4958 test 0.2640
epoch 30/200 loss 1.6785 train 0.5220 test 0.2673
epoch 31/200 loss 1.6084 train 0.5349 test 0.2759
epoch 32/200 loss 1.5222 train 0.5569 test 0.2718
epoch 33/200 loss 1.4684 train 0.5749 test 0.2494
epoch 34/200 loss 1.3593 train 0.5986 test 0.2803
epoch 35/200 loss 1.2769 train 0.6210 test 0.2605
epoch 36/200 loss 1.2478 train 0.6344 test 0.2595
epoch 37/200 loss 1.1583 train 0.6565 test 0.2715
epoch 38/200 loss 1.0320 train 0.6961 test 0.2932
epoch 39/200 loss 0.9870 train 0.7003 test 0.2826
epoch 40/200 loss 0.9683 train 0.7107 test 0.2818
epoch 41/200 loss 0.9197 train 0.7198 test 0.2836
epoch 42/200 loss 0.7699 train 0.7652 test 0.2856
epoch 43/200 loss 0.6801 train 0.7925 test 0.2992
epoch 44/200 loss 0.6722 train 0.7921 test 0.2886
epoch 45/200 loss 0.5973 train 0.8181 test 0.3052
epoch 46/200 loss 0.5733 train 0.8263 test 0.3037
epoch 47/200 loss 0.5114 train 0.8442 test 0.2908
epoch 48/200 loss 0.5096 train 0.8423 test 0.2685
epoch 49/200 loss 0.4502 train 0.8648 test 0.3018
epoch 50/200 loss 0.4134 train 0.8732 test 0.3160
stem unfrozen at epoch 50
epoch 51/200 loss 2.4156 train 0.3982 test 0.2277
epoch 52/200 loss 1.0271 train 0.7035 test 0.3047
epoch 53/200 loss 0.4638 train 0.8756 test 0.3120
epoch 54/200 loss 0.2922 train 0.9281 test 0.3220
epoch 55/200 loss 0.2234 train 0.9437 test 0.3121
epoch 56/200 loss 0.2360 train 0.9365 test 0.3059
epoch 57/200 loss 0.2187 train 0.9409 test 0.3276
epoch 58/200 loss 0.2272 train 0.9371 test 0.3100
epoch 59/200 loss 0.2334 train 0.9355 test 0.3017
epoch 60/200 loss 0.1868 train 0.9519 test 0.3147
epoch 61/200 loss 0.1908 train 0.9503 test 0.3198
epoch 62/200 loss 0.1812 train 0.9509 test 0.3133
epoch 63/200 loss 0.1585 train 0.9585 test 0.3162
epoch 64/200 loss 0.1621 train 0.9569 test 0.3107
epoch 65/200 loss 0.1662 train 0.9569 test 0.2971
epoch 66/200 loss 0.1490 train 0.9639 test 0.3262
epoch 67/200 loss 0.1303 train 0.9663 test 0.3230
epoch 68/200 loss 0.0955 train 0.9784 test 0.3316
epoch 69/200 loss 0.0793 train 0.9830 test 0.3273
epoch 70/200 loss 0.0755 train 0.9836 test 0.3417
epoch 71/200 loss 0.0757 train 0.9812 test 0.3404
epoch 72/200 loss 0.0770 train 0.9822 test 0.3293
epoch 73/200 loss 0.0684 train 0.9860 test 0.3427
epoch 74/200 loss 0.0586 train 0.9904 test 0.3454
epoch 75/200 loss 0.0292 train 0.9974 test 0.3556
epoch 76/200 loss 0.0230 train 0.9976 test 0.3549
epoch 77/200 loss 0.0195 train 0.9980 test 0.3633
epoch 78/200 loss 0.0202 train 0.9974 test 0.3631
epoch 79/200 loss 0.0124 train 0.9992 test 0.3700
epoch 80/200 loss 0.0090 train 0.9998 test 0.3794
epoch 81/200 loss 0.0081 train 0.9996 test 0.3781
epoch 82/200 loss 0.0071 train 0.9998 test 0.3813
epoch 83/200 loss 0.0066 train 0.9998 test 0.3800
epoch 84/200 loss 0.0070 train 0.9996 test 0.3814
epoch 85/200 loss 0.0071 train 0.9998 test 0.3795
epoch 86/200 loss 0.0073 train 0.9996 test 0.3830
epoch 87/200 loss 0.0068 train 0.9998 test 0.3794
epoch 88/200 loss 0.0095 train 0.9992 test 0.3776
epoch 89/200 loss 0.0100 train 0.9992 test 0.3796
epoch 90/200 loss 0.0082 train 0.9998 test 0.3803
epoch 91/200 loss 0.0076 train 0.9998 test 0.3847
epoch 92/200 loss 0.0077 train 0.9998 test 0.3832
epoch 93/200 loss 0.0075 train 0.9998 test 0.3817
epoch 94/200 loss 0.0074 train 0.9998 test 0.3855
epoch 95/200 loss 0.0078 train 0.9996 test 0.3863
epoch 96/200 loss 0.0078 train 0.9996 test 0.3844
epoch 97/200 loss 0.0078 train 0.9998 test 0.3858
epoch 98/200 loss 0.0077 train 0.9996 test 0.3851
epoch 99/200 loss 0.0078 train 1.0000 test 0.3861
epoch 100/200 loss 0.0077 train 0.9996 test 0.3857
epoch 101/200 loss 0.0079 train 0.9998 test 0.3853
epoch 102/200 loss 0.0075 train 0.9998 test 0.3834
epoch 103/200 loss 0.0076 train 0.9996 test 0.3849
epoch 104/200 loss 0.0080 train 0.9998 test 0.3867
epoch 105/200 loss 0.0079 train 0.9998 test 0.3856
epoch 106/200 loss 0.0081 train 0.9998 test 0.3866
epoch 107/200 loss 0.0076 train 0.9998 test 0.3853
epoch 108/200 loss 0.0077 train 0.9998 test 0.3874
epoch 109/200 loss 0.0081 train 0.9996 test 0.3876
epoch 110/200 loss 0.0078 train 0.9998 test 0.3856
epoch 111/200 loss 0.0080 train 0.9998 test 0.3872
epoch 112/200 loss 0.0076 train 0.9996 test 0.3880
epoch 113/200 loss 0.0079 train 0.9998 test 0.3883
epoch 114/200 loss 0.0078 train 0.9998 test 0.3861
epoch 115/200 loss 0.0079 train 0.9998 test 0.3850
epoch 116/200 loss 0.0079 train 0.9998 test 0.3907
epoch 117/200 loss 0.0073 train 0.9998 test 0.3911
epoch 118/200 loss 0.0075 train 0.9996 test 0.3881
epoch 119/200 loss 0.0081 train 0.9998 test 0.3906
epoch 120/200 loss 0.0079 train 0.9998 test 0.3892
epoch 121/200 loss 0.0074 train 0.9998 test 0.3899
epoch 122/200 loss 0.0076 train 0.9996 test 0.3873
epoch 123/200 loss 0.0074 train 0.9998 test 0.3909
epoch 124/200 loss 0.0074 train 0.9998 test 0.3889
epoch 125/200 loss 0.0071 train 1.0000 test 0.3876
epoch 126/200 loss 0.0074 train 0.9998 test 0.3910
epoch 127/200 loss 0.0069 train 0.9998 test 0.3906
epoch 128/200 loss 0.0075 train 0.9998 test 0.3891
epoch 129/200 loss 0.0073 train 0.9996 test 0.3890
epoch 130/200 loss 0.0072 train 0.9998 test 0.3889
epoch 131/200 loss 0.0070 train 0.9998 test 0.3903
epoch 132/200 loss 0.0068 train 0.9998 test 0.3891
epoch 133/200 loss 0.0070 train 1.0000 test 0.3901
epoch 134/200 loss 0.0072 train 1.0000 test 0.3888
epoch 135/200 loss 0.0069 train 0.9998 test 0.3893
epoch 136/200 loss 0.0069 train 0.9998 test 0.3900
epoch 137/200 loss 0.0070 train 1.0000 test 0.3914
epoch 138/200 loss 0.0070 train 1.0000 test 0.3912
epoch 139/200 loss 0.0070 train 0.9998 test 0.3904
epoch 140/200 loss 0.0069 train 0.9998 test 0.3885
epoch 141/200 loss 0.0069 train 0.9998 test 0.3946
epoch 142/200 loss 0.0066 train 1.0000 test 0.3910
epoch 143/200 loss 0.0065 train 0.9998 test 0.3906
epoch 144/200 loss 0.0068 train 0.9998 test 0.3918
epoch 145/200 loss 0.0064 train 1.0000 test 0.3890
epoch 146/200 loss 0.0066 train 1.0000 test 0.3928
epoch 147/200 loss 0.0070 train 0.9996 test 0.3903
epoch 148/200 loss 0.0070 train 0.9998 test 0.3932
epoch 149/200 loss 0.0066 train 1.0000 test 0.3899
epoch 150/200 loss 0.0066 train 0.9998 test 0.3896
epoch 151/200 loss 0.0064 train 1.0000 test 0.3906
epoch 152/200 loss 0.0067 train 0.9998 test 0.3901
epoch 153/200 loss 0.0067 train 0.9998 test 0.3920
epoch 154/200 loss 0.0065 train 0.9998 test 0.3897
epoch 155/200 loss 0.0069 train 0.9996 test 0.3911
epoch 156/200 loss 0.0063 train 0.9998 test 0.3904
epoch 157/200 loss 0.0063 train 0.9998 test 0.3913
epoch 158/200 loss 0.0063 train 0.9998 test 0.3915
epoch 159/200 loss 0.0063 train 1.0000 test 0.3908
epoch 160/200 loss 0.0062 train 1.0000 test 0.3897
epoch 161/200 loss 0.0063 train 1.0000 test 0.3914
epoch 162/200 loss 0.0063 train 1.0000 test 0.3884
epoch 163/200 loss 0.0064 train 0.9998 test 0.3905
epoch 164/200 loss 0.0065 train 0.9996 test 0.3906
epoch 165/200 loss 0.0064 train 1.0000 test 0.3928
epoch 166/200 loss 0.0063 train 1.0000 test 0.3904
epoch 167/200 loss 0.0064 train 0.9998 test 0.3900
epoch 168/200 loss 0.0065 train 0.9998 test 0.3915
epoch 169/200 loss 0.0063 train 0.9998 test 0.3904
epoch 170/200 loss 0.0062 train 0.9998 test 0.3911
epoch 171/200 loss 0.0060 train 1.0000 test 0.3905
epoch 172/200 loss 0.0060 train 1.0000 test 0.3902
epoch 173/200 loss 0.0064 train 1.0000 test 0.3907
epoch 174/200 loss 0.0062 train 1.0000 test 0.3905
epoch 175/200 loss 0.0061 train 0.9998 test 0.3896
epoch 176/200 loss 0.0059 train 1.0000 test 0.3902
epoch 177/200 loss 0.0061 train 0.9998 test 0.3894
epoch 178/200 loss 0.0063 train 1.0000 test 0.3912
epoch 179/200 loss 0.0064 train 0.9998 test 0.3927
epoch 180/200 loss 0.0060 train 1.0000 test 0.3917
epoch 181/200 loss 0.0059 train 1.0000 test 0.3897
epoch 182/200 loss 0.0061 train 1.0000 test 0.3896
epoch 183/200 loss 0.0060 train 1.0000 test 0.3918
epoch 184/200 loss 0.0062 train 0.9998 test 0.3895
epoch 185/200 loss 0.0060 train 1.0000 test 0.3901
epoch 186/200 loss 0.0060 train 1.0000 test 0.3908
epoch 187/200 loss 0.0058 train 1.0000 test 0.3915
epoch 188/200 loss 0.0063 train 0.9996 test 0.3913
epoch 189/200 loss 0.0061 train 0.9998 test 0.3909
epoch 190/200 loss 0.0061 train 1.0000 test 0.3918
epoch 191/200 loss 0.0061 train 1.0000 test 0.3902
epoch 192/200 loss 0.0061 train 0.9998 test 0.3901
epoch 193/200 loss 0.0062 train 1.0000 test 0.3904
epoch 194/200 loss 0.0058 train 1.0000 test 0.3908
epoch 195/200 loss 0.0062 train 0.9998 test 0.3905
epoch 196/200 loss 0.0062 train 1.0000 test 0.3912
epoch 197/200 loss 0.0063 train 1.0000 test 0.3924
epoch 198/200 loss 0.0060 train 1.0000 test 0.3904
epoch 199/200 loss 0.0062 train 1.0000 test 0.3914
epoch 200/200 loss 0.0060 train 1.0000 test 0.3908
done: final 0.3908 best 0.3946 -> ./runs/uf10_gaborwarm/seed1
=== uf15_gaborwarm seed 1 ===
stem calibrated (True) on 1024 images
[uf15_gaborwarm seed1] {"params_trainable": 11226405, "params_stem_trainable": 1089, "params_stem_fixed_filters": 0, "flops_total": 563129344, "flops_stem": 1115136, "flops_image_size": 32}
stem frozen until epoch 70
epoch 1/200 loss 4.4743 train 0.0346 test 0.0650
epoch 2/200 loss 4.0895 train 0.0777 test 0.0849
epoch 3/200 loss 3.8564 train 0.1052 test 0.0995
epoch 4/200 loss 3.7129 train 0.1309 test 0.1370
epoch 5/200 loss 3.5619 train 0.1521 test 0.1424
epoch 6/200 loss 3.4048 train 0.1818 test 0.1716
epoch 7/200 loss 3.3106 train 0.1926 test 0.1538
epoch 8/200 loss 3.2205 train 0.2092 test 0.1730
epoch 9/200 loss 3.0895 train 0.2307 test 0.1885
epoch 10/200 loss 3.0252 train 0.2402 test 0.1958
epoch 11/200 loss 2.9155 train 0.2699 test 0.2035
epoch 12/200 loss 2.8396 train 0.2697 test 0.2328
epoch 13/200 loss 2.7518 train 0.2922 test 0.2302
epoch 14/200 loss 2.6637 train 0.3055 test 0.2233
epoch 15/200 loss 2.5903 train 0.3283 test 0.2418
epoch 16/200 loss 2.5030 train 0.3471 test 0.2602
epoch 17/200 loss 2.3880 train 0.3676 test 0.2487
epoch 18/200 loss 2.3654 train 0.3658 test 0.2802
epoch 19/200 loss 2.2716 train 0.3866 test 0.2839
epoch 20/200 loss 2.1615 train 0.4067 test 0.3034
epoch 21/200 loss 2.0837 train 0.4273 test 0.2910
epoch 22/200 loss 2.0012 train 0.4434 test 0.2937
epoch 23/200 loss 1.9418 train 0.4631 test 0.2763
epoch 24/200 loss 1.8510 train 0.4855 test 0.2988
epoch 25/200 loss 1.7936 train 0.4934 test 0.2837
epoch 26/200 loss 1.7277 train 0.5119 test 0.3133
epoch 27/200 loss 1.6408 train 0.5302 test 0.3204
epoch 28/200 loss 1.5469 train 0.5591 test 0.3067
epoch 29/200 loss 1.4643 train 0.5812 test 0.3395
epoch 30/200 loss 1.4110 train 0.5925 test 0.3123
epoch 31/200 loss 1.3803 train 0.5952 test 0.3110
epoch 32/200 loss 1.2988 train 0.6162 test 0.3099
epoch 33/200 loss 1.1784 train 0.6517 test 0.3248
epoch 34/200 loss 1.1093 train 0.6647 test 0.3250
epoch 35/200 loss 1.0696 train 0.6767 test 0.3391
epoch 36/200 loss 1.0525 train 0.6845 test 0.3293
epoch 37/200 loss 0.9535 train 0.7089 test 0.3411
epoch 38/200 loss 0.9093 train 0.7198 test 0.3411
epoch 39/200 loss 0.8120 train 0.7499 test 0.3029
epoch 40/200 loss 0.8256 train 0.7421 test 0.3030
epoch 41/200 loss 0.7783 train 0.7562 test 0.3570
epoch 42/200 loss 0.6560 train 0.7923 test 0.3587
epoch 43/200 loss 0.6297 train 0.8067 test 0.3267
epoch 44/200 loss 0.6615 train 0.7920 test 0.3529
epoch 45/200 loss 0.6303 train 0.8068 test 0.3585
epoch 46/200 loss 0.5254 train 0.8394 test 0.3570
epoch 47/200 loss 0.4870 train 0.8468 test 0.3700
epoch 48/200 loss 0.4279 train 0.8697 test 0.3620
epoch 49/200 loss 0.4520 train 0.8588 test 0.3713
epoch 50/200 loss 0.4573 train 0.8565 test 0.3597
epoch 51/200 loss 0.4449 train 0.8672 test 0.3666
epoch 52/200 loss 0.4427 train 0.8618 test 0.3461
epoch 53/200 loss 0.3580 train 0.8904 test 0.3951
epoch 54/200 loss 0.2946 train 0.9134 test 0.3838
epoch 55/200 loss 0.2611 train 0.9244 test 0.3626
epoch 56/200 loss 0.3164 train 0.9032 test 0.3618
epoch 57/200 loss 0.3020 train 0.9056 test 0.3685
epoch 58/200 loss 0.2874 train 0.9138 test 0.3819
epoch 59/200 loss 0.2456 train 0.9273 test 0.3904
epoch 60/200 loss 0.2482 train 0.9256 test 0.3809
epoch 61/200 loss 0.2265 train 0.9325 test 0.3735
epoch 62/200 loss 0.2117 train 0.9407 test 0.3708
epoch 63/200 loss 0.2871 train 0.9154 test 0.3249
epoch 64/200 loss 0.2611 train 0.9236 test 0.3916
epoch 65/200 loss 0.2689 train 0.9196 test 0.3710
epoch 66/200 loss 0.2447 train 0.9296 test 0.3846
epoch 67/200 loss 0.2123 train 0.9405 test 0.3818
epoch 68/200 loss 0.1992 train 0.9432 test 0.3558
epoch 69/200 loss 0.1837 train 0.9472 test 0.3519
epoch 70/200 loss 0.1512 train 0.9603 test 0.3979
stem unfrozen at epoch 70
epoch 71/200 loss 0.4595 train 0.8588 test 0.2947
epoch 72/200 loss 0.4315 train 0.8716 test 0.3434
epoch 73/200 loss 0.3166 train 0.9075 test 0.3510
epoch 74/200 loss 0.2284 train 0.9348 test 0.3707
epoch 75/200 loss 0.1684 train 0.9562 test 0.4006
epoch 76/200 loss 0.0943 train 0.9789 test 0.4182
epoch 77/200 loss 0.0786 train 0.9829 test 0.4289
epoch 78/200 loss 0.0470 train 0.9907 test 0.4315
epoch 79/200 loss 0.0441 train 0.9908 test 0.4334
epoch 80/200 loss 0.0396 train 0.9927 test 0.4420
epoch 81/200 loss 0.0218 train 0.9976 test 0.4528
epoch 82/200 loss 0.0192 train 0.9977 test 0.4512
epoch 83/200 loss 0.0177 train 0.9984 test 0.4632
epoch 84/200 loss 0.0122 train 0.9995 test 0.4652
epoch 85/200 loss 0.0115 train 0.9992 test 0.4653
epoch 86/200 loss 0.0097 train 0.9996 test 0.4701
epoch 87/200 loss 0.0086 train 0.9996 test 0.4717
epoch 88/200 loss 0.0077 train 0.9997 test 0.4737
epoch 89/200 loss 0.0073 train 0.9999 test 0.4715
epoch 90/200 loss 0.0076 train 0.9996 test 0.4691
epoch 91/200 loss 0.0080 train 0.9997 test 0.4712
epoch 92/200 loss 0.0132 train 0.9987 test 0.4624
epoch 93/200 loss 0.0116 train 0.9996 test 0.4690
epoch 94/200 loss 0.0092 train 0.9999 test 0.4719
epoch 95/200 loss 0.0083 train 0.9999 test 0.4737
epoch 96/200 loss 0.0084 train 0.9997 test 0.4755
epoch 97/200 loss 0.0085 train 0.9999 test 0.4789
epoch 98/200 loss 0.0087 train 0.9997 test 0.4738
epoch 99/200 loss 0.0099 train 0.9996 test 0.4697
epoch 100/200 loss 0.0095 train 0.9997 test 0.4734
epoch 101/200 loss 0.0138 train 0.9985 test 0.4685
epoch 102/200 loss 0.0137 train 0.9993 test 0.4765
epoch 103/200 loss 0.0095 train 0.9999 test 0.4800
epoch 104/200 loss 0.0087 train 0.9997 test 0.4775
epoch 105/200 loss 0.0084 train 0.9997 test 0.4797
epoch 106/200 loss 0.0082 train 0.9999 test 0.4788
epoch 107/200 loss 0.0087 train 0.9996 test 0.4781
epoch 108/200 loss 0.0102 train 0.9996 test 0.4772
epoch 109/200 loss 0.0098 train 0.9995 test 0.4648
epoch 110/200 loss 0.0201 train 0.9982 test 0.4599
epoch 111/200 loss 0.0157 train 0.9992 test 0.4678
epoch 112/200 loss 0.0129 train 0.9995 test 0.4747
epoch 113/200 loss 0.0110 train 0.9993 test 0.4732
epoch 114/200 loss 0.0091 train 0.9997 test 0.4721
epoch 115/200 loss 0.0080 train 0.9999 test 0.4759
epoch 116/200 loss 0.0103 train 0.9995 test 0.4768
epoch 117/200 loss 0.0086 train 0.9999 test 0.4812
epoch 118/200 loss 0.0075 train 0.9999 test 0.4850
epoch 119/200 loss 0.0069 train 1.0000 test 0.4875
epoch 120/200 loss 0.0073 train 0.9999 test 0.4850
epoch 121/200 loss 0.0071 train 0.9999 test 0.4873
epoch 122/200 loss 0.0068 train 1.0000 test 0.4852
epoch 123/200 loss 0.0069 train 1.0000 test 0.4844
epoch 124/200 loss 0.0072 train 0.9999 test 0.4804
epoch 125/200 loss 0.0074 train 0.9999 test 0.4817
epoch 126/200 loss 0.0071 train 0.9999 test 0.4838
epoch 127/200 loss 0.0069 train 1.0000 test 0.4840
epoch 128/200 loss 0.0078 train 0.9997 test 0.4777
epoch 129/200 loss 0.0072 train 0.9999 test 0.4860
epoch 130/200 loss 0.0071 train 0.9999 test 0.4835
epoch 131/200 loss 0.0069 train 0.9997 test 0.4828
epoch 132/200 loss 0.0069 train 0.9999 test 0.4831
epoch 133/200 loss 0.0068 train 0.9997 test 0.4869
epoch 134/200 loss 0.0067 train 0.9999 test 0.4859
epoch 135/200 loss 0.0069 train 0.9999 test 0.4857
epoch 136/200 loss 0.0069 train 0.9999 test 0.4870
epoch 137/200 loss 0.0067 train 1.0000 test 0.4857
epoch 138/200 loss 0.0068 train 1.0000 test 0.4893
epoch 139/200 loss 0.0073 train 0.9997 test 0.4870
epoch 140/200 loss 0.0069 train 0.9999 test 0.4853
epoch 141/200 loss 0.0070 train 0.9999 test 0.4816
epoch 142/200 loss 0.0071 train 0.9997 test 0.4869
epoch 143/200 loss 0.0069 train 0.9999 test 0.4838
epoch 144/200 loss 0.0066 train 0.9997 test 0.4867
epoch 145/200 loss 0.0065 train 1.0000 test 0.4854
epoch 146/200 loss 0.0073 train 0.9997 test 0.4828
epoch 147/200 loss 0.0083 train 0.9999 test 0.4854
epoch 148/200 loss 0.0068 train 0.9999 test 0.4867
epoch 149/200 loss 0.0067 train 0.9997 test 0.4874
epoch 150/200 loss 0.0068 train 1.0000 test 0.4854
epoch 151/200 loss 0.0066 train 0.9999 test 0.4855
epoch 152/200 loss 0.0062 train 1.0000 test 0.4845
epoch 153/200 loss 0.0068 train 0.9997 test 0.4831
epoch 154/200 loss 0.0064 train 0.9999 test 0.4855
epoch 155/200 loss 0.0062 train 0.9999 test 0.4863
epoch 156/200 loss 0.0065 train 0.9999 test 0.4840
epoch 157/200 loss 0.0064 train 1.0000 test 0.4865
epoch 158/200 loss 0.0066 train 0.9999 test 0.4854
epoch 159/200 loss 0.0062 train 1.0000 test 0.4852
epoch 160/200 loss 0.0060 train 1.0000 test 0.4859
epoch 161/200 loss 0.0065 train 0.9997 test 0.4859
epoch 162/200 loss 0.0066 train 0.9997 test 0.4872
epoch 163/200 loss 0.0064 train 1.0000 test 0.4885
epoch 164/200 loss 0.0064 train 0.9999 test 0.4899
epoch 165/200 loss 0.0062 train 1.0000 test 0.4879
epoch 166/200 loss 0.0061 train 1.0000 test 0.4871
epoch 167/200 loss 0.0061 train 1.0000 test 0.4869
epoch 168/200 loss 0.0060 train 1.0000 test 0.4865
epoch 169/200 loss 0.0059 train 1.0000 test 0.4895
epoch 170/200 loss 0.0059 train 0.9999 test 0.4864
epoch 171/200 loss 0.0063 train 0.9999 test 0.4862
epoch 172/200 loss 0.0063 train 0.9999 test 0.4879
epoch 173/200 loss 0.0061 train 1.0000 test 0.4874
epoch 174/200 loss 0.0060 train 1.0000 test 0.4858
epoch 175/200 loss 0.0060 train 1.0000 test 0.4858
epoch 176/200 loss 0.0060 train 1.0000 test 0.4872
epoch 177/200 loss 0.0062 train 1.0000 test 0.4859
epoch 178/200 loss 0.0062 train 0.9999 test 0.4869
epoch 179/200 loss 0.0059 train 1.0000 test 0.4890
epoch 180/200 loss 0.0059 train 1.0000 test 0.4868
epoch 181/200 loss 0.0060 train 1.0000 test 0.4864
epoch 182/200 loss 0.0057 train 1.0000 test 0.4874
epoch 183/200 loss 0.0058 train 1.0000 test 0.4874
epoch 184/200 loss 0.0060 train 1.0000 test 0.4862
epoch 185/200 loss 0.0060 train 0.9999 test 0.4866
epoch 186/200 loss 0.0058 train 1.0000 test 0.4868
epoch 187/200 loss 0.0058 train 1.0000 test 0.4876
epoch 188/200 loss 0.0058 train 1.0000 test 0.4876
epoch 189/200 loss 0.0058 train 1.0000 test 0.4869
epoch 190/200 loss 0.0058 train 1.0000 test 0.4876
epoch 191/200 loss 0.0059 train 1.0000 test 0.4879
epoch 192/200 loss 0.0061 train 1.0000 test 0.4878
epoch 193/200 loss 0.0058 train 1.0000 test 0.4859
epoch 194/200 loss 0.0060 train 1.0000 test 0.4869
epoch 195/200 loss 0.0059 train 1.0000 test 0.4875
epoch 196/200 loss 0.0060 train 0.9999 test 0.4876
epoch 197/200 loss 0.0059 train 1.0000 test 0.4871
epoch 198/200 loss 0.0059 train 1.0000 test 0.4859
epoch 199/200 loss 0.0059 train 1.0000 test 0.4882
epoch 200/200 loss 0.0060 train 1.0000 test 0.4862
done: final 0.4862 best 0.4899 -> ./runs/uf15_gaborwarm/seed1
=== uf10_gaborwarm seed 2 ===
stem calibrated (True) on 1024 images
[uf10_gaborwarm seed2] {"params_trainable": 11226405, "params_stem_trainable": 1089, "params_stem_fixed_filters": 0, "flops_total": 563129344, "flops_stem": 1115136, "flops_image_size": 32}
stem frozen until epoch 50
epoch 1/200 loss 4.5173 train 0.0290 test 0.0528
epoch 2/200 loss 4.1842 train 0.0647 test 0.0827
epoch 3/200 loss 3.9700 train 0.0946 test 0.0937
epoch 4/200 loss 3.8173 train 0.1142 test 0.1059
epoch 5/200 loss 3.7033 train 0.1318 test 0.1279
epoch 6/200 loss 3.6010 train 0.1474 test 0.1223
epoch 7/200 loss 3.5244 train 0.1546 test 0.1419
epoch 8/200 loss 3.4069 train 0.1787 test 0.1570
epoch 9/200 loss 3.3120 train 0.1891 test 0.1677
epoch 10/200 loss 3.2110 train 0.2103 test 0.1453
epoch 11/200 loss 3.1312 train 0.2177 test 0.1650
epoch 12/200 loss 3.0512 train 0.2372 test 0.1794
epoch 13/200 loss 3.0109 train 0.2430 test 0.1885
epoch 14/200 loss 2.9195 train 0.2588 test 0.1839
epoch 15/200 loss 2.8265 train 0.2764 test 0.2103
epoch 16/200 loss 2.7454 train 0.2923 test 0.1961
epoch 17/200 loss 2.6729 train 0.3061 test 0.2094
epoch 18/200 loss 2.5715 train 0.3293 test 0.2320
epoch 19/200 loss 2.5140 train 0.3333 test 0.2304
epoch 20/200 loss 2.4423 train 0.3417 test 0.2246
epoch 21/200 loss 2.3602 train 0.3660 test 0.2471
epoch 22/200 loss 2.3032 train 0.3782 test 0.2390
epoch 23/200 loss 2.1924 train 0.3992 test 0.2262
epoch 24/200 loss 2.1625 train 0.4093 test 0.2324
epoch 25/200 loss 2.0728 train 0.4287 test 0.2552
epoch 26/200 loss 2.0045 train 0.4447 test 0.2291
epoch 27/200 loss 1.8862 train 0.4639 test 0.2511
epoch 28/200 loss 1.8225 train 0.4826 test 0.2379
epoch 29/200 loss 1.7427 train 0.5100 test 0.2423
epoch 30/200 loss 1.7027 train 0.5120 test 0.2780
epoch 31/200 loss 1.5705 train 0.5409 test 0.2564
epoch 32/200 loss 1.4871 train 0.5719 test 0.2768
epoch 33/200 loss 1.3643 train 0.6050 test 0.2243
epoch 34/200 loss 1.3312 train 0.6116 test 0.2611
epoch 35/200 loss 1.2728 train 0.6264 test 0.2721
epoch 36/200 loss 1.2419 train 0.6316 test 0.2701
epoch 37/200 loss 1.1284 train 0.6597 test 0.2784
epoch 38/200 loss 1.0205 train 0.6953 test 0.2799
epoch 39/200 loss 0.9843 train 0.7023 test 0.2623
epoch 40/200 loss 0.8724 train 0.7372 test 0.2770
epoch 41/200 loss 0.8347 train 0.7458 test 0.2838
epoch 42/200 loss 0.8260 train 0.7460 test 0.2853
epoch 43/200 loss 0.6763 train 0.7995 test 0.2863
epoch 44/200 loss 0.6227 train 0.8121 test 0.2989
epoch 45/200 loss 0.5776 train 0.8261 test 0.2876
epoch 46/200 loss 0.5667 train 0.8275 test 0.2950
epoch 47/200 loss 0.5559 train 0.8249 test 0.2913
epoch 48/200 loss 0.5140 train 0.8399 test 0.2935
epoch 49/200 loss 0.4682 train 0.8610 test 0.2918
epoch 50/200 loss 0.4531 train 0.8608 test 0.2694
stem unfrozen at epoch 50
epoch 51/200 loss 1.2128 train 0.6488 test 0.2356
epoch 52/200 loss 0.7178 train 0.7800 test 0.2923
epoch 53/200 loss 0.3712 train 0.8922 test 0.3185
epoch 54/200 loss 0.2513 train 0.9351 test 0.2847
epoch 55/200 loss 0.2197 train 0.9405 test 0.3160
epoch 56/200 loss 0.1912 train 0.9521 test 0.3202
epoch 57/200 loss 0.1494 train 0.9611 test 0.3305
epoch 58/200 loss 0.1510 train 0.9623 test 0.3243
epoch 59/200 loss 0.1344 train 0.9673 test 0.3122
epoch 60/200 loss 0.1348 train 0.9651 test 0.3272
epoch 61/200 loss 0.1592 train 0.9583 test 0.3148
epoch 62/200 loss 0.1551 train 0.9579 test 0.3184
epoch 63/200 loss 0.1651 train 0.9577 test 0.2981
epoch 64/200 loss 0.1566 train 0.9589 test 0.3144
epoch 65/200 loss 0.1648 train 0.9561 test 0.3222
epoch 66/200 loss 0.1978 train 0.9403 test 0.3214
epoch 67/200 loss 0.1767 train 0.9547 test 0.3149
epoch 68/200 loss 0.1433 train 0.9633 test 0.3119
epoch 69/200 loss 0.1378 train 0.9639 test 0.3030
epoch 70/200 loss 0.1090 train 0.9716 test 0.3290
epoch 71/200 loss 0.0908 train 0.9778 test 0.3298
epoch 72/200 loss 0.0696 train 0.9846 test 0.3364
epoch 73/200 loss 0.0663 train 0.9830 test 0.3363
epoch 74/200 loss 0.0614 train 0.9880 test 0.3347
epoch 75/200 loss 0.0612 train 0.9874 test 0.3442
epoch 76/200 loss 0.0615 train 0.9892 test 0.3375
epoch 77/200 loss 0.0420 train 0.9926 test 0.3503
epoch 78/200 loss 0.0263 train 0.9964 test 0.3581
epoch 79/200 loss 0.0230 train 0.9964 test 0.3571
epoch 80/200 loss 0.0180 train 0.9978 test 0.3644
epoch 81/200 loss 0.0131 train 0.9986 test 0.3726
epoch 82/200 loss 0.0119 train 0.9984 test 0.3723
epoch 83/200 loss 0.0105 train 0.9990 test 0.3727
epoch 84/200 loss 0.0084 train 0.9996 test 0.3757
epoch 85/200 loss 0.0093 train 0.9990 test 0.3756
epoch 86/200 loss 0.0084 train 0.9996 test 0.3728
epoch 87/200 loss 0.0072 train 0.9998 test 0.3748
epoch 88/200 loss 0.0062 train 0.9996 test 0.3783
epoch 89/200 loss 0.0061 train 0.9998 test 0.3797
epoch 90/200 loss 0.0063 train 0.9996 test 0.3773
epoch 91/200 loss 0.0063 train 0.9998 test 0.3786
epoch 92/200 loss 0.0063 train 0.9998 test 0.3816
epoch 93/200 loss 0.0073 train 0.9996 test 0.3807
epoch 94/200 loss 0.0071 train 0.9996 test 0.3792
epoch 95/200 loss 0.0069 train 0.9996 test 0.3849
epoch 96/200 loss 0.0064 train 0.9998 test 0.3830
epoch 97/200 loss 0.0068 train 0.9998 test 0.3819
epoch 98/200 loss 0.0069 train 0.9998 test 0.3855
epoch 99/200 loss 0.0071 train 0.9996 test 0.3854
epoch 100/200 loss 0.0068 train 0.9998 test 0.3847
epoch 101/200 loss 0.0073 train 0.9998 test 0.3854
epoch 102/200 loss 0.0071 train 0.9998 test 0.3850
epoch 103/200 loss 0.0073 train 0.9996 test 0.3844
epoch 104/200 loss 0.0071 train 1.0000 test 0.3830
epoch 105/200 loss 0.0078 train 0.9998 test 0.3823
epoch 106/200 loss 0.0073 train 0.9998 test 0.3845
epoch 107/200 loss 0.0075 train 0.9998 test 0.3829
epoch 108/200 loss 0.0076 train 0.9996 test 0.3862
epoch 109/200 loss 0.0072 train 0.9998 test 0.3860
epoch 110/200 loss 0.0075 train 0.9998 test 0.3830
epoch 111/200 loss 0.0076 train 0.9996 test 0.3861
epoch 112/200 loss 0.0074 train 0.9998 test 0.3862
epoch 113/200 loss 0.0077 train 0.9998 test 0.3854
epoch 114/200 loss 0.0074 train 0.9998 test 0.3846
epoch 115/200 loss 0.0075 train 0.9996 test 0.3870
epoch 116/200 loss 0.0074 train 0.9998 test 0.3866
epoch 117/200 loss 0.0075 train 0.9998 test 0.3867
epoch 118/200 loss 0.0075 train 0.9998 test 0.3852
epoch 119/200 loss 0.0073 train 0.9998 test 0.3847
epoch 120/200 loss 0.0074 train 0.9996 test 0.3852
epoch 121/200 loss 0.0073 train 0.9998 test 0.3842
epoch 122/200 loss 0.0074 train 0.9998 test 0.3854
epoch 123/200 loss 0.0079 train 0.9998 test 0.3809
epoch 124/200 loss 0.0084 train 0.9998 test 0.3834
epoch 125/200 loss 0.0073 train 0.9998 test 0.3868
epoch 126/200 loss 0.0079 train 0.9994 test 0.3860
epoch 127/200 loss 0.0075 train 0.9998 test 0.3872
epoch 128/200 loss 0.0072 train 0.9996 test 0.3848
epoch 129/200 loss 0.0071 train 0.9996 test 0.3838
epoch 130/200 loss 0.0070 train 0.9998 test 0.3860
epoch 131/200 loss 0.0069 train 0.9996 test 0.3872
epoch 132/200 loss 0.0069 train 0.9998 test 0.3847
epoch 133/200 loss 0.0071 train 0.9998 test 0.3852
epoch 134/200 loss 0.0070 train 0.9998 test 0.3860
epoch 135/200 loss 0.0069 train 0.9996 test 0.3869
epoch 136/200 loss 0.0071 train 0.9996 test 0.3863
epoch 137/200 loss 0.0071 train 0.9996 test 0.3868
epoch 138/200 loss 0.0067 train 0.9996 test 0.3851
epoch 139/200 loss 0.0069 train 0.9998 test 0.3866
epoch 140/200 loss 0.0068 train 0.9998 test 0.3860
epoch 141/200 loss 0.0067 train 0.9996 test 0.3842
epoch 142/200 loss 0.0066 train 0.9998 test 0.3868
epoch 143/200 loss 0.0064 train 1.0000 test 0.3873
epoch 144/200 loss 0.0064 train 0.9998 test 0.3848
epoch 145/200 loss 0.0066 train 0.9998 test 0.3864
epoch 146/200 loss 0.0066 train 0.9998 test 0.3850
epoch 147/200 loss 0.0065 train 0.9998 test 0.3873
epoch 148/200 loss 0.0065 train 0.9998 test 0.3856
epoch 149/200 loss 0.0065 train 0.9998 test 0.3864
epoch 150/200 loss 0.0066 train 1.0000 test 0.3878
epoch 151/200 loss 0.0067 train 0.9996 test 0.3884
epoch 152/200 loss 0.0067 train 1.0000 test 0.3867
epoch 153/200 loss 0.0066 train 0.9996 test 0.3883
epoch 154/200 loss 0.0066 train 1.0000 test 0.3863
epoch 155/200 loss 0.0066 train 0.9996 test 0.3870
epoch 156/200 loss 0.0065 train 0.9998 test 0.3854
epoch 157/200 loss 0.0063 train 1.0000 test 0.3865
epoch 158/200 loss 0.0063 train 0.9996 test 0.3857
epoch 159/200 loss 0.0063 train 0.9998 test 0.3882
epoch 160/200 loss 0.0065 train 0.9998 test 0.3869
epoch 161/200 loss 0.0061 train 1.0000 test 0.3872
epoch 162/200 loss 0.0064 train 0.9998 test 0.3864
epoch 163/200 loss 0.0060 train 1.0000 test 0.3856
epoch 164/200 loss 0.0062 train 0.9996 test 0.3862
epoch 165/200 loss 0.0061 train 1.0000 test 0.3856
epoch 166/200 loss 0.0062 train 1.0000 test 0.3850
epoch 167/200 loss 0.0064 train 0.9998 test 0.3870
epoch 168/200 loss 0.0061 train 1.0000 test 0.3861
epoch 169/200 loss 0.0061 train 1.0000 test 0.3854
epoch 170/200 loss 0.0064 train 1.0000 test 0.3843
epoch 171/200 loss 0.0061 train 1.0000 test 0.3856
epoch 172/200 loss 0.0063 train 0.9998 test 0.3865
epoch 173/200 loss 0.0061 train 0.9998 test 0.3857
epoch 174/200 loss 0.0061 train 0.9998 test 0.3845
epoch 175/200 loss 0.0062 train 1.0000 test 0.3856
epoch 176/200 loss 0.0061 train 1.0000 test 0.3852
epoch 177/200 loss 0.0064 train 0.9998 test 0.3857
epoch 178/200 loss 0.0060 train 1.0000 test 0.3867
epoch 179/200 loss 0.0060 train 1.0000 test 0.3874
epoch 180/200 loss 0.0062 train 1.0000 test 0.3878
epoch 181/200 loss 0.0063 train 1.0000 test 0.3861
epoch 182/200 loss 0.0060 train 1.0000 test 0.3867
epoch 183/200 loss 0.0059 train 1.0000 test 0.3870
epoch 184/200 loss 0.0058 train 1.0000 test 0.3877
epoch 185/200 loss 0.0060 train 1.0000 test 0.3847
epoch 186/200 loss 0.0061 train 1.0000 test 0.3855
epoch 187/200 loss 0.0061 train 1.0000 test 0.3867
epoch 188/200 loss 0.0059 train 0.9998 test 0.3866
epoch 189/200 loss 0.0058 train 1.0000 test 0.3868
epoch 190/200 loss 0.0060 train 1.0000 test 0.3869
epoch 191/200 loss 0.0060 train 0.9998 test 0.3850
epoch 192/200 loss 0.0062 train 1.0000 test 0.3863
epoch 193/200 loss 0.0061 train 1.0000 test 0.3860
epoch 194/200 loss 0.0059 train 1.0000 test 0.3857
epoch 195/200 loss 0.0061 train 1.0000 test 0.3874
epoch 196/200 loss 0.0060 train 1.0000 test 0.3856
epoch 197/200 loss 0.0058 train 1.0000 test 0.3865
epoch 198/200 loss 0.0062 train 0.9998 test 0.3862
epoch 199/200 loss 0.0061 train 0.9998 test 0.3859
epoch 200/200 loss 0.0058 train 1.0000 test 0.3871
done: final 0.3871 best 0.3884 -> ./runs/uf10_gaborwarm/seed2
=== uf15_gaborwarm seed 2 ===
stem calibrated (True) on 1024 images
[uf15_gaborwarm seed2] {"params_trainable": 11226405, "params_stem_trainable": 1089, "params_stem_fixed_filters": 0, "flops_total": 563129344, "flops_stem": 1115136, "flops_image_size": 32}
stem frozen until epoch 70
epoch 1/200 loss 4.4388 train 0.0356 test 0.0783
epoch 2/200 loss 4.0559 train 0.0863 test 0.0857
epoch 3/200 loss 3.8341 train 0.1044 test 0.1176
epoch 4/200 loss 3.6817 train 0.1352 test 0.1400
epoch 5/200 loss 3.5357 train 0.1596 test 0.1503
epoch 6/200 loss 3.4125 train 0.1785 test 0.1692
epoch 7/200 loss 3.2983 train 0.1942 test 0.1674
epoch 8/200 loss 3.1939 train 0.2128 test 0.1732
epoch 9/200 loss 3.0800 train 0.2283 test 0.1841
epoch 10/200 loss 3.0010 train 0.2477 test 0.1821
epoch 11/200 loss 2.9059 train 0.2588 test 0.2264
epoch 12/200 loss 2.8044 train 0.2823 test 0.2344
epoch 13/200 loss 2.7208 train 0.3001 test 0.2244
epoch 14/200 loss 2.6393 train 0.3155 test 0.2465
epoch 15/200 loss 2.5663 train 0.3277 test 0.2458
epoch 16/200 loss 2.4734 train 0.3460 test 0.2751
epoch 17/200 loss 2.4312 train 0.3553 test 0.2555
epoch 18/200 loss 2.2988 train 0.3785 test 0.2778
epoch 19/200 loss 2.2325 train 0.3924 test 0.2770
epoch 20/200 loss 2.1526 train 0.4133 test 0.2650
epoch 21/200 loss 2.1152 train 0.4149 test 0.2967
epoch 22/200 loss 2.0129 train 0.4510 test 0.2799
epoch 23/200 loss 1.9544 train 0.4529 test 0.3054
epoch 24/200 loss 1.8500 train 0.4763 test 0.3064
epoch 25/200 loss 1.7968 train 0.4914 test 0.3138
epoch 26/200 loss 1.6924 train 0.5163 test 0.3043
epoch 27/200 loss 1.6659 train 0.5222 test 0.2765
epoch 28/200 loss 1.6126 train 0.5380 test 0.2408
epoch 29/200 loss 1.5114 train 0.5651 test 0.3228
epoch 30/200 loss 1.4177 train 0.5824 test 0.2895
epoch 31/200 loss 1.3714 train 0.6056 test 0.3236
epoch 32/200 loss 1.3216 train 0.6052 test 0.3269
epoch 33/200 loss 1.2370 train 0.6352 test 0.3299
epoch 34/200 loss 1.2004 train 0.6402 test 0.3395
epoch 35/200 loss 1.0964 train 0.6727 test 0.2920
epoch 36/200 loss 1.0380 train 0.6894 test 0.3184
epoch 37/200 loss 0.9799 train 0.7016 test 0.3241
epoch 38/200 loss 0.9581 train 0.7038 test 0.3315
epoch 39/200 loss 0.9086 train 0.7243 test 0.3311
epoch 40/200 loss 0.7961 train 0.7571 test 0.3170
epoch 41/200 loss 0.7674 train 0.7620 test 0.3414
epoch 42/200 loss 0.7352 train 0.7711 test 0.3473
epoch 43/200 loss 0.6570 train 0.8008 test 0.3297
epoch 44/200 loss 0.6235 train 0.8078 test 0.3411
epoch 45/200 loss 0.5875 train 0.8199 test 0.3578
epoch 46/200 loss 0.5404 train 0.8363 test 0.3519
epoch 47/200 loss 0.5268 train 0.8392 test 0.3387
epoch 48/200 loss 0.5385 train 0.8378 test 0.3224
epoch 49/200 loss 0.5117 train 0.8398 test 0.3497
epoch 50/200 loss 0.4219 train 0.8749 test 0.3557
epoch 51/200 loss 0.4137 train 0.8708 test 0.3378
epoch 52/200 loss 0.4027 train 0.8759 test 0.3345
epoch 53/200 loss 0.4274 train 0.8676 test 0.3470
epoch 54/200 loss 0.3430 train 0.8961 test 0.3657
epoch 55/200 loss 0.3192 train 0.9049 test 0.3609
epoch 56/200 loss 0.2765 train 0.9190 test 0.3700
epoch 57/200 loss 0.2994 train 0.9123 test 0.3618
epoch 58/200 loss 0.3183 train 0.8992 test 0.3516
epoch 59/200 loss 0.3048 train 0.9072 test 0.3689
epoch 60/200 loss 0.2919 train 0.9112 test 0.3603
epoch 61/200 loss 0.2825 train 0.9143 test 0.3629
epoch 62/200 loss 0.2669 train 0.9215 test 0.3586
epoch 63/200 loss 0.1820 train 0.9511 test 0.3758
epoch 64/200 loss 0.1469 train 0.9609 test 0.3867
epoch 65/200 loss 0.1462 train 0.9608 test 0.3797
epoch 66/200 loss 0.1983 train 0.9437 test 0.3591
epoch 67/200 loss 0.1796 train 0.9518 test 0.3833
epoch 68/200 loss 0.1828 train 0.9489 test 0.3660
epoch 69/200 loss 0.2035 train 0.9432 test 0.3631
epoch 70/200 loss 0.2409 train 0.9271 test 0.3446
stem unfrozen at epoch 70
epoch 71/200 loss 0.9143 train 0.7275 test 0.2969
epoch 72/200 loss 0.5813 train 0.8239 test 0.3383
epoch 73/200 loss 0.2653 train 0.9266 test 0.3750
epoch 74/200 loss 0.1547 train 0.9599 test 0.3879
epoch 75/200 loss 0.1141 train 0.9737 test 0.4093
epoch 76/200 loss 0.0865 train 0.9814 test 0.4074
epoch 77/200 loss 0.0759 train 0.9842 test 0.4001
epoch 78/200 loss 0.0428 train 0.9930 test 0.4356
epoch 79/200 loss 0.0215 train 0.9982 test 0.4356
epoch 80/200 loss 0.0187 train 0.9985 test 0.4454
epoch 81/200 loss 0.0158 train 0.9989 test 0.4452
epoch 82/200 loss 0.0170 train 0.9982 test 0.4348
epoch 83/200 loss 0.0256 train 0.9964 test 0.4438
epoch 84/200 loss 0.0167 train 0.9989 test 0.4497
epoch 85/200 loss 0.0118 train 0.9996 test 0.4530
epoch 86/200 loss 0.0132 train 0.9988 test 0.4462
epoch 87/200 loss 0.0112 train 0.9993 test 0.4558
epoch 88/200 loss 0.0135 train 0.9987 test 0.4500
epoch 89/200 loss 0.0111 train 0.9996 test 0.4577
epoch 90/200 loss 0.0108 train 0.9995 test 0.4565
epoch 91/200 loss 0.0120 train 0.9993 test 0.4588
epoch 92/200 loss 0.0093 train 0.9999 test 0.4637
epoch 93/200 loss 0.0102 train 0.9997 test 0.4495
epoch 94/200 loss 0.0140 train 0.9989 test 0.4514
epoch 95/200 loss 0.0133 train 0.9991 test 0.4469
epoch 96/200 loss 0.0154 train 0.9985 test 0.4552
epoch 97/200 loss 0.0131 train 0.9993 test 0.4642
epoch 98/200 loss 0.0098 train 0.9999 test 0.4617
epoch 99/200 loss 0.0088 train 0.9999 test 0.4640
epoch 100/200 loss 0.0083 train 0.9997 test 0.4656
epoch 101/200 loss 0.0086 train 0.9999 test 0.4626
epoch 102/200 loss 0.0086 train 0.9999 test 0.4671
epoch 103/200 loss 0.0081 train 0.9997 test 0.4674
epoch 104/200 loss 0.0083 train 0.9997 test 0.4654
epoch 105/200 loss 0.0082 train 0.9997 test 0.4679
epoch 106/200 loss 0.0081 train 0.9999 test 0.4654
epoch 107/200 loss 0.0086 train 0.9997 test 0.4644
epoch 108/200 loss 0.0085 train 0.9999 test 0.4679
epoch 109/200 loss 0.0088 train 0.9997 test 0.4676
epoch 110/200 loss 0.0088 train 0.9997 test 0.4671
epoch 111/200 loss 0.0084 train 0.9997 test 0.4675
epoch 112/200 loss 0.0081 train 0.9997 test 0.4654
epoch 113/200 loss 0.0082 train 0.9999 test 0.4648
epoch 114/200 loss 0.0083 train 0.9999 test 0.4675
epoch 115/200 loss 0.0082 train 1.0000 test 0.4698
epoch 116/200 loss 0.0084 train 0.9999 test 0.4698
epoch 117/200 loss 0.0085 train 0.9999 test 0.4677
epoch 118/200 loss 0.0089 train 0.9997 test 0.4723
epoch 119/200 loss 0.0084 train 0.9997 test 0.4636
epoch 120/200 loss 0.0136 train 0.9992 test 0.4592
epoch 121/200 loss 0.0156 train 0.9991 test 0.4550
epoch 122/200 loss 0.0131 train 0.9999 test 0.4637
epoch 123/200 loss 0.0106 train 0.9997 test 0.4615
epoch 124/200 loss 0.0277 train 0.9966 test 0.4065
epoch 125/200 loss 0.1763 train 0.9657 test 0.3605
epoch 126/200 loss 0.5171 train 0.8622 test 0.3103
epoch 127/200 loss 0.6008 train 0.8407 test 0.3126
epoch 128/200 loss 0.4414 train 0.8808 test 0.3545
epoch 129/200 loss 0.2734 train 0.9352 test 0.3822
epoch 130/200 loss 0.2011 train 0.9545 test 0.3894
epoch 131/200 loss 0.1206 train 0.9745 test 0.4098
epoch 132/200 loss 0.0793 train 0.9829 test 0.4106
epoch 133/200 loss 0.0575 train 0.9899 test 0.4250
epoch 134/200 loss 0.0496 train 0.9919 test 0.4310
epoch 135/200 loss 0.0259 train 0.9973 test 0.4465
epoch 136/200 loss 0.0135 train 0.9985 test 0.4534
epoch 137/200 loss 0.0116 train 0.9992 test 0.4553
epoch 138/200 loss 0.0082 train 0.9995 test 0.4509
epoch 139/200 loss 0.0101 train 0.9988 test 0.4539
epoch 140/200 loss 0.0068 train 0.9997 test 0.4588
epoch 141/200 loss 0.0060 train 0.9996 test 0.4613
epoch 142/200 loss 0.0054 train 0.9999 test 0.4633
epoch 143/200 loss 0.0051 train 0.9997 test 0.4685
epoch 144/200 loss 0.0047 train 0.9999 test 0.4652
epoch 145/200 loss 0.0047 train 0.9999 test 0.4677
epoch 146/200 loss 0.0046 train 1.0000 test 0.4680
epoch 147/200 loss 0.0046 train 0.9999 test 0.4679
epoch 148/200 loss 0.0045 train 0.9999 test 0.4672
epoch 149/200 loss 0.0044 train 0.9999 test 0.4664
epoch 150/200 loss 0.0048 train 0.9997 test 0.4671
epoch 151/200 loss 0.0045 train 0.9999 test 0.4673
epoch 152/200 loss 0.0046 train 0.9999 test 0.4680
epoch 153/200 loss 0.0047 train 0.9999 test 0.4678
epoch 154/200 loss 0.0043 train 1.0000 test 0.4716
epoch 155/200 loss 0.0047 train 0.9997 test 0.4709
epoch 156/200 loss 0.0044 train 1.0000 test 0.4688
epoch 157/200 loss 0.0045 train 0.9999 test 0.4700
epoch 158/200 loss 0.0047 train 1.0000 test 0.4712
epoch 159/200 loss 0.0046 train 0.9999 test 0.4703
epoch 160/200 loss 0.0045 train 0.9999 test 0.4708
epoch 161/200 loss 0.0051 train 0.9997 test 0.4718
epoch 162/200 loss 0.0045 train 0.9999 test 0.4706
epoch 163/200 loss 0.0047 train 0.9999 test 0.4733
epoch 164/200 loss 0.0047 train 0.9999 test 0.4704
epoch 165/200 loss 0.0045 train 0.9999 test 0.4715
epoch 166/200 loss 0.0045 train 1.0000 test 0.4736
epoch 167/200 loss 0.0047 train 0.9999 test 0.4727
epoch 168/200 loss 0.0046 train 0.9999 test 0.4721
epoch 169/200 loss 0.0047 train 0.9999 test 0.4712
epoch 170/200 loss 0.0046 train 1.0000 test 0.4727
epoch 171/200 loss 0.0048 train 1.0000 test 0.4709
epoch 172/200 loss 0.0049 train 0.9999 test 0.4730
epoch 173/200 loss 0.0047 train 0.9999 test 0.4702
epoch 174/200 loss 0.0048 train 0.9997 test 0.4732
epoch 175/200 loss 0.0048 train 1.0000 test 0.4726
epoch 176/200 loss 0.0047 train 0.9999 test 0.4735
epoch 177/200 loss 0.0047 train 0.9999 test 0.4734
epoch 178/200 loss 0.0049 train 1.0000 test 0.4722
epoch 179/200 loss 0.0049 train 1.0000 test 0.4720
epoch 180/200 loss 0.0048 train 1.0000 test 0.4726
epoch 181/200 loss 0.0046 train 1.0000 test 0.4724
epoch 182/200 loss 0.0047 train 0.9999 test 0.4731
epoch 183/200 loss 0.0048 train 0.9999 test 0.4731
epoch 184/200 loss 0.0044 train 1.0000 test 0.4738
epoch 185/200 loss 0.0048 train 0.9999 test 0.4724
epoch 186/200 loss 0.0046 train 1.0000 test 0.4721
epoch 187/200 loss 0.0049 train 0.9999 test 0.4722
epoch 188/200 loss 0.0050 train 0.9997 test 0.4726
epoch 189/200 loss 0.0048 train 1.0000 test 0.4732
epoch 190/200 loss 0.0046 train 1.0000 test 0.4719
epoch 191/200 loss 0.0047 train 1.0000 test 0.4742
epoch 192/200 loss 0.0047 train 1.0000 test 0.4743
epoch 193/200 loss 0.0046 train 1.0000 test 0.4728
epoch 194/200 loss 0.0049 train 1.0000 test 0.4738
epoch 195/200 loss 0.0048 train 1.0000 test 0.4736
epoch 196/200 loss 0.0047 train 1.0000 test 0.4732
epoch 197/200 loss 0.0048 train 0.9999 test 0.4735
epoch 198/200 loss 0.0049 train 1.0000 test 0.4730
epoch 199/200 loss 0.0047 train 1.0000 test 0.4723
epoch 200/200 loss 0.0047 train 0.9999 test 0.4731
done: final 0.4731 best 0.4743 -> ./runs/uf15_gaborwarm/seed2
UNFREEZE_WAVE_COMPLETE
