deit augmentation: randaug m9 + erasing .25 + mixup .8/cutmix 1.0 + label smoothing .1
init_from runs/simclr_pre800_vit_tin_25pct/seed1/pretrain.pt: 150 tensors, 2 left at fresh init
[diagdeitsslbudget_simclr800_vit_tin_25pct seed1] {"params_trainable": 5427080, "params_stem_trainable": 0, "params_stem_fixed_filters": 0, "flops_total": 349004736, "flops_stem": 0, "flops_image_size": 64}
epoch 1/200 loss 5.2919 train 0.0063 test 0.0110
epoch 2/200 loss 5.2536 train 0.0080 test 0.0158
epoch 3/200 loss 5.2160 train 0.0113 test 0.0319
epoch 4/200 loss 5.1701 train 0.0164 test 0.0427
epoch 5/200 loss 5.1430 train 0.0190 test 0.0505
epoch 6/200 loss 5.1036 train 0.0220 test 0.0573
epoch 7/200 loss 5.0705 train 0.0270 test 0.0679
epoch 8/200 loss 5.0223 train 0.0334 test 0.0676
epoch 9/200 loss 4.9952 train 0.0337 test 0.0941
epoch 10/200 loss 4.9498 train 0.0385 test 0.0975
epoch 11/200 loss 4.9455 train 0.0413 test 0.1097
epoch 12/200 loss 4.9313 train 0.0446 test 0.1165
epoch 13/200 loss 4.8752 train 0.0488 test 0.1163
epoch 14/200 loss 4.8800 train 0.0491 test 0.1244
epoch 15/200 loss 4.8836 train 0.0489 test 0.1301
epoch 16/200 loss 4.8444 train 0.0514 test 0.1369
epoch 17/200 loss 4.8565 train 0.0559 test 0.1389
epoch 18/200 loss 4.8344 train 0.0607 test 0.1514
epoch 19/200 loss 4.8037 train 0.0638 test 0.1559
epoch 20/200 loss 4.7880 train 0.0607 test 0.1543
epoch 21/200 loss 4.7741 train 0.0584 test 0.1605
epoch 22/200 loss 4.7728 train 0.0696 test 0.1648
epoch 23/200 loss 4.7736 train 0.0670 test 0.1733
epoch 24/200 loss 4.7446 train 0.0683 test 0.1821
epoch 25/200 loss 4.7587 train 0.0612 test 0.1836
epoch 26/200 loss 4.7169 train 0.0740 test 0.1808
epoch 27/200 loss 4.7154 train 0.0740 test 0.1850
epoch 28/200 loss 4.6868 train 0.0779 test 0.1960
epoch 29/200 loss 4.6967 train 0.0718 test 0.1811
epoch 30/200 loss 4.6741 train 0.0822 test 0.1973
epoch 31/200 loss 4.6905 train 0.0772 test 0.2000
epoch 32/200 loss 4.6793 train 0.0879 test 0.2130
epoch 33/200 loss 4.6358 train 0.0845 test 0.2086
epoch 34/200 loss 4.6275 train 0.0724 test 0.2239
epoch 35/200 loss 4.6417 train 0.0845 test 0.2191
epoch 36/200 loss 4.6165 train 0.0895 test 0.2226
epoch 37/200 loss 4.5896 train 0.0889 test 0.2195
epoch 38/200 loss 4.5616 train 0.0896 test 0.2344
epoch 39/200 loss 4.6025 train 0.0905 test 0.2378
epoch 40/200 loss 4.5591 train 0.0933 test 0.2255
epoch 41/200 loss 4.5800 train 0.0956 test 0.2218
epoch 42/200 loss 4.5678 train 0.0968 test 0.2424
epoch 43/200 loss 4.5729 train 0.0942 test 0.2338
epoch 44/200 loss 4.5356 train 0.1029 test 0.2374
epoch 45/200 loss 4.4959 train 0.1073 test 0.2392
epoch 46/200 loss 4.5665 train 0.0910 test 0.2358
epoch 47/200 loss 4.4943 train 0.1044 test 0.2522
epoch 48/200 loss 4.5107 train 0.1021 test 0.2535
epoch 49/200 loss 4.5313 train 0.1060 test 0.2587
epoch 50/200 loss 4.4914 train 0.1190 test 0.2525
epoch 51/200 loss 4.5278 train 0.1101 test 0.2588
epoch 52/200 loss 4.4729 train 0.1113 test 0.2554
epoch 53/200 loss 4.4638 train 0.1130 test 0.2565
epoch 54/200 loss 4.4824 train 0.1091 test 0.2581
epoch 55/200 loss 4.4566 train 0.1178 test 0.2677
epoch 56/200 loss 4.4576 train 0.1209 test 0.2687
epoch 57/200 loss 4.4204 train 0.1315 test 0.2745
epoch 58/200 loss 4.4322 train 0.1189 test 0.2720
epoch 59/200 loss 4.3725 train 0.1339 test 0.2674
epoch 60/200 loss 4.4215 train 0.1175 test 0.2762
epoch 61/200 loss 4.4609 train 0.1168 test 0.2797
epoch 62/200 loss 4.3922 train 0.1332 test 0.2714
epoch 63/200 loss 4.3465 train 0.1212 test 0.2810
epoch 64/200 loss 4.3329 train 0.1409 test 0.2930
epoch 65/200 loss 4.3697 train 0.1303 test 0.2755
epoch 66/200 loss 4.3484 train 0.1373 test 0.2911
epoch 67/200 loss 4.3471 train 0.1326 test 0.2873
epoch 68/200 loss 4.3321 train 0.1372 test 0.2853
epoch 69/200 loss 4.3542 train 0.1476 test 0.2806
epoch 70/200 loss 4.3576 train 0.1407 test 0.2810
epoch 71/200 loss 4.3244 train 0.1298 test 0.2862
epoch 72/200 loss 4.2967 train 0.1506 test 0.2908
epoch 73/200 loss 4.3445 train 0.1446 test 0.2958
epoch 74/200 loss 4.3631 train 0.1353 test 0.3011
epoch 75/200 loss 4.3087 train 0.1548 test 0.2899
epoch 76/200 loss 4.2845 train 0.1540 test 0.3097
epoch 77/200 loss 4.2771 train 0.1480 test 0.3042
epoch 78/200 loss 4.2632 train 0.1558 test 0.3014
epoch 79/200 loss 4.2402 train 0.1650 test 0.3106
epoch 80/200 loss 4.2467 train 0.1595 test 0.3110
epoch 81/200 loss 4.2285 train 0.1703 test 0.3019
epoch 82/200 loss 4.2523 train 0.1490 test 0.3199
epoch 83/200 loss 4.2666 train 0.1483 test 0.3003
epoch 84/200 loss 4.2689 train 0.1564 test 0.3117
epoch 85/200 loss 4.1984 train 0.1620 test 0.3164
epoch 86/200 loss 4.1819 train 0.1688 test 0.3059
epoch 87/200 loss 4.1710 train 0.1685 test 0.3107
epoch 88/200 loss 4.1993 train 0.1596 test 0.3067
epoch 89/200 loss 4.1929 train 0.1644 test 0.3160
epoch 90/200 loss 4.1094 train 0.1690 test 0.3070
epoch 91/200 loss 4.1130 train 0.1653 test 0.3167
epoch 92/200 loss 4.1321 train 0.1665 test 0.3238
epoch 93/200 loss 4.1493 train 0.1716 test 0.3167
epoch 94/200 loss 4.1208 train 0.1681 test 0.3260
epoch 95/200 loss 4.2202 train 0.1558 test 0.3250
epoch 96/200 loss 4.1524 train 0.1792 test 0.3238
epoch 97/200 loss 4.1723 train 0.1804 test 0.3192
epoch 98/200 loss 4.1292 train 0.1950 test 0.3333
epoch 99/200 loss 4.1449 train 0.1895 test 0.3265
epoch 100/200 loss 4.0961 train 0.2004 test 0.3267
epoch 101/200 loss 4.0971 train 0.1856 test 0.3273
epoch 102/200 loss 4.1292 train 0.1788 test 0.3388
epoch 103/200 loss 4.1077 train 0.1899 test 0.3300
epoch 104/200 loss 4.0651 train 0.1810 test 0.3231
epoch 105/200 loss 4.0685 train 0.1977 test 0.3253
epoch 106/200 loss 4.0353 train 0.1964 test 0.3222
epoch 107/200 loss 4.0483 train 0.1923 test 0.3377
epoch 108/200 loss 4.1036 train 0.1737 test 0.3322
epoch 109/200 loss 4.0906 train 0.1866 test 0.3285
epoch 110/200 loss 3.9823 train 0.2103 test 0.3364
epoch 111/200 loss 4.0142 train 0.1995 test 0.3425
epoch 112/200 loss 3.9892 train 0.2061 test 0.3393
epoch 113/200 loss 4.0558 train 0.2038 test 0.3400
epoch 114/200 loss 4.0550 train 0.2019 test 0.3339
epoch 115/200 loss 4.0286 train 0.2028 test 0.3284
epoch 116/200 loss 3.9810 train 0.2066 test 0.3387
epoch 117/200 loss 4.0547 train 0.2105 test 0.3348
epoch 118/200 loss 4.0526 train 0.2011 test 0.3408
epoch 119/200 loss 3.9814 train 0.2162 test 0.3375
epoch 120/200 loss 3.9341 train 0.2267 test 0.3423
epoch 121/200 loss 3.9881 train 0.2088 test 0.3471
epoch 122/200 loss 3.9919 train 0.2140 test 0.3417
epoch 123/200 loss 3.9848 train 0.2019 test 0.3374
epoch 124/200 loss 3.9970 train 0.2134 test 0.3455
epoch 125/200 loss 3.8645 train 0.2399 test 0.3437
epoch 126/200 loss 3.9256 train 0.2452 test 0.3519
epoch 127/200 loss 3.9850 train 0.1970 test 0.3468
epoch 128/200 loss 3.9577 train 0.2121 test 0.3415
epoch 129/200 loss 3.9539 train 0.2132 test 0.3477
epoch 130/200 loss 3.8659 train 0.2127 test 0.3483
epoch 131/200 loss 3.9380 train 0.2198 test 0.3530
epoch 132/200 loss 3.9423 train 0.2321 test 0.3466
epoch 133/200 loss 3.8470 train 0.2143 test 0.3564
epoch 134/200 loss 3.8570 train 0.2621 test 0.3500
epoch 135/200 loss 3.8791 train 0.2422 test 0.3503
epoch 136/200 loss 3.8098 train 0.2445 test 0.3557
epoch 137/200 loss 3.8999 train 0.2454 test 0.3529
epoch 138/200 loss 3.8948 train 0.2397 test 0.3532
epoch 139/200 loss 3.8269 train 0.2573 test 0.3494
epoch 140/200 loss 3.8291 train 0.2781 test 0.3514
epoch 141/200 loss 3.7423 train 0.2183 test 0.3539
epoch 142/200 loss 3.8063 train 0.2558 test 0.3459
epoch 143/200 loss 3.8331 train 0.2405 test 0.3559
epoch 144/200 loss 3.8173 train 0.2377 test 0.3540
epoch 145/200 loss 3.8139 train 0.2656 test 0.3515
epoch 146/200 loss 3.8842 train 0.2378 test 0.3563
epoch 147/200 loss 3.8337 train 0.2552 test 0.3526
epoch 148/200 loss 3.8178 train 0.2624 test 0.3597
epoch 149/200 loss 3.8031 train 0.2539 test 0.3499
epoch 150/200 loss 3.9192 train 0.2318 test 0.3555
epoch 151/200 loss 3.7706 train 0.2464 test 0.3584
epoch 152/200 loss 3.7527 train 0.2580 test 0.3592
epoch 153/200 loss 3.6919 train 0.2569 test 0.3582
epoch 154/200 loss 3.7018 train 0.2851 test 0.3557
epoch 155/200 loss 3.7843 train 0.2395 test 0.3618
epoch 156/200 loss 3.8101 train 0.2621 test 0.3591
epoch 157/200 loss 3.7808 train 0.2544 test 0.3562
epoch 158/200 loss 3.8238 train 0.2380 test 0.3626
epoch 159/200 loss 3.7425 train 0.2745 test 0.3595
epoch 160/200 loss 3.6585 train 0.2801 test 0.3600
epoch 161/200 loss 3.7793 train 0.2613 test 0.3605
epoch 162/200 loss 3.7456 train 0.2775 test 0.3615
epoch 163/200 loss 3.8595 train 0.2598 test 0.3610
epoch 164/200 loss 3.8043 train 0.2820 test 0.3594
epoch 165/200 loss 3.8086 train 0.2537 test 0.3602
epoch 166/200 loss 3.7139 train 0.2585 test 0.3573
epoch 167/200 loss 3.7325 train 0.2675 test 0.3639
epoch 168/200 loss 3.7935 train 0.2768 test 0.3618
epoch 169/200 loss 3.7944 train 0.2729 test 0.3579
epoch 170/200 loss 3.7481 train 0.2946 test 0.3601
epoch 171/200 loss 3.7044 train 0.2733 test 0.3632
epoch 172/200 loss 3.8669 train 0.2394 test 0.3599
epoch 173/200 loss 3.6304 train 0.2851 test 0.3615
epoch 174/200 loss 3.7618 train 0.2486 test 0.3586
epoch 175/200 loss 3.7495 train 0.2768 test 0.3606
epoch 176/200 loss 3.6502 train 0.2897 test 0.3591
epoch 177/200 loss 3.7507 train 0.2707 test 0.3573
epoch 178/200 loss 3.6721 train 0.2613 test 0.3589
epoch 179/200 loss 3.6135 train 0.2678 test 0.3632
epoch 180/200 loss 3.7388 train 0.2841 test 0.3603
epoch 181/200 loss 3.6782 train 0.2822 test 0.3593
epoch 182/200 loss 3.7480 train 0.2908 test 0.3613
epoch 183/200 loss 3.6928 train 0.3080 test 0.3609
epoch 184/200 loss 3.6799 train 0.2599 test 0.3599
epoch 185/200 loss 3.6875 train 0.3003 test 0.3615
epoch 186/200 loss 3.5884 train 0.3086 test 0.3633
epoch 187/200 loss 3.7312 train 0.2754 test 0.3617
epoch 188/200 loss 3.7153 train 0.2762 test 0.3639
epoch 189/200 loss 3.6530 train 0.2592 test 0.3614
epoch 190/200 loss 3.7306 train 0.2760 test 0.3620
epoch 191/200 loss 3.7798 train 0.2433 test 0.3647
epoch 192/200 loss 3.6068 train 0.2858 test 0.3614
epoch 193/200 loss 3.7307 train 0.2846 test 0.3617
epoch 194/200 loss 3.7063 train 0.2952 test 0.3625
epoch 195/200 loss 3.7062 train 0.2720 test 0.3627
epoch 196/200 loss 3.6688 train 0.3058 test 0.3624
epoch 197/200 loss 3.6658 train 0.2751 test 0.3622
epoch 198/200 loss 3.6660 train 0.2746 test 0.3623
epoch 199/200 loss 3.7157 train 0.2718 test 0.3621
epoch 200/200 loss 3.7379 train 0.2763 test 0.3621
done: final 0.3621 best 0.3647 -> ./runs/diagdeitsslbudget_simclr800_vit_tin_25pct/seed1
