deit augmentation: randaug m9 + erasing .25 + mixup .8/cutmix 1.0 + label smoothing .1
init_from runs/simclr_pre800_vit_tin_5pct/seed0/pretrain.pt: 150 tensors, 2 left at fresh init
[diagdeitsslbudget_simclr800_vit_tin_5pct seed0] {"params_trainable": 5427080, "params_stem_trainable": 0, "params_stem_fixed_filters": 0, "flops_total": 349004736, "flops_stem": 0, "flops_image_size": 64}
epoch 1/200 loss 5.3177 train 0.0044 test 0.0072
epoch 2/200 loss 5.3204 train 0.0040 test 0.0083
epoch 3/200 loss 5.3138 train 0.0048 test 0.0113
epoch 4/200 loss 5.2886 train 0.0058 test 0.0154
epoch 5/200 loss 5.2439 train 0.0086 test 0.0196
epoch 6/200 loss 5.2233 train 0.0112 test 0.0238
epoch 7/200 loss 5.1718 train 0.0174 test 0.0275
epoch 8/200 loss 5.1535 train 0.0188 test 0.0375
epoch 9/200 loss 5.1155 train 0.0192 test 0.0475
epoch 10/200 loss 5.0961 train 0.0192 test 0.0501
epoch 11/200 loss 5.0635 train 0.0270 test 0.0581
epoch 12/200 loss 5.0517 train 0.0292 test 0.0600
epoch 13/200 loss 5.0106 train 0.0341 test 0.0610
epoch 14/200 loss 5.0158 train 0.0373 test 0.0668
epoch 15/200 loss 5.0235 train 0.0284 test 0.0700
epoch 16/200 loss 4.9800 train 0.0405 test 0.0774
epoch 17/200 loss 4.9765 train 0.0403 test 0.0870
epoch 18/200 loss 4.9425 train 0.0405 test 0.0875
epoch 19/200 loss 4.9478 train 0.0453 test 0.0882
epoch 20/200 loss 4.9010 train 0.0479 test 0.0925
epoch 21/200 loss 4.9489 train 0.0521 test 0.0946
epoch 22/200 loss 4.8483 train 0.0429 test 0.0880
epoch 23/200 loss 4.8584 train 0.0453 test 0.1125
epoch 24/200 loss 4.8218 train 0.0567 test 0.0943
epoch 25/200 loss 4.7726 train 0.0521 test 0.1140
epoch 26/200 loss 4.8158 train 0.0631 test 0.1136
epoch 27/200 loss 4.7954 train 0.0647 test 0.1137
epoch 28/200 loss 4.8507 train 0.0587 test 0.1142
epoch 29/200 loss 4.7910 train 0.0519 test 0.1317
epoch 30/200 loss 4.7732 train 0.0747 test 0.1218
epoch 31/200 loss 4.7407 train 0.0487 test 0.1283
epoch 32/200 loss 4.6953 train 0.0745 test 0.1343
epoch 33/200 loss 4.6844 train 0.0695 test 0.1357
epoch 34/200 loss 4.7250 train 0.0665 test 0.1326
epoch 35/200 loss 4.6930 train 0.0637 test 0.1407
epoch 36/200 loss 4.7170 train 0.0725 test 0.1361
epoch 37/200 loss 4.6237 train 0.0673 test 0.1464
epoch 38/200 loss 4.6618 train 0.0847 test 0.1436
epoch 39/200 loss 4.7146 train 0.0867 test 0.1439
epoch 40/200 loss 4.6444 train 0.0944 test 0.1430
epoch 41/200 loss 4.5970 train 0.0857 test 0.1480
epoch 42/200 loss 4.5170 train 0.1070 test 0.1529
epoch 43/200 loss 4.5845 train 0.1090 test 0.1506
epoch 44/200 loss 4.5334 train 0.1156 test 0.1475
epoch 45/200 loss 4.5321 train 0.1048 test 0.1632
epoch 46/200 loss 4.5915 train 0.0919 test 0.1539
epoch 47/200 loss 4.5426 train 0.1054 test 0.1636
epoch 48/200 loss 4.5881 train 0.1160 test 0.1628
epoch 49/200 loss 4.5616 train 0.1000 test 0.1594
epoch 50/200 loss 4.6214 train 0.0869 test 0.1654
epoch 51/200 loss 4.5749 train 0.0960 test 0.1659
epoch 52/200 loss 4.4401 train 0.1328 test 0.1648
epoch 53/200 loss 4.5127 train 0.1122 test 0.1598
epoch 54/200 loss 4.3800 train 0.1202 test 0.1642
epoch 55/200 loss 4.4202 train 0.1138 test 0.1658
epoch 56/200 loss 4.3453 train 0.1304 test 0.1718
epoch 57/200 loss 4.4040 train 0.1156 test 0.1644
epoch 58/200 loss 4.4018 train 0.1342 test 0.1717
epoch 59/200 loss 4.3907 train 0.1158 test 0.1702
epoch 60/200 loss 4.4811 train 0.1368 test 0.1805
epoch 61/200 loss 4.2813 train 0.1278 test 0.1779
epoch 62/200 loss 4.3111 train 0.1194 test 0.1791
epoch 63/200 loss 4.3120 train 0.1314 test 0.1798
epoch 64/200 loss 4.4277 train 0.1286 test 0.1806
epoch 65/200 loss 4.3129 train 0.1020 test 0.1794
epoch 66/200 loss 4.2531 train 0.1538 test 0.1870
epoch 67/200 loss 4.5445 train 0.1164 test 0.1844
epoch 68/200 loss 4.2804 train 0.1907 test 0.1789
epoch 69/200 loss 4.2450 train 0.1370 test 0.1830
epoch 70/200 loss 4.3810 train 0.1440 test 0.1842
epoch 71/200 loss 4.3402 train 0.1817 test 0.1803
epoch 72/200 loss 4.2286 train 0.1550 test 0.1828
epoch 73/200 loss 4.2799 train 0.1711 test 0.1817
epoch 74/200 loss 4.3509 train 0.1550 test 0.1899
epoch 75/200 loss 4.1082 train 0.1909 test 0.1817
epoch 76/200 loss 4.1264 train 0.1589 test 0.1890
epoch 77/200 loss 4.0624 train 0.2013 test 0.1892
epoch 78/200 loss 4.0687 train 0.2069 test 0.1912
epoch 79/200 loss 3.9121 train 0.2292 test 0.1892
epoch 80/200 loss 4.0250 train 0.1975 test 0.1868
epoch 81/200 loss 4.0983 train 0.2025 test 0.1845
epoch 82/200 loss 3.8969 train 0.2612 test 0.1879
epoch 83/200 loss 3.8177 train 0.2145 test 0.1944
epoch 84/200 loss 4.0036 train 0.2440 test 0.1915
epoch 85/200 loss 4.0567 train 0.1951 test 0.1912
epoch 86/200 loss 4.0924 train 0.1935 test 0.1934
epoch 87/200 loss 4.0972 train 0.1607 test 0.1881
epoch 88/200 loss 3.9068 train 0.2035 test 0.1913
epoch 89/200 loss 4.0115 train 0.2159 test 0.1988
epoch 90/200 loss 4.0003 train 0.2370 test 0.1907
epoch 91/200 loss 3.9464 train 0.2462 test 0.1949
epoch 92/200 loss 4.1834 train 0.1999 test 0.1889
epoch 93/200 loss 4.1659 train 0.1913 test 0.1866
epoch 94/200 loss 4.0738 train 0.1905 test 0.1958
epoch 95/200 loss 4.0407 train 0.1919 test 0.1871
epoch 96/200 loss 3.8854 train 0.2175 test 0.1920
epoch 97/200 loss 3.9982 train 0.2216 test 0.1924
epoch 98/200 loss 3.8651 train 0.2402 test 0.1982
epoch 99/200 loss 4.0008 train 0.2396 test 0.1902
epoch 100/200 loss 3.9221 train 0.2380 test 0.1928
epoch 101/200 loss 3.8329 train 0.2680 test 0.2025
epoch 102/200 loss 3.9423 train 0.2250 test 0.1917
epoch 103/200 loss 3.8450 train 0.2642 test 0.1882
epoch 104/200 loss 3.9043 train 0.2570 test 0.1922
epoch 105/200 loss 3.8662 train 0.2762 test 0.1942
epoch 106/200 loss 3.7274 train 0.2200 test 0.1935
epoch 107/200 loss 3.9563 train 0.2440 test 0.1916
epoch 108/200 loss 3.7250 train 0.3185 test 0.1928
epoch 109/200 loss 3.9132 train 0.2564 test 0.1889
epoch 110/200 loss 3.8626 train 0.2181 test 0.1928
epoch 111/200 loss 3.8677 train 0.2875 test 0.1988
epoch 112/200 loss 3.6701 train 0.3227 test 0.1889
epoch 113/200 loss 3.7413 train 0.2694 test 0.1922
epoch 114/200 loss 3.7775 train 0.2620 test 0.1937
epoch 115/200 loss 3.7754 train 0.2790 test 0.1919
epoch 116/200 loss 3.7330 train 0.2883 test 0.1928
epoch 117/200 loss 3.5135 train 0.2993 test 0.1913
epoch 118/200 loss 3.8113 train 0.2933 test 0.1896
epoch 119/200 loss 3.8291 train 0.2959 test 0.1995
epoch 120/200 loss 3.8056 train 0.2216 test 0.1931
epoch 121/200 loss 3.9413 train 0.3131 test 0.1902
epoch 122/200 loss 3.7920 train 0.2480 test 0.1941
epoch 123/200 loss 3.7986 train 0.2149 test 0.1963
epoch 124/200 loss 3.5926 train 0.2981 test 0.1917
epoch 125/200 loss 3.9038 train 0.2670 test 0.1918
epoch 126/200 loss 3.7025 train 0.2770 test 0.1877
epoch 127/200 loss 3.5568 train 0.2632 test 0.1939
epoch 128/200 loss 3.7461 train 0.2636 test 0.1927
epoch 129/200 loss 3.6137 train 0.2204 test 0.1936
epoch 130/200 loss 3.6935 train 0.2975 test 0.1917
epoch 131/200 loss 3.9420 train 0.2917 test 0.1912
epoch 132/200 loss 3.7950 train 0.3147 test 0.1948
epoch 133/200 loss 3.6870 train 0.3067 test 0.1940
epoch 134/200 loss 3.5942 train 0.3173 test 0.1938
epoch 135/200 loss 3.8453 train 0.2612 test 0.1940
epoch 136/200 loss 3.7885 train 0.2925 test 0.1962
epoch 137/200 loss 3.6846 train 0.2833 test 0.1967
epoch 138/200 loss 3.8338 train 0.2712 test 0.1952
epoch 139/200 loss 3.6141 train 0.2955 test 0.1908
epoch 140/200 loss 3.6232 train 0.3446 test 0.1948
epoch 141/200 loss 3.6143 train 0.2873 test 0.1935
epoch 142/200 loss 3.7215 train 0.3221 test 0.1990
epoch 143/200 loss 3.7412 train 0.3664 test 0.1945
epoch 144/200 loss 3.4434 train 0.3494 test 0.1921
epoch 145/200 loss 3.7369 train 0.2937 test 0.1884
epoch 146/200 loss 3.6552 train 0.3676 test 0.1910
epoch 147/200 loss 3.6992 train 0.2436 test 0.1892
epoch 148/200 loss 3.6526 train 0.3169 test 0.1933
epoch 149/200 loss 3.3635 train 0.3265 test 0.1934
epoch 150/200 loss 3.5499 train 0.3626 test 0.1947
epoch 151/200 loss 3.7291 train 0.3147 test 0.1955
epoch 152/200 loss 3.5835 train 0.3299 test 0.1928
epoch 153/200 loss 3.4152 train 0.3411 test 0.1956
epoch 154/200 loss 3.5880 train 0.3333 test 0.1946
epoch 155/200 loss 3.5991 train 0.3512 test 0.1915
epoch 156/200 loss 3.7747 train 0.3061 test 0.1974
epoch 157/200 loss 3.4071 train 0.3740 test 0.1954
epoch 158/200 loss 3.4995 train 0.3381 test 0.1969
epoch 159/200 loss 3.4402 train 0.2770 test 0.1925
epoch 160/200 loss 3.3520 train 0.4407 test 0.1903
epoch 161/200 loss 3.8022 train 0.3099 test 0.1922
epoch 162/200 loss 3.7008 train 0.3387 test 0.1961
epoch 163/200 loss 3.4818 train 0.3075 test 0.1944
epoch 164/200 loss 3.8031 train 0.3171 test 0.1920
epoch 165/200 loss 3.5263 train 0.3896 test 0.1959
epoch 166/200 loss 3.6004 train 0.3055 test 0.1927
epoch 167/200 loss 3.6142 train 0.2774 test 0.1941
epoch 168/200 loss 3.3599 train 0.3854 test 0.1941
epoch 169/200 loss 3.6578 train 0.3291 test 0.1943
epoch 170/200 loss 3.8490 train 0.3059 test 0.1943
epoch 171/200 loss 3.3504 train 0.2788 test 0.1944
epoch 172/200 loss 3.5921 train 0.3351 test 0.1961
epoch 173/200 loss 3.4192 train 0.3960 test 0.1961
epoch 174/200 loss 3.7842 train 0.3315 test 0.1965
epoch 175/200 loss 3.4090 train 0.3175 test 0.1971
epoch 176/200 loss 3.5352 train 0.3409 test 0.1962
epoch 177/200 loss 3.5045 train 0.3816 test 0.1946
epoch 178/200 loss 3.6442 train 0.2768 test 0.1938
epoch 179/200 loss 3.3922 train 0.3540 test 0.1954
epoch 180/200 loss 3.4688 train 0.2931 test 0.1947
epoch 181/200 loss 3.3470 train 0.3996 test 0.1972
epoch 182/200 loss 3.2992 train 0.3403 test 0.1960
epoch 183/200 loss 3.4119 train 0.3842 test 0.1962
epoch 184/200 loss 3.6599 train 0.2973 test 0.1958
epoch 185/200 loss 3.5096 train 0.3389 test 0.1942
epoch 186/200 loss 3.8128 train 0.2618 test 0.1961
epoch 187/200 loss 3.4930 train 0.3151 test 0.1951
epoch 188/200 loss 3.5718 train 0.3506 test 0.1952
epoch 189/200 loss 3.6303 train 0.3051 test 0.1956
epoch 190/200 loss 3.5035 train 0.2919 test 0.1964
epoch 191/200 loss 3.5887 train 0.3425 test 0.1964
epoch 192/200 loss 3.3409 train 0.3259 test 0.1954
epoch 193/200 loss 3.4435 train 0.3293 test 0.1962
epoch 194/200 loss 3.4545 train 0.3203 test 0.1957
epoch 195/200 loss 3.5266 train 0.3305 test 0.1959
epoch 196/200 loss 3.6501 train 0.3151 test 0.1959
epoch 197/200 loss 3.6821 train 0.2833 test 0.1960
epoch 198/200 loss 3.4569 train 0.3930 test 0.1958
epoch 199/200 loss 3.4026 train 0.3922 test 0.1958
epoch 200/200 loss 3.2978 train 0.3984 test 0.1957
done: final 0.1957 best 0.2025 -> ./runs/diagdeitsslbudget_simclr800_vit_tin_5pct/seed0
