deit augmentation: randaug m9 + erasing .25 + mixup .8/cutmix 1.0 + label smoothing .1
init_from runs/simclr_pre800_vit_tin_25pct/seed2/pretrain.pt: 150 tensors, 2 left at fresh init
[diagdeitsslbudget_simclr800_vit_tin_25pct seed2] {"params_trainable": 5427080, "params_stem_trainable": 0, "params_stem_fixed_filters": 0, "flops_total": 349004736, "flops_stem": 0, "flops_image_size": 64}
epoch 1/200 loss 5.2901 train 0.0063 test 0.0150
epoch 2/200 loss 5.2500 train 0.0098 test 0.0154
epoch 3/200 loss 5.2026 train 0.0129 test 0.0312
epoch 4/200 loss 5.1387 train 0.0192 test 0.0530
epoch 5/200 loss 5.0975 train 0.0242 test 0.0640
epoch 6/200 loss 5.0522 train 0.0297 test 0.0723
epoch 7/200 loss 5.0175 train 0.0326 test 0.0759
epoch 8/200 loss 4.9990 train 0.0354 test 0.0859
epoch 9/200 loss 4.9660 train 0.0369 test 0.0998
epoch 10/200 loss 4.9632 train 0.0397 test 0.1019
epoch 11/200 loss 4.9124 train 0.0423 test 0.1140
epoch 12/200 loss 4.9099 train 0.0460 test 0.1177
epoch 13/200 loss 4.8794 train 0.0471 test 0.1295
epoch 14/200 loss 4.8801 train 0.0519 test 0.1354
epoch 15/200 loss 4.8620 train 0.0557 test 0.1365
epoch 16/200 loss 4.8222 train 0.0573 test 0.1417
epoch 17/200 loss 4.8282 train 0.0600 test 0.1475
epoch 18/200 loss 4.8108 train 0.0564 test 0.1542
epoch 19/200 loss 4.8067 train 0.0625 test 0.1602
epoch 20/200 loss 4.7851 train 0.0681 test 0.1587
epoch 21/200 loss 4.7870 train 0.0623 test 0.1736
epoch 22/200 loss 4.7636 train 0.0669 test 0.1795
epoch 23/200 loss 4.7609 train 0.0696 test 0.1838
epoch 24/200 loss 4.7243 train 0.0702 test 0.1822
epoch 25/200 loss 4.7026 train 0.0726 test 0.1878
epoch 26/200 loss 4.7158 train 0.0775 test 0.1959
epoch 27/200 loss 4.6886 train 0.0776 test 0.1941
epoch 28/200 loss 4.6771 train 0.0767 test 0.2019
epoch 29/200 loss 4.6967 train 0.0735 test 0.1972
epoch 30/200 loss 4.6674 train 0.0885 test 0.2177
epoch 31/200 loss 4.6533 train 0.0805 test 0.2117
epoch 32/200 loss 4.6513 train 0.0850 test 0.2293
epoch 33/200 loss 4.5984 train 0.0904 test 0.2118
epoch 34/200 loss 4.6211 train 0.0870 test 0.2205
epoch 35/200 loss 4.6166 train 0.0883 test 0.2363
epoch 36/200 loss 4.5612 train 0.0895 test 0.2373
epoch 37/200 loss 4.5585 train 0.0893 test 0.2265
epoch 38/200 loss 4.5719 train 0.0968 test 0.2375
epoch 39/200 loss 4.5624 train 0.0980 test 0.2372
epoch 40/200 loss 4.5391 train 0.1056 test 0.2366
epoch 41/200 loss 4.5042 train 0.1058 test 0.2433
epoch 42/200 loss 4.5689 train 0.0966 test 0.2512
epoch 43/200 loss 4.5207 train 0.1073 test 0.2481
epoch 44/200 loss 4.4952 train 0.1024 test 0.2499
epoch 45/200 loss 4.5142 train 0.1063 test 0.2597
epoch 46/200 loss 4.5026 train 0.1032 test 0.2560
epoch 47/200 loss 4.4917 train 0.1185 test 0.2533
epoch 48/200 loss 4.4973 train 0.1011 test 0.2602
epoch 49/200 loss 4.4645 train 0.1136 test 0.2604
epoch 50/200 loss 4.4743 train 0.1116 test 0.2699
epoch 51/200 loss 4.4400 train 0.1142 test 0.2711
epoch 52/200 loss 4.4275 train 0.1249 test 0.2748
epoch 53/200 loss 4.4709 train 0.1253 test 0.2707
epoch 54/200 loss 4.4657 train 0.1177 test 0.2754
epoch 55/200 loss 4.3969 train 0.1240 test 0.2727
epoch 56/200 loss 4.4245 train 0.1254 test 0.2849
epoch 57/200 loss 4.4016 train 0.1167 test 0.2802
epoch 58/200 loss 4.3987 train 0.1272 test 0.2776
epoch 59/200 loss 4.4091 train 0.1241 test 0.2924
epoch 60/200 loss 4.3915 train 0.1256 test 0.2761
epoch 61/200 loss 4.4047 train 0.1188 test 0.2793
epoch 62/200 loss 4.4386 train 0.1325 test 0.2964
epoch 63/200 loss 4.3099 train 0.1484 test 0.2897
epoch 64/200 loss 4.3723 train 0.1241 test 0.2856
epoch 65/200 loss 4.3870 train 0.1352 test 0.2993
epoch 66/200 loss 4.3698 train 0.1400 test 0.2940
epoch 67/200 loss 4.3409 train 0.1411 test 0.3058
epoch 68/200 loss 4.3647 train 0.1377 test 0.2895
epoch 69/200 loss 4.3331 train 0.1379 test 0.3094
epoch 70/200 loss 4.2892 train 0.1527 test 0.3115
epoch 71/200 loss 4.3061 train 0.1471 test 0.2900
epoch 72/200 loss 4.3079 train 0.1540 test 0.3000
epoch 73/200 loss 4.2663 train 0.1479 test 0.3074
epoch 74/200 loss 4.2868 train 0.1417 test 0.3107
epoch 75/200 loss 4.2908 train 0.1508 test 0.3156
epoch 76/200 loss 4.2477 train 0.1584 test 0.3043
epoch 77/200 loss 4.2543 train 0.1591 test 0.3155
epoch 78/200 loss 4.2770 train 0.1571 test 0.3186
epoch 79/200 loss 4.2371 train 0.1581 test 0.3117
epoch 80/200 loss 4.2364 train 0.1548 test 0.3266
epoch 81/200 loss 4.2426 train 0.1611 test 0.3244
epoch 82/200 loss 4.2332 train 0.1613 test 0.3216
epoch 83/200 loss 4.2303 train 0.1554 test 0.3204
epoch 84/200 loss 4.2487 train 0.1690 test 0.3168
epoch 85/200 loss 4.2305 train 0.1708 test 0.3224
epoch 86/200 loss 4.2122 train 0.1700 test 0.3270
epoch 87/200 loss 4.2080 train 0.1701 test 0.3234
epoch 88/200 loss 4.1888 train 0.1789 test 0.3315
epoch 89/200 loss 4.1726 train 0.1559 test 0.3336
epoch 90/200 loss 4.1707 train 0.1810 test 0.3294
epoch 91/200 loss 4.1122 train 0.1724 test 0.3275
epoch 92/200 loss 4.1787 train 0.1802 test 0.3280
epoch 93/200 loss 4.1889 train 0.1727 test 0.3373
epoch 94/200 loss 4.1120 train 0.1895 test 0.3239
epoch 95/200 loss 4.0884 train 0.1725 test 0.3253
epoch 96/200 loss 4.1874 train 0.1836 test 0.3215
epoch 97/200 loss 4.1219 train 0.1851 test 0.3288
epoch 98/200 loss 4.0765 train 0.1748 test 0.3297
epoch 99/200 loss 4.1472 train 0.1702 test 0.3371
epoch 100/200 loss 4.0741 train 0.1964 test 0.3381
epoch 101/200 loss 4.1033 train 0.1920 test 0.3419
epoch 102/200 loss 4.0353 train 0.2166 test 0.3385
epoch 103/200 loss 4.1028 train 0.1844 test 0.3410
epoch 104/200 loss 4.1011 train 0.1949 test 0.3360
epoch 105/200 loss 4.0627 train 0.2009 test 0.3438
epoch 106/200 loss 4.0669 train 0.1919 test 0.3455
epoch 107/200 loss 4.0636 train 0.2018 test 0.3444
epoch 108/200 loss 4.0032 train 0.2097 test 0.3385
epoch 109/200 loss 4.0217 train 0.2232 test 0.3410
epoch 110/200 loss 4.0544 train 0.1955 test 0.3434
epoch 111/200 loss 4.0997 train 0.1915 test 0.3421
epoch 112/200 loss 4.0172 train 0.2100 test 0.3497
epoch 113/200 loss 4.0510 train 0.2054 test 0.3427
epoch 114/200 loss 4.0188 train 0.1940 test 0.3523
epoch 115/200 loss 4.0547 train 0.2162 test 0.3461
epoch 116/200 loss 3.9141 train 0.2335 test 0.3509
epoch 117/200 loss 3.9229 train 0.2173 test 0.3443
epoch 118/200 loss 3.9194 train 0.2292 test 0.3413
epoch 119/200 loss 3.9838 train 0.2002 test 0.3475
epoch 120/200 loss 4.0066 train 0.2002 test 0.3499
epoch 121/200 loss 3.9529 train 0.2121 test 0.3567
epoch 122/200 loss 3.9891 train 0.2158 test 0.3522
epoch 123/200 loss 3.9512 train 0.2187 test 0.3549
epoch 124/200 loss 3.9989 train 0.2257 test 0.3473
epoch 125/200 loss 3.8826 train 0.2198 test 0.3596
epoch 126/200 loss 3.9814 train 0.1996 test 0.3567
epoch 127/200 loss 3.9553 train 0.2136 test 0.3551
epoch 128/200 loss 3.8597 train 0.2295 test 0.3564
epoch 129/200 loss 3.8531 train 0.2400 test 0.3510
epoch 130/200 loss 3.9440 train 0.2087 test 0.3522
epoch 131/200 loss 3.9147 train 0.2322 test 0.3522
epoch 132/200 loss 3.8982 train 0.2411 test 0.3576
epoch 133/200 loss 3.8957 train 0.2196 test 0.3520
epoch 134/200 loss 3.8710 train 0.2514 test 0.3585
epoch 135/200 loss 3.8138 train 0.2529 test 0.3528
epoch 136/200 loss 3.8883 train 0.2412 test 0.3543
epoch 137/200 loss 3.8245 train 0.2406 test 0.3583
epoch 138/200 loss 3.8017 train 0.2333 test 0.3609
epoch 139/200 loss 3.9497 train 0.2124 test 0.3581
epoch 140/200 loss 3.8047 train 0.2674 test 0.3598
epoch 141/200 loss 3.9019 train 0.2270 test 0.3587
epoch 142/200 loss 3.7694 train 0.2468 test 0.3606
epoch 143/200 loss 3.7796 train 0.2429 test 0.3588
epoch 144/200 loss 3.9200 train 0.2423 test 0.3536
epoch 145/200 loss 3.8176 train 0.2381 test 0.3586
epoch 146/200 loss 3.8362 train 0.2508 test 0.3598
epoch 147/200 loss 3.7793 train 0.2610 test 0.3569
epoch 148/200 loss 3.7905 train 0.2395 test 0.3584
epoch 149/200 loss 3.8760 train 0.2274 test 0.3635
epoch 150/200 loss 3.7359 train 0.2737 test 0.3588
epoch 151/200 loss 3.7238 train 0.2698 test 0.3567
epoch 152/200 loss 3.8352 train 0.2601 test 0.3629
epoch 153/200 loss 3.6727 train 0.2877 test 0.3609
epoch 154/200 loss 3.7639 train 0.2631 test 0.3612
epoch 155/200 loss 3.7915 train 0.2617 test 0.3634
epoch 156/200 loss 3.6853 train 0.2756 test 0.3640
epoch 157/200 loss 3.7947 train 0.2467 test 0.3682
epoch 158/200 loss 3.7743 train 0.2516 test 0.3529
epoch 159/200 loss 3.8372 train 0.2584 test 0.3642
epoch 160/200 loss 3.8048 train 0.2365 test 0.3653
epoch 161/200 loss 3.7803 train 0.2833 test 0.3601
epoch 162/200 loss 3.8093 train 0.2627 test 0.3641
epoch 163/200 loss 3.7347 train 0.2580 test 0.3628
epoch 164/200 loss 3.6539 train 0.2903 test 0.3657
epoch 165/200 loss 3.7683 train 0.2601 test 0.3654
epoch 166/200 loss 3.6648 train 0.2694 test 0.3667
epoch 167/200 loss 3.7311 train 0.2678 test 0.3677
epoch 168/200 loss 3.7447 train 0.2577 test 0.3633
epoch 169/200 loss 3.6942 train 0.3048 test 0.3679
epoch 170/200 loss 3.7539 train 0.2461 test 0.3678
epoch 171/200 loss 3.7667 train 0.2754 test 0.3685
epoch 172/200 loss 3.6872 train 0.2819 test 0.3668
epoch 173/200 loss 3.6482 train 0.3011 test 0.3688
epoch 174/200 loss 3.6530 train 0.2678 test 0.3698
epoch 175/200 loss 3.6622 train 0.2879 test 0.3662
epoch 176/200 loss 3.7138 train 0.2873 test 0.3693
epoch 177/200 loss 3.7564 train 0.2635 test 0.3674
epoch 178/200 loss 3.8310 train 0.2701 test 0.3687
epoch 179/200 loss 3.7205 train 0.2760 test 0.3698
epoch 180/200 loss 3.7807 train 0.2593 test 0.3649
epoch 181/200 loss 3.7156 train 0.2702 test 0.3677
epoch 182/200 loss 3.7509 train 0.2657 test 0.3727
epoch 183/200 loss 3.6780 train 0.2846 test 0.3693
epoch 184/200 loss 3.7440 train 0.2825 test 0.3703
epoch 185/200 loss 3.6795 train 0.2716 test 0.3681
epoch 186/200 loss 3.6588 train 0.2899 test 0.3680
epoch 187/200 loss 3.6957 train 0.2690 test 0.3677
epoch 188/200 loss 3.7002 train 0.2728 test 0.3690
epoch 189/200 loss 3.7169 train 0.2889 test 0.3664
epoch 190/200 loss 3.7036 train 0.2751 test 0.3684
epoch 191/200 loss 3.6489 train 0.2877 test 0.3681
epoch 192/200 loss 3.7381 train 0.2858 test 0.3688
epoch 193/200 loss 3.6043 train 0.2998 test 0.3699
epoch 194/200 loss 3.6692 train 0.3035 test 0.3698
epoch 195/200 loss 3.6449 train 0.2769 test 0.3692
epoch 196/200 loss 3.6238 train 0.2687 test 0.3695
epoch 197/200 loss 3.6476 train 0.2768 test 0.3694
epoch 198/200 loss 3.6009 train 0.2783 test 0.3694
epoch 199/200 loss 3.6892 train 0.2991 test 0.3694
epoch 200/200 loss 3.6948 train 0.2637 test 0.3694
done: final 0.3694 best 0.3727 -> ./runs/diagdeitsslbudget_simclr800_vit_tin_25pct/seed2
