deit augmentation: randaug m9 + erasing .25 + mixup .8/cutmix 1.0 + label smoothing .1
init_from runs/simclr_pre800_vit_tin_5pct/seed2/pretrain.pt: 150 tensors, 2 left at fresh init
[diagdeitsslbudget_simclr800_vit_tin_5pct seed2] {"params_trainable": 5427080, "params_stem_trainable": 0, "params_stem_fixed_filters": 0, "flops_total": 349004736, "flops_stem": 0, "flops_image_size": 64}
epoch 1/200 loss 5.3080 train 0.0062 test 0.0129
epoch 2/200 loss 5.2792 train 0.0076 test 0.0181
epoch 3/200 loss 5.2224 train 0.0110 test 0.0300
epoch 4/200 loss 5.1826 train 0.0140 test 0.0339
epoch 5/200 loss 5.1306 train 0.0198 test 0.0486
epoch 6/200 loss 5.0893 train 0.0244 test 0.0587
epoch 7/200 loss 5.0907 train 0.0228 test 0.0596
epoch 8/200 loss 5.0562 train 0.0312 test 0.0728
epoch 9/200 loss 4.9771 train 0.0425 test 0.0832
epoch 10/200 loss 4.9765 train 0.0409 test 0.0770
epoch 11/200 loss 4.9144 train 0.0439 test 0.0911
epoch 12/200 loss 4.9166 train 0.0335 test 0.0934
epoch 13/200 loss 4.9181 train 0.0395 test 0.0901
epoch 14/200 loss 4.9342 train 0.0481 test 0.1035
epoch 15/200 loss 4.8514 train 0.0543 test 0.1102
epoch 16/200 loss 4.8756 train 0.0541 test 0.1147
epoch 17/200 loss 4.8611 train 0.0449 test 0.1186
epoch 18/200 loss 4.7726 train 0.0601 test 0.1220
epoch 19/200 loss 4.7689 train 0.0559 test 0.1290
epoch 20/200 loss 4.7763 train 0.0711 test 0.1272
epoch 21/200 loss 4.7913 train 0.0707 test 0.1301
epoch 22/200 loss 4.7622 train 0.0571 test 0.1340
epoch 23/200 loss 4.7435 train 0.0661 test 0.1150
epoch 24/200 loss 4.7039 train 0.0811 test 0.1337
epoch 25/200 loss 4.6811 train 0.0803 test 0.1366
epoch 26/200 loss 4.6925 train 0.0707 test 0.1433
epoch 27/200 loss 4.6071 train 0.0837 test 0.1518
epoch 28/200 loss 4.6877 train 0.0759 test 0.1420
epoch 29/200 loss 4.6743 train 0.0801 test 0.1466
epoch 30/200 loss 4.6631 train 0.0773 test 0.1651
epoch 31/200 loss 4.6889 train 0.0795 test 0.1589
epoch 32/200 loss 4.5536 train 0.0877 test 0.1643
epoch 33/200 loss 4.6122 train 0.0974 test 0.1634
epoch 34/200 loss 4.5501 train 0.0962 test 0.1602
epoch 35/200 loss 4.5666 train 0.1012 test 0.1702
epoch 36/200 loss 4.5910 train 0.0931 test 0.1736
epoch 37/200 loss 4.5361 train 0.0893 test 0.1641
epoch 38/200 loss 4.6169 train 0.1108 test 0.1645
epoch 39/200 loss 4.4262 train 0.1172 test 0.1710
epoch 40/200 loss 4.5770 train 0.1084 test 0.1747
epoch 41/200 loss 4.5486 train 0.1150 test 0.1719
epoch 42/200 loss 4.4088 train 0.1322 test 0.1739
epoch 43/200 loss 4.4467 train 0.1062 test 0.1772
epoch 44/200 loss 4.3731 train 0.1350 test 0.1810
epoch 45/200 loss 4.5070 train 0.1144 test 0.1741
epoch 46/200 loss 4.5273 train 0.0994 test 0.1749
epoch 47/200 loss 4.4020 train 0.1270 test 0.1835
epoch 48/200 loss 4.4952 train 0.1400 test 0.1703
epoch 49/200 loss 4.4067 train 0.1298 test 0.1817
epoch 50/200 loss 4.4063 train 0.1414 test 0.1743
epoch 51/200 loss 4.2904 train 0.1456 test 0.1825
epoch 52/200 loss 4.3533 train 0.1392 test 0.1805
epoch 53/200 loss 4.2565 train 0.1548 test 0.1876
epoch 54/200 loss 4.3105 train 0.1396 test 0.1915
epoch 55/200 loss 4.1692 train 0.1446 test 0.1881
epoch 56/200 loss 4.2486 train 0.1657 test 0.1834
epoch 57/200 loss 4.2728 train 0.1569 test 0.1908
epoch 58/200 loss 4.2794 train 0.1520 test 0.1849
epoch 59/200 loss 4.2871 train 0.1643 test 0.1872
epoch 60/200 loss 4.3927 train 0.1476 test 0.1812
epoch 61/200 loss 4.2256 train 0.1681 test 0.1923
epoch 62/200 loss 4.1617 train 0.1711 test 0.1831
epoch 63/200 loss 4.2723 train 0.1258 test 0.1917
epoch 64/200 loss 4.2812 train 0.1687 test 0.1929
epoch 65/200 loss 3.9405 train 0.1761 test 0.1981
epoch 66/200 loss 4.2421 train 0.2021 test 0.1974
epoch 67/200 loss 4.0362 train 0.1783 test 0.1972
epoch 68/200 loss 4.2399 train 0.1823 test 0.1903
epoch 69/200 loss 4.1404 train 0.2173 test 0.1969
epoch 70/200 loss 4.1259 train 0.1999 test 0.1899
epoch 71/200 loss 4.1718 train 0.1721 test 0.1863
epoch 72/200 loss 4.0861 train 0.2111 test 0.1925
epoch 73/200 loss 4.1828 train 0.1833 test 0.1925
epoch 74/200 loss 4.1758 train 0.2173 test 0.1825
epoch 75/200 loss 4.0154 train 0.2364 test 0.1904
epoch 76/200 loss 4.0095 train 0.1855 test 0.1966
epoch 77/200 loss 4.0250 train 0.2007 test 0.1943
epoch 78/200 loss 4.0543 train 0.2105 test 0.1960
epoch 79/200 loss 3.9955 train 0.2618 test 0.1896
epoch 80/200 loss 3.9622 train 0.2113 test 0.1999
epoch 81/200 loss 4.1333 train 0.1797 test 0.1937
epoch 82/200 loss 3.9012 train 0.2808 test 0.1963
epoch 83/200 loss 4.1197 train 0.2278 test 0.1923
epoch 84/200 loss 3.8430 train 0.2175 test 0.1983
epoch 85/200 loss 4.0004 train 0.2502 test 0.1889
epoch 86/200 loss 4.0609 train 0.1717 test 0.1975
epoch 87/200 loss 3.8149 train 0.2418 test 0.1982
epoch 88/200 loss 3.9309 train 0.2592 test 0.1944
epoch 89/200 loss 3.9872 train 0.2041 test 0.1958
epoch 90/200 loss 3.9162 train 0.2194 test 0.1905
epoch 91/200 loss 4.0113 train 0.2220 test 0.1911
epoch 92/200 loss 3.8712 train 0.3007 test 0.1974
epoch 93/200 loss 3.9444 train 0.2438 test 0.1977
epoch 94/200 loss 3.9564 train 0.2446 test 0.1947
epoch 95/200 loss 3.8874 train 0.2582 test 0.2013
epoch 96/200 loss 3.8124 train 0.2806 test 0.2003
epoch 97/200 loss 3.8851 train 0.2885 test 0.1974
epoch 98/200 loss 3.8477 train 0.2398 test 0.1971
epoch 99/200 loss 3.7751 train 0.2847 test 0.1987
epoch 100/200 loss 3.8835 train 0.3105 test 0.1981
epoch 101/200 loss 3.9553 train 0.2208 test 0.1992
epoch 102/200 loss 3.8367 train 0.2766 test 0.1866
epoch 103/200 loss 3.8017 train 0.2682 test 0.2018
epoch 104/200 loss 3.8381 train 0.2412 test 0.1935
epoch 105/200 loss 3.8261 train 0.2823 test 0.1923
epoch 106/200 loss 3.8637 train 0.2320 test 0.2000
epoch 107/200 loss 3.5997 train 0.3287 test 0.2040
epoch 108/200 loss 3.9566 train 0.2957 test 0.1963
epoch 109/200 loss 3.7386 train 0.2662 test 0.1977
epoch 110/200 loss 3.7305 train 0.3175 test 0.1951
epoch 111/200 loss 3.8456 train 0.2919 test 0.2033
epoch 112/200 loss 3.8550 train 0.2756 test 0.2037
epoch 113/200 loss 3.7576 train 0.2141 test 0.2008
epoch 114/200 loss 3.7485 train 0.3095 test 0.1994
epoch 115/200 loss 3.7542 train 0.3335 test 0.1993
epoch 116/200 loss 3.6327 train 0.2913 test 0.1996
epoch 117/200 loss 3.7687 train 0.3065 test 0.1931
epoch 118/200 loss 3.7579 train 0.2618 test 0.1947
epoch 119/200 loss 3.6395 train 0.2957 test 0.2009
epoch 120/200 loss 3.3589 train 0.3452 test 0.1978
epoch 121/200 loss 3.7277 train 0.2925 test 0.2045
epoch 122/200 loss 3.4567 train 0.3149 test 0.2047
epoch 123/200 loss 3.5869 train 0.3309 test 0.1941
epoch 124/200 loss 3.5655 train 0.3299 test 0.1964
epoch 125/200 loss 3.6009 train 0.3019 test 0.1965
epoch 126/200 loss 3.7635 train 0.3005 test 0.2010
epoch 127/200 loss 3.6596 train 0.4137 test 0.1929
epoch 128/200 loss 3.5394 train 0.3033 test 0.1989
epoch 129/200 loss 3.5344 train 0.3265 test 0.1976
epoch 130/200 loss 3.7720 train 0.2835 test 0.1978
epoch 131/200 loss 3.7049 train 0.2819 test 0.1953
epoch 132/200 loss 3.5236 train 0.2949 test 0.2012
epoch 133/200 loss 3.2840 train 0.4487 test 0.2043
epoch 134/200 loss 3.6153 train 0.3103 test 0.1963
epoch 135/200 loss 3.5763 train 0.3592 test 0.1994
epoch 136/200 loss 3.4459 train 0.3482 test 0.2032
epoch 137/200 loss 3.4726 train 0.4257 test 0.2004
epoch 138/200 loss 3.5361 train 0.2923 test 0.1981
epoch 139/200 loss 3.6411 train 0.3486 test 0.1979
epoch 140/200 loss 3.4924 train 0.2969 test 0.2017
epoch 141/200 loss 3.5674 train 0.3041 test 0.1980
epoch 142/200 loss 3.4750 train 0.3776 test 0.2064
epoch 143/200 loss 3.4915 train 0.3215 test 0.2085
epoch 144/200 loss 3.7766 train 0.2344 test 0.2065
epoch 145/200 loss 3.7596 train 0.3033 test 0.2016
epoch 146/200 loss 3.5948 train 0.3674 test 0.2049
epoch 147/200 loss 3.4960 train 0.3752 test 0.2005
epoch 148/200 loss 3.5551 train 0.3500 test 0.2043
epoch 149/200 loss 3.3824 train 0.3798 test 0.2033
epoch 150/200 loss 3.4016 train 0.4153 test 0.2020
epoch 151/200 loss 3.5642 train 0.3079 test 0.2050
epoch 152/200 loss 3.4594 train 0.3562 test 0.2063
epoch 153/200 loss 3.4064 train 0.3920 test 0.2064
epoch 154/200 loss 3.3313 train 0.3349 test 0.2096
epoch 155/200 loss 3.4727 train 0.2792 test 0.2052
epoch 156/200 loss 3.7691 train 0.3199 test 0.2053
epoch 157/200 loss 3.5438 train 0.3417 test 0.2080
epoch 158/200 loss 3.4929 train 0.3692 test 0.2031
epoch 159/200 loss 3.3745 train 0.3796 test 0.2043
epoch 160/200 loss 3.2796 train 0.3570 test 0.2074
epoch 161/200 loss 3.5505 train 0.3692 test 0.2048
epoch 162/200 loss 3.4027 train 0.4022 test 0.2020
epoch 163/200 loss 3.1390 train 0.4181 test 0.2046
epoch 164/200 loss 3.2399 train 0.3720 test 0.2060
epoch 165/200 loss 3.3249 train 0.4087 test 0.2057
epoch 166/200 loss 3.3893 train 0.4075 test 0.2071
epoch 167/200 loss 3.3525 train 0.3610 test 0.2039
epoch 168/200 loss 3.2797 train 0.3456 test 0.2059
epoch 169/200 loss 3.6419 train 0.3718 test 0.2034
epoch 170/200 loss 3.5353 train 0.3241 test 0.2050
epoch 171/200 loss 3.3550 train 0.3888 test 0.2036
epoch 172/200 loss 3.5175 train 0.3892 test 0.2025
epoch 173/200 loss 3.4524 train 0.3231 test 0.2049
epoch 174/200 loss 3.3767 train 0.3257 test 0.2069
epoch 175/200 loss 3.4342 train 0.3303 test 0.2043
epoch 176/200 loss 3.3966 train 0.3215 test 0.2056
epoch 177/200 loss 3.3457 train 0.3307 test 0.2041
epoch 178/200 loss 3.2452 train 0.3642 test 0.2031
epoch 179/200 loss 3.2953 train 0.4073 test 0.2029
epoch 180/200 loss 3.3680 train 0.3652 test 0.2029
epoch 181/200 loss 3.2152 train 0.4111 test 0.2045
epoch 182/200 loss 3.2022 train 0.4000 test 0.2028
epoch 183/200 loss 3.2176 train 0.3922 test 0.2040
epoch 184/200 loss 3.5754 train 0.2372 test 0.2037
epoch 185/200 loss 3.3783 train 0.3091 test 0.2035
epoch 186/200 loss 3.2225 train 0.3363 test 0.2036
epoch 187/200 loss 3.4021 train 0.3974 test 0.2028
epoch 188/200 loss 3.4715 train 0.4305 test 0.2038
epoch 189/200 loss 3.5408 train 0.3303 test 0.2032
epoch 190/200 loss 3.3141 train 0.4050 test 0.2041
epoch 191/200 loss 3.3567 train 0.4155 test 0.2029
epoch 192/200 loss 3.5540 train 0.2692 test 0.2031
epoch 193/200 loss 3.3411 train 0.4447 test 0.2041
epoch 194/200 loss 3.5439 train 0.3672 test 0.2040
epoch 195/200 loss 3.2595 train 0.3462 test 0.2037
epoch 196/200 loss 3.1831 train 0.4237 test 0.2039
epoch 197/200 loss 3.0900 train 0.4375 test 0.2040
epoch 198/200 loss 3.5475 train 0.3860 test 0.2039
epoch 199/200 loss 3.2281 train 0.3518 test 0.2040
epoch 200/200 loss 3.4954 train 0.4075 test 0.2039
done: final 0.2039 best 0.2096 -> ./runs/diagdeitsslbudget_simclr800_vit_tin_5pct/seed2
