deit augmentation: randaug m9 + erasing .25 + mixup .8/cutmix 1.0 + label smoothing .1
init_from runs/simclr_pre800_vit_10pct/seed0/pretrain.pt: 150 tensors, 2 left at fresh init
[diagdeitsslbudget_simclr800_vit_10pct seed0] {"params_trainable": 5380132, "params_stem_trainable": 0, "params_stem_fixed_filters": 0, "flops_total": 347216064, "flops_stem": 0, "flops_image_size": 32}
epoch 1/200 loss 4.6038 train 0.0134 test 0.0378
epoch 2/200 loss 4.5223 train 0.0282 test 0.0741
epoch 3/200 loss 4.4336 train 0.0459 test 0.0781
epoch 4/200 loss 4.3818 train 0.0435 test 0.1285
epoch 5/200 loss 4.3264 train 0.0529 test 0.1359
epoch 6/200 loss 4.2866 train 0.0639 test 0.1320
epoch 7/200 loss 4.2436 train 0.0807 test 0.1655
epoch 8/200 loss 4.2440 train 0.0695 test 0.1941
epoch 9/200 loss 4.2084 train 0.0795 test 0.1955
epoch 10/200 loss 4.2148 train 0.0799 test 0.2132
epoch 11/200 loss 4.1400 train 0.0779 test 0.2175
epoch 12/200 loss 4.1634 train 0.0972 test 0.2284
epoch 13/200 loss 4.0956 train 0.1032 test 0.2350
epoch 14/200 loss 4.1023 train 0.1146 test 0.2389
epoch 15/200 loss 4.1517 train 0.0877 test 0.2485
epoch 16/200 loss 4.0740 train 0.1038 test 0.2599
epoch 17/200 loss 4.0748 train 0.1156 test 0.2594
epoch 18/200 loss 3.9741 train 0.1338 test 0.2653
epoch 19/200 loss 4.0079 train 0.1262 test 0.2565
epoch 20/200 loss 3.9697 train 0.1280 test 0.2852
epoch 21/200 loss 4.0257 train 0.1382 test 0.2902
epoch 22/200 loss 3.9433 train 0.1158 test 0.2886
epoch 23/200 loss 3.9419 train 0.1178 test 0.2948
epoch 24/200 loss 3.8946 train 0.1420 test 0.2997
epoch 25/200 loss 3.8245 train 0.1388 test 0.2971
epoch 26/200 loss 3.9382 train 0.1599 test 0.2953
epoch 27/200 loss 3.8575 train 0.1591 test 0.3049
epoch 28/200 loss 4.0102 train 0.1162 test 0.3093
epoch 29/200 loss 3.9255 train 0.1238 test 0.3014
epoch 30/200 loss 3.8781 train 0.1589 test 0.3178
epoch 31/200 loss 3.8512 train 0.1336 test 0.3162
epoch 32/200 loss 3.7788 train 0.1701 test 0.3183
epoch 33/200 loss 3.8068 train 0.1560 test 0.3110
epoch 34/200 loss 3.8474 train 0.1498 test 0.3246
epoch 35/200 loss 3.8153 train 0.1478 test 0.3220
epoch 36/200 loss 3.8973 train 0.1629 test 0.3302
epoch 37/200 loss 3.7395 train 0.1256 test 0.3396
epoch 38/200 loss 3.8020 train 0.1707 test 0.3162
epoch 39/200 loss 3.8569 train 0.1743 test 0.3377
epoch 40/200 loss 3.7803 train 0.1987 test 0.3352
epoch 41/200 loss 3.7370 train 0.1492 test 0.3434
epoch 42/200 loss 3.6432 train 0.2065 test 0.3352
epoch 43/200 loss 3.7494 train 0.2131 test 0.3397
epoch 44/200 loss 3.7082 train 0.2043 test 0.3425
epoch 45/200 loss 3.7139 train 0.1861 test 0.3370
epoch 46/200 loss 3.8072 train 0.1498 test 0.3412
epoch 47/200 loss 3.7344 train 0.1909 test 0.3447
epoch 48/200 loss 3.8064 train 0.1817 test 0.3437
epoch 49/200 loss 3.7512 train 0.1777 test 0.3432
epoch 50/200 loss 3.8075 train 0.1739 test 0.3439
epoch 51/200 loss 3.7379 train 0.1645 test 0.3481
epoch 52/200 loss 3.5588 train 0.2358 test 0.3440
epoch 53/200 loss 3.7104 train 0.2069 test 0.3353
epoch 54/200 loss 3.5676 train 0.2093 test 0.3286
epoch 55/200 loss 3.5818 train 0.1879 test 0.3544
epoch 56/200 loss 3.4683 train 0.2420 test 0.3563
epoch 57/200 loss 3.6625 train 0.1873 test 0.3635
epoch 58/200 loss 3.6145 train 0.2035 test 0.3564
epoch 59/200 loss 3.5838 train 0.1869 test 0.3579
epoch 60/200 loss 3.6685 train 0.2380 test 0.3561
epoch 61/200 loss 3.4364 train 0.2320 test 0.3677
epoch 62/200 loss 3.5347 train 0.1875 test 0.3553
epoch 63/200 loss 3.5496 train 0.2089 test 0.3548
epoch 64/200 loss 3.6136 train 0.2069 test 0.3510
epoch 65/200 loss 3.5237 train 0.1719 test 0.3623
epoch 66/200 loss 3.5176 train 0.2428 test 0.3681
epoch 67/200 loss 3.7985 train 0.1877 test 0.3539
epoch 68/200 loss 3.5443 train 0.2945 test 0.3736
epoch 69/200 loss 3.4651 train 0.2071 test 0.3643
epoch 70/200 loss 3.6196 train 0.2063 test 0.3668
epoch 71/200 loss 3.5832 train 0.2802 test 0.3739
epoch 72/200 loss 3.4970 train 0.2454 test 0.3716
epoch 73/200 loss 3.4804 train 0.2817 test 0.3664
epoch 74/200 loss 3.6495 train 0.2406 test 0.3781
epoch 75/200 loss 3.3866 train 0.2810 test 0.3755
epoch 76/200 loss 3.2888 train 0.2404 test 0.3747
epoch 77/200 loss 3.3212 train 0.2796 test 0.3600
epoch 78/200 loss 3.3968 train 0.2744 test 0.3748
epoch 79/200 loss 3.2341 train 0.3075 test 0.3847
epoch 80/200 loss 3.3337 train 0.2650 test 0.3824
epoch 81/200 loss 3.4130 train 0.2891 test 0.3856
epoch 82/200 loss 3.2200 train 0.3460 test 0.3760
epoch 83/200 loss 3.1603 train 0.2893 test 0.3763
epoch 84/200 loss 3.3217 train 0.3119 test 0.3815
epoch 85/200 loss 3.4388 train 0.2352 test 0.3792
epoch 86/200 loss 3.3624 train 0.2696 test 0.3814
epoch 87/200 loss 3.4116 train 0.2326 test 0.3702
epoch 88/200 loss 3.3046 train 0.2624 test 0.3834
epoch 89/200 loss 3.2904 train 0.2939 test 0.3857
epoch 90/200 loss 3.3473 train 0.3151 test 0.3788
epoch 91/200 loss 3.4222 train 0.2730 test 0.3731
epoch 92/200 loss 3.4876 train 0.2576 test 0.3764
epoch 93/200 loss 3.4959 train 0.2638 test 0.3777
epoch 94/200 loss 3.4135 train 0.2570 test 0.3880
epoch 95/200 loss 3.3551 train 0.2638 test 0.3849
epoch 96/200 loss 3.2279 train 0.2634 test 0.3755
epoch 97/200 loss 3.4166 train 0.2594 test 0.3783
epoch 98/200 loss 3.2150 train 0.3109 test 0.3826
epoch 99/200 loss 3.3652 train 0.2833 test 0.3851
epoch 100/200 loss 3.3037 train 0.2955 test 0.3858
epoch 101/200 loss 3.1816 train 0.3153 test 0.3927
epoch 102/200 loss 3.3790 train 0.2734 test 0.3859
epoch 103/200 loss 3.2410 train 0.3333 test 0.3787
epoch 104/200 loss 3.2125 train 0.3315 test 0.3839
epoch 105/200 loss 3.3034 train 0.3303 test 0.3839
epoch 106/200 loss 3.0367 train 0.3295 test 0.3956
epoch 107/200 loss 3.3126 train 0.3053 test 0.3919
epoch 108/200 loss 3.2074 train 0.3618 test 0.3875
epoch 109/200 loss 3.2423 train 0.3275 test 0.3804
epoch 110/200 loss 3.2940 train 0.2841 test 0.3832
epoch 111/200 loss 3.2559 train 0.3387 test 0.3938
epoch 112/200 loss 3.0322 train 0.3902 test 0.3867
epoch 113/200 loss 3.1685 train 0.3205 test 0.3834
epoch 114/200 loss 3.2981 train 0.3221 test 0.3862
epoch 115/200 loss 3.2612 train 0.3091 test 0.3916
epoch 116/200 loss 3.0454 train 0.3782 test 0.3936
epoch 117/200 loss 3.0008 train 0.3494 test 0.3917
epoch 118/200 loss 3.2860 train 0.3297 test 0.3851
epoch 119/200 loss 3.2448 train 0.3341 test 0.3881
epoch 120/200 loss 3.2043 train 0.2682 test 0.3854
epoch 121/200 loss 3.2817 train 0.3852 test 0.3870
epoch 122/200 loss 3.2078 train 0.2768 test 0.3995
epoch 123/200 loss 3.2142 train 0.2416 test 0.3867
epoch 124/200 loss 2.9947 train 0.3564 test 0.3859
epoch 125/200 loss 3.2838 train 0.3101 test 0.3851
epoch 126/200 loss 3.1845 train 0.2975 test 0.3940
epoch 127/200 loss 3.0136 train 0.2889 test 0.4000
epoch 128/200 loss 3.1507 train 0.3205 test 0.3954
epoch 129/200 loss 3.1131 train 0.2524 test 0.3956
epoch 130/200 loss 3.1897 train 0.3261 test 0.3962
epoch 131/200 loss 3.3552 train 0.3255 test 0.3957
epoch 132/200 loss 3.1728 train 0.3900 test 0.3972
epoch 133/200 loss 3.1688 train 0.3291 test 0.3997
epoch 134/200 loss 3.0436 train 0.3792 test 0.3913
epoch 135/200 loss 3.2565 train 0.3113 test 0.3943
epoch 136/200 loss 3.2958 train 0.3043 test 0.3952
epoch 137/200 loss 3.0996 train 0.3383 test 0.3963
epoch 138/200 loss 3.3015 train 0.3041 test 0.3938
epoch 139/200 loss 3.0293 train 0.3516 test 0.3984
epoch 140/200 loss 3.0814 train 0.3800 test 0.3965
epoch 141/200 loss 3.0729 train 0.3482 test 0.3979
epoch 142/200 loss 3.1528 train 0.3608 test 0.3951
epoch 143/200 loss 3.1902 train 0.3896 test 0.3971
epoch 144/200 loss 3.0144 train 0.3568 test 0.4012
epoch 145/200 loss 3.1873 train 0.3217 test 0.4005
epoch 146/200 loss 3.0917 train 0.4079 test 0.4004
epoch 147/200 loss 3.0889 train 0.3121 test 0.4031
epoch 148/200 loss 3.0963 train 0.3476 test 0.3980
epoch 149/200 loss 2.8788 train 0.3482 test 0.4019
epoch 150/200 loss 3.1101 train 0.3790 test 0.3976
epoch 151/200 loss 3.1080 train 0.3562 test 0.3981
epoch 152/200 loss 3.1015 train 0.3544 test 0.3985
epoch 153/200 loss 2.9516 train 0.3748 test 0.4036
epoch 154/200 loss 3.0855 train 0.3534 test 0.3992
epoch 155/200 loss 3.0699 train 0.4004 test 0.3999
epoch 156/200 loss 3.1461 train 0.3442 test 0.4028
epoch 157/200 loss 2.8711 train 0.4193 test 0.3989
epoch 158/200 loss 3.0732 train 0.3562 test 0.3984
epoch 159/200 loss 2.9702 train 0.3209 test 0.4028
epoch 160/200 loss 2.8624 train 0.4718 test 0.3961
epoch 161/200 loss 3.2239 train 0.3516 test 0.3961
epoch 162/200 loss 3.1926 train 0.3676 test 0.3979
epoch 163/200 loss 2.9747 train 0.3295 test 0.4015
epoch 164/200 loss 3.2217 train 0.3680 test 0.3987
epoch 165/200 loss 3.0031 train 0.4543 test 0.3983
epoch 166/200 loss 2.9589 train 0.3950 test 0.3977
epoch 167/200 loss 3.0579 train 0.3480 test 0.3976
epoch 168/200 loss 2.8509 train 0.4249 test 0.4004
epoch 169/200 loss 3.1039 train 0.3594 test 0.3994
epoch 170/200 loss 3.2787 train 0.3496 test 0.3978
epoch 171/200 loss 2.9066 train 0.2959 test 0.4039
epoch 172/200 loss 3.1152 train 0.3912 test 0.4017
epoch 173/200 loss 2.9280 train 0.4213 test 0.4016
epoch 174/200 loss 3.3393 train 0.3399 test 0.3994
epoch 175/200 loss 2.8563 train 0.3490 test 0.4032
epoch 176/200 loss 3.0143 train 0.4113 test 0.4024
epoch 177/200 loss 2.9417 train 0.4229 test 0.4027
epoch 178/200 loss 3.1304 train 0.2907 test 0.4045
epoch 179/200 loss 2.9136 train 0.3824 test 0.4034
epoch 180/200 loss 2.9407 train 0.3293 test 0.4025
epoch 181/200 loss 2.9208 train 0.3940 test 0.4020
epoch 182/200 loss 2.7626 train 0.3914 test 0.4042
epoch 183/200 loss 2.9485 train 0.4201 test 0.4033
epoch 184/200 loss 3.1711 train 0.3059 test 0.4021
epoch 185/200 loss 2.9872 train 0.3932 test 0.4019
epoch 186/200 loss 3.2625 train 0.3239 test 0.4026
epoch 187/200 loss 2.9802 train 0.3275 test 0.4029
epoch 188/200 loss 3.0566 train 0.3916 test 0.4021
epoch 189/200 loss 3.1436 train 0.3462 test 0.4024
epoch 190/200 loss 3.0112 train 0.3207 test 0.4022
epoch 191/200 loss 3.0178 train 0.3952 test 0.4030
epoch 192/200 loss 2.8311 train 0.3275 test 0.4025
epoch 193/200 loss 2.8839 train 0.4040 test 0.4028
epoch 194/200 loss 2.9343 train 0.4111 test 0.4028
epoch 195/200 loss 2.9526 train 0.3876 test 0.4024
epoch 196/200 loss 3.1228 train 0.3458 test 0.4027
epoch 197/200 loss 3.0680 train 0.3630 test 0.4026
epoch 198/200 loss 3.0079 train 0.4058 test 0.4026
epoch 199/200 loss 2.8170 train 0.4681 test 0.4028
epoch 200/200 loss 2.8524 train 0.4341 test 0.4028
done: final 0.4028 best 0.4045 -> ./runs/diagdeitsslbudget_simclr800_vit_10pct/seed0
