deit augmentation: randaug m9 + erasing .25 + mixup .8/cutmix 1.0 + label smoothing .1
init_from runs/simclr_pre800_vit_10pct/seed2/pretrain.pt: 150 tensors, 2 left at fresh init
[diagdeitsslbudget_simclr800_vit_10pct seed2] {"params_trainable": 5380132, "params_stem_trainable": 0, "params_stem_fixed_filters": 0, "flops_total": 347216064, "flops_stem": 0, "flops_image_size": 32}
epoch 1/200 loss 4.5662 train 0.0232 test 0.0728
epoch 2/200 loss 4.4600 train 0.0453 test 0.0857
epoch 3/200 loss 4.3841 train 0.0527 test 0.1347
epoch 4/200 loss 4.3271 train 0.0655 test 0.1551
epoch 5/200 loss 4.2891 train 0.0647 test 0.1656
epoch 6/200 loss 4.2292 train 0.0791 test 0.1877
epoch 7/200 loss 4.2415 train 0.0615 test 0.1934
epoch 8/200 loss 4.2280 train 0.0805 test 0.1977
epoch 9/200 loss 4.1375 train 0.0986 test 0.2141
epoch 10/200 loss 4.1224 train 0.0911 test 0.2243
epoch 11/200 loss 4.0601 train 0.0972 test 0.2318
epoch 12/200 loss 4.1053 train 0.0767 test 0.2305
epoch 13/200 loss 4.1035 train 0.0919 test 0.2499
epoch 14/200 loss 4.1436 train 0.1054 test 0.2442
epoch 15/200 loss 4.0460 train 0.1104 test 0.2642
epoch 16/200 loss 4.0562 train 0.1178 test 0.2621
epoch 17/200 loss 4.0648 train 0.0958 test 0.2595
epoch 18/200 loss 4.0026 train 0.1040 test 0.2808
epoch 19/200 loss 3.9645 train 0.1226 test 0.2729
epoch 20/200 loss 3.9641 train 0.1382 test 0.2795
epoch 21/200 loss 4.0143 train 0.1300 test 0.2945
epoch 22/200 loss 3.9555 train 0.1008 test 0.2914
epoch 23/200 loss 3.9790 train 0.1162 test 0.2792
epoch 24/200 loss 3.9378 train 0.1591 test 0.2925
epoch 25/200 loss 3.8919 train 0.1540 test 0.2905
epoch 26/200 loss 3.9012 train 0.1232 test 0.2963
epoch 27/200 loss 3.8398 train 0.1426 test 0.3114
epoch 28/200 loss 3.9003 train 0.1402 test 0.3035
epoch 29/200 loss 3.8892 train 0.1536 test 0.3080
epoch 30/200 loss 3.8937 train 0.1428 test 0.3103
epoch 31/200 loss 3.9565 train 0.1236 test 0.3144
epoch 32/200 loss 3.7609 train 0.1587 test 0.3181
epoch 33/200 loss 3.8427 train 0.1613 test 0.3120
epoch 34/200 loss 3.8346 train 0.1567 test 0.3305
epoch 35/200 loss 3.8542 train 0.1554 test 0.3257
epoch 36/200 loss 3.8559 train 0.1444 test 0.3227
epoch 37/200 loss 3.7987 train 0.1502 test 0.3190
epoch 38/200 loss 3.8992 train 0.1484 test 0.3287
epoch 39/200 loss 3.7530 train 0.1845 test 0.3266
epoch 40/200 loss 3.8610 train 0.1799 test 0.3355
epoch 41/200 loss 3.8174 train 0.1807 test 0.3373
epoch 42/200 loss 3.7293 train 0.1795 test 0.3380
epoch 43/200 loss 3.7055 train 0.1567 test 0.3387
epoch 44/200 loss 3.6689 train 0.1833 test 0.3483
epoch 45/200 loss 3.8139 train 0.1965 test 0.3438
epoch 46/200 loss 3.8128 train 0.1538 test 0.3415
epoch 47/200 loss 3.7194 train 0.1785 test 0.3330
epoch 48/200 loss 3.8147 train 0.1993 test 0.3449
epoch 49/200 loss 3.7196 train 0.1805 test 0.3375
epoch 50/200 loss 3.6958 train 0.1977 test 0.3575
epoch 51/200 loss 3.6162 train 0.2039 test 0.3480
epoch 52/200 loss 3.6767 train 0.2035 test 0.3414
epoch 53/200 loss 3.5887 train 0.2296 test 0.3508
epoch 54/200 loss 3.6826 train 0.1909 test 0.3481
epoch 55/200 loss 3.5532 train 0.2075 test 0.3473
epoch 56/200 loss 3.6072 train 0.2222 test 0.3411
epoch 57/200 loss 3.6295 train 0.2284 test 0.3510
epoch 58/200 loss 3.6648 train 0.1911 test 0.3485
epoch 59/200 loss 3.5523 train 0.2332 test 0.3426
epoch 60/200 loss 3.7205 train 0.1943 test 0.3395
epoch 61/200 loss 3.6003 train 0.2049 test 0.3580
epoch 62/200 loss 3.5141 train 0.2228 test 0.3433
epoch 63/200 loss 3.6558 train 0.1745 test 0.3600
epoch 64/200 loss 3.6687 train 0.2234 test 0.3586
epoch 65/200 loss 3.3618 train 0.2115 test 0.3583
epoch 66/200 loss 3.6294 train 0.2500 test 0.3496
epoch 67/200 loss 3.5197 train 0.1929 test 0.3641
epoch 68/200 loss 3.6541 train 0.2234 test 0.3594
epoch 69/200 loss 3.5134 train 0.2720 test 0.3612
epoch 70/200 loss 3.5033 train 0.2550 test 0.3521
epoch 71/200 loss 3.5443 train 0.2179 test 0.3592
epoch 72/200 loss 3.5186 train 0.2422 test 0.3606
epoch 73/200 loss 3.5212 train 0.2436 test 0.3726
epoch 74/200 loss 3.5730 train 0.2368 test 0.3576
epoch 75/200 loss 3.4448 train 0.2849 test 0.3604
epoch 76/200 loss 3.4244 train 0.2386 test 0.3717
epoch 77/200 loss 3.5257 train 0.2276 test 0.3679
epoch 78/200 loss 3.4977 train 0.2490 test 0.3654
epoch 79/200 loss 3.4248 train 0.3073 test 0.3658
epoch 80/200 loss 3.4186 train 0.2334 test 0.3686
epoch 81/200 loss 3.6183 train 0.2077 test 0.3651
epoch 82/200 loss 3.4013 train 0.3157 test 0.3771
epoch 83/200 loss 3.5810 train 0.2776 test 0.3700
epoch 84/200 loss 3.3662 train 0.2440 test 0.3708
epoch 85/200 loss 3.4080 train 0.2847 test 0.3545
epoch 86/200 loss 3.5672 train 0.2103 test 0.3747
epoch 87/200 loss 3.3185 train 0.2672 test 0.3600
epoch 88/200 loss 3.3985 train 0.2819 test 0.3694
epoch 89/200 loss 3.4802 train 0.2157 test 0.3731
epoch 90/200 loss 3.3407 train 0.2855 test 0.3673
epoch 91/200 loss 3.4806 train 0.2604 test 0.3706
epoch 92/200 loss 3.3523 train 0.3275 test 0.3752
epoch 93/200 loss 3.4040 train 0.2808 test 0.3739
epoch 94/200 loss 3.4761 train 0.2698 test 0.3713
epoch 95/200 loss 3.4066 train 0.2885 test 0.3787
epoch 96/200 loss 3.3243 train 0.2903 test 0.3697
epoch 97/200 loss 3.4114 train 0.3087 test 0.3729
epoch 98/200 loss 3.3226 train 0.2558 test 0.3681
epoch 99/200 loss 3.2695 train 0.3049 test 0.3877
epoch 100/200 loss 3.4369 train 0.3339 test 0.3710
epoch 101/200 loss 3.4559 train 0.2290 test 0.3845
epoch 102/200 loss 3.3834 train 0.2792 test 0.3747
epoch 103/200 loss 3.3449 train 0.2949 test 0.3791
epoch 104/200 loss 3.3190 train 0.2608 test 0.3816
epoch 105/200 loss 3.3691 train 0.2770 test 0.3798
epoch 106/200 loss 3.3841 train 0.2660 test 0.3720
epoch 107/200 loss 3.1802 train 0.3243 test 0.3824
epoch 108/200 loss 3.5361 train 0.2947 test 0.3827
epoch 109/200 loss 3.2437 train 0.3019 test 0.3869
epoch 110/200 loss 3.2319 train 0.3454 test 0.3723
epoch 111/200 loss 3.3479 train 0.3001 test 0.3771
epoch 112/200 loss 3.2752 train 0.3147 test 0.3876
epoch 113/200 loss 3.3328 train 0.2224 test 0.3884
epoch 114/200 loss 3.2900 train 0.3115 test 0.3880
epoch 115/200 loss 3.2913 train 0.3608 test 0.3851
epoch 116/200 loss 3.1643 train 0.3003 test 0.3806
epoch 117/200 loss 3.2994 train 0.3151 test 0.3869
epoch 118/200 loss 3.1780 train 0.3448 test 0.3848
epoch 119/200 loss 3.2564 train 0.2806 test 0.3859
epoch 120/200 loss 3.0092 train 0.3391 test 0.3895
epoch 121/200 loss 3.2666 train 0.2913 test 0.3978
epoch 122/200 loss 2.9569 train 0.3435 test 0.3910
epoch 123/200 loss 3.1767 train 0.3251 test 0.3813
epoch 124/200 loss 3.1571 train 0.3321 test 0.3929
epoch 125/200 loss 3.1589 train 0.3013 test 0.3826
epoch 126/200 loss 3.2494 train 0.3520 test 0.3882
epoch 127/200 loss 3.2722 train 0.3974 test 0.3817
epoch 128/200 loss 3.1085 train 0.3131 test 0.3878
epoch 129/200 loss 3.1511 train 0.3427 test 0.3950
epoch 130/200 loss 3.3145 train 0.3073 test 0.3936
epoch 131/200 loss 3.2699 train 0.2740 test 0.3871
epoch 132/200 loss 3.1125 train 0.3077 test 0.3954
epoch 133/200 loss 2.9711 train 0.4265 test 0.3936
epoch 134/200 loss 3.1479 train 0.3227 test 0.3900
epoch 135/200 loss 3.1928 train 0.3564 test 0.3882
epoch 136/200 loss 3.0009 train 0.3642 test 0.3927
epoch 137/200 loss 3.0386 train 0.4131 test 0.3923
epoch 138/200 loss 3.0674 train 0.3097 test 0.3891
epoch 139/200 loss 3.2398 train 0.3265 test 0.3943
epoch 140/200 loss 3.1405 train 0.2853 test 0.3900
epoch 141/200 loss 3.2016 train 0.3119 test 0.3875
epoch 142/200 loss 3.0480 train 0.4073 test 0.3904
epoch 143/200 loss 3.1622 train 0.3143 test 0.3890
epoch 144/200 loss 3.3059 train 0.2802 test 0.4018
epoch 145/200 loss 3.3046 train 0.3125 test 0.3960
epoch 146/200 loss 3.1570 train 0.3674 test 0.3995
epoch 147/200 loss 3.1403 train 0.3714 test 0.3894
epoch 148/200 loss 3.1263 train 0.3562 test 0.3895
epoch 149/200 loss 3.0232 train 0.3676 test 0.3974
epoch 150/200 loss 3.1177 train 0.3752 test 0.3928
epoch 151/200 loss 3.1451 train 0.3125 test 0.3914
epoch 152/200 loss 3.0765 train 0.3620 test 0.3976
epoch 153/200 loss 3.0793 train 0.3856 test 0.3930
epoch 154/200 loss 2.9845 train 0.3279 test 0.3929
epoch 155/200 loss 3.0824 train 0.2738 test 0.3948
epoch 156/200 loss 3.3419 train 0.3357 test 0.3934
epoch 157/200 loss 3.0830 train 0.3383 test 0.3922
epoch 158/200 loss 3.1342 train 0.3582 test 0.3932
epoch 159/200 loss 2.9804 train 0.3888 test 0.3933
epoch 160/200 loss 2.9527 train 0.3516 test 0.3949
epoch 161/200 loss 3.1662 train 0.3590 test 0.3968
epoch 162/200 loss 3.0610 train 0.3556 test 0.3977
epoch 163/200 loss 2.7785 train 0.4345 test 0.3969
epoch 164/200 loss 2.9416 train 0.3922 test 0.3966
epoch 165/200 loss 2.9500 train 0.3770 test 0.3964
epoch 166/200 loss 3.0461 train 0.3602 test 0.3993
epoch 167/200 loss 3.0545 train 0.3576 test 0.3974
epoch 168/200 loss 2.9217 train 0.3454 test 0.3935
epoch 169/200 loss 3.2315 train 0.3419 test 0.3972
epoch 170/200 loss 3.1916 train 0.2933 test 0.3970
epoch 171/200 loss 2.9557 train 0.3970 test 0.3975
epoch 172/200 loss 3.0261 train 0.4177 test 0.3969
epoch 173/200 loss 3.0425 train 0.3458 test 0.4003
epoch 174/200 loss 3.0048 train 0.3271 test 0.4006
epoch 175/200 loss 3.0032 train 0.3654 test 0.3981
epoch 176/200 loss 3.0523 train 0.3045 test 0.3975
epoch 177/200 loss 3.0047 train 0.3155 test 0.3977
epoch 178/200 loss 2.8422 train 0.3912 test 0.3967
epoch 179/200 loss 2.9303 train 0.3992 test 0.3968
epoch 180/200 loss 3.0687 train 0.3834 test 0.3959
epoch 181/200 loss 2.8207 train 0.4463 test 0.3970
epoch 182/200 loss 2.8688 train 0.3914 test 0.3996
epoch 183/200 loss 2.8703 train 0.3838 test 0.3980
epoch 184/200 loss 3.1230 train 0.2676 test 0.3985
epoch 185/200 loss 3.0511 train 0.3137 test 0.3974
epoch 186/200 loss 2.9124 train 0.3403 test 0.3984
epoch 187/200 loss 3.0201 train 0.4000 test 0.3985
epoch 188/200 loss 3.0131 train 0.4503 test 0.3979
epoch 189/200 loss 3.1337 train 0.3474 test 0.3974
epoch 190/200 loss 2.9479 train 0.3988 test 0.3972
epoch 191/200 loss 2.9497 train 0.4195 test 0.3970
epoch 192/200 loss 3.0780 train 0.3087 test 0.3968
epoch 193/200 loss 2.9471 train 0.4389 test 0.3968
epoch 194/200 loss 3.1086 train 0.4261 test 0.3971
epoch 195/200 loss 2.9396 train 0.3197 test 0.3971
epoch 196/200 loss 2.8993 train 0.3896 test 0.3971
epoch 197/200 loss 2.7822 train 0.4261 test 0.3975
epoch 198/200 loss 3.1063 train 0.4213 test 0.3975
epoch 199/200 loss 2.9025 train 0.3616 test 0.3975
epoch 200/200 loss 3.1064 train 0.4048 test 0.3975
done: final 0.3975 best 0.4018 -> ./runs/diagdeitsslbudget_simclr800_vit_10pct/seed2
