deit augmentation: randaug m9 + erasing .25 + mixup .8/cutmix 1.0 + label smoothing .1
init_from runs/simclr_pre800_vit_tin_5pct/seed1/pretrain.pt: 150 tensors, 2 left at fresh init
[diagdeitsslbudget_simclr800_vit_tin_5pct seed1] {"params_trainable": 5427080, "params_stem_trainable": 0, "params_stem_fixed_filters": 0, "flops_total": 349004736, "flops_stem": 0, "flops_image_size": 64}
epoch 1/200 loss 5.3152 train 0.0034 test 0.0053
epoch 2/200 loss 5.3208 train 0.0044 test 0.0084
epoch 3/200 loss 5.3112 train 0.0050 test 0.0139
epoch 4/200 loss 5.2666 train 0.0094 test 0.0166
epoch 5/200 loss 5.2457 train 0.0108 test 0.0256
epoch 6/200 loss 5.2131 train 0.0126 test 0.0256
epoch 7/200 loss 5.1855 train 0.0176 test 0.0440
epoch 8/200 loss 5.1367 train 0.0228 test 0.0449
epoch 9/200 loss 5.1305 train 0.0204 test 0.0457
epoch 10/200 loss 5.1153 train 0.0192 test 0.0532
epoch 11/200 loss 5.0654 train 0.0236 test 0.0582
epoch 12/200 loss 5.0504 train 0.0240 test 0.0646
epoch 13/200 loss 5.0257 train 0.0325 test 0.0754
epoch 14/200 loss 5.0131 train 0.0296 test 0.0739
epoch 15/200 loss 4.9339 train 0.0433 test 0.0866
epoch 16/200 loss 4.9641 train 0.0403 test 0.0774
epoch 17/200 loss 4.9096 train 0.0419 test 0.0876
epoch 18/200 loss 4.9174 train 0.0379 test 0.0811
epoch 19/200 loss 4.9027 train 0.0501 test 0.0889
epoch 20/200 loss 4.9083 train 0.0471 test 0.0993
epoch 21/200 loss 4.8416 train 0.0519 test 0.1013
epoch 22/200 loss 4.9067 train 0.0435 test 0.1091
epoch 23/200 loss 4.8610 train 0.0439 test 0.1157
epoch 24/200 loss 4.8562 train 0.0501 test 0.1050
epoch 25/200 loss 4.7410 train 0.0641 test 0.1284
epoch 26/200 loss 4.7255 train 0.0589 test 0.1280
epoch 27/200 loss 4.8006 train 0.0553 test 0.1269
epoch 28/200 loss 4.8207 train 0.0599 test 0.1217
epoch 29/200 loss 4.7083 train 0.0733 test 0.1232
epoch 30/200 loss 4.7258 train 0.0653 test 0.1385
epoch 31/200 loss 4.7379 train 0.0799 test 0.1330
epoch 32/200 loss 4.6826 train 0.0815 test 0.1457
epoch 33/200 loss 4.6964 train 0.0765 test 0.1452
epoch 34/200 loss 4.7107 train 0.0777 test 0.1394
epoch 35/200 loss 4.7448 train 0.0655 test 0.1440
epoch 36/200 loss 4.6123 train 0.0970 test 0.1542
epoch 37/200 loss 4.5650 train 0.0980 test 0.1566
epoch 38/200 loss 4.7197 train 0.0869 test 0.1468
epoch 39/200 loss 4.6601 train 0.0988 test 0.1517
epoch 40/200 loss 4.5466 train 0.0671 test 0.1474
epoch 41/200 loss 4.6062 train 0.0905 test 0.1532
epoch 42/200 loss 4.5811 train 0.0791 test 0.1619
epoch 43/200 loss 4.5277 train 0.1060 test 0.1537
epoch 44/200 loss 4.5685 train 0.0905 test 0.1560
epoch 45/200 loss 4.5036 train 0.1036 test 0.1582
epoch 46/200 loss 4.4922 train 0.0911 test 0.1638
epoch 47/200 loss 4.4304 train 0.1142 test 0.1550
epoch 48/200 loss 4.4902 train 0.1172 test 0.1626
epoch 49/200 loss 4.4322 train 0.1012 test 0.1658
epoch 50/200 loss 4.3662 train 0.1404 test 0.1727
epoch 51/200 loss 4.4290 train 0.1088 test 0.1750
epoch 52/200 loss 4.3197 train 0.1296 test 0.1764
epoch 53/200 loss 4.4121 train 0.1388 test 0.1653
epoch 54/200 loss 4.5675 train 0.1200 test 0.1710
epoch 55/200 loss 4.4130 train 0.1080 test 0.1768
epoch 56/200 loss 4.4718 train 0.1296 test 0.1787
epoch 57/200 loss 4.3324 train 0.1226 test 0.1683
epoch 58/200 loss 4.4285 train 0.1128 test 0.1763
epoch 59/200 loss 4.4540 train 0.1200 test 0.1744
epoch 60/200 loss 4.3256 train 0.1530 test 0.1806
epoch 61/200 loss 4.2920 train 0.1470 test 0.1760
epoch 62/200 loss 4.3518 train 0.1558 test 0.1792
epoch 63/200 loss 4.2719 train 0.1649 test 0.1758
epoch 64/200 loss 4.1615 train 0.1520 test 0.1839
epoch 65/200 loss 4.0810 train 0.1921 test 0.1882
epoch 66/200 loss 4.3215 train 0.1621 test 0.1808
epoch 67/200 loss 4.0560 train 0.1765 test 0.1768
epoch 68/200 loss 4.2335 train 0.1625 test 0.1841
epoch 69/200 loss 4.2534 train 0.1777 test 0.1761
epoch 70/200 loss 4.2575 train 0.1603 test 0.1857
epoch 71/200 loss 4.2720 train 0.1494 test 0.1864
epoch 72/200 loss 4.1443 train 0.1813 test 0.1830
epoch 73/200 loss 4.1792 train 0.1412 test 0.1893
epoch 74/200 loss 4.3478 train 0.1687 test 0.1839
epoch 75/200 loss 4.2805 train 0.1719 test 0.1804
epoch 76/200 loss 4.2590 train 0.1825 test 0.1866
epoch 77/200 loss 4.0096 train 0.2151 test 0.1862
epoch 78/200 loss 4.1464 train 0.1741 test 0.1900
epoch 79/200 loss 4.1779 train 0.1605 test 0.1873
epoch 80/200 loss 4.0595 train 0.1967 test 0.1830
epoch 81/200 loss 4.0692 train 0.1843 test 0.1872
epoch 82/200 loss 4.2675 train 0.1887 test 0.1822
epoch 83/200 loss 4.1812 train 0.2314 test 0.1897
epoch 84/200 loss 4.0955 train 0.1556 test 0.1886
epoch 85/200 loss 4.1426 train 0.1985 test 0.1873
epoch 86/200 loss 4.0515 train 0.2081 test 0.1885
epoch 87/200 loss 4.0293 train 0.2105 test 0.1832
epoch 88/200 loss 3.9770 train 0.2179 test 0.1903
epoch 89/200 loss 4.1918 train 0.2200 test 0.1873
epoch 90/200 loss 4.1956 train 0.2013 test 0.1918
epoch 91/200 loss 4.0971 train 0.2578 test 0.1942
epoch 92/200 loss 3.9568 train 0.1877 test 0.1958
epoch 93/200 loss 3.9693 train 0.2232 test 0.1938
epoch 94/200 loss 4.0367 train 0.2516 test 0.1963
epoch 95/200 loss 3.9550 train 0.2290 test 0.1871
epoch 96/200 loss 3.8603 train 0.2634 test 0.1945
epoch 97/200 loss 4.1172 train 0.1971 test 0.1859
epoch 98/200 loss 3.9191 train 0.2402 test 0.1927
epoch 99/200 loss 3.8503 train 0.2458 test 0.1925
epoch 100/200 loss 3.8827 train 0.2406 test 0.1897
epoch 101/200 loss 4.0958 train 0.1963 test 0.1913
epoch 102/200 loss 3.7431 train 0.2508 test 0.1862
epoch 103/200 loss 3.9749 train 0.1769 test 0.1910
epoch 104/200 loss 3.8078 train 0.2472 test 0.1987
epoch 105/200 loss 3.7097 train 0.2718 test 0.1970
epoch 106/200 loss 3.8601 train 0.2845 test 0.1960
epoch 107/200 loss 3.8825 train 0.2412 test 0.1919
epoch 108/200 loss 4.0286 train 0.2402 test 0.1945
epoch 109/200 loss 3.7713 train 0.2899 test 0.1907
epoch 110/200 loss 3.8061 train 0.2931 test 0.1912
epoch 111/200 loss 3.6727 train 0.2951 test 0.1899
epoch 112/200 loss 3.9354 train 0.2466 test 0.1957
epoch 113/200 loss 4.0531 train 0.2296 test 0.1907
epoch 114/200 loss 3.8344 train 0.2851 test 0.1917
epoch 115/200 loss 3.8877 train 0.2706 test 0.1915
epoch 116/200 loss 3.6359 train 0.3193 test 0.1957
epoch 117/200 loss 3.7384 train 0.2216 test 0.1932
epoch 118/200 loss 3.9898 train 0.2578 test 0.1902
epoch 119/200 loss 3.7497 train 0.2829 test 0.1926
epoch 120/200 loss 3.7716 train 0.3442 test 0.1908
epoch 121/200 loss 3.8218 train 0.2266 test 0.1949
epoch 122/200 loss 3.7819 train 0.2654 test 0.1940
epoch 123/200 loss 3.7771 train 0.2252 test 0.1943
epoch 124/200 loss 3.8129 train 0.2981 test 0.1920
epoch 125/200 loss 3.8429 train 0.2895 test 0.1889
epoch 126/200 loss 3.6770 train 0.2810 test 0.1942
epoch 127/200 loss 3.7469 train 0.3107 test 0.1964
epoch 128/200 loss 3.5458 train 0.3067 test 0.1973
epoch 129/200 loss 3.7748 train 0.2676 test 0.1883
epoch 130/200 loss 3.6015 train 0.3756 test 0.1980
epoch 131/200 loss 3.6985 train 0.3063 test 0.1889
epoch 132/200 loss 3.5229 train 0.3169 test 0.1938
epoch 133/200 loss 3.8373 train 0.2903 test 0.1967
epoch 134/200 loss 3.5990 train 0.3662 test 0.1885
epoch 135/200 loss 3.6968 train 0.2849 test 0.1954
epoch 136/200 loss 3.7381 train 0.3195 test 0.1929
epoch 137/200 loss 3.4485 train 0.3435 test 0.1900
epoch 138/200 loss 3.5325 train 0.3712 test 0.1907
epoch 139/200 loss 3.7043 train 0.2903 test 0.1924
epoch 140/200 loss 3.6079 train 0.3035 test 0.1909
epoch 141/200 loss 3.6219 train 0.2985 test 0.1922
epoch 142/200 loss 3.5981 train 0.3369 test 0.1928
epoch 143/200 loss 3.5376 train 0.3031 test 0.1942
epoch 144/200 loss 3.6879 train 0.2464 test 0.1882
epoch 145/200 loss 3.7153 train 0.2893 test 0.1927
epoch 146/200 loss 3.5535 train 0.2977 test 0.1925
epoch 147/200 loss 3.5261 train 0.3514 test 0.1926
epoch 148/200 loss 3.3601 train 0.3680 test 0.1895
epoch 149/200 loss 3.6541 train 0.3448 test 0.1869
epoch 150/200 loss 3.6820 train 0.3257 test 0.1945
epoch 151/200 loss 3.2290 train 0.3239 test 0.1910
epoch 152/200 loss 3.6815 train 0.2802 test 0.1907
epoch 153/200 loss 3.6242 train 0.4137 test 0.1901
epoch 154/200 loss 3.7321 train 0.3381 test 0.1900
epoch 155/200 loss 3.8922 train 0.3107 test 0.1945
epoch 156/200 loss 3.7026 train 0.3315 test 0.1930
epoch 157/200 loss 3.4278 train 0.4135 test 0.1946
epoch 158/200 loss 3.5187 train 0.3982 test 0.1925
epoch 159/200 loss 3.7285 train 0.3225 test 0.1897
epoch 160/200 loss 3.6270 train 0.3508 test 0.1943
epoch 161/200 loss 3.4976 train 0.4079 test 0.1912
epoch 162/200 loss 3.4667 train 0.3231 test 0.1945
epoch 163/200 loss 3.5947 train 0.3323 test 0.1960
epoch 164/200 loss 3.4644 train 0.3460 test 0.1920
epoch 165/200 loss 3.4423 train 0.3293 test 0.1927
epoch 166/200 loss 3.5054 train 0.2786 test 0.1946
epoch 167/200 loss 3.5182 train 0.3145 test 0.1938
epoch 168/200 loss 3.4700 train 0.3638 test 0.1949
epoch 169/200 loss 3.5908 train 0.3393 test 0.1940
epoch 170/200 loss 3.3252 train 0.2188 test 0.1937
epoch 171/200 loss 3.5598 train 0.3391 test 0.1945
epoch 172/200 loss 3.7639 train 0.3474 test 0.1929
epoch 173/200 loss 3.5317 train 0.3033 test 0.1952
epoch 174/200 loss 3.3422 train 0.3143 test 0.1961
epoch 175/200 loss 3.5040 train 0.4060 test 0.1932
epoch 176/200 loss 3.3424 train 0.3339 test 0.1945
epoch 177/200 loss 3.6796 train 0.3143 test 0.1961
epoch 178/200 loss 3.7024 train 0.3209 test 0.1938
epoch 179/200 loss 3.3125 train 0.4111 test 0.1955
epoch 180/200 loss 3.5399 train 0.3347 test 0.1938
epoch 181/200 loss 3.4116 train 0.3468 test 0.1922
epoch 182/200 loss 3.6245 train 0.2839 test 0.1945
epoch 183/200 loss 3.1165 train 0.3830 test 0.1945
epoch 184/200 loss 3.3265 train 0.4067 test 0.1949
epoch 185/200 loss 3.6222 train 0.3734 test 0.1928
epoch 186/200 loss 3.3343 train 0.3267 test 0.1935
epoch 187/200 loss 3.5261 train 0.3566 test 0.1954
epoch 188/200 loss 3.5605 train 0.3259 test 0.1956
epoch 189/200 loss 3.2063 train 0.3512 test 0.1966
epoch 190/200 loss 3.2732 train 0.3624 test 0.1960
epoch 191/200 loss 3.2361 train 0.3403 test 0.1950
epoch 192/200 loss 3.5135 train 0.3646 test 0.1955
epoch 193/200 loss 3.7087 train 0.3522 test 0.1956
epoch 194/200 loss 3.4623 train 0.3488 test 0.1947
epoch 195/200 loss 3.7507 train 0.2732 test 0.1948
epoch 196/200 loss 3.6534 train 0.3049 test 0.1948
epoch 197/200 loss 3.2473 train 0.3980 test 0.1946
epoch 198/200 loss 3.5006 train 0.3395 test 0.1945
epoch 199/200 loss 3.3755 train 0.3504 test 0.1947
epoch 200/200 loss 3.3347 train 0.3484 test 0.1947
done: final 0.1947 best 0.1987 -> ./runs/diagdeitsslbudget_simclr800_vit_tin_5pct/seed1
