deit augmentation: randaug m9 + erasing .25 + mixup .8/cutmix 1.0 + label smoothing .1
init_from runs/simclr_pre800_vit_tin_25pct/seed0/pretrain.pt: 150 tensors, 2 left at fresh init
[diagdeitsslbudget_simclr800_vit_tin_25pct seed0] {"params_trainable": 5427080, "params_stem_trainable": 0, "params_stem_fixed_filters": 0, "flops_total": 349004736, "flops_stem": 0, "flops_image_size": 64}
epoch 1/200 loss 5.2929 train 0.0054 test 0.0107
epoch 2/200 loss 5.2605 train 0.0091 test 0.0175
epoch 3/200 loss 5.2301 train 0.0121 test 0.0215
epoch 4/200 loss 5.1900 train 0.0158 test 0.0307
epoch 5/200 loss 5.1503 train 0.0192 test 0.0434
epoch 6/200 loss 5.1189 train 0.0230 test 0.0543
epoch 7/200 loss 5.0628 train 0.0238 test 0.0705
epoch 8/200 loss 5.0393 train 0.0306 test 0.0753
epoch 9/200 loss 4.9841 train 0.0390 test 0.1000
epoch 10/200 loss 4.9869 train 0.0379 test 0.1077
epoch 11/200 loss 4.9346 train 0.0409 test 0.1022
epoch 12/200 loss 4.9217 train 0.0447 test 0.1138
epoch 13/200 loss 4.8943 train 0.0425 test 0.1233
epoch 14/200 loss 4.8969 train 0.0505 test 0.1279
epoch 15/200 loss 4.8669 train 0.0547 test 0.1362
epoch 16/200 loss 4.8116 train 0.0563 test 0.1425
epoch 17/200 loss 4.7841 train 0.0619 test 0.1459
epoch 18/200 loss 4.7912 train 0.0594 test 0.1601
epoch 19/200 loss 4.8290 train 0.0567 test 0.1604
epoch 20/200 loss 4.7809 train 0.0613 test 0.1640
epoch 21/200 loss 4.7659 train 0.0698 test 0.1602
epoch 22/200 loss 4.7539 train 0.0668 test 0.1703
epoch 23/200 loss 4.7303 train 0.0730 test 0.1795
epoch 24/200 loss 4.7206 train 0.0704 test 0.1802
epoch 25/200 loss 4.7443 train 0.0691 test 0.1867
epoch 26/200 loss 4.6979 train 0.0671 test 0.1860
epoch 27/200 loss 4.7231 train 0.0784 test 0.1989
epoch 28/200 loss 4.7145 train 0.0783 test 0.2049
epoch 29/200 loss 4.6792 train 0.0836 test 0.2012
epoch 30/200 loss 4.6583 train 0.0829 test 0.1998
epoch 31/200 loss 4.6613 train 0.0834 test 0.2103
epoch 32/200 loss 4.6270 train 0.0885 test 0.2173
epoch 33/200 loss 4.6717 train 0.0849 test 0.2070
epoch 34/200 loss 4.6478 train 0.0863 test 0.2176
epoch 35/200 loss 4.6055 train 0.0865 test 0.2163
epoch 36/200 loss 4.5988 train 0.0901 test 0.2184
epoch 37/200 loss 4.5758 train 0.0911 test 0.2133
epoch 38/200 loss 4.6129 train 0.0880 test 0.2298
epoch 39/200 loss 4.5564 train 0.0938 test 0.2348
epoch 40/200 loss 4.5664 train 0.1010 test 0.2334
epoch 41/200 loss 4.5817 train 0.0975 test 0.2392
epoch 42/200 loss 4.5410 train 0.0950 test 0.2409
epoch 43/200 loss 4.5801 train 0.1061 test 0.2491
epoch 44/200 loss 4.5302 train 0.1029 test 0.2397
epoch 45/200 loss 4.5452 train 0.1022 test 0.2520
epoch 46/200 loss 4.5453 train 0.1087 test 0.2463
epoch 47/200 loss 4.5041 train 0.1125 test 0.2567
epoch 48/200 loss 4.4833 train 0.1104 test 0.2653
epoch 49/200 loss 4.4549 train 0.1050 test 0.2652
epoch 50/200 loss 4.4572 train 0.1149 test 0.2697
epoch 51/200 loss 4.4522 train 0.1121 test 0.2769
epoch 52/200 loss 4.4654 train 0.1145 test 0.2695
epoch 53/200 loss 4.4479 train 0.1206 test 0.2728
epoch 54/200 loss 4.4962 train 0.1187 test 0.2667
epoch 55/200 loss 4.4369 train 0.1133 test 0.2840
epoch 56/200 loss 4.4453 train 0.1216 test 0.2730
epoch 57/200 loss 4.4353 train 0.1103 test 0.2675
epoch 58/200 loss 4.4345 train 0.1165 test 0.2808
epoch 59/200 loss 4.4341 train 0.1221 test 0.2643
epoch 60/200 loss 4.3964 train 0.1270 test 0.2836
epoch 61/200 loss 4.4122 train 0.1253 test 0.2974
epoch 62/200 loss 4.3489 train 0.1377 test 0.2769
epoch 63/200 loss 4.3639 train 0.1278 test 0.2825
epoch 64/200 loss 4.3718 train 0.1298 test 0.2897
epoch 65/200 loss 4.3599 train 0.1308 test 0.2959
epoch 66/200 loss 4.3954 train 0.1380 test 0.2869
epoch 67/200 loss 4.3524 train 0.1325 test 0.2939
epoch 68/200 loss 4.3722 train 0.1293 test 0.2956
epoch 69/200 loss 4.3212 train 0.1271 test 0.2991
epoch 70/200 loss 4.3329 train 0.1414 test 0.2926
epoch 71/200 loss 4.2660 train 0.1371 test 0.3051
epoch 72/200 loss 4.3433 train 0.1314 test 0.3015
epoch 73/200 loss 4.3083 train 0.1387 test 0.2965
epoch 74/200 loss 4.2798 train 0.1539 test 0.3075
epoch 75/200 loss 4.3148 train 0.1388 test 0.3018
epoch 76/200 loss 4.2893 train 0.1642 test 0.3048
epoch 77/200 loss 4.2775 train 0.1432 test 0.3071
epoch 78/200 loss 4.2937 train 0.1408 test 0.3134
epoch 79/200 loss 4.2448 train 0.1477 test 0.3081
epoch 80/200 loss 4.2407 train 0.1548 test 0.3163
epoch 81/200 loss 4.2589 train 0.1540 test 0.3108
epoch 82/200 loss 4.1813 train 0.1698 test 0.3212
epoch 83/200 loss 4.2545 train 0.1544 test 0.3097
epoch 84/200 loss 4.2162 train 0.1641 test 0.3090
epoch 85/200 loss 4.1808 train 0.1664 test 0.3234
epoch 86/200 loss 4.2524 train 0.1572 test 0.3228
epoch 87/200 loss 4.2531 train 0.1469 test 0.3198
epoch 88/200 loss 4.2289 train 0.1617 test 0.3137
epoch 89/200 loss 4.2058 train 0.1603 test 0.3224
epoch 90/200 loss 4.1823 train 0.1629 test 0.3278
epoch 91/200 loss 4.1291 train 0.1676 test 0.3295
epoch 92/200 loss 4.1375 train 0.1692 test 0.3270
epoch 93/200 loss 4.1258 train 0.1751 test 0.3259
epoch 94/200 loss 4.2514 train 0.1490 test 0.3271
epoch 95/200 loss 4.1074 train 0.1806 test 0.3356
epoch 96/200 loss 4.0936 train 0.1995 test 0.3303
epoch 97/200 loss 4.1623 train 0.1829 test 0.3349
epoch 98/200 loss 4.1081 train 0.1760 test 0.3284
epoch 99/200 loss 4.1008 train 0.1852 test 0.3289
epoch 100/200 loss 4.0821 train 0.1765 test 0.3333
epoch 101/200 loss 4.1950 train 0.1811 test 0.3382
epoch 102/200 loss 4.1505 train 0.1824 test 0.3428
epoch 103/200 loss 4.0842 train 0.1886 test 0.3377
epoch 104/200 loss 4.1645 train 0.1718 test 0.3322
epoch 105/200 loss 3.9806 train 0.1881 test 0.3419
epoch 106/200 loss 4.1395 train 0.1722 test 0.3315
epoch 107/200 loss 4.1378 train 0.1944 test 0.3296
epoch 108/200 loss 4.0908 train 0.2063 test 0.3294
epoch 109/200 loss 4.0580 train 0.2069 test 0.3268
epoch 110/200 loss 4.0512 train 0.1821 test 0.3418
epoch 111/200 loss 4.0122 train 0.1927 test 0.3358
epoch 112/200 loss 3.9584 train 0.2132 test 0.3408
epoch 113/200 loss 4.0277 train 0.1953 test 0.3378
epoch 114/200 loss 4.0396 train 0.2161 test 0.3449
epoch 115/200 loss 4.0075 train 0.2080 test 0.3397
epoch 116/200 loss 4.0251 train 0.2184 test 0.3390
epoch 117/200 loss 4.0192 train 0.1878 test 0.3481
epoch 118/200 loss 3.9966 train 0.2093 test 0.3457
epoch 119/200 loss 4.0610 train 0.1946 test 0.3396
epoch 120/200 loss 3.9346 train 0.2120 test 0.3324
epoch 121/200 loss 3.9908 train 0.2067 test 0.3490
epoch 122/200 loss 3.9711 train 0.1896 test 0.3443
epoch 123/200 loss 3.9579 train 0.2113 test 0.3561
epoch 124/200 loss 3.9496 train 0.2313 test 0.3483
epoch 125/200 loss 3.9489 train 0.2303 test 0.3513
epoch 126/200 loss 3.9300 train 0.2074 test 0.3448
epoch 127/200 loss 3.9030 train 0.2219 test 0.3482
epoch 128/200 loss 3.9538 train 0.2325 test 0.3481
epoch 129/200 loss 3.9920 train 0.2222 test 0.3424
epoch 130/200 loss 4.0009 train 0.2168 test 0.3489
epoch 131/200 loss 3.9070 train 0.2230 test 0.3505
epoch 132/200 loss 3.8690 train 0.2391 test 0.3532
epoch 133/200 loss 3.9359 train 0.2099 test 0.3433
epoch 134/200 loss 3.8505 train 0.2435 test 0.3480
epoch 135/200 loss 3.8474 train 0.2351 test 0.3565
epoch 136/200 loss 3.8648 train 0.2313 test 0.3528
epoch 137/200 loss 3.9173 train 0.2452 test 0.3495
epoch 138/200 loss 3.9155 train 0.2444 test 0.3483
epoch 139/200 loss 3.8495 train 0.2257 test 0.3522
epoch 140/200 loss 3.8226 train 0.2279 test 0.3507
epoch 141/200 loss 3.8551 train 0.2398 test 0.3546
epoch 142/200 loss 3.7704 train 0.2391 test 0.3547
epoch 143/200 loss 3.8084 train 0.2650 test 0.3457
epoch 144/200 loss 3.7804 train 0.2512 test 0.3617
epoch 145/200 loss 3.8616 train 0.2550 test 0.3529
epoch 146/200 loss 3.8215 train 0.2451 test 0.3550
epoch 147/200 loss 3.8563 train 0.2431 test 0.3524
epoch 148/200 loss 3.8272 train 0.2536 test 0.3498
epoch 149/200 loss 3.7974 train 0.2571 test 0.3583
epoch 150/200 loss 3.7773 train 0.2695 test 0.3526
epoch 151/200 loss 3.7393 train 0.2563 test 0.3549
epoch 152/200 loss 3.7985 train 0.2679 test 0.3579
epoch 153/200 loss 3.8171 train 0.2429 test 0.3562
epoch 154/200 loss 3.8129 train 0.2502 test 0.3600
epoch 155/200 loss 3.9284 train 0.2398 test 0.3552
epoch 156/200 loss 3.8762 train 0.2583 test 0.3583
epoch 157/200 loss 3.8287 train 0.2386 test 0.3558
epoch 158/200 loss 3.8111 train 0.2442 test 0.3582
epoch 159/200 loss 3.8159 train 0.2602 test 0.3602
epoch 160/200 loss 3.8207 train 0.2595 test 0.3626
epoch 161/200 loss 3.8020 train 0.2480 test 0.3567
epoch 162/200 loss 3.8583 train 0.2546 test 0.3622
epoch 163/200 loss 3.8140 train 0.2607 test 0.3619
epoch 164/200 loss 3.6948 train 0.2802 test 0.3671
epoch 165/200 loss 3.7091 train 0.2708 test 0.3630
epoch 166/200 loss 3.6615 train 0.2901 test 0.3628
epoch 167/200 loss 3.8169 train 0.2518 test 0.3592
epoch 168/200 loss 3.8322 train 0.2415 test 0.3591
epoch 169/200 loss 3.7757 train 0.2571 test 0.3646
epoch 170/200 loss 3.8054 train 0.2691 test 0.3640
epoch 171/200 loss 3.6921 train 0.2584 test 0.3630
epoch 172/200 loss 3.8076 train 0.2506 test 0.3608
epoch 173/200 loss 3.6975 train 0.3095 test 0.3570
epoch 174/200 loss 3.6932 train 0.2776 test 0.3658
epoch 175/200 loss 3.6597 train 0.3038 test 0.3646
epoch 176/200 loss 3.6781 train 0.2646 test 0.3633
epoch 177/200 loss 3.7130 train 0.2581 test 0.3655
epoch 178/200 loss 3.7070 train 0.2753 test 0.3601
epoch 179/200 loss 3.7298 train 0.2699 test 0.3627
epoch 180/200 loss 3.7947 train 0.2942 test 0.3628
epoch 181/200 loss 3.7651 train 0.2773 test 0.3646
epoch 182/200 loss 3.7444 train 0.2863 test 0.3622
epoch 183/200 loss 3.7799 train 0.2590 test 0.3648
epoch 184/200 loss 3.7891 train 0.2683 test 0.3599
epoch 185/200 loss 3.7169 train 0.2792 test 0.3638
epoch 186/200 loss 3.5881 train 0.2613 test 0.3632
epoch 187/200 loss 3.6997 train 0.2970 test 0.3635
epoch 188/200 loss 3.7432 train 0.2955 test 0.3640
epoch 189/200 loss 3.6737 train 0.3029 test 0.3638
epoch 190/200 loss 3.7250 train 0.2837 test 0.3625
epoch 191/200 loss 3.6834 train 0.2656 test 0.3637
epoch 192/200 loss 3.7293 train 0.2834 test 0.3639
epoch 193/200 loss 3.6716 train 0.2783 test 0.3641
epoch 194/200 loss 3.6668 train 0.2793 test 0.3642
epoch 195/200 loss 3.7497 train 0.2711 test 0.3643
epoch 196/200 loss 3.7132 train 0.3027 test 0.3638
epoch 197/200 loss 3.6908 train 0.2798 test 0.3642
epoch 198/200 loss 3.5646 train 0.3169 test 0.3643
epoch 199/200 loss 3.7804 train 0.2715 test 0.3643
epoch 200/200 loss 3.6601 train 0.2946 test 0.3644
done: final 0.3644 best 0.3671 -> ./runs/diagdeitsslbudget_simclr800_vit_tin_25pct/seed0
