deit augmentation: randaug m9 + erasing .25 + mixup .8/cutmix 1.0 + label smoothing .1
init_from runs/simclr_pre800_vit_10pct/seed1/pretrain.pt: 150 tensors, 2 left at fresh init
[diagdeitsslbudget_simclr800_vit_10pct seed1] {"params_trainable": 5380132, "params_stem_trainable": 0, "params_stem_fixed_filters": 0, "flops_total": 347216064, "flops_stem": 0, "flops_image_size": 32}
epoch 1/200 loss 4.5800 train 0.0210 test 0.0631
epoch 2/200 loss 4.4902 train 0.0321 test 0.0934
epoch 3/200 loss 4.4113 train 0.0399 test 0.1182
epoch 4/200 loss 4.3432 train 0.0531 test 0.1432
epoch 5/200 loss 4.2597 train 0.0715 test 0.1666
epoch 6/200 loss 4.2265 train 0.0837 test 0.1915
epoch 7/200 loss 4.2409 train 0.0775 test 0.1973
epoch 8/200 loss 4.1693 train 0.0948 test 0.2009
epoch 9/200 loss 4.2117 train 0.0797 test 0.2041
epoch 10/200 loss 4.2012 train 0.0797 test 0.2170
epoch 11/200 loss 4.1649 train 0.0665 test 0.2284
epoch 12/200 loss 4.1575 train 0.0729 test 0.2390
epoch 13/200 loss 4.0783 train 0.1260 test 0.2378
epoch 14/200 loss 4.1053 train 0.0984 test 0.2454
epoch 15/200 loss 4.0025 train 0.1154 test 0.2521
epoch 16/200 loss 4.0403 train 0.1356 test 0.2769
epoch 17/200 loss 3.9598 train 0.1328 test 0.2791
epoch 18/200 loss 3.9608 train 0.1144 test 0.2855
epoch 19/200 loss 3.9534 train 0.1528 test 0.2924
epoch 20/200 loss 4.0035 train 0.1180 test 0.2851
epoch 21/200 loss 3.9317 train 0.1364 test 0.2874
epoch 22/200 loss 4.0157 train 0.1032 test 0.2901
epoch 23/200 loss 3.9270 train 0.1316 test 0.2845
epoch 24/200 loss 3.9312 train 0.1356 test 0.2881
epoch 25/200 loss 3.8187 train 0.1332 test 0.2915
epoch 26/200 loss 3.8346 train 0.1386 test 0.3064
epoch 27/200 loss 3.9227 train 0.1238 test 0.3133
epoch 28/200 loss 3.9278 train 0.1358 test 0.2993
epoch 29/200 loss 3.8186 train 0.1593 test 0.3120
epoch 30/200 loss 3.8359 train 0.1512 test 0.3185
epoch 31/200 loss 3.8810 train 0.1635 test 0.3084
epoch 32/200 loss 3.8070 train 0.1731 test 0.3234
epoch 33/200 loss 3.8204 train 0.1787 test 0.3311
epoch 34/200 loss 3.8341 train 0.1571 test 0.3219
epoch 35/200 loss 3.9084 train 0.1342 test 0.3385
epoch 36/200 loss 3.7214 train 0.1979 test 0.3380
epoch 37/200 loss 3.6358 train 0.2123 test 0.3377
epoch 38/200 loss 3.8801 train 0.1621 test 0.3302
epoch 39/200 loss 3.8166 train 0.1771 test 0.3395
epoch 40/200 loss 3.6666 train 0.1454 test 0.3391
epoch 41/200 loss 3.7686 train 0.1741 test 0.3276
epoch 42/200 loss 3.7365 train 0.1767 test 0.3409
epoch 43/200 loss 3.6437 train 0.2021 test 0.3434
epoch 44/200 loss 3.7287 train 0.1899 test 0.3530
epoch 45/200 loss 3.6696 train 0.1773 test 0.3540
epoch 46/200 loss 3.6750 train 0.1689 test 0.3525
epoch 47/200 loss 3.6054 train 0.1935 test 0.3472
epoch 48/200 loss 3.6970 train 0.1973 test 0.3493
epoch 49/200 loss 3.6283 train 0.1781 test 0.3651
epoch 50/200 loss 3.5066 train 0.2500 test 0.3634
epoch 51/200 loss 3.6495 train 0.1725 test 0.3670
epoch 52/200 loss 3.4966 train 0.2296 test 0.3581
epoch 53/200 loss 3.6136 train 0.2366 test 0.3692
epoch 54/200 loss 3.7855 train 0.2131 test 0.3693
epoch 55/200 loss 3.6227 train 0.1739 test 0.3650
epoch 56/200 loss 3.6722 train 0.2097 test 0.3671
epoch 57/200 loss 3.4922 train 0.2115 test 0.3628
epoch 58/200 loss 3.6192 train 0.1823 test 0.3742
epoch 59/200 loss 3.6711 train 0.1947 test 0.3754
epoch 60/200 loss 3.5662 train 0.2392 test 0.3697
epoch 61/200 loss 3.5640 train 0.2167 test 0.3673
epoch 62/200 loss 3.5997 train 0.2338 test 0.3699
epoch 63/200 loss 3.5209 train 0.2436 test 0.3720
epoch 64/200 loss 3.3914 train 0.2378 test 0.3765
epoch 65/200 loss 3.2975 train 0.2945 test 0.3776
epoch 66/200 loss 3.6455 train 0.2240 test 0.3702
epoch 67/200 loss 3.2786 train 0.2602 test 0.3786
epoch 68/200 loss 3.4327 train 0.2436 test 0.3752
epoch 69/200 loss 3.5107 train 0.2640 test 0.3713
epoch 70/200 loss 3.5086 train 0.2338 test 0.3802
epoch 71/200 loss 3.5361 train 0.2234 test 0.3855
epoch 72/200 loss 3.3756 train 0.2766 test 0.3809
epoch 73/200 loss 3.4668 train 0.1935 test 0.3765
epoch 74/200 loss 3.5493 train 0.2342 test 0.3777
epoch 75/200 loss 3.5293 train 0.2574 test 0.3743
epoch 76/200 loss 3.5354 train 0.2534 test 0.3781
epoch 77/200 loss 3.2878 train 0.2843 test 0.3736
epoch 78/200 loss 3.4901 train 0.2318 test 0.3837
epoch 79/200 loss 3.4910 train 0.2230 test 0.3816
epoch 80/200 loss 3.4057 train 0.2464 test 0.3816
epoch 81/200 loss 3.4227 train 0.2360 test 0.3737
epoch 82/200 loss 3.6062 train 0.2492 test 0.3794
epoch 83/200 loss 3.4686 train 0.3121 test 0.3834
epoch 84/200 loss 3.4589 train 0.2095 test 0.3883
epoch 85/200 loss 3.4609 train 0.2925 test 0.3865
epoch 86/200 loss 3.3505 train 0.2780 test 0.3841
epoch 87/200 loss 3.3599 train 0.2726 test 0.3887
epoch 88/200 loss 3.3317 train 0.2794 test 0.3916
epoch 89/200 loss 3.5592 train 0.2772 test 0.3834
epoch 90/200 loss 3.4939 train 0.2674 test 0.3818
epoch 91/200 loss 3.3471 train 0.3592 test 0.3860
epoch 92/200 loss 3.3630 train 0.2240 test 0.3848
epoch 93/200 loss 3.3901 train 0.2682 test 0.3910
epoch 94/200 loss 3.3614 train 0.3193 test 0.3925
epoch 95/200 loss 3.2620 train 0.2905 test 0.3936
epoch 96/200 loss 3.1484 train 0.3283 test 0.4005
epoch 97/200 loss 3.5087 train 0.2318 test 0.3926
epoch 98/200 loss 3.2678 train 0.3105 test 0.3966
epoch 99/200 loss 3.3082 train 0.2897 test 0.3880
epoch 100/200 loss 3.3347 train 0.2796 test 0.3886
epoch 101/200 loss 3.4907 train 0.2362 test 0.3861
epoch 102/200 loss 3.1893 train 0.2881 test 0.3986
epoch 103/200 loss 3.3412 train 0.2330 test 0.3852
epoch 104/200 loss 3.2549 train 0.2819 test 0.4071
epoch 105/200 loss 3.1321 train 0.3199 test 0.3906
epoch 106/200 loss 3.2076 train 0.3385 test 0.4003
epoch 107/200 loss 3.3017 train 0.2825 test 0.4037
epoch 108/200 loss 3.4780 train 0.2610 test 0.3960
epoch 109/200 loss 3.1694 train 0.3431 test 0.3927
epoch 110/200 loss 3.1685 train 0.3480 test 0.4006
epoch 111/200 loss 3.1218 train 0.3293 test 0.4027
epoch 112/200 loss 3.3342 train 0.2821 test 0.3994
epoch 113/200 loss 3.3579 train 0.2774 test 0.4029
epoch 114/200 loss 3.2594 train 0.3407 test 0.3948
epoch 115/200 loss 3.2957 train 0.3057 test 0.4046
epoch 116/200 loss 3.1597 train 0.3383 test 0.4031
epoch 117/200 loss 3.1924 train 0.2442 test 0.4123
epoch 118/200 loss 3.3852 train 0.3129 test 0.4037
epoch 119/200 loss 3.1712 train 0.3015 test 0.4043
epoch 120/200 loss 3.1919 train 0.3810 test 0.3975
epoch 121/200 loss 3.2562 train 0.2482 test 0.4037
epoch 122/200 loss 3.3126 train 0.2895 test 0.3993
epoch 123/200 loss 3.1258 train 0.2921 test 0.3975
epoch 124/200 loss 3.3145 train 0.3423 test 0.4027
epoch 125/200 loss 3.3124 train 0.3059 test 0.3980
epoch 126/200 loss 3.1731 train 0.3149 test 0.4049
epoch 127/200 loss 3.2503 train 0.3405 test 0.4043
epoch 128/200 loss 2.9821 train 0.3592 test 0.4037
epoch 129/200 loss 3.2069 train 0.3213 test 0.3988
epoch 130/200 loss 3.0893 train 0.3990 test 0.4037
epoch 131/200 loss 3.1881 train 0.3103 test 0.4036
epoch 132/200 loss 3.0020 train 0.3433 test 0.4038
epoch 133/200 loss 3.2615 train 0.3397 test 0.4053
epoch 134/200 loss 3.1645 train 0.3918 test 0.4063
epoch 135/200 loss 3.1757 train 0.3029 test 0.4123
epoch 136/200 loss 3.0942 train 0.3656 test 0.4071
epoch 137/200 loss 3.0386 train 0.3670 test 0.4043
epoch 138/200 loss 3.0839 train 0.3854 test 0.4082
epoch 139/200 loss 3.1624 train 0.3496 test 0.4042
epoch 140/200 loss 3.0105 train 0.3504 test 0.4096
epoch 141/200 loss 3.1175 train 0.3433 test 0.4052
epoch 142/200 loss 3.0527 train 0.3800 test 0.4111
epoch 143/200 loss 3.0214 train 0.3329 test 0.4040
epoch 144/200 loss 3.1537 train 0.2712 test 0.4042
epoch 145/200 loss 3.1877 train 0.3237 test 0.4052
epoch 146/200 loss 3.0341 train 0.3442 test 0.4021
epoch 147/200 loss 3.0832 train 0.3892 test 0.4055
epoch 148/200 loss 2.9452 train 0.3866 test 0.4001
epoch 149/200 loss 3.2003 train 0.3570 test 0.4037
epoch 150/200 loss 3.0366 train 0.3846 test 0.4065
epoch 151/200 loss 2.7719 train 0.3490 test 0.4087
epoch 152/200 loss 3.1111 train 0.3413 test 0.4067
epoch 153/200 loss 3.0984 train 0.4377 test 0.4041
epoch 154/200 loss 3.2118 train 0.3764 test 0.4105
epoch 155/200 loss 3.2042 train 0.3588 test 0.4064
epoch 156/200 loss 3.1236 train 0.3369 test 0.4063
epoch 157/200 loss 3.0024 train 0.4345 test 0.4112
epoch 158/200 loss 3.0419 train 0.4413 test 0.4096
epoch 159/200 loss 3.2132 train 0.3620 test 0.4070
epoch 160/200 loss 3.0413 train 0.4077 test 0.4059
epoch 161/200 loss 3.0631 train 0.4469 test 0.4093
epoch 162/200 loss 2.9908 train 0.3241 test 0.4121
epoch 163/200 loss 3.0641 train 0.3686 test 0.4120
epoch 164/200 loss 2.9967 train 0.3556 test 0.4134
epoch 165/200 loss 2.9639 train 0.3504 test 0.4128
epoch 166/200 loss 3.0386 train 0.3079 test 0.4129
epoch 167/200 loss 3.0309 train 0.3345 test 0.4169
epoch 168/200 loss 3.0293 train 0.3626 test 0.4148
epoch 169/200 loss 3.0606 train 0.3808 test 0.4141
epoch 170/200 loss 2.8641 train 0.2338 test 0.4176
epoch 171/200 loss 3.0901 train 0.3435 test 0.4154
epoch 172/200 loss 3.1676 train 0.3848 test 0.4141
epoch 173/200 loss 3.0524 train 0.3367 test 0.4155
epoch 174/200 loss 2.8616 train 0.3564 test 0.4175
epoch 175/200 loss 3.0549 train 0.4201 test 0.4147
epoch 176/200 loss 2.9250 train 0.3488 test 0.4146
epoch 177/200 loss 3.0915 train 0.3516 test 0.4159
epoch 178/200 loss 3.1458 train 0.3604 test 0.4137
epoch 179/200 loss 2.7300 train 0.4657 test 0.4160
epoch 180/200 loss 3.0397 train 0.3646 test 0.4149
epoch 181/200 loss 2.8688 train 0.3864 test 0.4150
epoch 182/200 loss 3.1512 train 0.2879 test 0.4132
epoch 183/200 loss 2.7009 train 0.4137 test 0.4156
epoch 184/200 loss 2.7953 train 0.4615 test 0.4163
epoch 185/200 loss 3.0126 train 0.4209 test 0.4164
epoch 186/200 loss 2.8914 train 0.3562 test 0.4169
epoch 187/200 loss 3.0405 train 0.3802 test 0.4183
epoch 188/200 loss 3.1543 train 0.3486 test 0.4171
epoch 189/200 loss 2.7287 train 0.3706 test 0.4182
epoch 190/200 loss 2.8396 train 0.3710 test 0.4186
epoch 191/200 loss 2.7938 train 0.3472 test 0.4178
epoch 192/200 loss 3.0313 train 0.4229 test 0.4175
epoch 193/200 loss 3.2340 train 0.4022 test 0.4177
epoch 194/200 loss 2.9767 train 0.3780 test 0.4174
epoch 195/200 loss 3.3126 train 0.2903 test 0.4173
epoch 196/200 loss 3.1298 train 0.3468 test 0.4171
epoch 197/200 loss 2.7982 train 0.4351 test 0.4170
epoch 198/200 loss 3.0472 train 0.3794 test 0.4167
epoch 199/200 loss 2.9494 train 0.3554 test 0.4170
epoch 200/200 loss 2.8939 train 0.3502 test 0.4169
done: final 0.4169 best 0.4186 -> ./runs/diagdeitsslbudget_simclr800_vit_10pct/seed1
