[cifar100] VAL 11200 / FIT 33800 (excluded pcts [10])
  abl10_none: cached
  abl25_none: cached
  auxmag_10pct_sched0: cached
  auxmag_25pct_sched0: cached
  diaggrid_dino_c100_25pct: cached
  diaggrid_simclr_c100_10pct: cached
  diaggrid_simclr_c100_25pct: cached
  diagprosp_dinoaux_c100_25pct seed0: e2e val 53.02 test 43.56 (recorded 43.56)  probe val 56.08 test 47.48
  diagprosp_dinoaux_c100_25pct seed1: e2e val 53.29 test 43.63 (recorded 43.63)  probe val 56.59 test 47.26
  diagprosp_dinoaux_c100_25pct seed2: e2e val 53.38 test 43.26 (recorded 43.27)  probe val 55.42 test 47.84
  diagprosp_simclraux_c100_10pct seed0: e2e val 48.10 test 47.19 (recorded 47.19)  probe val 52.21 test 51.81
  diagprosp_simclraux_c100_10pct seed1: e2e val 47.86 test 47.08 (recorded 47.05)  probe val 52.50 test 52.44
  diagprosp_simclraux_c100_10pct seed2: e2e val 47.48 test 47.09 (recorded 47.11)  probe val 52.15 test 51.81
  diagprosp_simclraux_c100_25pct seed0: e2e val 69.77 test 62.54 (recorded 62.53)  probe val 70.09 test 63.12
  diagprosp_simclraux_c100_25pct seed1: e2e val 68.49 test 62.29 (recorded 62.28)  probe val 68.62 test 62.42
  diagprosp_simclraux_c100_25pct seed2: e2e val 68.62 test 62.02 (recorded 62.01)  probe val 68.79 test 62.73
  diagvit_aux_25pct: cached
  diagvit_none_25pct: cached
[cifar10] VAL 11250 / FIT 33750 (excluded pcts [2, 5, 10])
  c10_aux_2pct: cached
  c10_aux_5pct: cached
  c10_none_2pct: cached
  c10_none_5pct: cached
  diaggrid_dino_c10_10pct: cached
  diaggrid_simclr_c10_2pct: cached
  diaggrid_simsiam_c10_5pct: cached
  diaggrid_vit_c10_aux_10pct: cached
  diaggrid_vit_c10_none_10pct: cached
  diagprosp_dinoaux_c10_10pct seed0: e2e val 65.72 test 66.25 (recorded 66.24)  probe val 68.58 test 69.00
  diagprosp_dinoaux_c10_10pct seed1: e2e val 66.36 test 66.29 (recorded 66.31)  probe val 69.40 test 69.25
  diagprosp_dinoaux_c10_10pct seed2: e2e val 65.97 test 65.90 (recorded 65.90)  probe val 69.30 test 69.20
  diagprosp_simclraux_c10_2pct seed0: e2e val 61.40 test 61.32 (recorded 61.31)  probe val 68.76 test 68.48
  diagprosp_simclraux_c10_2pct seed1: e2e val 61.63 test 60.95 (recorded 60.94)  probe val 68.73 test 68.05
  diagprosp_simclraux_c10_2pct seed2: e2e val 60.75 test 60.20 (recorded 60.26)  probe val 68.39 test 68.35
  diagprosp_simsiamaux_c10_5pct seed0: e2e val 74.34 test 74.00 (recorded 73.99)  probe val 77.32 test 76.98
  diagprosp_simsiamaux_c10_5pct seed1: e2e val 74.98 test 73.96 (recorded 73.96)  probe val 77.79 test 77.52
  diagprosp_simsiamaux_c10_5pct seed2: e2e val 74.22 test 73.77 (recorded 73.79)  probe val 77.68 test 77.38
[stl10] VAL 620 / FIT 1880 (excluded pcts [10, 50])
  diaggrid_simclr_stl_10pct: cached
  diagprosp_simclraux_stl_10pct seed0: e2e val 49.84 test 52.38 (recorded 52.38)  probe val 57.90 test 57.14
  diagprosp_simclraux_stl_10pct seed1: e2e val 53.87 test 55.02 (recorded 55.04)  probe val 60.32 test 58.10
  diagprosp_simclraux_stl_10pct seed2: e2e val 55.48 test 55.90 (recorded 55.95)  probe val 58.87 test 59.08
  stl_aux_10pct: cached
  stl_none_10pct: cached
[tin] VAL 22400 / FIT 67600 (excluded pcts [10])
  diaggrid_simsiam_tin_10pct: cached
  diagprosp_simsiamaux_tin_10pct seed0: e2e val 36.32 test 35.78 (recorded 35.78)  probe val 40.66 test 40.77
  diagprosp_simsiamaux_tin_10pct seed1: e2e val 36.24 test 35.51 (recorded 35.50)  probe val 40.83 test 40.56
  diagprosp_simsiamaux_tin_10pct seed2: e2e val 35.94 test 36.20 (recorded 36.18)  probe val 41.26 test 40.61
  tin_aux_10pct: cached
  tin_none_10pct: cached
[food101] VAL 14140 / FIT 42622 (excluded pcts [5, 10, 25])
  diagfuse_food_aug_10pct: cached
  diagfuse_food_aug_5pct: cached
  diaggrid_dino_food_50pct: cached
  diaggrid_simclr_food_10pct: cached
  diaggrid_simclr_food_5pct: cached
  diaggrid_vit_food_aux_50pct: cached
  diaggrid_vit_food_none_50pct: cached
  diagprosp_augssl_food_10pct seed0: e2e val 41.46 test 46.12 (recorded 46.11)  probe val 46.27 test 51.11
  diagprosp_augssl_food_10pct seed1: e2e val 44.07 test 48.50 (recorded 48.48)  probe val 48.33 test 52.97
  diagprosp_augssl_food_10pct seed2: e2e val 43.42 test 48.11 (recorded 48.12)  probe val 47.94 test 52.24
  diagprosp_augssl_food_5pct seed0: e2e val 33.07 test 36.32 (recorded 36.30)  probe val 39.79 test 43.60
  diagprosp_augssl_food_5pct seed1: e2e val 32.51 test 35.97 (recorded 35.94)  probe val 40.13 test 43.99
  diagprosp_augssl_food_5pct seed2: e2e val 32.26 test 35.64 (recorded 35.63)  probe val 39.02 test 43.30
  diagprosp_dinoaux_food_50pct seed0: e2e val 58.20 test 41.45 (recorded 41.41)  probe val 57.89 test 42.55
  diagprosp_dinoaux_food_50pct seed1: e2e val 58.66 test 41.85 (recorded 41.85)  probe val 57.83 test 42.93
  diagprosp_dinoaux_food_50pct seed2: e2e val 58.70 test 42.08 (recorded 42.08)  probe val 58.49 test 42.65
  grid_food_r18_9ee7da_10pct: cached
  grid_food_r18_9ee7da_5pct: cached
[dtd] VAL 470 / FIT 1410 (excluded pcts [50])
  diaggrid_dino_dtd_50pct: cached
  diaggrid_vit_dtd_aux_50pct: cached
  diaggrid_vit_dtd_none_50pct: cached
  diagprosp_dinoaux_dtd_50pct seed0: e2e val 24.04 test 21.76 (recorded 21.76)  probe val 16.60 test 17.45
  diagprosp_dinoaux_dtd_50pct seed1: e2e val 24.47 test 21.81 (recorded 21.81)  probe val 20.64 test 18.19
  diagprosp_dinoaux_dtd_50pct seed2: e2e val 24.04 test 20.21 (recorded 20.21)  probe val 17.45 test 17.29
[eurosat] VAL 4050 / FIT 12150 (excluded pcts [5, 10, 25])
  diagfuse_esat_aug_5pct: cached
  diaggrid_simclr_esat_5pct: cached
  diagprosp_augssl_esat_5pct seed0: e2e val 89.43 test 88.80 (recorded 88.81)  probe val 93.26 test 92.44
  diagprosp_augssl_esat_5pct seed1: e2e val 89.16 test 88.65 (recorded 88.63)  probe val 93.28 test 92.57
  diagprosp_augssl_esat_5pct seed2: e2e val 91.11 test 89.98 (recorded 89.98)  probe val 93.88 test 92.98
  grid_esat_r18_e99fb4_5pct: cached
